 TS2EXTRA

 Timestamp is 65b1ed46 (Thu Jan 25 08:10:30 2024)

 Preferred load address is 00400000

 Start         Length     Name                   Class
 0001:00000000 00000140H .text$di                CODE
 0001:00000140 000265a0H .text$mn                CODE
 0001:000266e0 00000490H .text$x                 CODE
 0001:00026b70 000000d6H .text$yd                CODE
 0002:00000000 00000218H .idata$5                DATA
 0002:00000218 00000008H .00cfg                  DATA
 0002:00000220 00000004H .CRT$XCA                DATA
 0002:00000224 00000004H .CRT$XCAA               DATA
 0002:00000228 0000001cH .CRT$XCC                DATA
 0002:00000244 00000008H .CRT$XCL                DATA
 0002:0000024c 00000008H .CRT$XCU                DATA
 0002:00000254 00000004H .CRT$XCZ                DATA
 0002:00000258 00000004H .CRT$XIA                DATA
 0002:0000025c 00000004H .CRT$XIAA               DATA
 0002:00000260 00000004H .CRT$XIAC               DATA
 0002:00000264 00000014H .CRT$XIC                DATA
 0002:00000278 00000004H .CRT$XIZ                DATA
 0002:0000027c 00000004H .CRT$XLA                DATA
 0002:00000280 00000004H .CRT$XLZ                DATA
 0002:00000284 00000004H .CRT$XPA                DATA
 0002:00000288 00000008H .CRT$XPX                DATA
 0002:00000290 00000004H .CRT$XPXA               DATA
 0002:00000294 00000004H .CRT$XPZ                DATA
 0002:00000298 00000004H .CRT$XTA                DATA
 0002:0000029c 00000004H .CRT$XTZ                DATA
 0002:000002a0 00000000H .gfids$y                DATA
 0002:000002a0 000086e0H .rdata                  DATA
 0002:00008980 00000000H .rdata$CastGuardVftablesA DATA
 0002:00008980 00000000H .rdata$CastGuardVftablesC DATA
 0002:00008980 00000018H .rdata$T                DATA
 0002:00008998 000008a8H .rdata$r                DATA
 0002:00009240 0000007cH .rdata$sxdata           DATA
 0002:000092bc 00000320H .rdata$voltmd           DATA
 0002:000095dc 00000454H .rdata$zzzdbg           DATA
 0002:00009a30 00000004H .rtc$IAA                DATA
 0002:00009a34 00000004H .rtc$IZZ                DATA
 0002:00009a38 00000004H .rtc$TAA                DATA
 0002:00009a3c 00000004H .rtc$TZZ                DATA
 0002:00009a40 00000004H .tls                    DATA
 0002:00009a44 00000004H .tls$                   DATA
 0002:00009a48 00000008H .tls$ZZZ                DATA
 0002:00009a50 00000d74H .xdata$x                DATA
 0002:0000a7c4 00000000H .edata                  DATA
 0002:0000a7c4 00000078H .idata$2                DATA
 0002:0000a83c 00000014H .idata$3                DATA
 0002:0000a850 00000218H .idata$4                DATA
 0002:0000aa68 00000860H .idata$6                DATA
 0003:00000000 00000ad0H .data                   DATA
 0003:00000ad0 00000160H .data$r                 DATA
 0003:00000c30 000002a0H .data$rs                DATA
 0003:00000ed0 00020094H .bss                    DATA
 0004:00000000 00000060H .rsrc$01                DATA
 0004:00000060 00000180H .rsrc$02                DATA

  Address         Publics by Value              Rva+Base       Lib:Object

 0000:00000000       ___AbsoluteZero            00000000     <absolute>
 0000:00000000       ___arm64x_extra_rfe_table  00000000     <absolute>
 0000:00000000       ___arm64x_extra_rfe_table_size 00000000     <absolute>
 0000:00000000       ___arm64x_native_entrypoint 00000000     <absolute>
 0000:00000000       ___arm64x_redirection_metadata 00000000     <absolute>
 0000:00000000       ___arm64x_redirection_metadata_count 00000000     <absolute>
 0000:00000000       ___dynamic_value_reloc_table 00000000     <absolute>
 0000:00000000       ___enclave_config          00000000     <absolute>
 0000:00000000       ___guard_check_icall_a64n_fptr 00000000     <absolute>
 0000:00000000       ___guard_eh_cont_count     00000000     <absolute>
 0000:00000000       ___guard_eh_cont_table     00000000     <absolute>
 0000:00000000       ___guard_fids_count        00000000     <absolute>
 0000:00000000       ___guard_fids_table        00000000     <absolute>
 0000:00000000       ___guard_iat_count         00000000     <absolute>
 0000:00000000       ___guard_iat_table         00000000     <absolute>
 0000:00000000       ___guard_longjmp_count     00000000     <absolute>
 0000:00000000       ___guard_longjmp_table     00000000     <absolute>
 0000:00000000       ___hybrid_auxiliary_delayload_iat 00000000     <absolute>
 0000:00000000       ___hybrid_auxiliary_delayload_iat_copy 00000000     <absolute>
 0000:00000000       ___hybrid_auxiliary_iat    00000000     <absolute>
 0000:00000000       ___hybrid_auxiliary_iat_copy 00000000     <absolute>
 0000:00000000       ___hybrid_code_map         00000000     <absolute>
 0000:00000000       ___hybrid_code_map_count   00000000     <absolute>
 0000:00000000       ___hybrid_image_info_bitfield 00000000     <absolute>
 0000:00000000       ___x64_code_ranges_to_entry_points 00000000     <absolute>
 0000:00000000       ___x64_code_ranges_to_entry_points_count 00000000     <absolute>
 0000:00000000       __except_list              00000000     <absolute>
 0000:0000001f       ___safe_se_handler_count   0000001f     <absolute>
 0000:0000002c       __tls_array                0000002c     <absolute>
 0000:00000100       ___guard_flags             00000100     <absolute>
 0000:00000000       ___ImageBase               00400000     <linker-defined>
 0001:00000140       ??$_Allocate_for_capacity@$0A@@?$basic_string@DU?$char_traits@D@std@@V?$allocator@D@2@@std@@CAPADAAV?$allocator@D@1@AAI@Z 00401140 f i cts_mysql.obj
 0001:000001a0       ??$_Allocate_manually_vector_aligned@U_Default_allocate_traits@std@@@std@@YAPAXI@Z 004011a0 f i cts_mysql.obj
 0001:000001d0       ??0CMySQL@@QAE@XZ          004011d0 f   cts_mysql.obj
 0001:00000250       ??0bad_alloc@std@@QAE@ABV01@@Z 00401250 f i cts_mysql.obj
 0001:00000290       ??0bad_array_new_length@std@@QAE@ABV01@@Z 00401290 f i cts_mysql.obj
 0001:000002d0       ??0bad_array_new_length@std@@QAE@XZ 004012d0 f i cts_mysql.obj
 0001:000002f0       ??0exception@std@@QAE@ABV01@@Z 004012f0 f i cts_mysql.obj
 0001:00000320       ??1CMySQL@@QAE@XZ          00401320 f   cts_mysql.obj
 0001:000003f0       ??1bad_alloc@std@@UAE@XZ   004013f0 f i libcpmt:xthrow.obj
 0001:000003f0       ??1bad_array_new_length@std@@UAE@XZ 004013f0 f i cts_mysql.obj
 0001:000003f0       ??1bad_cast@std@@UAE@XZ    004013f0 f i libcpmt:cout.obj
 0001:000003f0       ??1bad_exception@std@@UAE@XZ 004013f0 f i libvcruntime:frame.obj
 0001:000003f0       ??1failure@ios_base@std@@UAE@XZ 004013f0 f i TimeLog.obj
 0001:000003f0       ??1length_error@std@@UAE@XZ 004013f0 f i libcpmt:xthrow.obj
 0001:000003f0       ??1runtime_error@std@@UAE@XZ 004013f0 f i libcpmt:xthrow.obj
 0001:00000410       ??4?$basic_string@DU?$char_traits@D@std@@V?$allocator@D@2@@std@@QAEAAV01@QBD@Z 00401410 f i cts_mysql.obj
 0001:00000520       ??_Ebad_alloc@std@@UAEPAXI@Z 00401520 f i cts_mysql.obj
 0001:00000520       ??_Ebad_array_new_length@std@@UAEPAXI@Z 00401520 f i cts_mysql.obj
 0001:00000520       ??_Eexception@std@@UAEPAXI@Z 00401520 f i cts_mysql.obj
 0001:00000520       ??_Eruntime_error@std@@UAEPAXI@Z 00401520 f i TimeLog.obj
 0001:00000520       ??_Gbad_alloc@std@@UAEPAXI@Z 00401520 f i cts_mysql.obj
 0001:00000520       ??_Gbad_array_new_length@std@@UAEPAXI@Z 00401520 f i cts_mysql.obj
 0001:00000520       ??_Gexception@std@@UAEPAXI@Z 00401520 f i cts_mysql.obj
 0001:00000520       ??_Gruntime_error@std@@UAEPAXI@Z 00401520 f i TimeLog.obj
 0001:00000550       ?IsConnected@CMySQL@@QAEHXZ 00401550 f   cts_mysql.obj
 0001:00000570       ?Reconnect@CMySQL@@QAEHXZ  00401570 f   cts_mysql.obj
 0001:00000670       ?_Throw_bad_array_new_length@std@@YAXXZ 00401670 f i cts_mysql.obj
 0001:00000670       ?__scrt_throw_std_bad_array_new_length@@YAXXZ 00401670 f i LIBCMT:throw_bad_alloc.obj
 0001:00000690       ?_Xlen_string@std@@YAXXZ   00401690 f i cts_mysql.obj
 0001:000006a0       ?clear_res@CMySQL@@QAEXXZ  004016a0 f   cts_mysql.obj
 0001:000006b0       ?connect@CMySQL@@QAEPAUst_mysql@@XZ 004016b0 f   cts_mysql.obj
 0001:00000740       ?exec_query@CMySQL@@QAEHPAD@Z 00401740 f   cts_mysql.obj
 0001:000007b0       ?exec_query@CMySQL@@QAEHPADW4CFLAG@1@@Z 004017b0 f   cts_mysql.obj
 0001:00000830       ?get_res@CMySQL@@QAEPAUst_mysql_res@@XZ 00401830 f   cts_mysql.obj
 0001:00000840       ?set_db_conn_info@CMySQL@@QAEHPBD0H000@Z 00401840 f   cts_mysql.obj
 0001:000008e0       ?unset_db_conn_info@CMySQL@@QAEXXZ 004018e0 f i cts_mysql.obj
 0001:00000940       ?what@exception@std@@UBEPBDXZ 00401940 f i cts_mysql.obj
 0001:00000950       ??$?6U?$char_traits@D@std@@@std@@YAAAV?$basic_ostream@DU?$char_traits@D@std@@@0@AAV10@PBD@Z 00401950 f i TimeLog.obj
 0001:00000bf0       ??$_Construct@$00PBD@?$basic_string@DU?$char_traits@D@std@@V?$allocator@D@2@@std@@AAEXQBDI@Z 00401bf0 f i TimeLog.obj
 0001:00000c80       ??0_System_error@std@@IAE@Verror_code@1@ABV?$basic_string@DU?$char_traits@D@std@@V?$allocator@D@2@@1@@Z 00401c80 f i TimeLog.obj
 0001:00000e90       ??0_System_error@std@@QAE@ABV01@@Z 00401e90 f i TimeLog.obj
 0001:00000ee0       ??0failure@ios_base@std@@QAE@ABV012@@Z 00401ee0 f i TimeLog.obj
 0001:00000f30       ??0failure@ios_base@std@@QAE@PBDABVerror_code@2@@Z 00401f30 f i TimeLog.obj
 0001:00001020       ??0runtime_error@std@@QAE@ABV01@@Z 00402020 f i TimeLog.obj
 0001:00001060       ??0sentry@?$basic_ostream@DU?$char_traits@D@std@@@std@@QAE@AAV12@@Z 00402060 f i TimeLog.obj
 0001:00001100       ??0system_error@std@@QAE@ABV01@@Z 00402100 f i TimeLog.obj
 0001:00001150       ??1?$basic_string@DU?$char_traits@D@std@@V?$allocator@D@2@@std@@QAE@XZ 00402150 f i TimeLog.obj
 0001:000011a0       ??1_Sentry_base@?$basic_ostream@DU?$char_traits@D@std@@@std@@QAE@XZ 004021a0 f i TimeLog.obj
 0001:000011f0       ??1sentry@?$basic_ostream@DU?$char_traits@D@std@@@std@@QAE@XZ 004021f0 f i TimeLog.obj
 0001:00001260       ??_E_Iostream_error_category2@std@@UAEPAXI@Z 00402260 f i TimeLog.obj
 0001:00001260       ??_G_Iostream_error_category2@std@@UAEPAXI@Z 00402260 f i TimeLog.obj
 0001:00001280       ??_E_System_error@std@@UAEPAXI@Z 00402280 f i TimeLog.obj
 0001:00001280       ??_Efailure@ios_base@std@@UAEPAXI@Z 00402280 f i TimeLog.obj
 0001:00001280       ??_Esystem_error@std@@UAEPAXI@Z 00402280 f i TimeLog.obj
 0001:00001280       ??_G_System_error@std@@UAEPAXI@Z 00402280 f i TimeLog.obj
 0001:00001280       ??_Gfailure@ios_base@std@@UAEPAXI@Z 00402280 f i TimeLog.obj
 0001:00001280       ??_Gsystem_error@std@@UAEPAXI@Z 00402280 f i TimeLog.obj
 0001:000012b0       ?Log@R_ProLog@@QAAXPBDZZ   004022b0 f   TimeLog.obj
 0001:00001350       ?_Osfx@?$basic_ostream@DU?$char_traits@D@std@@@std@@QAEXXZ 00402350 f i TimeLog.obj
 0001:00001430       ?__LogMgr@@YAPAVR_ProLog@@XZ 00402430 f   TimeLog.obj
 0001:000014a0       ?append@?$basic_string@DU?$char_traits@D@std@@V?$allocator@D@2@@std@@QAEAAV12@QBDI@Z 004024a0 f i TimeLog.obj
 0001:00001600       ?clear@ios_base@std@@QAEXH_N@Z 00402600 f i TimeLog.obj
 0001:00001680       ?default_error_condition@error_category@std@@UBE?AVerror_condition@2@H@Z 00402680 f i TimeLog.obj
 0001:000016a0       ?equivalent@error_category@std@@UBE_NABVerror_code@2@H@Z 004026a0 f i TimeLog.obj
 0001:000016d0       ?equivalent@error_category@std@@UBE_NHABVerror_condition@2@@Z 004026d0 f i TimeLog.obj
 0001:00001710       ?flush@?$basic_ostream@DU?$char_traits@D@std@@@std@@QAEAAV12@XZ 00402710 f i TimeLog.obj
 0001:00001860       ?make_error_code@std@@YA?AVerror_code@1@W4io_errc@1@@Z 00402860 f i TimeLog.obj
 0001:00001880       ?message@_Iostream_error_category2@std@@UBE?AV?$basic_string@DU?$char_traits@D@std@@V?$allocator@D@2@@2@H@Z 00402880 f i TimeLog.obj
 0001:00001940       ?name@_Iostream_error_category2@std@@UBEPBDXZ 00402940 f i TimeLog.obj
 0001:00001950       ?setstate@?$basic_ios@DU?$char_traits@D@std@@@std@@QAEXH_N@Z 00402950 f i TimeLog.obj
 0001:00001980       ___local_stdio_printf_options 00402980 f i TimeLog.obj
 0001:00001990       _sprintf                   00402990 f i TimeLog.obj
 0001:000019d0       ?Init@MyServer@@QAEHPAH@Z  004029d0 f   S02_MyServer.obj
 0001:00001c90       ?PROCESS_FOR_NETWORK@MyServer@@QAEHPAUHWND__@@IJ@Z 00402c90 f   S02_MyServer.obj
 0001:00002160       ?PROCESS_FOR_TIMER@MyServer@@QAEXXZ 00403160 f   S02_MyServer.obj
 0001:000021d0       ?Init@MyUser@@QAEHHH@Z     004031d0 f   S03_MyUser.obj
 0001:00002220       ?Quit@MyUser@@QAEXH@Z      00403220 f   S03_MyUser.obj
 0001:000022d0       ?Send@MyUser@@QAEXHPADH_N@Z 004032d0 f   S03_MyUser.obj
 0001:000024f0       ?Init@MyWork@@QAEHXZ       004034f0 f   S04_MyWork01.obj
 0001:000025c0       ?W_BLOOD_ITEM_INFO@@YAXH@Z 004035c0 f   S04_MyWork02.obj
 0001:000026c0       ?W_BUY_CASH_ITEM_FOR_EXTRA_SEND@@YAXH@Z 004036c0 f   S04_MyWork02.obj
 0001:000028f0       ?W_GET_CASH_ITEM_INFO_FOR_EXTRA_SEND@@YAXH@Z 004038f0 f   S04_MyWork02.obj
 0001:00002980       ?W_GET_CASH_SIZE_FOR_EXTRA_SEND@@YAXH@Z 00403980 f   S04_MyWork02.obj
 0001:00002a70       ?W_GUILD_WORK_FOR_EXTRA_SEND@@YAXH@Z 00403a70 f   S04_MyWork02.obj
 0001:000039b0       ?W_UPDATE_CASH_ITEM_INFO_FOR_EXTRA_SEND@@YAXH@Z 004049b0 f   S04_MyWork02.obj
 0001:00003ab0       ?W_USE_PACKAGE_ITEM_FOR_EXTRA_SEND@@YAXH@Z 00404ab0 f   S04_MyWork02.obj
 0001:00003b10       ?W_ZONE_FOR_EXTRA_SEND@@YAXH@Z 00404b10 f   S04_MyWork02.obj
 0001:00003c00       ?W_ZONE_OK_FOR_EXTRA_SEND@@YAXH@Z 00404c00 f   S04_MyWork02.obj
 0001:00003c50       _printf                    00404c50 f i S04_MyWork02.obj
 0001:00003c80       ?B_BLOOD_ITEM_FOR_EXTRA_SEND@MyTransfer@@QAEXHQAY1DC@2$$CBH@Z 00404c80 f   S05_MyTransfer.obj
 0001:00003cb0       ?B_BUY_CASH_ITEM_FOR_EXTRA_RECV@MyTransfer@@QAEXHHHHH@Z 00404cb0 f   S05_MyTransfer.obj
 0001:00003cf0       ?B_CONNECT_OK@MyTransfer@@QAEXXZ 00404cf0 f   S05_MyTransfer.obj
 0001:00003d00       ?B_GET_CASH_ITEM_INFO_FOR_EXTRA_RECV@MyTransfer@@QAEXHHQAY2O@93$$CBH@Z 00404d00 f   S05_MyTransfer.obj
 0001:00003d40       ?B_GET_CASH_SIZE_FOR_EXTRA_RECV@MyTransfer@@QAEXHH@Z 00404d40 f   S05_MyTransfer.obj
 0001:00003d60       ?B_GUILD_WORK_FOR_EXTRA_RECV@MyTransfer@@QAEXHPAUGUILD_INFO@@@Z 00404d60 f   S05_MyTransfer.obj
 0001:00003d90       ?B_UPDATE_CASH_ITEM_INFO_FOR_EXTRA_RECV@MyTransfer@@QAEXH@Z 00404d90 f   S05_MyTransfer.obj
 0001:00003db0       ?B_USE_PACKAGE_ITEM_FOR_EXTRA_SEND@MyTransfer@@QAEXH@Z 00404db0 f   S05_MyTransfer.obj
 0001:00003dd0       ?B_ZONE_FOR_EXTRA_RECV@MyTransfer@@QAEXHQAY2O@93$$CBH@Z 00404dd0 f   S05_MyTransfer.obj
 0001:00003e10       ?Init@MyTransfer@@QAEHXZ   00404e10 f   S05_MyTransfer.obj
 0001:00003e20       ?GetOneValueFromFile@MyGame@@AAEHPAXHPAD@Z 00404e20 f   S07_MyGame01.obj
 0001:00003eb0       ?GetOneValueFromFile@MyGame@@AAE_NPADPBDH@Z 00404eb0 f   S07_MyGame01.obj
 0001:00003f60       ?GetOneValueFromFile@MyGame@@AAE_NPBDHPAH@Z 00404f60 f   S07_MyGame01.obj
 0001:00004020       ?Init@MyGame@@QAEHXZ       00405020 f   S07_MyGame01.obj
 0001:00004080       ?LoadBloodInfo@MyGame@@QAE_NPAHQAY03HQAY0DD@D@Z 00405080 f   S07_MyGame01.obj
 0001:000042b0       ?LoadCostInfo@MyGame@@QAE_NPAH0QAY04HQAY0DD@D@Z 004052b0 f   S07_MyGame01.obj
 0001:00004540       ?MakeBloodItemInfo@MyGame@@QAE_NQAY1DC@2HQAY03$$CBHH@Z 00405540 f   S07_MyGame01.obj
 0001:00004690       ?UpdateBloodItem@MyGame@@QAEHXZ 00405690 f   S07_MyGame01.obj
 0001:00004910       ?UpdateCashItem@MyGame@@QAEHXZ 00405910 f   S07_MyGame01.obj
 0001:00004cf0       ?DB_PROCESS_01@MyDB@@QAEHQAD0H0@Z 00405cf0 f   S08_MyDB.obj
 0001:00004d70       ?DB_PROCESS_02@MyDB@@QAEHQAD@Z 00405d70 f   S08_MyDB.obj
 0001:00004e30       ?DB_PROCESS_03@MyDB@@QAEHQAD0@Z 00405e30 f   S08_MyDB.obj
 0001:00004f20       ?DB_PROCESS_04@MyDB@@QAEHQADPAUGUILD_INFO@@@Z 00405f20 f   S08_MyDB.obj
 0001:000053c0       ?DB_PROCESS_05@MyDB@@QAEHQADPAUGUILD_INFO@@@Z 004063c0 f   S08_MyDB.obj
 0001:000055e0       ?DB_PROCESS_06@MyDB@@QAEHQAD@Z 004065e0 f   S08_MyDB.obj
 0001:00005650       ?DB_PROCESS_07@MyDB@@QAEHQADPAH1@Z 00406650 f   S08_MyDB.obj
 0001:00005730       ?DB_PROCESS_08@MyDB@@QAEHQADHH@Z 00406730 f   S08_MyDB.obj
 0001:000057b0       ?Init@MyDB@@QAEHXZ         004067b0 f   S08_MyDB.obj
 0001:00005840       ?RECONNECT_TO_DATABASE01@MyDB@@AAEHXZ 00406840 f   S08_MyDB.obj
 0001:000058a0       ?GetOneValueFromFile@@YAHPAXPADH@Z 004068a0 f   Server_EXTRA.obj
 0001:00005930       ?ReadServerInfo@@YAHXZ     00406930 f   Server_EXTRA.obj
 0001:00005d10       ?WindowProc@@YGJPAUHWND__@@IIJ@Z 00406d10 f   Server_EXTRA.obj
 0001:00005d70       _main                      00406d70 f   Server_EXTRA.obj
 0001:00005f59       _mysql_errno@4             00406f59 f   libmysql:libmysql.dll
 0001:00005f5f       _mysql_error@4             00406f5f f   libmysql:libmysql.dll
 0001:00005f65       _mysql_init@4              00406f65 f   libmysql:libmysql.dll
 0001:00005f6b       _mysql_real_connect@32     00406f6b f   libmysql:libmysql.dll
 0001:00005f71       _mysql_query@8             00406f71 f   libmysql:libmysql.dll
 0001:00005f77       _mysql_use_result@4        00406f77 f   libmysql:libmysql.dll
 0001:00005f7d       _mysql_ping@4              00406f7d f   libmysql:libmysql.dll
 0001:00005f83       _mysql_free_result@4       00406f83 f   libmysql:libmysql.dll
 0001:00005f89       _mysql_fetch_row@4         00406f89 f   libmysql:libmysql.dll
 0001:00005f8f       _mysql_autocommit@8        00406f8f f   libmysql:libmysql.dll
 0001:00005f95       _mysql_close@4             00406f95 f   libmysql:libmysql.dll
 0001:00005f9b       ??0bad_alloc@std@@QAE@XZ   00406f9b f i libcpmt:xthrow.obj
 0001:00005fb3       ??0exception@std@@QAE@QBD@Z 00406fb3 f i libcpmt:xthrow.obj
 0001:00005fe8       ??0length_error@std@@QAE@ABV01@@Z 00406fe8 f i libcpmt:xthrow.obj
 0001:00006003       ??0length_error@std@@QAE@PBD@Z 00407003 f i libcpmt:xthrow.obj
 0001:00006022       ??0logic_error@std@@QAE@ABV01@@Z 00407022 f i libcpmt:xthrow.obj
 0001:0000603d       ??0runtime_error@std@@QAE@PBD@Z 0040703d f i libcpmt:xthrow.obj
 0001:0000605c       ??_Ebad_cast@std@@UAEPAXI@Z 0040705c f i libcpmt:cout.obj
 0001:0000605c       ??_Ebad_exception@std@@UAEPAXI@Z 0040705c f i libvcruntime:frame.obj
 0001:0000605c       ??_Elength_error@std@@UAEPAXI@Z 0040705c f i libcpmt:xthrow.obj
 0001:0000605c       ??_Elogic_error@std@@UAEPAXI@Z 0040705c f i libcpmt:xthrow.obj
 0001:0000605c       ??_Gbad_cast@std@@UAEPAXI@Z 0040705c f i libcpmt:cout.obj
 0001:0000605c       ??_Gbad_exception@std@@UAEPAXI@Z 0040705c f i libvcruntime:frame.obj
 0001:0000605c       ??_Glength_error@std@@UAEPAXI@Z 0040705c f i libcpmt:xthrow.obj
 0001:0000605c       ??_Glogic_error@std@@UAEPAXI@Z 0040705c f i libcpmt:xthrow.obj
 0001:00006089       ?_Xlength_error@std@@YAXPBD@Z 00407089 f   libcpmt:xthrow.obj
 0001:000060a9       ?_Xruntime_error@std@@YAXPBD@Z 004070a9 f   libcpmt:xthrow.obj
 0001:000060c9       ?uncaught_exception@std@@YA_NXZ 004070c9 f   libcpmt:uncaught_exception.obj
 0001:000060ce       ?_Syserror_map@std@@YAPBDH@Z 004070ce f   libcpmt:syserror.obj
 0001:000060f3       ??$_Allocate@$07U_Default_allocate_traits@std@@$0A@@std@@YAPAXI@Z 004070f3 f i libcpmt:cout.obj
 0001:00006119       ??$_Deallocate@$07$0A@@std@@YAXPAXI@Z 00407119 f i libcpmt:cout.obj
 0001:00006145       ??$_Fgetc@D@std@@YA_NAADPAU_iobuf@@@Z 00407145 f i libcpmt:cout.obj
 0001:00006165       ??$_Fputc@D@std@@YA_NDPAU_iobuf@@@Z 00407165 f i libcpmt:cout.obj
 0001:0000617f       ??$_Reallocate_grow_by@V<lambda_1>@?1??push_back@?$basic_string@DU?$char_traits@D@std@@V?$allocator@D@2@@std@@QAEXD@Z@D@?$basic_string@DU?$char_traits@D@std@@V?$allocator@D@2@@std@@AAEAAV01@IV<lambda_1>@?1??push_back@01@QAEXD@Z@D@Z 0040717f f i libcpmt:cout.obj
 0001:00006239       ??$use_facet@V?$codecvt@DDU_Mbstatet@@@std@@@std@@YAABV?$codecvt@DDU_Mbstatet@@@0@ABVlocale@0@@Z 00407239 f i libcpmt:cout.obj
 0001:000062ce       ??$use_facet@V?$ctype@D@std@@@std@@YAABV?$ctype@D@0@ABVlocale@0@@Z 004072ce f i libcpmt:cout.obj
 0001:00006363       ??0?$basic_ios@DU?$char_traits@D@std@@@std@@IAE@XZ 00407363 f i libcpmt:cout.obj
 0001:00006388       ??0?$basic_ostream@DU?$char_traits@D@std@@@std@@QAE@PAV?$basic_streambuf@DU?$char_traits@D@std@@@1@_N@Z 00407388 f i libcpmt:cout.obj
 0001:000063f0       ??0?$basic_streambuf@DU?$char_traits@D@std@@@std@@IAE@XZ 004073f0 f i libcpmt:cout.obj
 0001:00006461       ??0?$ctype@D@std@@QAE@ABV_Locinfo@1@I@Z 00407461 f i libcpmt:cout.obj
 0001:00006497       ??0_Init_cout@std@@QAE@XZ  00407497 f i libcpmt:cout.obj
 0001:000064d7       ??0_Locinfo@std@@QAE@PBD@Z 004074d7 f i libcpmt:cout.obj
 0001:00006544       ??0bad_cast@std@@QAE@ABV01@@Z 00407544 f i libcpmt:cout.obj
 0001:0000655f       ??0bad_cast@std@@QAE@XZ    0040755f f i libcpmt:cout.obj
 0001:00006577       ??0ios_base@std@@IAE@XZ    00407577 f i libcpmt:cout.obj
 0001:000065a3       ??0locale@std@@QAE@ABV01@@Z 004075a3 f i libcpmt:cout.obj
 0001:000065ce       ??1?$_Yarn@D@std@@QAE@XZ   004075ce f i libcpmt:cout.obj
 0001:000065ce       ??1?$_Yarn@_W@std@@QAE@XZ  004075ce f i libcpmt:cout.obj
 0001:000065e3       ??1?$basic_filebuf@DU?$char_traits@D@std@@@std@@UAE@XZ 004075e3 f i libcpmt:cout.obj
 0001:00006640       ??1?$basic_ios@DU?$char_traits@D@std@@@std@@UAE@XZ 00407640 f i libcpmt:cout.obj
 0001:00006685       ??1?$basic_streambuf@DU?$char_traits@D@std@@@std@@UAE@XZ 00407685 f i libcpmt:cout.obj
 0001:000066a6       ??1?$unique_ptr@V_Facet_base@std@@U?$default_delete@V_Facet_base@std@@@2@@std@@QAE@XZ 004076a6 f i libcpmt:cout.obj
 0001:000066b3       ??1_Locinfo@std@@QAE@XZ    004076b3 f i libcpmt:cout.obj
 0001:00006764       ??1locale@std@@QAE@XZ      00407764 f i libcpmt:cout.obj
 0001:00006799       ??Bid@locale@std@@QAEIXZ   00407799 f i libcpmt:cout.obj
 0001:000067ce       ??R?$default_delete@V_Facet_base@std@@@std@@QBEXPAV_Facet_base@1@@Z 004077ce f i libcpmt:cout.obj
 0001:000067f2       ??_D?$basic_ostream@DU?$char_traits@D@std@@@std@@QAEXXZ 004077f2 f i libcpmt:cout.obj
 0001:00006853       ??_E?$basic_ostream@DU?$char_traits@D@std@@@std@@$4PPPPPPPM@A@AEPAXI@Z 00407853 f i libcpmt:cout.obj
 0001:0000685b       ??_E?$basic_filebuf@DU?$char_traits@D@std@@@std@@UAEPAXI@Z 0040785b f i libcpmt:cout.obj
 0001:0000685b       ??_G?$basic_filebuf@DU?$char_traits@D@std@@@std@@UAEPAXI@Z 0040785b f i libcpmt:cout.obj
 0001:0000687d       ??_E?$basic_ios@DU?$char_traits@D@std@@@std@@UAEPAXI@Z 0040787d f i libcpmt:cout.obj
 0001:0000687d       ??_G?$basic_ios@DU?$char_traits@D@std@@@std@@UAEPAXI@Z 0040787d f i libcpmt:cout.obj
 0001:000068da       ??_E?$basic_ostream@DU?$char_traits@D@std@@@std@@UAEPAXI@Z 004078da f i libcpmt:cout.obj
 0001:000068da       ??_G?$basic_ostream@DU?$char_traits@D@std@@@std@@UAEPAXI@Z 004078da f i libcpmt:cout.obj
 0001:000068ff       ??_E?$basic_streambuf@DU?$char_traits@D@std@@@std@@UAEPAXI@Z 004078ff f i libcpmt:cout.obj
 0001:000068ff       ??_G?$basic_streambuf@DU?$char_traits@D@std@@@std@@UAEPAXI@Z 004078ff f i libcpmt:cout.obj
 0001:00006921       ??_E?$codecvt@DDU_Mbstatet@@@std@@MAEPAXI@Z 00407921 f i libcpmt:cout.obj
 0001:00006921       ??_G?$codecvt@DDU_Mbstatet@@@std@@MAEPAXI@Z 00407921 f i libcpmt:cout.obj
 0001:00006944       ??_E?$ctype@D@std@@MAEPAXI@Z 00407944 f i libcpmt:cout.obj
 0001:00006944       ??_G?$ctype@D@std@@MAEPAXI@Z 00407944 f i libcpmt:cout.obj
 0001:00006972       ??_E_Facet_base@std@@UAEPAXI@Z 00407972 f i libcpmt:cout.obj
 0001:00006972       ??_G_Facet_base@std@@UAEPAXI@Z 00407972 f i libcpmt:cout.obj
 0001:00006995       ??_Eios_base@std@@UAEPAXI@Z 00407995 f i libcpmt:cout.obj
 0001:00006995       ??_Gios_base@std@@UAEPAXI@Z 00407995 f i libcpmt:cout.obj
 0001:000069f2       ?_Adjust_manually_vector_aligned@std@@YAXAAPAXAAI@Z 004079f2 f i libcpmt:cout.obj
 0001:00006a16       ?_Apply_annotation@?$basic_string@DU?$char_traits@D@std@@V?$allocator@D@2@@std@@CAXQBDIII@Z 00407a16 f i libcpmt:cout.obj
 0001:00006a65       ?_C_str@locale@std@@QBEPBDXZ 00407a65 f i libcpmt:cout.obj
 0001:00006a7d       ?_Calculate_growth@?$basic_string@DU?$char_traits@D@std@@V?$allocator@D@2@@std@@CAIIII@Z 00407a7d f i libcpmt:cout.obj
 0001:00006aad       ?_Create_annotation@?$basic_string@DU?$char_traits@D@std@@V?$allocator@D@2@@std@@ABEXXZ 00407aad f i libcpmt:cout.obj
 0001:00006ac7       ?_Decref@facet@locale@std@@UAEPAV_Facet_base@3@XZ 00407ac7 f i libcpmt:cout.obj
 0001:00006ad9       ?_Endwrite@?$basic_filebuf@DU?$char_traits@D@std@@@std@@IAE_NXZ 00407ad9 f i libcpmt:cout.obj
 0001:00006b88       ?_Erase_noexcept@?$basic_string@DU?$char_traits@D@std@@V?$allocator@D@2@@std@@AAEAAV12@II@Z 00407b88 f i libcpmt:cout.obj
 0001:00006bdc       ?_Getcat@?$codecvt@DDU_Mbstatet@@@std@@SAIPAPBVfacet@locale@2@PBV42@@Z 00407bdc f i libcpmt:cout.obj
 0001:00006c44       ?_Getcat@?$ctype@D@std@@SAIPAPBVfacet@locale@2@PBV42@@Z 00407c44 f i libcpmt:cout.obj
 0001:00006caa       ?_Getfacet@locale@std@@QBEPBVfacet@12@I@Z 00407caa f i libcpmt:cout.obj
 0001:00006ceb       ?_Incref@facet@locale@std@@UAEXXZ 00407ceb f i libcpmt:cout.obj
 0001:00006cf0       ?_Init@?$basic_filebuf@DU?$char_traits@D@std@@@std@@IAEXPAU_iobuf@@W4_Initfl@12@@Z 00407cf0 f i libcpmt:cout.obj
 0001:00006d6d       ?_Init@?$basic_streambuf@DU?$char_traits@D@std@@@std@@IAEXXZ 00407d6d f i libcpmt:cout.obj
 0001:00006daa       ?_Init@ios_base@std@@IAEXXZ 00407daa f i libcpmt:cout.obj
 0001:00006e15       ?_Initcvt@?$basic_filebuf@DU?$char_traits@D@std@@@std@@IAEXABV?$codecvt@DDU_Mbstatet@@@2@@Z 00407e15 f i libcpmt:cout.obj
 0001:00006e40       ?_Lock@?$basic_filebuf@DU?$char_traits@D@std@@@std@@UAEXXZ 00407e40 f i libcpmt:cout.obj
 0001:00006e50       ?_Lock@?$basic_streambuf@DU?$char_traits@D@std@@@std@@UAEXXZ 00407e50 f i libcpmt:cout.obj
 0001:00006e50       ?_Unlock@?$basic_streambuf@DU?$char_traits@D@std@@@std@@UAEXXZ 00407e50 f i libcpmt:cout.obj
 0001:00006e50       @_guard_check_icall_nop@4  00407e50 f i LIBCMT:guard_support.obj
 0001:00006e50       ___sanitizer_annotate_contiguous_container 00407e50 f i libcpmt:asan_noop.obj
 0001:00006e50       ___sanitizer_annotate_contiguous_container_default 00407e50 f i libcpmt:asan_noop.obj
 0001:00006e50       __initialize_denormal_control 00407e50 f i LIBCMT:denormal_control.obj
 0001:00006e50       __initialize_invalid_parameter_handler 00407e50 f i LIBCMT:invalid_parameter_handler.obj
 0001:00006e53       ?_Modify_annotation@?$basic_string@DU?$char_traits@D@std@@V?$allocator@D@2@@std@@ABEXII@Z 00407e53 f i libcpmt:cout.obj
 0001:00006e7a       ?_Remove_annotation@?$basic_string@DU?$char_traits@D@std@@V?$allocator@D@2@@std@@ABEXXZ 00407e7a f i libcpmt:cout.obj
 0001:00006e94       ?_Reset_back@?$basic_filebuf@DU?$char_traits@D@std@@@std@@AAEXXZ 00407e94 f i libcpmt:cout.obj
 0001:00006eb7       ?_Set_back@?$basic_filebuf@DU?$char_traits@D@std@@@std@@AAEXXZ 00407eb7 f i libcpmt:cout.obj
 0001:00006ef4       ?_Throw_bad_cast@std@@YAXXZ 00407ef4 f i libcpmt:cout.obj
 0001:00006f11       ?_Tidy@?$ctype@D@std@@IAEXXZ 00407f11 f i libcpmt:cout.obj
 0001:00006f3b       ?_Tidy_deallocate@?$basic_string@DU?$char_traits@D@std@@V?$allocator@D@2@@std@@AAEXXZ 00407f3b f i libcpmt:cout.obj
 0001:00006f67       ?_Unlock@?$basic_filebuf@DU?$char_traits@D@std@@@std@@UAEXXZ 00407f67 f i libcpmt:cout.obj
 0001:00006f77       ?always_noconv@codecvt_base@std@@QBE_NXZ 00407f77 f i libcpmt:cout.obj
 0001:00006f8f       ?close@?$basic_filebuf@DU?$char_traits@D@std@@@std@@QAEPAV12@XZ 00407f8f f i libcpmt:cout.obj
 0001:00006ff3       ?do_always_noconv@?$codecvt@DDU_Mbstatet@@@std@@MBE_NXZ 00407ff3 f i libcpmt:cout.obj
 0001:00006ff3       ___acrt_uninitialize_command_line 00407ff3 f i libucrt:argv_data.obj
 0001:00006ff3       __should_initialize_environment 00407ff3 f i LIBCMT:env_mode.obj
 0001:00006ff6       ?do_encoding@codecvt_base@std@@MBEHXZ 00407ff6 f i libcpmt:cout.obj
 0001:00006ff6       ?do_max_length@codecvt_base@std@@MBEHXZ 00407ff6 f i libcpmt:cout.obj
 0001:00006ff6       __get_startup_argv_mode    00407ff6 f i LIBCMT:argv_mode.obj
 0001:00006ffa       ?do_in@?$codecvt@DDU_Mbstatet@@@std@@MBEHAAU_Mbstatet@@PBD1AAPBDPAD3AAPAD@Z 00407ffa f i libcpmt:cout.obj
 0001:00006ffa       ?do_out@?$codecvt@DDU_Mbstatet@@@std@@MBEHAAU_Mbstatet@@PBD1AAPBDPAD3AAPAD@Z 00407ffa f i libcpmt:cout.obj
 0001:00007014       ?do_length@?$codecvt@DDU_Mbstatet@@@std@@MBEHAAU_Mbstatet@@PBD1I@Z 00408014 f i libcpmt:cout.obj
 0001:00007029       ?do_narrow@?$ctype@D@std@@MBEDDD@Z 00408029 f i libcpmt:cout.obj
 0001:00007033       ?do_narrow@?$ctype@D@std@@MBEPBDPBD0DPAD@Z 00408033 f i libcpmt:cout.obj
 0001:00007052       ?do_tolower@?$ctype@D@std@@MBEDD@Z 00408052 f i libcpmt:cout.obj
 0001:00007069       ?do_tolower@?$ctype@D@std@@MBEPBDPADPBD@Z 00408069 f i libcpmt:cout.obj
 0001:00007095       ?do_toupper@?$ctype@D@std@@MBEDD@Z 00408095 f i libcpmt:cout.obj
 0001:000070ac       ?do_toupper@?$ctype@D@std@@MBEPBDPADPBD@Z 004080ac f i libcpmt:cout.obj
 0001:000070d8       ?do_unshift@?$codecvt@DDU_Mbstatet@@@std@@MBEHAAU_Mbstatet@@PAD1AAPAD@Z 004080d8 f i libcpmt:cout.obj
 0001:000070ea       ?do_widen@?$ctype@D@std@@MBEDD@Z 004080ea f i libcpmt:cout.obj
 0001:000070f4       ?do_widen@?$ctype@D@std@@MBEPBDPBD0PAD@Z 004080f4 f i libcpmt:cout.obj
 0001:00007113       ?imbue@?$basic_filebuf@DU?$char_traits@D@std@@@std@@MAEXABVlocale@2@@Z 00408113 f i libcpmt:cout.obj
 0001:0000712f       ?imbue@?$basic_streambuf@DU?$char_traits@D@std@@@std@@MAEXABVlocale@2@@Z 0040812f f i libcpmt:cout.obj
 0001:00007132       ?init@?$basic_ios@DU?$char_traits@D@std@@@std@@IAEXPAV?$basic_streambuf@DU?$char_traits@D@std@@@2@_N@Z 00408132 f i libcpmt:cout.obj
 0001:0000717b       ?overflow@?$basic_filebuf@DU?$char_traits@D@std@@@std@@MAEHH@Z 0040817b f i libcpmt:cout.obj
 0001:00007285       ?overflow@?$basic_streambuf@DU?$char_traits@D@std@@@std@@MAEHH@Z 00408285 f i libcpmt:cout.obj
 0001:00007285       ?pbackfail@?$basic_streambuf@DU?$char_traits@D@std@@@std@@MAEHH@Z 00408285 f i libcpmt:cout.obj
 0001:0000728b       ?pbackfail@?$basic_filebuf@DU?$char_traits@D@std@@@std@@MAEHH@Z 0040828b f i libcpmt:cout.obj
 0001:0000730d       ?push_back@?$basic_string@DU?$char_traits@D@std@@V?$allocator@D@2@@std@@QAEXD@Z 0040830d f i libcpmt:cout.obj
 0001:00007354       ?seekoff@?$basic_filebuf@DU?$char_traits@D@std@@@std@@MAE?AV?$fpos@U_Mbstatet@@@2@_JHH@Z 00408354 f i libcpmt:cout.obj
 0001:00007415       ?seekoff@?$basic_streambuf@DU?$char_traits@D@std@@@std@@MAE?AV?$fpos@U_Mbstatet@@@2@_JHH@Z 00408415 f i libcpmt:cout.obj
 0001:00007434       ?seekpos@?$basic_filebuf@DU?$char_traits@D@std@@@std@@MAE?AV?$fpos@U_Mbstatet@@@2@V32@H@Z 00408434 f i libcpmt:cout.obj
 0001:000074c4       ?seekpos@?$basic_streambuf@DU?$char_traits@D@std@@@std@@MAE?AV?$fpos@U_Mbstatet@@@2@V32@H@Z 004084c4 f i libcpmt:cout.obj
 0001:000074e3       ?setbuf@?$basic_filebuf@DU?$char_traits@D@std@@@std@@MAEPAV?$basic_streambuf@DU?$char_traits@D@std@@@2@PAD_J@Z 004084e3 f i libcpmt:cout.obj
 0001:00007531       ?setbuf@?$basic_streambuf@DU?$char_traits@D@std@@@std@@MAEPAV12@PAD_J@Z 00408531 f i libcpmt:cout.obj
 0001:00007536       ?showmanyc@?$basic_streambuf@DU?$char_traits@D@std@@@std@@MAE_JXZ 00408536 f i libcpmt:cout.obj
 0001:0000753b       ?sync@?$basic_filebuf@DU?$char_traits@D@std@@@std@@MAEHXZ 0040853b f i libcpmt:cout.obj
 0001:00007577       ?sync@?$basic_streambuf@DU?$char_traits@D@std@@@std@@MAEHXZ 00408577 f i libcpmt:cout.obj
 0001:00007577       ___scrt_exe_initialize_mta 00408577 f i LIBCMT:utility_desktop.obj
 0001:00007577       ___scrt_initialize_winrt   00408577 f i LIBCMT:utility_desktop.obj
 0001:00007577       ___scrt_stub_for_initialize_mta 00408577 f i LIBCMT:utility_desktop.obj
 0001:00007577       __get_startup_commit_mode  00408577 f i LIBCMT:commit_mode.obj
 0001:00007577       __get_startup_new_mode     00408577 f i LIBCMT:new_mode.obj
 0001:00007577       __get_startup_thread_locale_mode 00408577 f i LIBCMT:thread_locale.obj
 0001:00007577       __matherr                  00408577 f i LIBCMT:matherr.obj
 0001:0000757a       ?uflow@?$basic_filebuf@DU?$char_traits@D@std@@@std@@MAEHXZ 0040857a f i libcpmt:cout.obj
 0001:00007708       ?uflow@?$basic_streambuf@DU?$char_traits@D@std@@@std@@MAEHXZ 00408708 f i libcpmt:cout.obj
 0001:0000773b       ?underflow@?$basic_filebuf@DU?$char_traits@D@std@@@std@@MAEHXZ 0040873b f i libcpmt:cout.obj
 0001:0000778b       ?underflow@?$basic_streambuf@DU?$char_traits@D@std@@@std@@MAEHXZ 0040878b f i libcpmt:cout.obj
 0001:0000778f       ?widen@?$basic_ios@DU?$char_traits@D@std@@@std@@QBEDD@Z 0040878f f i libcpmt:cout.obj
 0001:000077de       ?xsgetn@?$basic_filebuf@DU?$char_traits@D@std@@@std@@MAE_JPAD_J@Z 004087de f i libcpmt:cout.obj
 0001:000078c6       ?xsgetn@?$basic_streambuf@DU?$char_traits@D@std@@@std@@MAE_JPAD_J@Z 004088c6 f i libcpmt:cout.obj
 0001:000079b5       ?xsputn@?$basic_filebuf@DU?$char_traits@D@std@@@std@@MAE_JPBD_J@Z 004089b5 f i libcpmt:cout.obj
 0001:00007a9a       ?xsputn@?$basic_streambuf@DU?$char_traits@D@std@@@std@@MAE_JPBD_J@Z 00408a9a f i libcpmt:cout.obj
 0001:00007b85       ??0_Init_locks@std@@QAE@XZ 00408b85 f   libcpmt:xlock.obj
 0001:00007bb2       ??0_Lockit@std@@QAE@H@Z    00408bb2 f   libcpmt:xlock.obj
 0001:00007be3       ??1_Init_locks@std@@QAE@XZ 00408be3 f   libcpmt:xlock.obj
 0001:00007c0a       ??1_Lockit@std@@QAE@XZ     00408c0a f   libcpmt:xlock.obj
 0001:00007c29       ??0_Locimp@locale@std@@AAE@_N@Z 00408c29 f i libcpmt:locale0.obj
 0001:00007c6a       ??1_Fac_node@std@@QAE@XZ   00408c6a f i libcpmt:locale0.obj
 0001:00007c9b       ??1_Fac_tidy_reg_t@std@@QAE@XZ 00408c9b f i libcpmt:locale0.obj
 0001:00007cc2       ??1_Locimp@locale@std@@MAE@XZ 00408cc2 f i libcpmt:locale0.obj
 0001:00007ced       ??4?$_Yarn@D@std@@QAEAAV01@PBD@Z 00408ced f i libcpmt:locale0.obj
 0001:00007d41       ??_E_Locimp@locale@std@@MAEPAXI@Z 00408d41 f i libcpmt:locale0.obj
 0001:00007d41       ??_G_Locimp@locale@std@@MAEPAXI@Z 00408d41 f i libcpmt:locale0.obj
 0001:00007d63       ?_Facet_Register@std@@YAXPAV_Facet_base@1@@Z 00408d63 f   libcpmt:locale0.obj
 0001:00007d8f       ?_Getgloballocale@locale@std@@CAPAV_Locimp@12@XZ 00408d8f f   libcpmt:locale0.obj
 0001:00007d95       ?_Init@locale@std@@CAPAV_Locimp@12@_N@Z 00408d95 f   libcpmt:locale0.obj
 0001:00007e22       ?_Locimp_dtor@_Locimp@locale@std@@CAXPAV123@@Z 00408e22 f   libcpmt:locale0.obj
 0001:00007e93       ?_Locinfo_ctor@_Locinfo@std@@SAXPAV12@PBD@Z 00408e93 f   libcpmt:locale0.obj
 0001:00007ede       ?_Locinfo_dtor@_Locinfo@std@@SAXPAV12@@Z 00408ede f   libcpmt:locale0.obj
 0001:00007ef8       ?_New_Locimp@_Locimp@locale@std@@CAPAV123@_N@Z 00408ef8 f   libcpmt:locale0.obj
 0001:00007f1b       ?_Setgloballocale@locale@std@@CAXPAX@Z 00408f1b f   libcpmt:locale0.obj
 0001:00007f43       __Deletegloballocale       00408f43 f   libcpmt:locale0.obj
 0001:00007fa8       __Getctype                 00408fa8 f   libcpmt:_tolower.obj
 0001:00008013       __Tolower                  00409013 f   libcpmt:_tolower.obj
 0001:0000811f       __Toupper                  0040911f f   libcpmt:_toupper.obj
 0001:0000822b       ?_Addstd@ios_base@std@@SAXPAV12@@Z 0040922b f   libcpmt:ios.obj
 0001:0000827d       ?_Callfns@ios_base@std@@AAEXW4event@12@@Z 0040927d f i libcpmt:ios.obj
 0001:000082b0       ?_Ios_base_dtor@ios_base@std@@CAXPAV12@@Z 004092b0 f   libcpmt:ios.obj
 0001:000082f0       ?_Tidy@ios_base@std@@AAEXXZ 004092f0 f i libcpmt:ios.obj
 0001:0000836b       ??1_Init_atexit@@QAE@XZ    0040936b f i libcpmt:iosptrs.obj
 0001:000083d3       ?_Atexit@@YAXP6AXXZ@Z      004093d3 f   libcpmt:iosptrs.obj
 0001:00008402       __Mtxdst                   00409402 f   libcpmt:xmtx.obj
 0001:00008410       __Mtxinit                  00409410 f   libcpmt:xmtx.obj
 0001:00008425       __Mtxlock                  00409425 f   libcpmt:xmtx.obj
 0001:00008433       __Mtxunlock                00409433 f   libcpmt:xmtx.obj
 0001:00008441       ??1?$__crt_scoped_stack_ptr@_W@@QAE@XZ 00409441 f i libcpmt:StlLCMapStringA.obj
 0001:0000845a       ___crtLCMapStringA         0040945a f   libcpmt:StlLCMapStringA.obj
 0001:00008626       __freea_crt                00409626 f i libcpmt:StlLCMapStringA.obj
 0001:00008644       ??2@YAPAXI@Z               00409644 f   LIBCMT:new_scalar.obj
 0001:00008674       ??3@YAXPAXI@Z              00409674 f   LIBCMT:delete_scalar_size.obj
 0001:00008682       ??_Etype_info@@UAEPAXI@Z   00409682 f i LIBCMT:std_type_info_static.obj
 0001:00008682       ??_Gtype_info@@UAEPAXI@Z   00409682 f i LIBCMT:std_type_info_static.obj
 0001:000086e9       ___scrt_acquire_startup_lock 004096e9 f   LIBCMT:utility.obj
 0001:0000871b       ___scrt_initialize_crt     0040971b f   LIBCMT:utility.obj
 0001:00008754       ___scrt_initialize_onexit_tables 00409754 f   LIBCMT:utility.obj
 0001:000087db       ___scrt_is_nonwritable_in_current_image 004097db f   LIBCMT:utility.obj
 0001:0000886f       ___scrt_release_startup_lock 0040986f f   LIBCMT:utility.obj
 0001:0000888c       ___scrt_uninitialize_crt   0040988c f   LIBCMT:utility.obj
 0001:000088b4       __onexit                   004098b4 f   LIBCMT:utility.obj
 0001:000088e1       _atexit                    004098e1 f   LIBCMT:utility.obj
 0001:000088f6       ___raise_securityfailure   004098f6 f   LIBCMT:gs_report.obj
 0001:0000891e       ___report_gsfailure        0040991e f   LIBCMT:gs_report.obj
 0001:00008a18       ___report_rangecheckfailure 00409a18 f   LIBCMT:gs_report.obj
 0001:00008a24       ___report_securityfailure  00409a24 f   LIBCMT:gs_report.obj
 0001:00008af3       __Init_thread_footer       00409af3 f   LIBCMT:thread_safe_statics.obj
 0001:00008b44       __Init_thread_header       00409b44 f   LIBCMT:thread_safe_statics.obj
 0001:00008b93       __Init_thread_wait_v2      00409b93 f   LIBCMT:thread_safe_statics.obj
 0001:00008ba8       @__security_check_cookie@4 00409ba8 f   LIBCMT:secchk.obj
 0001:00008bc0       __alloca_probe             00409bc0 f   LIBCMT:chkstk.obj
 0001:00008bc0       __chkstk                   00409bc0 f   LIBCMT:chkstk.obj
 0001:00008e32       _mainCRTStartup            00409e32 f   LIBCMT:exe_main.obj
 0001:00008e3c       ??_V@YAXPAX@Z              00409e3c f   LIBCMT:delete_array.obj
 0001:00008e41       __EH_epilog3               00409e41 f   LIBCMT:ehprolg3.obj
 0001:00008e55       __EH_epilog3_GS            00409e55 f   LIBCMT:ehprolg3.obj
 0001:00008e64       __EH_prolog3               00409e64 f   LIBCMT:ehprolg3.obj
 0001:00008e97       __EH_prolog3_GS            00409e97 f   LIBCMT:ehprolg3.obj
 0001:00008ecd       __EH_prolog3_catch         00409ecd f   LIBCMT:ehprolg3.obj
 0001:00008f10       __alloca_probe_16          00409f10 f   LIBCMT:alloca16.obj
 0001:00008f26       __alloca_probe_8           00409f26     LIBCMT:alloca16.obj
 0001:00008f3f       ___isa_available_init      00409f3f f   LIBCMT:cpu_disp.obj
 0001:00009120       __allmul                   0040a120 f   LIBCMT:llmul.obj
 0001:00009160       __aulldiv                  0040a160 f   LIBCMT:ulldiv.obj
 0001:000091c8       ?__scrt_throw_std_bad_alloc@@YAXXZ 0040a1c8 f   LIBCMT:throw_bad_alloc.obj
 0001:000091e5       ??3@YAXPAX@Z               0040a1e5 f   LIBCMT:delete_scalar.obj
 0001:000091ea       ___scrt_is_ucrt_dll_in_use 0040a1ea f   LIBCMT:ucrt_detection.obj
 0001:000091f6       ___scrt_fastfail           0040a1f6 f   LIBCMT:utility_desktop.obj
 0001:0000930b       ___scrt_initialize_mta     0040a30b f   LIBCMT:utility_desktop.obj
 0001:00009310       ___scrt_is_managed_app     0040a310 f   LIBCMT:utility_desktop.obj
 0001:00009352       ___scrt_set_unhandled_exception_filter 0040a352 f   LIBCMT:utility_desktop.obj
 0001:0000935e       ___scrt_unhandled_exception_filter@4 0040a35e f   LIBCMT:utility_desktop.obj
 0001:000093b4       __crt_debugger_hook        0040a3b4 f   LIBCMT:utility_desktop.obj
 0001:000093c0       __SEH_prolog4              0040a3c0 f   LIBCMT:sehprolg4.obj
 0001:00009452       ___security_init_cookie    0040a452 f   LIBCMT:gs_support.obj
 0001:0000949d       __get_startup_file_mode    0040a49d f   LIBCMT:file_mode.obj
 0001:000094a3       ?__scrt_initialize_type_info@@YAXXZ 0040a4a3 f   LIBCMT:tncleanup.obj
 0001:000094af       __initialize_default_precision 0040a4af f   LIBCMT:default_precision.obj
 0001:000094d0       ___local_stdio_scanf_options 0040a4d0 f i LIBCMT:default_local_stdio_options.obj
 0001:000094d6       ___scrt_initialize_default_local_stdio_options 0040a4d6 f   LIBCMT:default_local_stdio_options.obj
 0001:000094f3       ___scrt_is_user_matherr_present 0040a4f3 f   LIBCMT:matherr_detection.obj
 0001:000094ff       ___scrt_get_dyn_tls_init_callback 0040a4ff f   LIBCMT:dyn_tls_init.obj
 0001:00009505       ___scrt_get_dyn_tls_dtor_callback 0040a505 f   LIBCMT:dyn_tls_dtor.obj
 0001:0000950b       __RTC_Initialize           0040a50b f   LIBCMT:initsect.obj
 0001:00009537       __RTC_Terminate            0040a537 f   LIBCMT:initsect.obj
 0001:00009563       ___WSAFDIsSet@8            0040a563 f   WS2_32:WS2_32.dll
 0001:00009569       ___std_exception_copy      0040a569 f   libvcruntime:std_exception.obj
 0001:000095cc       ___std_exception_destroy   0040a5cc f   libvcruntime:std_exception.obj
 0001:000095eb       __CxxThrowException@8      0040a5eb f   libvcruntime:throw.obj
 0001:00009660       _memcpy                    0040a660 f   libvcruntime:memcpy.obj
 0001:00009660       _memmove                   0040a660 f   libvcruntime:memmove.obj
 0001:00009be0       ___DestructExceptionObject 0040abe0 f   libvcruntime:ehhelpers.obj
 0001:00009c81       ?_CallMemberFunction0@@YGXQAX0@Z 0040ac81 f i libvcruntime:ehhelpers.obj
 0001:00009ce6       __IsExceptionObjectToBeDestroyed 0040ace6 f   libvcruntime:ehhelpers.obj
 0001:00009d0c       ___AdjustPointer           0040ad0c f   libvcruntime:ehhelpers.obj
 0001:00009d31       ___FrameUnwindFilter       0040ad31 f   libvcruntime:ehhelpers.obj
 0001:00009d87       ___current_exception       0040ad87 f   libvcruntime:ehhelpers.obj
 0001:00009d90       ___current_exception_context 0040ad90 f   libvcruntime:ehhelpers.obj
 0001:00009d99       ___std_terminate           0040ad99 f   libvcruntime:ehhelpers.obj
 0001:00009d9e       ?GetRangeOfTrysToCheck@__FrameHandler3@@SA?AU?$pair@Viterator@TryBlockMap@__FrameHandler3@@V123@@std@@AAVTryBlockMap@1@HPAXPBU_s_FuncInfo@@H@Z 0040ad9e f   libvcruntime:trnsctrl.obj
 0001:00009e0d       ?_CallCatchBlock2@@YAPAXPAUEHRegistrationNode@@PBU_s_FuncInfo@@PAXHK@Z 0040ae0d f   libvcruntime:trnsctrl.obj
 0001:00009e6a       ?_CallSETranslator@@YAHPAUEHExceptionRecord@@PAUEHRegistrationNode@@PAX2PBU_s_FuncInfo@@H1@Z 0040ae6a f   libvcruntime:trnsctrl.obj
 0001:00009f5a       ?_JumpToContinuation@@YGXPAXPAUEHRegistrationNode@@@Z 0040af5a f   libvcruntime:trnsctrl.obj
 0001:00009f8a       ?_UnwindNestedFrames@@YGXPAUEHRegistrationNode@@PAUEHExceptionRecord@@@Z 0040af8a f   libvcruntime:trnsctrl.obj
 0001:00009fdd       __CatchGuardHandler        0040afdd f   libvcruntime:trnsctrl.obj
 0001:0000a00e       __CreateFrameInfo          0040b00e f   libvcruntime:trnsctrl.obj
 0001:0000a032       __FindAndUnlinkFrame       0040b032 f   libvcruntime:trnsctrl.obj
 0001:0000a07a       __TranslatorGuardHandler   0040b07a f   libvcruntime:trnsctrl.obj
 0001:0000a117       ___CxxFrameHandler3        0040b117 f   libvcruntime:trnsctrl.obj
 0001:0000a150       _memset                    0040b150 f   libvcruntime:memset.obj
 0001:0000a2aa       ___uncaught_exception      0040b2aa f   libvcruntime:uncaught_exception.obj
 0001:0000a2be       __get_purecall_handler     0040b2be f   libvcruntime:purevirt.obj
 0001:0000a2c5       __purecall                 0040b2c5 f   libvcruntime:purevirt.obj
 0001:0000a2f0       _memcmp                    0040b2f0 f   libvcruntime:memcmp.obj
 0001:0000b96c       ___vcrt_initialize         0040c96c f   libvcruntime:initialization.obj
 0001:0000b98b       ___vcrt_uninitialize       0040c98b f   libvcruntime:initialization.obj
 0001:0000b9f0       __except_handler4          0040c9f0 f   libvcruntime:chandler4.obj
 0001:0000bb4e       ___std_type_info_compare   0040cb4e f   libvcruntime:std_type_info.obj
 0001:0000bb8a       ___vcrt_freefls@4          0040cb8a f   libvcruntime:per_thread_data.obj
 0001:0000bba6       ___vcrt_getptd             0040cba6 f   libvcruntime:per_thread_data.obj
 0001:0000bbb4       ___vcrt_getptd_noexit      0040cbb4 f   libvcruntime:per_thread_data.obj
 0001:0000bc46       ___vcrt_getptd_noinit      0040cc46 f   libvcruntime:per_thread_data.obj
 0001:0000bc7d       ___vcrt_initialize_ptd     0040cc7d f   libvcruntime:per_thread_data.obj
 0001:0000bcb0       ___vcrt_uninitialize_ptd   0040ccb0 f   libvcruntime:per_thread_data.obj
 0001:0000c3fd       ??$TypeMatchHelper@V__FrameHandler3@@@@YAHPBU_s_HandlerType@@PBU_s_CatchableType@@PBU_s_ThrowInfo@@@Z 0040d3fd f i libvcruntime:frame.obj
 0001:0000c48b       ??$__InternalCxxFrameHandler@V__FrameHandler3@@@@YA?AW4_EXCEPTION_DISPOSITION@@PAUEHExceptionRecord@@PAUEHRegistrationNode@@PAU_CONTEXT@@PAXPBU_s_FuncInfo@@H1E@Z 0040d48b f i libvcruntime:frame.obj
 0001:0000c58d       ??$__InternalCxxFrameHandlerWrapper@V__FrameHandler3@@@@YA?AW4_EXCEPTION_DISPOSITION@@PAUEHExceptionRecord@@PAUEHRegistrationNode@@PAU_CONTEXT@@PAXPBU_s_FuncInfo@@H1E@Z 0040d58d f i libvcruntime:frame.obj
 0001:0000c596       ??0bad_exception@std@@QAE@ABV01@@Z 0040d596 f i libvcruntime:frame.obj
 0001:0000c5b1       ??0bad_exception@std@@QAE@XZ 0040d5b1 f i libvcruntime:frame.obj
 0001:0000c5c9       ??8type_info@@QBE_NABV0@@Z 0040d5c9 f i libvcruntime:frame.obj
 0001:0000c840       ?FrameUnwindToEmptyState@__FrameHandler3@@SAXPAUEHRegistrationNode@@PAXPBU_s_FuncInfo@@@Z 0040d840 f   libvcruntime:frame.obj
 0001:0000c858       ?FrameUnwindToState@__FrameHandler3@@SAXPAUEHRegistrationNode@@PAXPBU_s_FuncInfo@@H@Z 0040d858 f   libvcruntime:frame.obj
 0001:0000c9da       ?_CallMemberFunction1@@YGXQAX00@Z 0040d9da f i libvcruntime:frame.obj
 0001:0000c9ea       ?_CallMemberFunction2@@YGXQAX00H@Z 0040d9ea f i libvcruntime:frame.obj
 0001:0000c9fd       ?getESTypes@__FrameHandler3@@SAPBU_s_ESTypeList@@PBU_s_FuncInfo@@@Z 0040d9fd f i libvcruntime:frame.obj
 0001:0000ca10       __CallSettingFrame@12      0040da10 f   libvcruntime:lowhelpr.obj
 0001:0000ca37       __NLG_Return               0040da37     libvcruntime:lowhelpr.obj
 0001:0000ca5c       ___except_validate_context_record 0040da5c f   libvcruntime:jbcxrval.obj
 0001:0000ca8c       ___vcrt_initialize_locks   0040da8c f   libvcruntime:locks.obj
 0001:0000cac8       ___vcrt_uninitialize_locks 0040dac8 f   libvcruntime:locks.obj
 0001:0000cb00       __local_unwind4            0040db00 f   libvcruntime:exsup4.obj
 0001:0000cbf0       @_EH4_CallFilterFunc@8     0040dbf0 f   libvcruntime:exsup4.obj
 0001:0000cc10       @_EH4_TransferToHandler@8  0040dc10 f   libvcruntime:exsup4.obj
 0001:0000cc30       @_EH4_GlobalUnwind2@8      0040dc30 f   libvcruntime:exsup4.obj
 0001:0000cc50       @_EH4_LocalUnwind@16       0040dc50 f   libvcruntime:exsup4.obj
 0001:0000cd52       ___vcrt_FlsAlloc           0040dd52 f   libvcruntime:winapi_downlevel.obj
 0001:0000cd8d       ___vcrt_FlsFree            0040dd8d f   libvcruntime:winapi_downlevel.obj
 0001:0000cdc8       ___vcrt_FlsGetValue        0040ddc8 f   libvcruntime:winapi_downlevel.obj
 0001:0000ce03       ___vcrt_FlsSetValue        0040de03 f   libvcruntime:winapi_downlevel.obj
 0001:0000ce41       ___vcrt_InitializeCriticalSectionEx 0040de41 f   libvcruntime:winapi_downlevel.obj
 0001:0000ce88       _unexpected                0040de88 f   libvcruntime:unexpected.obj
 0001:0000cea5       ?GetCurrentState@__FrameHandler3@@SAHPAUEHRegistrationNode@@PAXPBU_s_FuncInfo@@@Z 0040dea5 f   libvcruntime:ehstate.obj
 0001:0000cec2       ?SetState@__FrameHandler3@@SAXPAUEHRegistrationNode@@PBU_s_FuncInfo@@H@Z 0040dec2 f   libvcruntime:ehstate.obj
 0001:0000ced0       __NLG_Notify1              0040ded0 f   libvcruntime:exsup.obj
 0001:0000cee0       __NLG_Notify               0040dee0 f   libvcruntime:exsup.obj
 0001:0000cef7       __NLG_Dispatch             0040def7     libvcruntime:exsup.obj
 0001:0000cef7       __NLG_Dispatch2            0040def7     libvcruntime:exsup.obj
 0001:0000cf00       __NLG_Call                 0040df00 f   libvcruntime:exsup.obj
 0001:0000cf02       __NLG_Return2              0040df02     libvcruntime:exsup.obj
 0001:0000cf03       ??0__crt_cached_ptd_host@@QAE@QAU__crt_locale_pointers@@@Z 0040df03 f i libucrt:invalid_parameter.obj
 0001:0000cf4b       ??1__crt_cached_ptd_host@@QAE@XZ 0040df4b f i libucrt:invalid_parameter.obj
 0001:0000cf87       ?check_synchronize_global_state_index@__crt_cached_ptd_host@@AAEIXZ 0040df87 f i libucrt:invalid_parameter.obj
 0001:0000cfb0       ?force_synchronize_per_thread_data@__crt_cached_ptd_host@@AAEPAU__acrt_ptd@@XZ 0040dfb0 f i libucrt:invalid_parameter.obj
 0001:0000cff6       ?get_raw_ptd@__crt_cached_ptd_host@@QAEPAU__acrt_ptd@@XZ 0040dff6 f i libucrt:invalid_parameter.obj
 0001:0000d013       ___acrt_call_reportfault   0040e013 f   libucrt:invalid_parameter.obj
 0001:0000d14c       ___acrt_initialize_invalid_parameter_handler 0040e14c f   libucrt:invalid_parameter.obj
 0001:0000d15b       __invalid_parameter        0040e15b f   libucrt:invalid_parameter.obj
 0001:0000d192       __invalid_parameter_internal 0040e192 f   libucrt:invalid_parameter.obj
 0001:0000d20f       __invalid_parameter_noinfo 0040e20f f   libucrt:invalid_parameter.obj
 0001:0000d21f       __invalid_parameter_noinfo_noreturn 0040e21f f   libucrt:invalid_parameter.obj
 0001:0000d23c       __invoke_watson            0040e23c f   libucrt:invalid_parameter.obj
 0001:0000d270       _free                      0040e270 f   libucrt:free.obj
 0001:0000d28b       __strdup                   0040e28b f   libucrt:strdup.obj
 0001:0000d40d       __itow_s                   0040e40d f   libucrt:xtoa.obj
 0001:0000d60f       ??$count@D@formatting_buffer@__crt_stdio_output@@QBEIXZ 0040e60f f i libucrt:output.obj
 0001:0000d627       ??$ensure_buffer_is_big_enough@D@formatting_buffer@__crt_stdio_output@@QAE_NIAAV__crt_cached_ptd_host@@@Z 0040e627 f i libucrt:output.obj
 0001:0000d6a8       ??$is_overflow_condition@K@__crt_strtox@@YA_NIK@Z 0040e6a8 f i libucrt:output.obj
 0001:0000d6dc       ??$is_wide_character_specifier@D@__crt_stdio_output@@YA_N_KDW4length_modifier@0@@Z 0040e6dc f i libucrt:output.obj
 0001:0000d70d       ??$parse_integer@KV?$c_string_character_source@D@__crt_strtox@@$0A@@__crt_strtox@@YAKAAV__crt_cached_ptd_host@@V?$c_string_character_source@D@0@H_N@Z 0040e70d f i libucrt:output.obj
 0001:0000d91c       ??$scratch_data@D@formatting_buffer@__crt_stdio_output@@QAEPADXZ 0040e91c f i libucrt:output.obj
 0001:0000d93a       ??$type_case_integer@$07@?$output_processor@DV?$stream_output_adapter@D@__crt_stdio_output@@V?$standard_base@DV?$stream_output_adapter@D@__crt_stdio_output@@@2@@__crt_stdio_output@@AAE_N_N@Z 0040e93a f i libucrt:output.obj
 0001:0000d93a       ??$type_case_integer@$07@?$output_processor@DV?$string_output_adapter@D@__crt_stdio_output@@V?$standard_base@DV?$string_output_adapter@D@__crt_stdio_output@@@2@@__crt_stdio_output@@AAE_N_N@Z 0040e93a f i libucrt:output.obj
 0001:0000dac7       ??$type_case_integer@$09@?$output_processor@DV?$stream_output_adapter@D@__crt_stdio_output@@V?$standard_base@DV?$stream_output_adapter@D@__crt_stdio_output@@@2@@__crt_stdio_output@@AAE_N_N@Z 0040eac7 f i libucrt:output.obj
 0001:0000dac7       ??$type_case_integer@$09@?$output_processor@DV?$string_output_adapter@D@__crt_stdio_output@@V?$standard_base@DV?$string_output_adapter@D@__crt_stdio_output@@@2@@__crt_stdio_output@@AAE_N_N@Z 0040eac7 f i libucrt:output.obj
 0001:0000dc54       ??$type_case_integer@$0BA@@?$output_processor@DV?$stream_output_adapter@D@__crt_stdio_output@@V?$standard_base@DV?$stream_output_adapter@D@__crt_stdio_output@@@2@@__crt_stdio_output@@AAE_N_N@Z 0040ec54 f i libucrt:output.obj
 0001:0000dc54       ??$type_case_integer@$0BA@@?$output_processor@DV?$string_output_adapter@D@__crt_stdio_output@@V?$standard_base@DV?$string_output_adapter@D@__crt_stdio_output@@@2@@__crt_stdio_output@@AAE_N_N@Z 0040ec54 f i libucrt:output.obj
 0001:0000dde1       ??$type_case_integer_parse_into_buffer@I$07@?$output_processor@DV?$stream_output_adapter@D@__crt_stdio_output@@V?$standard_base@DV?$stream_output_adapter@D@__crt_stdio_output@@@2@@__crt_stdio_output@@AAEXI_N@Z 0040ede1 f i libucrt:output.obj
 0001:0000dde1       ??$type_case_integer_parse_into_buffer@I$07@?$output_processor@DV?$string_output_adapter@D@__crt_stdio_output@@V?$standard_base@DV?$string_output_adapter@D@__crt_stdio_output@@@2@@__crt_stdio_output@@AAEXI_N@Z 0040ede1 f i libucrt:output.obj
 0001:0000de44       ??$type_case_integer_parse_into_buffer@I$09@?$output_processor@DV?$stream_output_adapter@D@__crt_stdio_output@@V?$standard_base@DV?$stream_output_adapter@D@__crt_stdio_output@@@2@@__crt_stdio_output@@AAEXI_N@Z 0040ee44 f i libucrt:output.obj
 0001:0000de44       ??$type_case_integer_parse_into_buffer@I$09@?$output_processor@DV?$string_output_adapter@D@__crt_stdio_output@@V?$standard_base@DV?$string_output_adapter@D@__crt_stdio_output@@@2@@__crt_stdio_output@@AAEXI_N@Z 0040ee44 f i libucrt:output.obj
 0001:0000decb       ??$type_case_integer_parse_into_buffer@I$0BA@@?$output_processor@DV?$stream_output_adapter@D@__crt_stdio_output@@V?$standard_base@DV?$stream_output_adapter@D@__crt_stdio_output@@@2@@__crt_stdio_output@@AAEXI_N@Z 0040eecb f i libucrt:output.obj
 0001:0000decb       ??$type_case_integer_parse_into_buffer@I$0BA@@?$output_processor@DV?$string_output_adapter@D@__crt_stdio_output@@V?$standard_base@DV?$string_output_adapter@D@__crt_stdio_output@@@2@@__crt_stdio_output@@AAEXI_N@Z 0040eecb f i libucrt:output.obj
 0001:0000df48       ??$type_case_integer_parse_into_buffer@_K$07@?$output_processor@DV?$stream_output_adapter@D@__crt_stdio_output@@V?$standard_base@DV?$stream_output_adapter@D@__crt_stdio_output@@@2@@__crt_stdio_output@@AAEX_K_N@Z 0040ef48 f i libucrt:output.obj
 0001:0000df48       ??$type_case_integer_parse_into_buffer@_K$07@?$output_processor@DV?$string_output_adapter@D@__crt_stdio_output@@V?$standard_base@DV?$string_output_adapter@D@__crt_stdio_output@@@2@@__crt_stdio_output@@AAEX_K_N@Z 0040ef48 f i libucrt:output.obj
 0001:0000dfc0       ??$type_case_integer_parse_into_buffer@_K$09@?$output_processor@DV?$stream_output_adapter@D@__crt_stdio_output@@V?$standard_base@DV?$stream_output_adapter@D@__crt_stdio_output@@@2@@__crt_stdio_output@@AAEX_K_N@Z 0040efc0 f i libucrt:output.obj
 0001:0000dfc0       ??$type_case_integer_parse_into_buffer@_K$09@?$output_processor@DV?$string_output_adapter@D@__crt_stdio_output@@V?$standard_base@DV?$string_output_adapter@D@__crt_stdio_output@@@2@@__crt_stdio_output@@AAEX_K_N@Z 0040efc0 f i libucrt:output.obj
 0001:0000e067       ??$type_case_integer_parse_into_buffer@_K$0BA@@?$output_processor@DV?$stream_output_adapter@D@__crt_stdio_output@@V?$standard_base@DV?$stream_output_adapter@D@__crt_stdio_output@@@2@@__crt_stdio_output@@AAEX_K_N@Z 0040f067 f i libucrt:output.obj
 0001:0000e067       ??$type_case_integer_parse_into_buffer@_K$0BA@@?$output_processor@DV?$string_output_adapter@D@__crt_stdio_output@@V?$standard_base@DV?$string_output_adapter@D@__crt_stdio_output@@@2@@__crt_stdio_output@@AAEX_K_N@Z 0040f067 f i libucrt:output.obj
 0001:0000e0f1       ??0?$output_adapter_data@DV?$stream_output_adapter@D@__crt_stdio_output@@@__crt_stdio_output@@IAE@ABV?$stream_output_adapter@D@1@_KQBDAAV__crt_cached_ptd_host@@QAD@Z 0040f0f1 f i libucrt:output.obj
 0001:0000e0f1       ??0?$output_adapter_data@DV?$string_output_adapter@D@__crt_stdio_output@@@__crt_stdio_output@@IAE@ABV?$string_output_adapter@D@1@_KQBDAAV__crt_cached_ptd_host@@QAD@Z 0040f0f1 f i libucrt:output.obj
 0001:0000e158       ??1formatting_buffer@__crt_stdio_output@@QAE@XZ 0040f158 f i libucrt:output.obj
 0001:0000e172       ??4?$__crt_unique_heap_ptr@DU__crt_internal_free_policy@@@@QAEAAV0@$$QAV0@@Z 0040f172 f i libucrt:output.obj
 0001:0000e232       ?crop_zeroes@__crt_stdio_output@@YAXPADQAU__crt_locale_pointers@@@Z 0040f232 f i libucrt:output.obj
 0001:0000e292       ?find_next_state@?$output_processor@DV?$stream_output_adapter@D@__crt_stdio_output@@V?$standard_base@DV?$stream_output_adapter@D@__crt_stdio_output@@@2@@__crt_stdio_output@@ABE?AW4state@2@DW432@@Z 0040f292 f i libucrt:output.obj
 0001:0000e292       ?find_next_state@?$output_processor@DV?$string_output_adapter@D@__crt_stdio_output@@V?$standard_base@DV?$string_output_adapter@D@__crt_stdio_output@@@2@@__crt_stdio_output@@ABE?AW4state@2@DW432@@Z 0040f292 f i libucrt:output.obj
 0001:0000e2cd       ?force_decimal_point@__crt_stdio_output@@YAXPADQAU__crt_locale_pointers@@@Z 0040f2cd f i libucrt:output.obj
 0001:0000e329       ?parse_int_from_format_string@?$output_processor@DV?$stream_output_adapter@D@__crt_stdio_output@@V?$standard_base@DV?$stream_output_adapter@D@__crt_stdio_output@@@2@@__crt_stdio_output@@AAE_NQAH@Z 0040f329 f i libucrt:output.obj
 0001:0000e329       ?parse_int_from_format_string@?$output_processor@DV?$string_output_adapter@D@__crt_stdio_output@@V?$standard_base@DV?$string_output_adapter@D@__crt_stdio_output@@@2@@__crt_stdio_output@@AAE_NQAH@Z 0040f329 f i libucrt:output.obj
 0001:0000e3a1       ?process@?$output_processor@DV?$stream_output_adapter@D@__crt_stdio_output@@V?$standard_base@DV?$stream_output_adapter@D@__crt_stdio_output@@@2@@__crt_stdio_output@@QAEHXZ 0040f3a1 f i libucrt:output.obj
 0001:0000e651       ?process@?$output_processor@DV?$string_output_adapter@D@__crt_stdio_output@@V?$standard_base@DV?$string_output_adapter@D@__crt_stdio_output@@@2@@__crt_stdio_output@@QAEHXZ 0040f651 f i libucrt:output.obj
 0001:0000e925       ?state_case_size@?$output_processor@DV?$stream_output_adapter@D@__crt_stdio_output@@V?$standard_base@DV?$stream_output_adapter@D@__crt_stdio_output@@@2@@__crt_stdio_output@@AAE_NXZ 0040f925 f i libucrt:output.obj
 0001:0000ea7e       ?state_case_size@?$output_processor@DV?$string_output_adapter@D@__crt_stdio_output@@V?$standard_base@DV?$string_output_adapter@D@__crt_stdio_output@@@2@@__crt_stdio_output@@AAE_NXZ 0040fa7e f i libucrt:output.obj
 0001:0000ebd7       ?state_case_type@?$output_processor@DV?$stream_output_adapter@D@__crt_stdio_output@@V?$standard_base@DV?$stream_output_adapter@D@__crt_stdio_output@@@2@@__crt_stdio_output@@AAE_NXZ 0040fbd7 f i libucrt:output.obj
 0001:0000ef19       ?state_case_type@?$output_processor@DV?$string_output_adapter@D@__crt_stdio_output@@V?$standard_base@DV?$string_output_adapter@D@__crt_stdio_output@@@2@@__crt_stdio_output@@AAE_NXZ 0040ff19 f i libucrt:output.obj
 0001:0000f278       ?to_integer_size@__crt_stdio_output@@YAIW4length_modifier@1@@Z 00410278 f i libucrt:output.obj
 0001:0000f2cc       ?type_case_Z@?$output_processor@DV?$stream_output_adapter@D@__crt_stdio_output@@V?$standard_base@DV?$stream_output_adapter@D@__crt_stdio_output@@@2@@__crt_stdio_output@@AAE_NXZ 004102cc f i libucrt:output.obj
 0001:0000f2cc       ?type_case_Z@?$output_processor@DV?$string_output_adapter@D@__crt_stdio_output@@V?$standard_base@DV?$string_output_adapter@D@__crt_stdio_output@@@2@@__crt_stdio_output@@AAE_NXZ 004102cc f i libucrt:output.obj
 0001:0000f32f       ?type_case_a@?$output_processor@DV?$stream_output_adapter@D@__crt_stdio_output@@V?$standard_base@DV?$stream_output_adapter@D@__crt_stdio_output@@@2@@__crt_stdio_output@@AAE_NXZ 0041032f f i libucrt:output.obj
 0001:0000f32f       ?type_case_a@?$output_processor@DV?$string_output_adapter@D@__crt_stdio_output@@V?$standard_base@DV?$string_output_adapter@D@__crt_stdio_output@@@2@@__crt_stdio_output@@AAE_NXZ 0041032f f i libucrt:output.obj
 0001:0000f4c0       ?type_case_c_tchar@?$output_processor@DV?$stream_output_adapter@D@__crt_stdio_output@@V?$standard_base@DV?$stream_output_adapter@D@__crt_stdio_output@@@2@@__crt_stdio_output@@AAE_ND@Z 004104c0 f i libucrt:output.obj
 0001:0000f4c0       ?type_case_c_tchar@?$output_processor@DV?$string_output_adapter@D@__crt_stdio_output@@V?$standard_base@DV?$string_output_adapter@D@__crt_stdio_output@@@2@@__crt_stdio_output@@AAE_ND@Z 004104c0 f i libucrt:output.obj
 0001:0000f555       ?type_case_n@?$output_processor@DV?$stream_output_adapter@D@__crt_stdio_output@@V?$standard_base@DV?$stream_output_adapter@D@__crt_stdio_output@@@2@@__crt_stdio_output@@AAE_NXZ 00410555 f i libucrt:output.obj
 0001:0000f555       ?type_case_n@?$output_processor@DV?$string_output_adapter@D@__crt_stdio_output@@V?$standard_base@DV?$string_output_adapter@D@__crt_stdio_output@@@2@@__crt_stdio_output@@AAE_NXZ 00410555 f i libucrt:output.obj
 0001:0000f5da       ?type_case_o@?$output_processor@DV?$stream_output_adapter@D@__crt_stdio_output@@V?$standard_base@DV?$stream_output_adapter@D@__crt_stdio_output@@@2@@__crt_stdio_output@@AAE_NXZ 004105da f i libucrt:output.obj
 0001:0000f5da       ?type_case_o@?$output_processor@DV?$string_output_adapter@D@__crt_stdio_output@@V?$standard_base@DV?$string_output_adapter@D@__crt_stdio_output@@@2@@__crt_stdio_output@@AAE_NXZ 004105da f i libucrt:output.obj
 0001:0000f5f7       ?type_case_p@?$output_processor@DV?$stream_output_adapter@D@__crt_stdio_output@@V?$standard_base@DV?$stream_output_adapter@D@__crt_stdio_output@@@2@@__crt_stdio_output@@AAE_NXZ 004105f7 f i libucrt:output.obj
 0001:0000f5f7       ?type_case_p@?$output_processor@DV?$string_output_adapter@D@__crt_stdio_output@@V?$standard_base@DV?$string_output_adapter@D@__crt_stdio_output@@@2@@__crt_stdio_output@@AAE_NXZ 004105f7 f i libucrt:output.obj
 0001:0000f60d       ?type_case_s@?$output_processor@DV?$stream_output_adapter@D@__crt_stdio_output@@V?$standard_base@DV?$stream_output_adapter@D@__crt_stdio_output@@@2@@__crt_stdio_output@@AAE_NXZ 0041060d f i libucrt:output.obj
 0001:0000f60d       ?type_case_s@?$output_processor@DV?$string_output_adapter@D@__crt_stdio_output@@V?$standard_base@DV?$string_output_adapter@D@__crt_stdio_output@@@2@@__crt_stdio_output@@AAE_NXZ 0041060d f i libucrt:output.obj
 0001:0000f67f       ?unget@?$c_string_character_source@D@__crt_strtox@@QAEXD@Z 0041067f f i libucrt:output.obj
 0001:0000f6a8       ?unget@?$c_string_character_source@_W@__crt_strtox@@QAEX_W@Z 004106a8 f i libucrt:output.obj
 0001:0000f6e0       ?update_locale_slow@__crt_cached_ptd_host@@AAEXXZ 004106e0 f i libucrt:output.obj
 0001:0000f73b       ?validate@?$c_string_character_source@D@__crt_strtox@@QBE_NXZ 0041073b f i libucrt:output.obj
 0001:0000f73b       ?validate@?$c_string_character_source@_W@__crt_strtox@@QBE_NXZ 0041073b f i libucrt:output.obj
 0001:0000f756       ?validate@?$stream_output_adapter@D@__crt_stdio_output@@QBE_NAAV__crt_cached_ptd_host@@@Z 00410756 f i libucrt:output.obj
 0001:0000f78e       ?validate@?$string_output_adapter@D@__crt_stdio_output@@QBE_NAAV__crt_cached_ptd_host@@@Z 0041078e f i libucrt:output.obj
 0001:0000f7bf       ?validate_stream_is_ansi_if_required@?$__acrt_stdio_char_traits@D@@SA_NQAU_iobuf@@@Z 004107bf f i libucrt:output.obj
 0001:0000f846       ?write_character@?$output_adapter_common@DV?$stream_output_adapter@D@__crt_stdio_output@@@__crt_stdio_output@@QBEXDQAHAAV__crt_cached_ptd_host@@@Z 00410846 f i libucrt:output.obj
 0001:0000f868       ?write_character_without_count_update@?$stream_output_adapter@D@__crt_stdio_output@@QBE_NDAAV__crt_cached_ptd_host@@@Z 00410868 f i libucrt:output.obj
 0001:0000f8a2       ?write_string@?$stream_output_adapter@D@__crt_stdio_output@@QBEXQBDHQAHAAV__crt_cached_ptd_host@@@Z 004108a2 f i libucrt:output.obj
 0001:0000f8ce       ?write_string@?$string_output_adapter@D@__crt_stdio_output@@QBEXQBDHQAHAAV__crt_cached_ptd_host@@@Z 004108ce f i libucrt:output.obj
 0001:0000f935       ?write_string_impl@?$output_adapter_common@DV?$stream_output_adapter@D@__crt_stdio_output@@@__crt_stdio_output@@IBEXQBDHQAHAAV__crt_cached_ptd_host@@@Z 00410935 f i libucrt:output.obj
 0001:0000f9b4       ___acrt_locale_get_ctype_array_value 004109b4 f i libucrt:output.obj
 0001:0000f9d6       ___stdio_common_vfprintf   004109d6 f   libucrt:output.obj
 0001:0000fa7a       ___stdio_common_vsprintf   00410a7a f   libucrt:output.obj
 0001:0000fb91       __strtime                  00410b91 f   libucrt:strtime.obj
 0001:0000fbad       __time64                   00410bad f   libucrt:time.obj
 0001:0000fc15       _calloc                    00410c15 f   libucrt:calloc.obj
 0001:0000fc20       _srand                     00410c20 f   libucrt:rand.obj
 0001:0000fc32       ___acrt_initialize_stdio   00410c32 f   libucrt:_file.obj
 0001:0000fcfa       ___acrt_iob_func           00410cfa f   libucrt:_file.obj
 0001:0000fd0a       ___acrt_uninitialize_stdio 00410d0a f   libucrt:_file.obj
 0001:0000fd56       __get_stream_buffer_pointers 00410d56 f   libucrt:_file.obj
 0001:0000fd9c       __lock_file                00410d9c f   libucrt:_file.obj
 0001:0000fdb0       __unlock_file              00410db0 f   libucrt:_file.obj
 0001:0000fdc4       ??$parse_integer@KV?$c_string_character_source@D@__crt_strtox@@$00@__crt_strtox@@YAKAAV__crt_cached_ptd_host@@V?$c_string_character_source@D@0@H_N@Z 00410dc4 f i libucrt:atox.obj
 0001:0001000b       ??$parse_integer@KV?$c_string_character_source@_W@__crt_strtox@@$00@__crt_strtox@@YAKAAV__crt_cached_ptd_host@@V?$c_string_character_source@_W@0@H_N@Z 0041100b f i libucrt:atox.obj
 0001:00010619       __ischartype_l             00411619 f i libucrt:atox.obj
 0001:00010670       __wtol                     00411670 f   libucrt:atox.obj
 0001:000106af       _atoi                      004116af f   libucrt:atox.obj
 0001:000106af       _atol                      004116af f   libucrt:atox.obj
 0001:00010813       _fclose                    00411813 f   libucrt:fclose.obj
 0001:00010915       _fgets                     00411915 f   libucrt:fgets.obj
 0001:000109d7       _fopen                     004119d7 f   libucrt:fopen.obj
 0001:000109f0       _strncpy                   004119f0 f   libucrt:strncpy.obj
 0001:00010d4d       ___acrt_stdio_flush_nolock 00411d4d f   libucrt:fflush.obj
 0001:00010db6       __fflush_nolock            00411db6 f   libucrt:fflush.obj
 0001:00010e1b       __flushall                 00411e1b f   libucrt:fflush.obj
 0001:00010e24       _fflush                    00411e24 f   libucrt:fflush.obj
 0001:00010e77       __fgetc_nolock             00411e77 f   libucrt:fgetc.obj
 0001:00010eb3       __getc_nolock              00411eb3 f   libucrt:fgetc.obj
 0001:00010ebe       _fgetc                     00411ebe f   libucrt:fgetc.obj
 0001:00010fd7       _fgetpos                   00411fd7 f   libucrt:fgetpos.obj
 0001:00011166       __fputc_nolock_internal    00412166 f   libucrt:fputc.obj
 0001:00011193       _fputc                     00412193 f   libucrt:fputc.obj
 0001:000111c7       __fread_nolock_s           004121c7 f   libucrt:fread.obj
 0001:000113a0       _fread                     004123a0 f   libucrt:fread.obj
 0001:000113bd       _fread_s                   004123bd f   libucrt:fread.obj
 0001:000114db       _fsetpos                   004124db f   libucrt:fsetpos.obj
 0001:00011516       ?LongLongSub@@YAJ_J0PA_J@Z 00412516 f i libucrt:fseek.obj
 0001:000117ff       __fseeki64                 004127ff f   libucrt:fseek.obj
 0001:000118e0       __fwrite_internal          004128e0 f   libucrt:fwrite.obj
 0001:00011957       __fwrite_nolock_internal   00412957 f   libucrt:fwrite.obj
 0001:00011afe       _fwrite                    00412afe f   libucrt:fwrite.obj
 0001:00011cfc       _setvbuf                   00412cfc f   libucrt:setvbuf.obj
 0001:00011d36       __ungetc_nolock            00412d36 f   libucrt:ungetc.obj
 0001:00011e2a       _ungetc                    00412e2a f   libucrt:ungetc.obj
 0001:00011e9d       ___acrt_initialize_locks   00412e9d f   libucrt:locks.obj
 0001:00011ede       ___acrt_lock               00412ede f   libucrt:locks.obj
 0001:00011ef5       ___acrt_uninitialize_locks 00412ef5 f   libucrt:locks.obj
 0001:00011f26       ___acrt_unlock             00412f26 f   libucrt:locks.obj
 0001:00011f3d       __lock_locales             00412f3d f   libucrt:locks.obj
 0001:00011f4b       __unlock_locales           00412f4b f   libucrt:locks.obj
 0001:00011f54       _malloc                    00412f54 f   libucrt:malloc.obj
 0001:000121b4       _setlocale                 004131b4 f   libucrt:setlocale.obj
 0001:000121ec       ___pctype_func             004131ec f   libucrt:ctype.obj
 0001:00012210       _islower                   00413210 f   libucrt:_ctype.obj
 0001:000122a0       _isupper                   004132a0 f   libucrt:_ctype.obj
 0001:00012324       ____lc_codepage_func       00413324 f   libucrt:initctype.obj
 0001:00012349       ____lc_locale_name_func    00413349 f   libucrt:initctype.obj
 0001:00012370       ___acrt_locale_initialize_ctype 00413370 f   libucrt:initctype.obj
 0001:000127cd       __wcsdup                   004137cd f   libucrt:wcsdup.obj
 0001:0001282c       _abort                     0041382c f   libucrt:abort.obj
 0001:00012870       ___acrt_errno_from_os_error 00413870 f   libucrt:errno.obj
 0001:000128b3       ___acrt_errno_map_os_error 004138b3 f   libucrt:errno.obj
 0001:000128d6       ___acrt_errno_map_os_error_ptd 004138d6 f   libucrt:errno.obj
 0001:000128fa       ___doserrno                004138fa f   libucrt:errno.obj
 0001:0001290d       __errno                    0041390d f   libucrt:errno.obj
 0001:00012920       ??0_LocaleUpdate@@QAE@QAU__crt_locale_pointers@@@Z 00413920 f i libucrt:strtod.obj
 0001:000129b0       ?divide@__crt_strtox@@YA_KAAUbig_integer@1@ABU21@@Z 004139b0 f i libucrt:strtod.obj
 0001:00012e60       _strcspn                   00413e60 f   libucrt:strcspn.obj
 0001:00012ea6       ___strncnt                 00413ea6 f   libucrt:strncnt.obj
 0001:00012ec2       ??$__acrt_convert_wcs_mbs_cp@D_WV<lambda_62f6974d9771e494a5ea317cc32e971c>@@U__crt_win32_buffer_internal_dynamic_resizing@@@@YAHQBDAAV?$__crt_win32_buffer@_WU__crt_win32_buffer_internal_dynamic_resizing@@@@ABV<lambda_62f6974d9771e494a5ea317cc32e971c>@@I@Z 00413ec2 f i libucrt:strftime.obj
 0001:00012f74       ??$__acrt_convert_wcs_mbs_cp@_WDV<lambda_0fec1a7b3f42a53036604e18c2d5e07e>@@U__crt_win32_buffer_no_resizing@@@@YAHQB_WAAV?$__crt_win32_buffer@DU__crt_win32_buffer_no_resizing@@@@ABV<lambda_0fec1a7b3f42a53036604e18c2d5e07e>@@I@Z 00413f74 f i libucrt:strftime.obj
 0001:00013036       ??$__acrt_mbs_to_wcs_cp@U__crt_win32_buffer_internal_dynamic_resizing@@@@YAHQBDAAV?$__crt_win32_buffer@_WU__crt_win32_buffer_internal_dynamic_resizing@@@@I@Z 00414036 f i libucrt:strftime.obj
 0001:00013053       ??R<lambda_0fec1a7b3f42a53036604e18c2d5e07e>@@QBE@IQB_WQADI@Z 00414053 f i libucrt:strftime.obj
 0001:00013053       ??R<lambda_28bda7af82a03b66c1cb3803a755f95d>@@QBE@IQB_WQADI@Z 00414053 f i libucrt:argv_wildcards.obj
 0001:00013077       ?_deallocate@?$__crt_win32_buffer@DU__crt_win32_buffer_internal_dynamic_resizing@@@@AAEXXZ 00414077 f i libucrt:argv_wildcards.obj
 0001:00013077       ?_deallocate@?$__crt_win32_buffer@_WU__crt_win32_buffer_internal_dynamic_resizing@@@@AAEXXZ 00414077 f i libucrt:strftime.obj
 0001:00013091       ?allocate@?$__crt_win32_buffer@DU__crt_win32_buffer_no_resizing@@@@QAEHI@Z 00414091 f i libucrt:strftime.obj
 0001:000130b8       ?allocate@?$__crt_win32_buffer@_WU__crt_win32_buffer_internal_dynamic_resizing@@@@QAEHI@Z 004140b8 f i libucrt:strftime.obj
 0001:000130f7       ?allocate@__crt_win32_buffer_internal_dynamic_resizing@@SAHQAPAXIABV__crt_win32_buffer_empty_debug_info@@@Z 004140f7 f i libucrt:strftime.obj
 0001:00013116       ?set_to_nullptr@?$__crt_win32_buffer@DU__crt_win32_buffer_no_resizing@@@@QAEXXZ 00414116 f i libucrt:strftime.obj
 0001:0001312a       _strnlen                   0041412a f   libucrt:strnlen.obj
 0001:0001324c       _wcsnlen                   0041424c f   libucrt:strnlen.obj
 0001:000133fc       ??$__crt_fast_decode_pointer@P6AHI@Z@@YAP6AHI@ZQ6AHI@Z@Z 004143fc f i libucrt:new_handler.obj
 0001:000133fc       ??$__crt_fast_decode_pointer@P6AXH@Z@@YAP6AXH@ZQ6AXH@Z@Z 004143fc f i libucrt:signal.obj
 0001:000133fc       ??$__crt_fast_decode_pointer@P6GXPAXK0@Z@@YAP6GXPAXK0@ZQ6GX0K0@Z@Z 004143fc f i libucrt:exit.obj
 0001:00013417       ___acrt_initialize_new_handler 00414417 f   libucrt:new_handler.obj
 0001:00013426       __callnewh                 00414426 f   libucrt:new_handler.obj
 0001:00013452       __query_new_handler        00414452 f   libucrt:new_handler.obj
 0001:000134a9       __seh_filter_exe           004144a9 f   libucrt:exception_filter.obj
 0001:0001363c       ??$__crt_fast_encode_pointer@P6AHPAU_exception@@@Z@@YAP6AHPAU_exception@@@ZQ6AH0@Z@Z 0041463c f i libucrt:matherr.obj
 0001:0001363c       ??$__crt_fast_encode_pointer@P6AHXZ@@YAP6AHXZQ6AHXZ@Z 0041463c f i libucrt:onexit.obj
 0001:0001363c       ??$__crt_fast_encode_pointer@P6GHPA_WKJ@Z@@YAP6GHPA_WKJ@ZQ6GH0KJ@Z@Z 0041463c f i libucrt:winapi_thunks.obj
 0001:0001363c       ??$__crt_fast_encode_pointer@P6GXPAXK0@Z@@YAP6GXPAXK0@ZQ6GX0K0@Z@Z 0041463c f i libucrt:exit.obj
 0001:0001363c       ??$__crt_fast_encode_pointer@PAP6AXXZ@@YAPAP6AXXZQAP6AXXZ@Z 0041463c f i libucrt:onexit.obj
 0001:0001363c       ??$__crt_fast_encode_pointer@PAX@@YAPAXQAX@Z 0041463c f i libucrt:initialization.obj
 0001:000138a6       ___acrt_initialize_thread_local_exit_callback 004148a6 f   libucrt:exit.obj
 0001:000138b5       __c_exit                   004148b5 f   libucrt:exit.obj
 0001:000138c4       __cexit                    004148c4 f   libucrt:exit.obj
 0001:000138d3       __exit                     004148d3 f   libucrt:exit.obj
 0001:000138e9       __register_thread_local_exe_atexit_callback 004148e9 f   libucrt:exit.obj
 0001:0001390f       _exit                      0041490f f   libucrt:exit.obj
 0001:00013bd6       ___acrt_allocate_buffer_for_argv 00414bd6 f   libucrt:argv_parsing.obj
 0001:00013c25       __configure_narrow_argv    00414c25 f   libucrt:argv_parsing.obj
 0001:00013e80       ___dcrt_get_or_create_narrow_environment_nolock 00414e80 f   libucrt:environment_initialization.obj
 0001:00013e85       ___dcrt_uninitialize_environments_nolock 00414e85 f   libucrt:environment_initialization.obj
 0001:00013ed6       __get_initial_narrow_environment 00414ed6 f   libucrt:environment_initialization.obj
 0001:00013eea       __initialize_narrow_environment 00414eea f   libucrt:environment_initialization.obj
 0001:00014181       __crt_atexit               00415181 f   libucrt:onexit.obj
 0001:00014197       __execute_onexit_table     00415197 f   libucrt:onexit.obj
 0001:000141d5       __initialize_onexit_table  004151d5 f   libucrt:onexit.obj
 0001:000141fe       __register_onexit_function 004151fe f   libucrt:onexit.obj
 0001:0001432c       ___acrt_initialize         0041532c f   libucrt:initialization.obj
 0001:0001433e       ___acrt_uninitialize       0041533e f   libucrt:initialization.obj
 0001:0001436e       __query_app_type           0041536e f   libucrt:report_runtime_error.obj
 0001:00014374       __set_app_type             00415374 f   libucrt:report_runtime_error.obj
 0001:00014383       ___acrt_has_user_matherr   00415383 f   libucrt:matherr.obj
 0001:000143a0       ___acrt_initialize_user_matherr 004153a0 f   libucrt:matherr.obj
 0001:000143af       ___acrt_invoke_user_matherr 004153af f   libucrt:matherr.obj
 0001:000143e5       ___setusermatherr          004153e5 f   libucrt:matherr.obj
 0001:000143fa       __initterm                 004153fa f   libucrt:initterm.obj
 0001:00014425       __initterm_e               00415425 f   libucrt:initterm.obj
 0001:00014453       __get_fmode                00415453 f   libucrt:setmode.obj
 0001:00014480       __set_fmode                00415480 f   libucrt:setmode.obj
 0001:000144bd       __setmode_nolock           004154bd f   libucrt:setmode.obj
 0001:0001458c       ___acrt_initialize_command_line 0041558c f   libucrt:argv_data.obj
 0001:000145a5       ___p___argc                004155a5 f   libucrt:argv_data.obj
 0001:000145ab       ___p___argv                004155ab f   libucrt:argv_data.obj
 0001:000146b1       ??0_expandlocale_locale_name_cache@@QAE@QA_WIQAU__crt_qualified_locale_data@@@Z 004156b1 f i libucrt:wsetlocale.obj
 0001:000146fb       ??1_expandlocale_locale_name_cache@@QAE@XZ 004156fb f i libucrt:wsetlocale.obj
 0001:00014893       ?commit_locale_name@_expandlocale_locale_name_cache@@QAEXQB_WI@Z 00415893 f i libucrt:wsetlocale.obj
 0001:000148d7       ?commit_locale_name_cache_already_updated@_expandlocale_locale_name_cache@@QAEXQB_WI@Z 004158d7 f i libucrt:wsetlocale.obj
 0001:0001490c       ___acrt_copy_locale_name   0041590c f   libucrt:wsetlocale.obj
 0001:0001496c       ___acrt_set_locale_changed 0041596c f   libucrt:wsetlocale.obj
 0001:00014977       ___acrt_uninitialize_locale 00415977 f   libucrt:wsetlocale.obj
 0001:0001499e       ___lc_lctowcs              0041599e f   libucrt:wsetlocale.obj
 0001:00014a0e       ___lc_wcstolc              00415a0e f   libucrt:wsetlocale.obj
 0001:00014b4b       __configthreadlocale       00415b4b f   libucrt:wsetlocale.obj
 0001:00014fa2       __wcscats                  00415fa2 f   libucrt:wsetlocale.obj
 0001:00014fe3       __wsetlocale               00415fe3 f   libucrt:wsetlocale.obj
 0001:00015cd8       __query_new_mode           00416cd8 f   libucrt:new_mode.obj
 0001:00015cdf       __set_new_mode             00416cdf f   libucrt:new_mode.obj
 0001:00015d0e       ___p__commode              00416d0e f   libucrt:ncommode.obj
 0001:00015d14       _terminate                 00416d14 f   libucrt:terminate.obj
 0001:00015d50       __controlfp_s              00416d50 f   libucrt:contrlfp.obj
 0001:00015daf       ___ascii_stricmp           00416daf f   libucrt:stricmp.obj
 0001:00015de8       __stricmp                  00416de8 f   libucrt:stricmp.obj
 0001:00015de8       _stricmp                   00416de8 f   libucrt:stricmp.obj
 0001:00015e31       __stricmp_l                00416e31 f   libucrt:stricmp.obj
 0001:00015ec1       _strcpy_s                  00416ec1 f   libucrt:strcpy_s.obj
 0001:00015f20       _strncmp                   00416f20 f   libucrt:strncmp.obj
 0001:00015f98       _wcsncmp                   00416f98 f   libucrt:wcsncmp.obj
 0001:00016310       ___acrt_getptd             00417310 f   libucrt:per_thread_data.obj
 0001:000163cb       ___acrt_getptd_head        004173cb f   libucrt:per_thread_data.obj
 0001:00016461       ___acrt_getptd_noexit      00417461 f   libucrt:per_thread_data.obj
 0001:00016512       ___acrt_getptd_noexit_explicit 00417512 f   libucrt:per_thread_data.obj
 0001:000165b5       ___acrt_initialize_ptd     004175b5 f   libucrt:per_thread_data.obj
 0001:000165e1       ___acrt_uninitialize_ptd   004175e1 f   libucrt:per_thread_data.obj
 0001:000165fb       __free_base                004175fb f   libucrt:free_base.obj
 0001:00016635       __malloc_base              00417635 f   libucrt:malloc_base.obj
 0001:00016683       ___acrt_update_locale_info 00417683 f   libucrt:locale_update.obj
 0001:000166b0       ___acrt_update_locale_info_explicit 004176b0 f   libucrt:locale_update.obj
 0001:000166e1       ___acrt_update_multibyte_info 004176e1 f   libucrt:locale_update.obj
 0001:0001670e       ___acrt_update_multibyte_info_explicit 0041770e f   libucrt:locale_update.obj
 0001:0001673f       ?__acrt_fp_classify@@YA?AW4__acrt_fp_class@@ABN@Z 0041773f f i libucrt:cvt.obj
 0001:00017117       ___acrt_fp_format          00418117 f   libucrt:cvt.obj
 0001:00017298       __wctomb_internal          00418298 f   libucrt:wctomb.obj
 0001:00017402       __mbtowc_internal          00418402 f   libucrt:mbtowc.obj
 0001:00017535       __fileno                   00418535 f   libucrt:fileno.obj
 0001:0001755c       __get_printf_count_output  0041855c f   libucrt:printf_count_output.obj
 0001:00017571       ___acrt_should_use_temporary_buffer 00418571 f   libucrt:_sftbuf.obj
 0001:000175af       ___acrt_stdio_begin_temporary_buffering_nolock 004185af f   libucrt:_sftbuf.obj
[...]
 0002:0000a198       __sehtable$??$?RV<lambda_62491a2101a2aba6cc4a769149c84f1f>@@AAV<lambda_826c27fce7726908515bbc79a5266961>@@V<lambda_4e64bbd54b50a7b070e3ea8d795375b6>@@@?$__crt_seh_guarded_call@H@@QAEH$$QAV<lambda_62491a2101a2aba6cc4a769149c84f1f>@@AAV<lambda_826c27fce7726908515bbc79a5266961>@@$$QAV<lambda_4e64bbd54b50a7b070e3ea8d795375b6>@@@Z 00432198     libucrt:output.obj
 0002:0000a1b8       __sehtable$?_fclose_internal@@YAHQAU_iobuf@@AAV__crt_cached_ptd_host@@@Z 004321b8     libucrt:fclose.obj
 0002:0000a1d8       __sehtable$??$common_fgets@D@@YAPADQADHV__crt_stdio_stream@@@Z 004321d8     libucrt:fgets.obj
 0002:0000a1f8       __sehtable$??$common_fsopen@D@@YAPAU_iobuf@@QBD0H@Z 004321f8     libucrt:fopen.obj
 0002:0000a218       __sehtable$??$?RV<lambda_2866be3712abc81a800a822484c830d8>@@AAV<lambda_39ca0ed439415581b5b15c265174cece>@@V<lambda_2b24c74d71094a6cd0cb82e44167d71b>@@@?$__crt_seh_guarded_call@X@@QAEX$$QAV<lambda_2866be3712abc81a800a822484c830d8>@@AAV<lambda_39ca0ed439415581b5b15c265174cece>@@$$QAV<lambda_2b24c74d71094a6cd0cb82e44167d71b>@@@Z 00432218     libucrt:fflush.obj
 0002:0000a238       __sehtable$??$?RV<lambda_2cc53f568c5a2bb6f192f930a45d44ea>@@AAV<lambda_ab61a845afdef5b7c387490eaf3616ee>@@V<lambda_c2ffc0b7726aa6be21d5f0026187e748>@@@?$__crt_seh_guarded_call@X@@QAEX$$QAV<lambda_2cc53f568c5a2bb6f192f930a45d44ea>@@AAV<lambda_ab61a845afdef5b7c387490eaf3616ee>@@$$QAV<lambda_c2ffc0b7726aa6be21d5f0026187e748>@@@Z 00432238     libucrt:fflush.obj
 0002:0000a258       __sehtable$??$?RV<lambda_6d20deecaf4856105ebacbad442d1079>@@AAV<lambda_9a32fed5bf61b6b509b2d3f6003082a1>@@V<lambda_63ea2239ed67c638ddbae41947fdf875>@@@?$__crt_seh_guarded_call@H@@QAEH$$QAV<lambda_6d20deecaf4856105ebacbad442d1079>@@AAV<lambda_9a32fed5bf61b6b509b2d3f6003082a1>@@$$QAV<lambda_63ea2239ed67c638ddbae41947fdf875>@@@Z 00432258     libucrt:fflush.obj
 0002:0000a278       __sehtable$_fgetc          00432278     libucrt:fgetc.obj
 0002:0000a298       __sehtable$?_fputc_internal@@YAHHQAU_iobuf@@AAV__crt_cached_ptd_host@@@Z 00432298     libucrt:fputc.obj
 0002:0000a2b8       __sehtable$_fread_s        004322b8     libucrt:fread.obj
 0002:0000a2d8       __sehtable$?common_fseek@@YAHV__crt_stdio_stream@@_JHAAV__crt_cached_ptd_host@@@Z 004322d8     libucrt:fseek.obj
 0002:0000a2f8       __sehtable$??$?RV<lambda_76055cf4b68c1f980da8b7496a3ae623>@@AAV<lambda_26974eb511f701c600fccfa2a97a8e1b>@@V<lambda_0062726809bb3c529c0733aa37379daf>@@@?$__crt_seh_guarded_call@I@@QAEI$$QAV<lambda_76055cf4b68c1f980da8b7496a3ae623>@@AAV<lambda_26974eb511f701c600fccfa2a97a8e1b>@@$$QAV<lambda_0062726809bb3c529c0733aa37379daf>@@@Z 004322f8     libucrt:fwrite.obj
 0002:0000a318       __sehtable$??$?RV<lambda_c390c0748f48a7db46f6ce5cc3c796da>@@AAV<lambda_703a5c3f7c88128b7f5f7a8861b0a6e0>@@V<lambda_c16a91f8771b304e2b1164fb4c043437>@@@?$__crt_seh_guarded_call@H@@QAEH$$QAV<lambda_c390c0748f48a7db46f6ce5cc3c796da>@@AAV<lambda_703a5c3f7c88128b7f5f7a8861b0a6e0>@@$$QAV<lambda_c16a91f8771b304e2b1164fb4c043437>@@@Z 00432318     libucrt:setvbuf.obj
 0002:0000a338       __sehtable$_ungetc         00432338     libucrt:ungetc.obj
 0002:0000a358       __sehtable$??$?RV<lambda_f5952838e36297a1e2e9d6c748429792>@@AAV<lambda_2116bde18c9e5f34230805ea4a4660ed>@@V<lambda_3c7107de1cc98bf330a3031f42c322a3>@@@?$__crt_seh_guarded_call@PAD@@QAEPAD$$QAV<lambda_f5952838e36297a1e2e9d6c748429792>@@AAV<lambda_2116bde18c9e5f34230805ea4a4660ed>@@$$QAV<lambda_3c7107de1cc98bf330a3031f42c322a3>@@@Z 00432358     libucrt:setlocale.obj
 0002:0000a378       __sehtable$__query_new_handler 00432378     libucrt:new_handler.obj
 0002:0000a398       __sehtable$??R<lambda_6e4b09c48022b2350581041d5f6b0c4c>@@QBE@XZ 00432398     libucrt:exit.obj
 0002:0000a3b8       __sehtable$??$?RV<lambda_03b1d95aef87969028cfba75ccab2455>@@AAV<lambda_6e4b09c48022b2350581041d5f6b0c4c>@@V<lambda_22bdf7517842c4b3e53723af5aa32b9e>@@@?$__crt_seh_guarded_call@X@@QAEX$$QAV<lambda_03b1d95aef87969028cfba75ccab2455>@@AAV<lambda_6e4b09c48022b2350581041d5f6b0c4c>@@$$QAV<lambda_22bdf7517842c4b3e53723af5aa32b9e>@@@Z 004323b8     libucrt:exit.obj
 0002:0000a3d4       __unwindtable$___dcrt_uninitialize_environments_nolock 004323d4     libucrt:environment_initialization.obj
 0002:0000a3e4       __ehfuncinfo$___dcrt_uninitialize_environments_nolock 004323e4     libucrt:environment_initialization.obj
 0002:0000a408       __sehtable$??$?RV<lambda_8e746cf0007f6ed984d6f78af1fec997>@@AAV<lambda_22ebabd17bc4fa466a2aca6d8deb888d>@@V<lambda_18ed0c0b38a6dc0daf1e7ac6d6adf05e>@@@?$__crt_seh_guarded_call@H@@QAEH$$QAV<lambda_8e746cf0007f6ed984d6f78af1fec997>@@AAV<lambda_22ebabd17bc4fa466a2aca6d8deb888d>@@$$QAV<lambda_18ed0c0b38a6dc0daf1e7ac6d6adf05e>@@@Z 00432408     libucrt:onexit.obj
 0002:0000a428       __sehtable$??$?RV<lambda_69a2805e680e0e292e8ba93315fe43a8>@@AAV<lambda_f03950bc5685219e0bcd2087efbe011e>@@V<lambda_03fcd07e894ec930e3f35da366ca99d6>@@@?$__crt_seh_guarded_call@H@@QAEH$$QAV<lambda_69a2805e680e0e292e8ba93315fe43a8>@@AAV<lambda_f03950bc5685219e0bcd2087efbe011e>@@$$QAV<lambda_03fcd07e894ec930e3f35da366ca99d6>@@@Z 00432428     libucrt:onexit.obj
 0002:0000a448       __sehtable$??$?RV<lambda_e5124f882df8998aaf41531e079ba474>@@AAV<lambda_3e16ef9562a7dcce91392c22ab16ea36>@@V<lambda_e25ca0880e6ef98be67edffd8c599615>@@@?$__crt_seh_guarded_call@X@@QAEX$$QAV<lambda_e5124f882df8998aaf41531e079ba474>@@AAV<lambda_3e16ef9562a7dcce91392c22ab16ea36>@@$$QAV<lambda_e25ca0880e6ef98be67edffd8c599615>@@@Z 00432448     libucrt:wsetlocale.obj
 0002:0000a468       __sehtable$??$?RV<lambda_4fdada1b837b2abbf20876fac97688ad>@@AAV<lambda_b57350f2640456a0859d250846f69caf>@@V<lambda_eed5e4f92b5b7d55fa22c48c484aaa54>@@@?$__crt_seh_guarded_call@X@@QAEX$$QAV<lambda_4fdada1b837b2abbf20876fac97688ad>@@AAV<lambda_b57350f2640456a0859d250846f69caf>@@$$QAV<lambda_eed5e4f92b5b7d55fa22c48c484aaa54>@@@Z 00432468     libucrt:wsetlocale.obj
 0002:0000a488       __sehtable$??$?RV<lambda_ac03c5d59bd18b09cb88b28331f6bfed>@@AAV<lambda_2a444430fde8c29194d880d93eed5e8f>@@AAV<lambda_02db5278e8aef8b5e4976579d73f5304>@@@?$__crt_seh_guarded_call@X@@QAEX$$QAV<lambda_ac03c5d59bd18b09cb88b28331f6bfed>@@AAV<lambda_2a444430fde8c29194d880d93eed5e8f>@@AAV<lambda_02db5278e8aef8b5e4976579d73f5304>@@@Z 00432488     libucrt:wsetlocale.obj
 0002:0000a4a8       __sehtable$_terminate      004324a8     libucrt:terminate.obj
 0002:0000a4c8       __sehtable$??$?RV<lambda_15ade71b0218206bbe3333a0c9b79046>@@AAV<lambda_da44e0f8b0f19ba52fefafb335991732>@@V<lambda_207f2d024fc103971653565357d6cd41>@@@?$__crt_seh_guarded_call@X@@QAEX$$QAV<lambda_15ade71b0218206bbe3333a0c9b79046>@@AAV<lambda_da44e0f8b0f19ba52fefafb335991732>@@$$QAV<lambda_207f2d024fc103971653565357d6cd41>@@@Z 004324c8     libucrt:per_thread_data.obj
 0002:0000a4e8       __sehtable$??$?RV<lambda_a7e850c220f1c8d1e6efeecdedd162c6>@@AAV<lambda_46720907175c18b6c9d2717bc0d2d362>@@V<lambda_9048902d66e8d99359bc9897bbb930a8>@@@?$__crt_seh_guarded_call@X@@QAEX$$QAV<lambda_a7e850c220f1c8d1e6efeecdedd162c6>@@AAV<lambda_46720907175c18b6c9d2717bc0d2d362>@@$$QAV<lambda_9048902d66e8d99359bc9897bbb930a8>@@@Z 004324e8     libucrt:per_thread_data.obj
 0002:0000a508       __sehtable$??$?RV<lambda_38edbb1296d33220d7e4dd0ed76b244a>@@AAV<lambda_5ce1d447e08cb34b2473517608e21441>@@V<lambda_fb385d3da700c9147fc39e65dd577a8c>@@@?$__crt_seh_guarded_call@X@@QAEX$$QAV<lambda_38edbb1296d33220d7e4dd0ed76b244a>@@AAV<lambda_5ce1d447e08cb34b2473517608e21441>@@$$QAV<lambda_fb385d3da700c9147fc39e65dd577a8c>@@@Z 00432508     libucrt:per_thread_data.obj
 0002:0000a528       __sehtable$??$?RV<lambda_6affb1475c98b40b75cdec977db92e3c>@@AAV<lambda_b8d4b9c228a6ecc3f80208dbb4b4a104>@@V<lambda_608742c3c92a14382c1684fc64f96c88>@@@?$__crt_seh_guarded_call@X@@QAEX$$QAV<lambda_6affb1475c98b40b75cdec977db92e3c>@@AAV<lambda_b8d4b9c228a6ecc3f80208dbb4b4a104>@@$$QAV<lambda_608742c3c92a14382c1684fc64f96c88>@@@Z 00432528     libucrt:per_thread_data.obj
 0002:0000a548       __sehtable$___acrt_initialize_lowio 00432548     libucrt:ioinit.obj
 0002:0000a568       __sehtable$??$?RV<lambda_6b4b7855443974f2b4b77000ea21c99c>@@AAV<lambda_8f7d3b162ab39427f4fa9995c67a7986>@@V<lambda_cc9a5ba8a5d8428b9634eab82665e5dc>@@@?$__crt_seh_guarded_call@H@@QAEH$$QAV<lambda_6b4b7855443974f2b4b77000ea21c99c>@@AAV<lambda_8f7d3b162ab39427f4fa9995c67a7986>@@$$QAV<lambda_cc9a5ba8a5d8428b9634eab82665e5dc>@@@Z 00432568     libucrt:winapi_thunks.obj
 0002:0000a588       __sehtable$__fcloseall     00432588     libucrt:closeall.obj
 0002:0000a5a8       __sehtable$??$?RV<lambda_d422a76eb4c3bf3ad751449ab71a6ea4>@@AAV<lambda_c9ba49e555ba839a7b07aa3fbecb7617>@@V<lambda_9476263c8ee91a25d21c55370bdb50de>@@@?$__crt_seh_guarded_call@H@@QAEH$$QAV<lambda_d422a76eb4c3bf3ad751449ab71a6ea4>@@AAV<lambda_c9ba49e555ba839a7b07aa3fbecb7617>@@$$QAV<lambda_9476263c8ee91a25d21c55370bdb50de>@@@Z 004325a8     libucrt:close.obj
 0002:0000a5c8       __sehtable$?__acrt_stdio_allocate_stream@@YA?AV__crt_stdio_stream@@XZ 004325c8     libucrt:stream.obj
 0002:0000a5e8       __sehtable$??$?RV<lambda_9e9de3de5fa147e2223d7db92bc10aa6>@@AAV<lambda_38ce7e780aa69e748d6df282ebc68efe>@@V<lambda_8ca6da459f0f6780f1cff60fdc3d00e5>@@@?$__crt_seh_guarded_call@H@@QAEH$$QAV<lambda_9e9de3de5fa147e2223d7db92bc10aa6>@@AAV<lambda_38ce7e780aa69e748d6df282ebc68efe>@@$$QAV<lambda_8ca6da459f0f6780f1cff60fdc3d00e5>@@@Z 004325e8     libucrt:commit.obj
 0002:0000a608       __sehtable$__write_internal 00432608     libucrt:write.obj
 0002:0000a628       __sehtable$??$common_ftell@_J@@YA_JV__crt_stdio_stream@@AAV__crt_cached_ptd_host@@@Z 00432628     libucrt:ftell.obj
 0002:0000a648       __sehtable$__read          00432648     libucrt:read.obj
 0002:0000a668       __sehtable$??$common_lseek@_J@@YA_JH_JHAAV__crt_cached_ptd_host@@@Z 00432668     libucrt:lseek.obj
 0002:0000a688       __sehtable$_raise          00432688     libucrt:signal.obj
 0002:0000a6a8       __sehtable$??$?RV<lambda_cbab9ec6f41b0180b23cc171c22676b0>@@AAV<lambda_44731a7d0e6d81c3e6aa82d741081786>@@V<lambda_4b292cb8dd18144e164572427af410ab>@@@?$__crt_seh_guarded_call@P6AXH@Z@@QAEP6AXH@Z$$QAV<lambda_cbab9ec6f41b0180b23cc171c22676b0>@@AAV<lambda_44731a7d0e6d81c3e6aa82d741081786>@@$$QAV<lambda_4b292cb8dd18144e164572427af410ab>@@@Z 004326a8     libucrt:signal.obj
 0002:0000a6c8       __sehtable$___set_fpsr_sse2 004326c8     libucrt:fpctrl.obj
 0002:0000a6e8       __sehtable$?update_thread_multibyte_data_internal@@YAPAU__crt_multibyte_data@@QAU__acrt_ptd@@QAPAU1@@Z 004326e8     libucrt:mbctype.obj
 0002:0000a708       __sehtable$??$?RV<lambda_ceb1ee4838e85a9d631eb091e2fbe199>@@AAV<lambda_ae742caa10f662c28703da3d2ea5e57e>@@V<lambda_cd08b5d6af4937fe54fc07d0c9bf6b37>@@@?$__crt_seh_guarded_call@X@@QAEX$$QAV<lambda_ceb1ee4838e85a9d631eb091e2fbe199>@@AAV<lambda_ae742caa10f662c28703da3d2ea5e57e>@@$$QAV<lambda_cd08b5d6af4937fe54fc07d0c9bf6b37>@@@Z 00432708     libucrt:mbctype.obj
 0002:0000a728       __sehtable$__alloc_osfhnd  00432728     libucrt:osfinfo.obj
 0002:0000a748       __sehtable$___acrt_lowio_ensure_fh_exists 00432748     libucrt:osfinfo.obj
 0002:0000a768       __sehtable$___acrt_update_thread_locale_data 00432768     libucrt:locale_refcounting.obj
 0002:0000a788       __sehtable$??$common_sopen_dispatch@D@@YAHQBDHHHQAHH@Z 00432788     libucrt:open.obj
 0002:0000a7a8       __sehtable$__IsNonwritableInCurrentImage 004327a8     LIBCMT:pesect.obj
 0002:0000ab20       .idata$6                   00432b20     libmysql:libmysql.dll
 0002:0000abfe       .idata$6                   00432bfe     kernel32:KERNEL32.dll
 0002:0000acac       .idata$6                   00432cac     user32:USER32.dll
 0002:0000acca       .idata$6                   00432cca     gdi32:GDI32.dll
 0002:0000ad20       .idata$6                   00432d20     BugTrap:BugTrap.dll
 0002:0000ad2c       .idata$6                   00432d2c     WS2_32:WS2_32.dll
 0003:00000024       ?init@std@@3JA             00434024     libcpmt:xlock.obj
 0003:0000002c       ?atcount_cdecl@@3IA        0043402c     libcpmt:iosptrs.obj
 0003:000000b0       ?__vcrt_flsindex@@3KA      004340b0     libvcruntime:per_thread_data.obj
 0003:0000018c       ?errno_no_memory@@3HA      0043418c     libucrt:errno.obj
 0003:00000190       ?doserrno_no_memory@@3KA   00434190     libucrt:errno.obj
 0003:000001fc       __ctype_loc_style          004341fc     libucrt:wsetlocale.obj
 0003:00000200       ?__acrt_flsindex@@3KA      00434200     libucrt:per_thread_data.obj
 0003:00000308       ?tzstd_program@@3PADA      00434308     libucrt:timeset.obj
 0003:00000348       ?tzdst_program@@3PADA      00434348     libucrt:timeset.obj
 0003:00000388       ?w_tzstd_program@@3PA_WA   00434388     libucrt:timeset.obj
 0003:00000408       ?w_tzdst_program@@3PA_WA   00434408     libucrt:timeset.obj
 0003:00000488       ?tzname_states@@3PAY01PADA 00434488     libucrt:timeset.obj
 0003:00000490       ?w_tzname_states@@3PAY01PA_WA 00434490     libucrt:timeset.obj
 0003:0000059c       ?__DAZ_ENABLED@?1??__set_fpsr_sse2@@9@9 0043459c     libucrt:fpctrl.obj
 0003:000007c0       __mbctypes                 004347c0     libucrt:mbctype.obj
 0003:000008c8       __mbcasemaps               004348c8     libucrt:mbctype.obj
 0003:000009c8       ?__rgctypeflag@@3PADA      004349c8     libucrt:mbctype.obj
 0003:000009d0       ?__rgcode_page_info@@3PAUcode_page_info@@A 004349d0     libucrt:mbctype.obj
 0003:00000ac0       ?__dcrt_lowio_console_output_handle@@3PAXA 00434ac0     libucrt:initcon.obj
 0003:00000ed8       ?s_kProgramLog@?1??__LogMgr@@YAPAVR_ProLog@@XZ@4V2@A 00434ed8     TimeLog.obj
 0003:000026f8       ?$TSS0@?1??__LogMgr@@YAPAVR_ProLog@@XZ@4HA 004366f8     TimeLog.obj
 0003:00020178       ?initlocks@@3V_Init_locks@std@@A 00454178     libcpmt:cout.obj
 0003:00020179       ?init_cout@std@@3U_Init_cout@1@A 00454179     libcpmt:cout.obj
 0003:000201d0       ?fout@std@@3V?$basic_filebuf@DU?$char_traits@D@std@@@1@A 004541d0     libcpmt:cout.obj
 0003:00020240       ?initlocks@std@@3V_Init_locks@1@A 00454240     libcpmt:xlock.obj
 0003:00020248       ?mtx@std@@3PAU_RTL_CRITICAL_SECTION@@A 00454248     libcpmt:xlock.obj
 0003:00020324       ?classic_locale@std@@3Vlocale@1@A 00454324     libcpmt:locale0.obj
 0003:0002032c       ?_Fac_head@std@@3PAU_Fac_node@1@A 0045432c     libcpmt:locale0.obj
 0003:00020330       ?_Fac_tidy_reg@std@@3U_Fac_tidy_reg_t@1@B 00454330     libcpmt:locale0.obj
 0003:00020334       _global_locale             00454334     libcpmt:locale0.obj
 0003:00020338       ?registered@?1??_Setgloballocale@locale@std@@CAXPAX@Z@4_NA 00454338     libcpmt:locale0.obj
 0003:00020340       ?stdstr@std@@3PAPAVios_base@1@A 00454340     libcpmt:ios.obj
 0003:00020368       ?stdopens@std@@3PADA       00454368     libcpmt:ios.obj
 0003:00020394       ?initlocks@std@@3V_Init_locks@1@A 00454394     libcpmt:iosptrs.obj
 0003:00020395       ?init_atexit@@3U_Init_atexit@@A 00454395     libcpmt:iosptrs.obj
 0003:00020398       ?atfuns_cdecl@@3PAP6AXXZA  00454398     libcpmt:iosptrs.obj
 0003:0002044c       ?is_initialized_as_dll@@3_NA 0045444c     LIBCMT:utility.obj
 0003:0002044d       ?module_local_atexit_table_initialized@@3_NA 0045444d     LIBCMT:utility.obj
 0003:00020450       ?module_local_atexit_table@@3U_onexit_table_t@@A 00454450     LIBCMT:utility.obj
 0003:0002045c       ?module_local_at_quick_exit_table@@3U_onexit_table_t@@A 0045445c     LIBCMT:utility.obj
 0003:00020468       _GS_ExceptionRecord        00454468     LIBCMT:gs_report.obj
 0003:000204b8       _GS_ContextRecord          004544b8     LIBCMT:gs_report.obj
 0003:00020784       ?g_tss_cv@@3U_RTL_CONDITION_VARIABLE@@A 00454784     LIBCMT:thread_safe_statics.obj
 0003:00020788       ?g_tss_srw@@3U_RTL_SRWLOCK@@A 00454788     LIBCMT:thread_safe_statics.obj
 0003:000207b4       ?__vcrt_startup_thread_ptd@@3U__vcrt_ptd@@A 004547b4     libvcruntime:per_thread_data.obj
 0003:000207e0       ___vcrt_lock_table         004547e0     libvcruntime:locks.obj
 0003:000207f8       ___vcrt_locks_initialized  004547f8     libvcruntime:locks.obj
 0003:00020824       ?heap@@3V_HeapManager@@A   00454824     libvcruntime:undname.obj
 0003:00020838       ?module_handles@@3PAPAUHINSTANCE__@@A 00454838     libvcruntime:winapi_downlevel.obj
 0003:00020844       ?function_pointers@@3PAPAXA 00454844     libvcruntime:winapi_downlevel.obj
 0003:00020858       ?__acrt_invalid_parameter_handler@@3V?$dual_state_global@P6AXPB_W00II@Z@__crt_state_management@@A 00454858     libucrt:invalid_parameter.obj
 0003:00020868       ?__acrt_lock_table@@3PAU_RTL_CRITICAL_SECTION@@A 00454868     libucrt:locks.obj
 0003:000209b8       ?__acrt_locks_initialized@@3IA 004549b8     libucrt:locks.obj
 0003:000209c4       ?__acrt_new_handler@@3V?$dual_state_global@P6AHI@Z@__crt_state_management@@A 004549c4     libucrt:new_handler.obj
 0003:000209c8       ?c_termination_complete@@3JA 004549c8     libucrt:exit.obj
 0003:000209cc       ?thread_local_exit_callback_func@@3P6GXPAXK0@ZA 004549cc     libucrt:exit.obj
 0003:000209d0       ?c_exit_complete@?1???R<lambda_6e4b09c48022b2350581041d5f6b0c4c>@@QBE@XZ@4_NA 004549d0     libucrt:exit.obj
 0003:000209d8       ?program_name@?1???$common_configure_argv@D@@YAHW4_crt_argv_mode@@@Z@4PADA 004549d8     libucrt:argv_parsing.obj
 0003:00020b08       ?__acrt_app_type@@3W4_crt_app_type@@A 00454b08     libucrt:report_runtime_error.obj
 0003:00020b0c       ?user_matherr@@3V?$dual_state_global@P6AHPAU_exception@@@Z@__crt_state_management@@A 00454b0c     libucrt:matherr.obj
 0003:00020b2c       ?__acrt_global_new_mode@@3V?$dual_state_global@J@__crt_state_management@@A 00454b2c     libucrt:new_mode.obj
 0003:00020b38       ?internal_state@?1??_mbtowc_internal@@9@4U_Mbstatet@@A 00454b38     libucrt:mbtowc.obj
 0003:00020b40       ?enable_percent_n@@3IA     00454b40     libucrt:printf_count_output.obj
 0003:00020d60       ?_tzname@@3V?$dual_state_global@PAPAD@__crt_state_management@@A 00454d60     libucrt:timeset.obj
 0003:00020d64       ?w_tzname@@3V?$dual_state_global@PAPA_W@__crt_state_management@@A 00454d64     libucrt:timeset.obj
 0003:00020d68       ?tz_api_used@@3HA          00454d68     libucrt:tzset.obj
 0003:00020d6c       ?tzset_init_state@@3V?$dual_state_global@J@__crt_state_management@@A 00454d6c     libucrt:tzset.obj
 0003:00020d70       ?tz_info@@3U_TIME_ZONE_INFORMATION@@A 00454d70     libucrt:tzset.obj
 0003:00020e20       ?module_handles@@3PAPAUHINSTANCE__@@A 00454e20     libucrt:winapi_thunks.obj
 0003:00020e78       ?encoded_function_pointers@@3PAPAXA 00454e78     libucrt:winapi_thunks.obj
 0003:00020f04       ?static_enum_proc@?1??enum_system_locales_ex_nolock@@YAHQ6GHPA_WKJ@Z@Z@4P6GH0KJ@ZA 00454f04     libucrt:winapi_thunks.obj
 0003:00020f08       ?ctrlc_action@@3V?$dual_state_global@P6AXH@Z@__crt_state_management@@A 00454f08     libucrt:signal.obj
 0003:00020f0c       ?ctrlbreak_action@@3V?$dual_state_global@P6AXH@Z@__crt_state_management@@A 00454f0c     libucrt:signal.obj
 0003:00020f10       ?abort_action@@3V?$dual_state_global@P6AXH@Z@__crt_state_management@@A 00454f10     libucrt:signal.obj
 0003:00020f14       ?term_action@@3V?$dual_state_global@P6AXH@Z@__crt_state_management@@A 00454f14     libucrt:signal.obj
 0003:00020f24       ?fSystemSet@@3HA           00454f24     libucrt:mbctype.obj
 0003:00020f28       ?initialized@?1??__acrt_initialize_multibyte@@9@4_NA 00454f28     libucrt:mbctype.obj
 0003:00020f34       ?internal_pst@?1??__mbrtoc32_utf8@__crt_mbstring@@YAIPA_UPBDIPAU_Mbstatet@@AAV__crt_cached_ptd_host@@@Z@4U3@A 00454f34     libucrt:mbrtoc32.obj
 0003:00020f40       ?internal_pst@?1??__c16rtomb_utf8@__crt_mbstring@@YAIPAD_SPAU_Mbstatet@@AAV__crt_cached_ptd_host@@@Z@4U3@A 00454f40     libucrt:c16rtomb.obj
 0003:00020f4c       __pmatherr_set             00454f4c     libucrt:libm_error.obj
 0004:00000060       $R000000                   00455060     * linker generated manifest res *

 Exports

  ordinal    name

