 TS2PLAYUSER

 Timestamp is 65b1ed47 (Thu Jan 25 08:10:31 2024)

 Preferred load address is 00400000

 Start         Length     Name                   Class
 0001:00000000 00000140H .text$di                CODE
 0001:00000140 00035dd0H .text$mn                CODE
 0001:00035f10 000004f0H .text$x                 CODE
 0001:00036400 00000088H .text$yd                CODE
 0002:00000000 0000022cH .idata$5                DATA
 0002:0000022c 00000008H .00cfg                  DATA
 0002:00000234 00000004H .CRT$XCA                DATA
 0002:00000238 00000004H .CRT$XCAA               DATA
 0002:0000023c 0000001cH .CRT$XCC                DATA
 0002:00000258 00000008H .CRT$XCL                DATA
 0002:00000260 00000004H .CRT$XCU                DATA
 0002:00000264 00000004H .CRT$XCZ                DATA
 0002:00000268 00000004H .CRT$XIA                DATA
 0002:0000026c 00000004H .CRT$XIAA               DATA
 0002:00000270 00000004H .CRT$XIAC               DATA
 0002:00000274 00000014H .CRT$XIC                DATA
 0002:00000288 00000004H .CRT$XIZ                DATA
 0002:0000028c 00000004H .CRT$XLA                DATA
 0002:00000290 00000004H .CRT$XLZ                DATA
 0002:00000294 00000004H .CRT$XPA                DATA
 0002:00000298 00000008H .CRT$XPX                DATA
 0002:000002a0 00000004H .CRT$XPXA               DATA
 0002:000002a4 00000004H .CRT$XPZ                DATA
 0002:000002a8 00000004H .CRT$XTA                DATA
 0002:000002ac 00000014H .CRT$XTZ                DATA
 0002:000002b0 00000000H .gfids$y                DATA
 0002:000002c0 0000a0c0H .rdata                  DATA
 0002:0000a380 00000000H .rdata$CastGuardVftablesA DATA
 0002:0000a380 00000000H .rdata$CastGuardVftablesC DATA
 0002:0000a380 00000018H .rdata$T                DATA
 0002:0000a398 000008a8H .rdata$r                DATA
 0002:0000ac40 00000080H .rdata$sxdata           DATA
 0002:0000acc0 00000310H .rdata$voltmd           DATA
 0002:0000afd0 00000458H .rdata$zzzdbg           DATA
 0002:0000b428 00000004H .rtc$IAA                DATA
 0002:0000b42c 00000004H .rtc$IZZ                DATA
 0002:0000b430 00000004H .rtc$TAA                DATA
 0002:0000b434 00000004H .rtc$TZZ                DATA
 0002:0000b438 00000004H .tls                    DATA
 0002:0000b43c 00000004H .tls$                   DATA
 0002:0000b440 00000008H .tls$ZZZ                DATA
 0002:0000b448 00000d5cH .xdata$x                DATA
 0002:0000c1a4 00000000H .edata                  DATA
 0002:0000c1a4 00000078H .idata$2                DATA
 0002:0000c21c 00000014H .idata$3                DATA
 0002:0000c230 0000022cH .idata$4                DATA
 0002:0000c45c 000008ccH .idata$6                DATA
 0003:00000000 00000ac0H .data                   DATA
 0003:00000ac0 00000160H .data$r                 DATA
 0003:00000c20 000002a0H .data$rs                DATA
 0003:00000ec0 057f3d68H .bss                    DATA
 0004:00000000 00000060H .rsrc$01                DATA
 0004:00000060 00000180H .rsrc$02                DATA

  Address         Publics by Value              Rva+Base       Lib:Object

 0000:00000000       ___AbsoluteZero            00000000     <absolute>
 0000:00000000       ___arm64x_extra_rfe_table  00000000     <absolute>
 0000:00000000       ___arm64x_extra_rfe_table_size 00000000     <absolute>
 0000:00000000       ___arm64x_native_entrypoint 00000000     <absolute>
 0000:00000000       ___arm64x_redirection_metadata 00000000     <absolute>
 0000:00000000       ___arm64x_redirection_metadata_count 00000000     <absolute>
 0000:00000000       ___dynamic_value_reloc_table 00000000     <absolute>
 0000:00000000       ___enclave_config          00000000     <absolute>
 0000:00000000       ___guard_check_icall_a64n_fptr 00000000     <absolute>
 0000:00000000       ___guard_eh_cont_count     00000000     <absolute>
 0000:00000000       ___guard_eh_cont_table     00000000     <absolute>
 0000:00000000       ___guard_fids_count        00000000     <absolute>
 0000:00000000       ___guard_fids_table        00000000     <absolute>
 0000:00000000       ___guard_iat_count         00000000     <absolute>
 0000:00000000       ___guard_iat_table         00000000     <absolute>
 0000:00000000       ___guard_longjmp_count     00000000     <absolute>
 0000:00000000       ___guard_longjmp_table     00000000     <absolute>
 0000:00000000       ___hybrid_auxiliary_delayload_iat 00000000     <absolute>
 0000:00000000       ___hybrid_auxiliary_delayload_iat_copy 00000000     <absolute>
 0000:00000000       ___hybrid_auxiliary_iat    00000000     <absolute>
 0000:00000000       ___hybrid_auxiliary_iat_copy 00000000     <absolute>
 0000:00000000       ___hybrid_code_map         00000000     <absolute>
 0000:00000000       ___hybrid_code_map_count   00000000     <absolute>
 0000:00000000       ___hybrid_image_info_bitfield 00000000     <absolute>
 0000:00000000       ___x64_code_ranges_to_entry_points 00000000     <absolute>
 0000:00000000       ___x64_code_ranges_to_entry_points_count 00000000     <absolute>
 0000:00000000       __except_list              00000000     <absolute>
 0000:00000020       ___safe_se_handler_count   00000020     <absolute>
 0000:0000002c       __tls_array                0000002c     <absolute>
 0000:00000100       ___guard_flags             00000100     <absolute>
 0000:00000000       ___ImageBase               00400000     <linker-defined>
 0001:00000140       ??$_Allocate_for_capacity@$0A@@?$basic_string@DU?$char_traits@D@std@@V?$allocator@D@2@@std@@CAPADAAV?$allocator@D@1@AAI@Z 00401140 f i cts_mysql.obj
 0001:000001a0       ??$_Allocate_manually_vector_aligned@U_Default_allocate_traits@std@@@std@@YAPAXI@Z 004011a0 f i cts_mysql.obj
 0001:000001d0       ??0CMySQL@@QAE@XZ          004011d0 f   cts_mysql.obj
 0001:00000250       ??0bad_alloc@std@@QAE@ABV01@@Z 00401250 f i cts_mysql.obj
 0001:00000290       ??0bad_array_new_length@std@@QAE@ABV01@@Z 00401290 f i cts_mysql.obj
 0001:000002d0       ??0bad_array_new_length@std@@QAE@XZ 004012d0 f i cts_mysql.obj
 0001:000002f0       ??0exception@std@@QAE@ABV01@@Z 004012f0 f i cts_mysql.obj
 0001:00000320       ??1CMySQL@@QAE@XZ          00401320 f   cts_mysql.obj
 0001:000003f0       ??1bad_alloc@std@@UAE@XZ   004013f0 f i libcpmt:xthrow.obj
 0001:000003f0       ??1bad_array_new_length@std@@UAE@XZ 004013f0 f i cts_mysql.obj
 0001:000003f0       ??1bad_cast@std@@UAE@XZ    004013f0 f i libcpmt:cout.obj
 0001:000003f0       ??1bad_exception@std@@UAE@XZ 004013f0 f i libvcruntime:frame.obj
 0001:000003f0       ??1failure@ios_base@std@@UAE@XZ 004013f0 f i TimeLog.obj
 0001:000003f0       ??1length_error@std@@UAE@XZ 004013f0 f i libcpmt:xthrow.obj
 0001:000003f0       ??1runtime_error@std@@UAE@XZ 004013f0 f i libcpmt:xthrow.obj
 0001:00000410       ??4?$basic_string@DU?$char_traits@D@std@@V?$allocator@D@2@@std@@QAEAAV01@QBD@Z 00401410 f i cts_mysql.obj
 0001:00000520       ??_Ebad_alloc@std@@UAEPAXI@Z 00401520 f i cts_mysql.obj
 0001:00000520       ??_Ebad_array_new_length@std@@UAEPAXI@Z 00401520 f i cts_mysql.obj
 0001:00000520       ??_Eexception@std@@UAEPAXI@Z 00401520 f i cts_mysql.obj
 0001:00000520       ??_Eruntime_error@std@@UAEPAXI@Z 00401520 f i TimeLog.obj
 0001:00000520       ??_Gbad_alloc@std@@UAEPAXI@Z 00401520 f i cts_mysql.obj
 0001:00000520       ??_Gbad_array_new_length@std@@UAEPAXI@Z 00401520 f i cts_mysql.obj
 0001:00000520       ??_Gexception@std@@UAEPAXI@Z 00401520 f i cts_mysql.obj
 0001:00000520       ??_Gruntime_error@std@@UAEPAXI@Z 00401520 f i TimeLog.obj
 0001:00000550       ?IsConnected@CMySQL@@QAEHXZ 00401550 f   cts_mysql.obj
 0001:00000570       ?Reconnect@CMySQL@@QAEHXZ  00401570 f   cts_mysql.obj
 0001:00000670       ?_Throw_bad_array_new_length@std@@YAXXZ 00401670 f i cts_mysql.obj
 0001:00000670       ?__scrt_throw_std_bad_array_new_length@@YAXXZ 00401670 f i LIBCMT:throw_bad_alloc.obj
 0001:00000690       ?_Xlen_string@std@@YAXXZ   00401690 f i cts_mysql.obj
 0001:000006a0       ?clear_res@CMySQL@@QAEXXZ  004016a0 f   cts_mysql.obj
 0001:000006b0       ?connect@CMySQL@@QAEPAUst_mysql@@XZ 004016b0 f   cts_mysql.obj
 0001:00000740       ?exec_query@CMySQL@@QAEHPAD@Z 00401740 f   cts_mysql.obj
 0001:000007b0       ?exec_query@CMySQL@@QAEHPADW4CFLAG@1@@Z 004017b0 f   cts_mysql.obj
 0001:00000830       ?get_error_msg@CMySQL@@QAEAAV?$basic_string@DU?$char_traits@D@std@@V?$allocator@D@2@@std@@XZ 00401830 f   cts_mysql.obj
 0001:00000840       ?get_res@CMySQL@@QAEPAUst_mysql_res@@XZ 00401840 f   cts_mysql.obj
 0001:00000850       ?set_db_conn_info@CMySQL@@QAEHPBD0H000@Z 00401850 f   cts_mysql.obj
 0001:000008f0       ?unset_db_conn_info@CMySQL@@QAEXXZ 004018f0 f i cts_mysql.obj
 0001:00000950       ?what@exception@std@@UBEPBDXZ 00401950 f i cts_mysql.obj
 0001:00000960       ??$?6U?$char_traits@D@std@@@std@@YAAAV?$basic_ostream@DU?$char_traits@D@std@@@0@AAV10@PBD@Z 00401960 f i TimeLog.obj
 0001:00000c00       ??$_Construct@$00PBD@?$basic_string@DU?$char_traits@D@std@@V?$allocator@D@2@@std@@AAEXQBDI@Z 00401c00 f i TimeLog.obj
 0001:00000c90       ??0_System_error@std@@IAE@Verror_code@1@ABV?$basic_string@DU?$char_traits@D@std@@V?$allocator@D@2@@1@@Z 00401c90 f i TimeLog.obj
 0001:00000ea0       ??0_System_error@std@@QAE@ABV01@@Z 00401ea0 f i TimeLog.obj
 0001:00000ef0       ??0failure@ios_base@std@@QAE@ABV012@@Z 00401ef0 f i TimeLog.obj
 0001:00000f40       ??0failure@ios_base@std@@QAE@PBDABVerror_code@2@@Z 00401f40 f i TimeLog.obj
 0001:00001030       ??0runtime_error@std@@QAE@ABV01@@Z 00402030 f i TimeLog.obj
 0001:00001070       ??0sentry@?$basic_ostream@DU?$char_traits@D@std@@@std@@QAE@AAV12@@Z 00402070 f i TimeLog.obj
 0001:00001110       ??0system_error@std@@QAE@ABV01@@Z 00402110 f i TimeLog.obj
 0001:00001160       ??1?$basic_string@DU?$char_traits@D@std@@V?$allocator@D@2@@std@@QAE@XZ 00402160 f i TimeLog.obj
 0001:000011b0       ??1_Sentry_base@?$basic_ostream@DU?$char_traits@D@std@@@std@@QAE@XZ 004021b0 f i TimeLog.obj
 0001:00001200       ??1sentry@?$basic_ostream@DU?$char_traits@D@std@@@std@@QAE@XZ 00402200 f i TimeLog.obj
 0001:00001270       ??_E_Iostream_error_category2@std@@UAEPAXI@Z 00402270 f i TimeLog.obj
 0001:00001270       ??_G_Iostream_error_category2@std@@UAEPAXI@Z 00402270 f i TimeLog.obj
 0001:00001290       ??_E_System_error@std@@UAEPAXI@Z 00402290 f i TimeLog.obj
 0001:00001290       ??_Efailure@ios_base@std@@UAEPAXI@Z 00402290 f i TimeLog.obj
 0001:00001290       ??_Esystem_error@std@@UAEPAXI@Z 00402290 f i TimeLog.obj
 0001:00001290       ??_G_System_error@std@@UAEPAXI@Z 00402290 f i TimeLog.obj
 0001:00001290       ??_Gfailure@ios_base@std@@UAEPAXI@Z 00402290 f i TimeLog.obj
 0001:00001290       ??_Gsystem_error@std@@UAEPAXI@Z 00402290 f i TimeLog.obj
 0001:000012c0       ?Log@R_ProLog@@QAAXPBDZZ   004022c0 f   TimeLog.obj
 0001:00001360       ?_Osfx@?$basic_ostream@DU?$char_traits@D@std@@@std@@QAEXXZ 00402360 f i TimeLog.obj
 0001:00001440       ?__LogMgr@@YAPAVR_ProLog@@XZ 00402440 f   TimeLog.obj
 0001:000014b0       ?append@?$basic_string@DU?$char_traits@D@std@@V?$allocator@D@2@@std@@QAEAAV12@QBDI@Z 004024b0 f i TimeLog.obj
 0001:00001610       ?clear@ios_base@std@@QAEXH_N@Z 00402610 f i TimeLog.obj
 0001:00001690       ?default_error_condition@error_category@std@@UBE?AVerror_condition@2@H@Z 00402690 f i TimeLog.obj
 0001:000016b0       ?equivalent@error_category@std@@UBE_NABVerror_code@2@H@Z 004026b0 f i TimeLog.obj
 0001:000016e0       ?equivalent@error_category@std@@UBE_NHABVerror_condition@2@@Z 004026e0 f i TimeLog.obj
 0001:00001720       ?flush@?$basic_ostream@DU?$char_traits@D@std@@@std@@QAEAAV12@XZ 00402720 f i TimeLog.obj
 0001:00001870       ?make_error_code@std@@YA?AVerror_code@1@W4io_errc@1@@Z 00402870 f i TimeLog.obj
 0001:00001890       ?message@_Iostream_error_category2@std@@UBE?AV?$basic_string@DU?$char_traits@D@std@@V?$allocator@D@2@@2@H@Z 00402890 f i TimeLog.obj
 0001:00001950       ?name@_Iostream_error_category2@std@@UBEPBDXZ 00402950 f i TimeLog.obj
 0001:00001960       ?setstate@?$basic_ios@DU?$char_traits@D@std@@@std@@QAEXH_N@Z 00402960 f i TimeLog.obj
 0001:00001990       ___local_stdio_printf_options 00402990 f i TimeLog.obj
 0001:000019a0       _sprintf                   004029a0 f i TimeLog.obj
 0001:000019e0       ?Init@MyServer@@QAEHPAH@Z  004029e0 f   S02_MyServer.obj
 0001:00001c30       ?PROCESS_FOR_NETWORK@MyServer@@QAEHPAUHWND__@@IJ@Z 00402c30 f   S02_MyServer.obj
 0001:000020e0       ?PROCESS_FOR_TIMER@MyServer@@QAEXXZ 004030e0 f   S02_MyServer.obj
 0001:000021c0       _snprintf                  004031c0 f i S02_MyServer.obj
 0001:00002200       ?Init@MyUser@@QAEHHH@Z     00403200 f   S03_MyUser.obj
 0001:00002250       ?Quit@MyUser@@QAEXH@Z      00403250 f   S03_MyUser.obj
 0001:00002300       ?Send@MyUser@@QAEXHPADH@Z  00403300 f   S03_MyUser.obj
 0001:00002500       ?Init@MyWork@@QAEHXZ       00403500 f   S04_MyWork01.obj
 0001:000028a0       ?W_ADD_AUTO_USER_LIST_SEND@@YAXH@Z 004038a0 f   S04_MyWork02.obj
 0001:00002990       ?W_BLOCK_USER_FOR_LOGIN_1_SEND@@YAXH@Z 00403990 f   S04_MyWork02.obj
 0001:00002a60       ?W_BLOCK_USER_FOR_LOGIN_2_SEND@@YAXH@Z 00403a60 f   S04_MyWork02.obj
 0001:00002b30       ?W_BLOCK_USER_FOR_TOOL_1_SEND@@YAXH@Z 00403b30 f   S04_MyWork02.obj
 0001:00002c00       ?W_BLOCK_USER_FOR_TOOL_2_SEND@@YAXH@Z 00403c00 f   S04_MyWork02.obj
 0001:00002cd0       ?W_BLOCK_USER_FOR_ZONE_1_SEND@@YAXH@Z 00403cd0 f   S04_MyWork02.obj
 0001:00002da0       ?W_BLOCK_USER_FOR_ZONE_2_SEND@@YAXH@Z 00403da0 f   S04_MyWork02.obj
 0001:00002e70       ?W_CHANGE_AVATAR_NAME_FOR_ZONE_SEND@@YAXH@Z 00403e70 f   S04_MyWork02.obj
 0001:00002f30       ?W_CHANGE_LOGIN_USER_NUM_SEND@@YAXH@Z 00403f30 f   S04_MyWork02.obj
 0001:00002fc0       ?W_CHECK_AUTH_KEY@@YAXH@Z  00403fc0 f   S04_MyWork02.obj
 0001:00003090       ?W_CHECK_KILL_OTHER_TRIBE_SEND@@YAXH@Z 00404090 f   S04_MyWork02.obj
 0001:00003160       ?W_CHECK_PLAYER_ONLINE@@YAXH@Z 00404160 f   S04_MyWork02.obj
 0001:00003220       ?W_CHECK_ZONE_FOR_TOOL_SEND@@YAXH@Z 00404220 f   S04_MyWork02.obj
 0001:00003320       ?W_DUPEFIX1@@YAXH@Z        00404320 f   S04_MyWork02.obj
 0001:00003450       ?W_DUPEFIX@@YAXH@Z         00404450 f   S04_MyWork02.obj
 0001:00003540       ?W_EVENT_FOR_ZONE_SEND@@YAXH@Z 00404540 f   S04_MyWork02.obj
 0001:000035c0       ?W_EVENT_INFO_SEND@@YAXH@Z 004045c0 f   S04_MyWork02.obj
 0001:00003680       ?W_FIND_AVATAR_FOR_TOOL_SEND@@YAXH@Z 00404680 f   S04_MyWork02.obj
 0001:00003740       ?W_FIND_AVATAR_FOR_ZONE_SEND@@YAXH@Z 00404740 f   S04_MyWork02.obj
 0001:00003800       ?W_FIND_USER_FOR_TOOL_SEND@@YAXH@Z 00404800 f   S04_MyWork02.obj
 0001:000038c0       ?W_GET_PRESENT_USER_NUM_2_FOR_TOOL_SEND@@YAXH@Z 004048c0 f   S04_MyWork02.obj
 0001:000039a0       ?W_GET_PRESENT_USER_NUM_FOR_LOGIN_SEND@@YAXH@Z 004049a0 f   S04_MyWork02.obj
 0001:00003a20       ?W_GET_PRESENT_USER_NUM_FOR_TOOL_SEND@@YAXH@Z 00404a20 f   S04_MyWork02.obj
 0001:00003aa0       ?W_HACK_NAME_SEND@@YAXH@Z  00404aa0 f   S04_MyWork02.obj
 0001:00003b90       ?W_LOGIN_FOR_PLAYUSER_SEND@@YAXH@Z 00404b90 f   S04_MyWork02.obj
 0001:00003c30       ?W_LOGIN_OK_FOR_PLAYUSER_SEND@@YAXH@Z 00404c30 f   S04_MyWork02.obj
 0001:00003c80       ?W_POLICE_FOR_PLAYUSER_SEND@@YAXH@Z 00404c80 f   S04_MyWork02.obj
 0001:00003d00       ?W_POLICE_OK_FOR_PLAYUSER_SEND@@YAXH@Z 00404d00 f   S04_MyWork02.obj
 0001:00003d50       ?W_REGISTER_USER_FOR_LOGIN_1_SEND@@YAXH@Z 00404d50 f   S04_MyWork02.obj
 0001:00003e80       ?W_REGISTER_USER_FOR_LOGIN_2_SEND@@YAXH@Z 00404e80 f   S04_MyWork02.obj
 0001:00003f50       ?W_REGISTER_USER_FOR_LOGIN_3_SEND@@YAXH@Z 00404f50 f   S04_MyWork02.obj
 0001:00004050       ?W_REGISTER_USER_FOR_ZONE_0_SEND@@YAXH@Z 00405050 f   S04_MyWork02.obj
 0001:00004120       ?W_REGISTER_USER_FOR_ZONE_1_SEND@@YAXH@Z 00405120 f   S04_MyWork02.obj
 0001:000042f0       ?W_REGISTER_USER_FOR_ZONE_2_SEND@@YAXH@Z 004052f0 f   S04_MyWork02.obj
 0001:00004460       ?W_REGISTER_USER_FOR_ZONE_3_SEND@@YAXH@Z 00405460 f   S04_MyWork02.obj
 0001:000045d0       ?W_SET_MOVE_ITEM_FOR_ZONE_SEND@@YAXH@Z 004055d0 f   S04_MyWork02.obj
 0001:00004640       ?W_TOOL_FOR_PLAYUSER_SEND@@YAXH@Z 00405640 f   S04_MyWork02.obj
 0001:000046c0       ?W_TOOL_OK_FOR_PLAYUSER_SEND@@YAXH@Z 004056c0 f   S04_MyWork02.obj
 0001:00004710       ?W_TRIBE_BANK_INFO_LOAD_SEND@@YAXH@Z 00405710 f   S04_MyWork02.obj
 0001:00004820       ?W_TRIBE_BANK_INFO_SAVE_SEND@@YAXH@Z 00405820 f   S04_MyWork02.obj
 0001:000049c0       ?W_TRIBE_BANK_INFO_VIEW_SEND@@YAXH@Z 004059c0 f   S04_MyWork02.obj
 0001:00004ac0       ?W_UNREGISTER_USER_FOR_LOGIN_SEND@@YAXH@Z 00405ac0 f   S04_MyWork02.obj
 0001:00004b80       ?W_UNREGISTER_USER_FOR_ZONE_SEND@@YAXH@Z 00405b80 f   S04_MyWork02.obj
 0001:00004cb0       ?W_UPDATE_AUTH_KEY@@YAXH@Z 00405cb0 f   S04_MyWork02.obj
 0001:00004d90       ?W_ZONE_FOR_PLAYUSER_SEND@@YAXH@Z 00405d90 f   S04_MyWork02.obj
 0001:00004e70       ?W_ZONE_OK_FOR_PLAYUSER_SEND@@YAXH@Z 00405e70 f   S04_MyWork02.obj
 0001:00004ec0       ?B_ADD_AUTO_USER_LIST_RECV@MyTransfer@@QAEXH@Z 00405ec0 f   S05_MyTransfer.obj
 0001:00004ee0       ?B_BLOCK_USER_FOR_LOGIN_RECV@MyTransfer@@QAEXH@Z 00405ee0 f   S05_MyTransfer.obj
 0001:00004ee0       ?B_FIND_AVATAR_FOR_TOOL_RECV@MyTransfer@@QAEXH@Z 00405ee0 f   S05_MyTransfer.obj
 0001:00004ee0       ?B_REGISTER_USER_FOR_ZONE_3_RECV@MyTransfer@@QAEXH@Z 00405ee0 f   S05_MyTransfer.obj
 0001:00004f00       ?B_BLOCK_USER_FOR_TOOL_RECV@MyTransfer@@QAEXH@Z 00405f00 f   S05_MyTransfer.obj
 0001:00004f20       ?B_BLOCK_USER_FOR_ZONE_RECV@MyTransfer@@QAEXH@Z 00405f20 f   S05_MyTransfer.obj
 0001:00004f40       ?B_CHANGE_AVATAR_NAME_FOR_ZONE_RECV@MyTransfer@@QAEXH@Z 00405f40 f   S05_MyTransfer.obj
 0001:00004f60       ?B_CHANGE_LOGIN_USER_NUM_RECV@MyTransfer@@QAEXH@Z 00405f60 f   S05_MyTransfer.obj
 0001:00004f80       ?B_CHECK_AUTH_KEY@MyTransfer@@QAEXE@Z 00405f80 f   S05_MyTransfer.obj
 0001:00004fb0       ?B_CHECK_KILL_OTHER_TRIBE_RECV@MyTransfer@@QAEXH@Z 00405fb0 f   S05_MyTransfer.obj
 0001:00004fd0       ?B_CHECK_ZONE_FOR_TOOL_RECV@MyTransfer@@QAEXH@Z 00405fd0 f   S05_MyTransfer.obj
 0001:00004ff0       ?B_CONNECT_OK@MyTransfer@@QAEXXZ 00405ff0 f   S05_MyTransfer.obj
 0001:00005000       ?B_DUPEFIX1@MyTransfer@@QAEXXZ 00406000 f   S05_MyTransfer.obj
 0001:00005010       ?B_EVENT_INFO_RECV@MyTransfer@@QAEXXZ 00406010 f   S05_MyTransfer.obj
 0001:00005020       ?B_FIND_AVATAR_FOR_ZONE_RECV@MyTransfer@@QAEXHH@Z 00406020 f   S05_MyTransfer.obj
 0001:00005040       ?B_FIND_USER_FOR_TOOL_RECV@MyTransfer@@QAEXH@Z 00406040 f   S05_MyTransfer.obj
 0001:00005060       ?B_GET_PRESENT_USER_NUM_2_FOR_TOOL_RECV@MyTransfer@@QAEXHPAD@Z 00406060 f   S05_MyTransfer.obj
 0001:00005090       ?B_GET_PRESENT_USER_NUM_FOR_LOGIN_RECV@MyTransfer@@QAEXH@Z 00406090 f   S05_MyTransfer.obj
 0001:00005090       ?B_GET_PRESENT_USER_NUM_FOR_TOOL_RECV@MyTransfer@@QAEXH@Z 00406090 f   S05_MyTransfer.obj
 0001:00005090       ?B_REGISTER_USER_FOR_ZONE_2_RECV@MyTransfer@@QAEXH@Z 00406090 f   S05_MyTransfer.obj
 0001:000050b0       ?B_HACK_NAME_RECV@MyTransfer@@QAEXH@Z 004060b0 f   S05_MyTransfer.obj
 0001:000050d0       ?B_LOGIN_FOR_PLAYUSER_RECV@MyTransfer@@QAEXXZ 004060d0 f   S05_MyTransfer.obj
 0001:000050d0       ?B_POLICE_FOR_PLAYUSER_RECV@MyTransfer@@QAEXXZ 004060d0 f   S05_MyTransfer.obj
 0001:000050d0       ?B_TOOL_FOR_PLAYUSER_RECV@MyTransfer@@QAEXXZ 004060d0 f   S05_MyTransfer.obj
 0001:000050d0       ?B_ZONE_FOR_PLAYUSER_RECV@MyTransfer@@QAEXXZ 004060d0 f   S05_MyTransfer.obj
 0001:000050e0       ?B_REGISTER_USER_FOR_LOGIN_RECV@MyTransfer@@QAEXHH@Z 004060e0 f   S05_MyTransfer.obj
 0001:000050e0       ?B_REGISTER_USER_FOR_ZONE_0_RECV@MyTransfer@@QAEXHH@Z 004060e0 f   S05_MyTransfer.obj
 0001:00005100       ?B_REGISTER_USER_FOR_ZONE_1_RECV@MyTransfer@@QAEXHHHHHHHDHPAUAVATAR_INFO@@QAY01HHPAUAUTH_INFO@@PAU_MOVE_ITEM_INFO@@H@Z 00406100 f   S05_MyTransfer.obj
 0001:000051c0       ?B_TRIBE_BANK_INFO_LOAD_RECV@MyTransfer@@QAEXHH@Z 004061c0 f   S05_MyTransfer.obj
 0001:000051e0       ?B_TRIBE_BANK_INFO_SAVE_RECV@MyTransfer@@QAEXXZ 004061e0 f   S05_MyTransfer.obj
 0001:000051f0       ?B_TRIBE_BANK_INFO_VIEW_RECV@MyTransfer@@QAEXHQAH@Z 004061f0 f   S05_MyTransfer.obj
 0001:00005220       ?B_UNREGISTER_USER_FOR_LOGIN_RECV@MyTransfer@@QAEXXZ 00406220 f   S05_MyTransfer.obj
 0001:00005230       ?B_UNREGISTER_USER_FOR_ZONE_RECV@MyTransfer@@QAEXXZ 00406230 f   S05_MyTransfer.obj
 0001:00005240       ?B_UPDATE_AUTH_KEY@MyTransfer@@QAEXE@Z 00406240 f   S05_MyTransfer.obj
 0001:00005270       ?B_USER_INFO_FOR_POLICE2@MyTransfer@@QAEXQAD0D@Z 00406270 f   S05_MyTransfer.obj
 0001:00005300       ?B_USER_INFO_FOR_POLICE@MyTransfer@@QAEXQAD0D@Z 00406300 f   S05_MyTransfer.obj
 0001:00005380       ?B_VALETSHOPUPDATE@MyTransfer@@QAEXH@Z 00406380 f   S05_MyTransfer.obj
 0001:000053a0       ?Init@MyTransfer@@QAEHXZ   004063a0 f   S05_MyTransfer.obj
 0001:000053b0       ??$_Erase_tree@V?$allocator@U?$_Tree_node@U?$pair@$$CBHH@std@@PAX@std@@@std@@@?$_Tree_val@U?$_Tree_simple_types@U?$pair@$$CBHH@std@@@std@@@std@@QAEXAAV?$allocator@U?$_Tree_node@U?$pair@$$CBHH@std@@PAX@std@@@1@PAU?$_Tree_node@U?$pair@$$CBHH@std@@PAX@1@@Z 004063b0 f i S07_MyGame01.obj
 0001:000053f0       ??$_Find_lower_bound@H@?$_Tree@V?$_Tmap_traits@HHU?$less@H@std@@V?$allocator@U?$pair@$$CBHH@std@@@2@$0A@@std@@@std@@IBE?AU?$_Tree_find_result@PAU?$_Tree_node@U?$pair@$$CBHH@std@@PAX@std@@@1@ABH@Z 004063f0 f i S07_MyGame01.obj
 0001:00005440       ??1?$_Alloc_construct_ptr@V?$allocator@U?$_Tree_node@U?$pair@$$CBHH@std@@PAX@std@@@std@@@std@@QAE@XZ 00406440 f i S07_MyGame01.obj
 0001:00005460       ??1?$_Tree@V?$_Tmap_traits@HHU?$less@H@std@@V?$allocator@U?$pair@$$CBHH@std@@@2@$0A@@std@@@std@@QAE@XZ 00406460 f i S07_MyGame01.obj
 0001:000054a0       ??1?$map@HHU?$less@H@std@@V?$allocator@U?$pair@$$CBHH@std@@@2@@std@@QAE@XZ 004064a0 f i S07_MyGame01.obj
 0001:000054b0       ?ChangeAvatarNameForZone@MyGame@@QAEHHPAD@Z 004064b0 f   S07_MyGame01.obj
 0001:000057b0       ?CheckNameString@MyGame@@QAEHPAD@Z 004067b0 f   S07_MyGame01.obj
 0001:00005980       ?CheckOverMaximum@MyGame@@QAEHHH@Z 00406980 f   S07_MyGame01.obj
 0001:000059c0       ?Init@MyGame@@QAEHXZ       004069c0 f   S07_MyGame01.obj
 0001:00005af0       ?ProccesForFindAvatar@MyGame@@QAEHHQAD@Z 00406af0 f   S07_MyGame01.obj
 0001:00005cf0       ?ProcessForPlayUser@MyGame@@QAEXXZ 00406cf0 f   S07_MyGame01.obj
 0001:00005eb0       ?ProcessForSave_1@MyGame@@QAEXHQADPAUAVATAR_INFO@@PAUAUTH_INFO@@H@Z 00406eb0 f   S07_MyGame01.obj
 0001:00005fa0       ?ProcessKillOtherTribe@MyGame@@QAEHQAD0@Z 00406fa0 f   S07_MyGame01.obj
 0001:00006160       ?RegisterUserForLogin_01@MyGame@@QAEHQAD0HHHHHHDHPAHPAUAUTH_INFO@@@Z 00407160 f   S07_MyGame01.obj
 0001:00006500       ?RegisterUserForLogin_02@MyGame@@QAEHHQAD@Z 00407500 f   S07_MyGame01.obj
 0001:000065b0       ?RegisterUserForLogin_03@MyGame@@QAEHHQADPAUAVATAR_INFO@@@Z 004075b0 f   S07_MyGame01.obj
 0001:000066b0       ?RegisterUserForZone_00@MyGame@@QAEHHQADPAH@Z 004076b0 f   S07_MyGame01.obj
 0001:000067b0       ?RegisterUserForZone_01@MyGame@@QAEHHHQAD0QAHPAH22222PAD2PAUAVATAR_INFO@@QAY01H2PAUAUTH_INFO@@2@Z 004077b0 f   S07_MyGame01.obj
 0001:00006a30       ?RegisterUserForZone_02@MyGame@@QAEHHHQADPAUAVATAR_INFO@@QAY01HPAUAUTH_INFO@@@Z 00407a30 f   S07_MyGame01.obj
 0001:00006be0       ?RegisterUserForZone_03@MyGame@@QAEHHHQADPAUAVATAR_INFO@@QAY01HPAUAUTH_INFO@@H@Z 00407be0 f   S07_MyGame01.obj
 0001:00006d90       ?ReturnExistZoneNumberForAvatarName@MyGame@@QAEHQADPAH@Z 00407d90 f   S07_MyGame01.obj
 0001:00006e40       ?ReturnExistZoneNumberForUserID@MyGame@@QAEHQAD@Z 00407e40 f   S07_MyGame01.obj
 0001:00007010       ?ReturnPresentUserNum@MyGame@@QAEHH@Z 00408010 f   S07_MyGame01.obj
 0001:00007050       ?ReturnPresentUserNum@MyGame@@QAEXPAD@Z 00408050 f   S07_MyGame01.obj
 0001:00007290       ?SafeAvatarInfoData@MyGame@@QAEXPAUAVATAR_INFO@@@Z 00408290 f   S07_MyGame01.obj
 0001:00007330       ?SaveForTribeBankInfo@MyGame@@QAEXXZ 00408330 f   S07_MyGame01.obj
 0001:00007380       ?THREAD_FOR_DB_WORKER@@YGKPAX@Z 00408380 f   S07_MyGame01.obj
 0001:000074c0       ?UnRegisterUserForLogin@MyGame@@QAEXHQAD@Z 004084c0 f   S07_MyGame01.obj
 0001:00007540       ?UnRegisterUserForZone@MyGame@@QAEXHHQADPAUAVATAR_INFO@@PAUAUTH_INFO@@@Z 00408540 f   S07_MyGame01.obj
 0001:000076f0       ?_Insert_node@?$_Tree_val@U?$_Tree_simple_types@U?$pair@$$CBHH@std@@@std@@@std@@QAEPAU?$_Tree_node@U?$pair@$$CBHH@std@@PAX@2@U?$_Tree_id@PAU?$_Tree_node@U?$pair@$$CBHH@std@@PAX@std@@@2@QAU32@@Z 004086f0 f i S07_MyGame01.obj
 0001:000078e0       ?_Throw_tree_length_error@std@@YAXXZ 004088e0 f i S07_MyGame01.obj
 0001:000078f0       __snprintf                 004088f0 f i S07_MyGame01.obj
 0001:00007930       ?DB_COMPARE_AUTH_KEY@MyDB@@QAE_NQAD0AAE@Z 00408930 f   S08_MyDB.obj
 0001:00007a30       ?DB_PROCESS_01@MyDB@@QAEHQADPAD@Z 00408a30 f   S08_MyDB.obj
 0001:00007a80       ?DB_PROCESS_02@MyDB@@QAEHQAD@Z 00408a80 f   S08_MyDB.obj
 0001:00007ae0       ?DB_PROCESS_03@MyDB@@QAEHHQADPAUAVATAR_INFO@@PAUAUTH_INFO@@H@Z 00408ae0 f   S08_MyDB.obj
 0001:00008200       ?DB_PROCESS_05@MyDB@@QAEHH@Z 00409200 f   S08_MyDB.obj
 0001:00008250       ?DB_PROCESS_06@MyDB@@QAEHQADH0@Z 00409250 f   S08_MyDB.obj
 0001:000082a0       ?DB_PROCESS_07@MyDB@@QAEHQADH0@Z 004092a0 f   S08_MyDB.obj
 0001:000083c0       ?DB_PROCESS_08@MyDB@@QAEHQAD0HH@Z 004093c0 f   S08_MyDB.obj
 0001:00008410       ?DB_PROCESS_09@MyDB@@QAEXQADH@Z 00409410 f   S08_MyDB.obj
 0001:00008490       ?DB_PROCESS_10@MyDB@@QAEHPAUTRIBE_INFO@@@Z 00409490 f   S08_MyDB.obj
 0001:00008d20       ?DB_PROCESS_11@MyDB@@QAEXQAD00PAH@Z 00409d20 f   S08_MyDB.obj
 0001:00009270       ?DB_PROCESS_15@MyDB@@QAEXPAD0HH@Z 0040a270 f   S08_MyDB.obj
 0001:00009390       ?DB_PROCESS_DUPE@MyDB@@QAEXQADPAUAVATAR_INFO@@PAUAUTH_INFO@@@Z 0040a390 f   S08_MyDB.obj
 0001:0000f5c0       ?DB_UPDATE_AUTH_KEY@MyDB@@QAE_NQADQAY04DAAE@Z 004105c0 f   S08_MyDB.obj
 0001:0000f700       ?Init@MyDB@@QAEHXZ         00410700 f   S08_MyDB.obj
 0001:0000f810       ?MakeQueryForSave@MyDB@@AAEXHQADPAUAVATAR_INFO@@H@Z 00410810 f   S08_MyDB.obj
 0001:00014fa0       ?RECONNECT_TO_DATABASE01@MyDB@@AAEHXZ 00415fa0 f   S08_MyDB.obj
 0001:00015000       ?RECONNECT_TO_DATABASE01_FOR_THREAD@MyDB@@AAEHXZ 00416000 f   S08_MyDB.obj
 0001:00015060       ?RECONNECT_TO_DATABASE02@MyDB@@AAEHXZ 00416060 f   S08_MyDB.obj
 0001:000150c0       ?RECONNECT_TO_DATABASE02_FOR_THREAD@MyDB@@AAEHXZ 004160c0 f   S08_MyDB.obj
 0001:00015120       ?WRITE_FOR_DB_LOG_FOR_QUERY_FOR_THREAD@MyDB@@QAEXXZ 00416120 f   S08_MyDB.obj
 0001:00015140       _printf                    00416140 f i S08_MyDB.obj
 0001:00015170       ?GetOneValueFromFile@@YAHPAXPADH@Z 00416170 f   Server_PLAYUSER.obj
 0001:00015200       ?ReadServerInfo@@YAHXZ     00416200 f   Server_PLAYUSER.obj
 0001:00015820       ?WindowProc@@YGJPAUHWND__@@IIJ@Z 00416820 f   Server_PLAYUSER.obj
 0001:00015880       _main                      00416880 f   Server_PLAYUSER.obj
 0001:00015a91       _mysql_errno@4             00416a91 f   libmysql:libmysql.dll
 0001:00015a97       _mysql_error@4             00416a97 f   libmysql:libmysql.dll
 0001:00015a9d       _mysql_init@4              00416a9d f   libmysql:libmysql.dll
 0001:00015aa3       _mysql_real_connect@32     00416aa3 f   libmysql:libmysql.dll
 0001:00015aa9       _mysql_query@8             00416aa9 f   libmysql:libmysql.dll
 0001:00015aaf       _mysql_use_result@4        00416aaf f   libmysql:libmysql.dll
 0001:00015ab5       _mysql_ping@4              00416ab5 f   libmysql:libmysql.dll
 0001:00015abb       _mysql_free_result@4       00416abb f   libmysql:libmysql.dll
 0001:00015ac1       _mysql_fetch_row@4         00416ac1 f   libmysql:libmysql.dll
 0001:00015ac7       _mysql_autocommit@8        00416ac7 f   libmysql:libmysql.dll
 0001:00015acd       _mysql_close@4             00416acd f   libmysql:libmysql.dll
 0001:00015ad3       ??0bad_alloc@std@@QAE@XZ   00416ad3 f i libcpmt:xthrow.obj
 0001:00015aeb       ??0exception@std@@QAE@QBD@Z 00416aeb f i libcpmt:xthrow.obj
 0001:00015b20       ??0length_error@std@@QAE@ABV01@@Z 00416b20 f i libcpmt:xthrow.obj
 0001:00015b3b       ??0length_error@std@@QAE@PBD@Z 00416b3b f i libcpmt:xthrow.obj
 0001:00015b5a       ??0logic_error@std@@QAE@ABV01@@Z 00416b5a f i libcpmt:xthrow.obj
 0001:00015b75       ??0runtime_error@std@@QAE@PBD@Z 00416b75 f i libcpmt:xthrow.obj
 0001:00015b94       ??_Ebad_cast@std@@UAEPAXI@Z 00416b94 f i libcpmt:cout.obj
 0001:00015b94       ??_Ebad_exception@std@@UAEPAXI@Z 00416b94 f i libvcruntime:frame.obj
 0001:00015b94       ??_Elength_error@std@@UAEPAXI@Z 00416b94 f i libcpmt:xthrow.obj
 0001:00015b94       ??_Elogic_error@std@@UAEPAXI@Z 00416b94 f i libcpmt:xthrow.obj
 0001:00015b94       ??_Gbad_cast@std@@UAEPAXI@Z 00416b94 f i libcpmt:cout.obj
 0001:00015b94       ??_Gbad_exception@std@@UAEPAXI@Z 00416b94 f i libvcruntime:frame.obj
 0001:00015b94       ??_Glength_error@std@@UAEPAXI@Z 00416b94 f i libcpmt:xthrow.obj
 0001:00015b94       ??_Glogic_error@std@@UAEPAXI@Z 00416b94 f i libcpmt:xthrow.obj
 0001:00015bc1       ?_Xlength_error@std@@YAXPBD@Z 00416bc1 f   libcpmt:xthrow.obj
 0001:00015be1       ?_Xruntime_error@std@@YAXPBD@Z 00416be1 f   libcpmt:xthrow.obj
 0001:00015c01       ?uncaught_exception@std@@YA_NXZ 00416c01 f   libcpmt:uncaught_exception.obj
 0001:00015c06       ?_Syserror_map@std@@YAPBDH@Z 00416c06 f   libcpmt:syserror.obj
 0001:00015c2b       ??$_Allocate@$07U_Default_allocate_traits@std@@$0A@@std@@YAPAXI@Z 00416c2b f i libcpmt:cout.obj
 0001:00015c51       ??$_Deallocate@$07$0A@@std@@YAXPAXI@Z 00416c51 f i libcpmt:cout.obj
 0001:00015c7d       ??$_Fgetc@D@std@@YA_NAADPAU_iobuf@@@Z 00416c7d f i libcpmt:cout.obj
 0001:00015c9d       ??$_Fputc@D@std@@YA_NDPAU_iobuf@@@Z 00416c9d f i libcpmt:cout.obj
 0001:00015cb7       ??$_Reallocate_grow_by@V<lambda_1>@?1??push_back@?$basic_string@DU?$char_traits@D@std@@V?$allocator@D@2@@std@@QAEXD@Z@D@?$basic_string@DU?$char_traits@D@std@@V?$allocator@D@2@@std@@AAEAAV01@IV<lambda_1>@?1??push_back@01@QAEXD@Z@D@Z 00416cb7 f i libcpmt:cout.obj
 0001:00015d71       ??$use_facet@V?$codecvt@DDU_Mbstatet@@@std@@@std@@YAABV?$codecvt@DDU_Mbstatet@@@0@ABVlocale@0@@Z 00416d71 f i libcpmt:cout.obj
 0001:00015e06       ??$use_facet@V?$ctype@D@std@@@std@@YAABV?$ctype@D@0@ABVlocale@0@@Z 00416e06 f i libcpmt:cout.obj
 0001:00015e9b       ??0?$basic_ios@DU?$char_traits@D@std@@@std@@IAE@XZ 00416e9b f i libcpmt:cout.obj
 0001:00015ec0       ??0?$basic_ostream@DU?$char_traits@D@std@@@std@@QAE@PAV?$basic_streambuf@DU?$char_traits@D@std@@@1@_N@Z 00416ec0 f i libcpmt:cout.obj
 0001:00015f28       ??0?$basic_streambuf@DU?$char_traits@D@std@@@std@@IAE@XZ 00416f28 f i libcpmt:cout.obj
 0001:00015f99       ??0?$ctype@D@std@@QAE@ABV_Locinfo@1@I@Z 00416f99 f i libcpmt:cout.obj
 0001:00015fcf       ??0_Init_cout@std@@QAE@XZ  00416fcf f i libcpmt:cout.obj
 0001:0001600f       ??0_Locinfo@std@@QAE@PBD@Z 0041700f f i libcpmt:cout.obj
 0001:0001607c       ??0bad_cast@std@@QAE@ABV01@@Z 0041707c f i libcpmt:cout.obj
 0001:00016097       ??0bad_cast@std@@QAE@XZ    00417097 f i libcpmt:cout.obj
 0001:000160af       ??0ios_base@std@@IAE@XZ    004170af f i libcpmt:cout.obj
 0001:000160db       ??0locale@std@@QAE@ABV01@@Z 004170db f i libcpmt:cout.obj
 0001:00016106       ??1?$_Yarn@D@std@@QAE@XZ   00417106 f i libcpmt:cout.obj
 0001:00016106       ??1?$_Yarn@_W@std@@QAE@XZ  00417106 f i libcpmt:cout.obj
 0001:0001611b       ??1?$basic_filebuf@DU?$char_traits@D@std@@@std@@UAE@XZ 0041711b f i libcpmt:cout.obj
 0001:00016178       ??1?$basic_ios@DU?$char_traits@D@std@@@std@@UAE@XZ 00417178 f i libcpmt:cout.obj
 0001:000161bd       ??1?$basic_streambuf@DU?$char_traits@D@std@@@std@@UAE@XZ 004171bd f i libcpmt:cout.obj
 0001:000161de       ??1?$unique_ptr@V_Facet_base@std@@U?$default_delete@V_Facet_base@std@@@2@@std@@QAE@XZ 004171de f i libcpmt:cout.obj
 0001:000161eb       ??1_Locinfo@std@@QAE@XZ    004171eb f i libcpmt:cout.obj
 0001:0001629c       ??1locale@std@@QAE@XZ      0041729c f i libcpmt:cout.obj
 0001:000162d1       ??Bid@locale@std@@QAEIXZ   004172d1 f i libcpmt:cout.obj
 0001:00016306       ??R?$default_delete@V_Facet_base@std@@@std@@QBEXPAV_Facet_base@1@@Z 00417306 f i libcpmt:cout.obj
 0001:0001632a       ??_D?$basic_ostream@DU?$char_traits@D@std@@@std@@QAEXXZ 0041732a f i libcpmt:cout.obj
 0001:0001638b       ??_E?$basic_ostream@DU?$char_traits@D@std@@@std@@$4PPPPPPPM@A@AEPAXI@Z 0041738b f i libcpmt:cout.obj
 0001:00016393       ??_E?$basic_filebuf@DU?$char_traits@D@std@@@std@@UAEPAXI@Z 00417393 f i libcpmt:cout.obj
 0001:00016393       ??_G?$basic_filebuf@DU?$char_traits@D@std@@@std@@UAEPAXI@Z 00417393 f i libcpmt:cout.obj
 0001:000163b5       ??_E?$basic_ios@DU?$char_traits@D@std@@@std@@UAEPAXI@Z 004173b5 f i libcpmt:cout.obj
 0001:000163b5       ??_G?$basic_ios@DU?$char_traits@D@std@@@std@@UAEPAXI@Z 004173b5 f i libcpmt:cout.obj
 0001:00016412       ??_E?$basic_ostream@DU?$char_traits@D@std@@@std@@UAEPAXI@Z 00417412 f i libcpmt:cout.obj
 0001:00016412       ??_G?$basic_ostream@DU?$char_traits@D@std@@@std@@UAEPAXI@Z 00417412 f i libcpmt:cout.obj
 0001:00016437       ??_E?$basic_streambuf@DU?$char_traits@D@std@@@std@@UAEPAXI@Z 00417437 f i libcpmt:cout.obj
 0001:00016437       ??_G?$basic_streambuf@DU?$char_traits@D@std@@@std@@UAEPAXI@Z 00417437 f i libcpmt:cout.obj
 0001:00016459       ??_E?$codecvt@DDU_Mbstatet@@@std@@MAEPAXI@Z 00417459 f i libcpmt:cout.obj
 0001:00016459       ??_G?$codecvt@DDU_Mbstatet@@@std@@MAEPAXI@Z 00417459 f i libcpmt:cout.obj
 0001:0001647c       ??_E?$ctype@D@std@@MAEPAXI@Z 0041747c f i libcpmt:cout.obj
 0001:0001647c       ??_G?$ctype@D@std@@MAEPAXI@Z 0041747c f i libcpmt:cout.obj
 0001:000164aa       ??_E_Facet_base@std@@UAEPAXI@Z 004174aa f i libcpmt:cout.obj
 0001:000164aa       ??_G_Facet_base@std@@UAEPAXI@Z 004174aa f i libcpmt:cout.obj
 0001:000164cd       ??_Eios_base@std@@UAEPAXI@Z 004174cd f i libcpmt:cout.obj
 0001:000164cd       ??_Gios_base@std@@UAEPAXI@Z 004174cd f i libcpmt:cout.obj
 0001:0001652a       ?_Adjust_manually_vector_aligned@std@@YAXAAPAXAAI@Z 0041752a f i libcpmt:cout.obj
 0001:0001654e       ?_Apply_annotation@?$basic_string@DU?$char_traits@D@std@@V?$allocator@D@2@@std@@CAXQBDIII@Z 0041754e f i libcpmt:cout.obj
 0001:0001659d       ?_C_str@locale@std@@QBEPBDXZ 0041759d f i libcpmt:cout.obj
 0001:000165b5       ?_Calculate_growth@?$basic_string@DU?$char_traits@D@std@@V?$allocator@D@2@@std@@CAIIII@Z 004175b5 f i libcpmt:cout.obj
 0001:000165e5       ?_Create_annotation@?$basic_string@DU?$char_traits@D@std@@V?$allocator@D@2@@std@@ABEXXZ 004175e5 f i libcpmt:cout.obj
 0001:000165ff       ?_Decref@facet@locale@std@@UAEPAV_Facet_base@3@XZ 004175ff f i libcpmt:cout.obj
 0001:00016611       ?_Endwrite@?$basic_filebuf@DU?$char_traits@D@std@@@std@@IAE_NXZ 00417611 f i libcpmt:cout.obj
 0001:000166c0       ?_Erase_noexcept@?$basic_string@DU?$char_traits@D@std@@V?$allocator@D@2@@std@@AAEAAV12@II@Z 004176c0 f i libcpmt:cout.obj
 0001:00016714       ?_Getcat@?$codecvt@DDU_Mbstatet@@@std@@SAIPAPBVfacet@locale@2@PBV42@@Z 00417714 f i libcpmt:cout.obj
 0001:0001677c       ?_Getcat@?$ctype@D@std@@SAIPAPBVfacet@locale@2@PBV42@@Z 0041777c f i libcpmt:cout.obj
 0001:000167e2       ?_Getfacet@locale@std@@QBEPBVfacet@12@I@Z 004177e2 f i libcpmt:cout.obj
 0001:00016823       ?_Incref@facet@locale@std@@UAEXXZ 00417823 f i libcpmt:cout.obj
 0001:00016828       ?_Init@?$basic_filebuf@DU?$char_traits@D@std@@@std@@IAEXPAU_iobuf@@W4_Initfl@12@@Z 00417828 f i libcpmt:cout.obj
 0001:000168a5       ?_Init@?$basic_streambuf@DU?$char_traits@D@std@@@std@@IAEXXZ 004178a5 f i libcpmt:cout.obj
 0001:000168e2       ?_Init@ios_base@std@@IAEXXZ 004178e2 f i libcpmt:cout.obj
 0001:0001694d       ?_Initcvt@?$basic_filebuf@DU?$char_traits@D@std@@@std@@IAEXABV?$codecvt@DDU_Mbstatet@@@2@@Z 0041794d f i libcpmt:cout.obj
 0001:00016978       ?_Lock@?$basic_filebuf@DU?$char_traits@D@std@@@std@@UAEXXZ 00417978 f i libcpmt:cout.obj
 0001:00016988       ?_Lock@?$basic_streambuf@DU?$char_traits@D@std@@@std@@UAEXXZ 00417988 f i libcpmt:cout.obj
 0001:00016988       ?_Unlock@?$basic_streambuf@DU?$char_traits@D@std@@@std@@UAEXXZ 00417988 f i libcpmt:cout.obj
 0001:00016988       @_guard_check_icall_nop@4  00417988 f i LIBCMT:guard_support.obj
 0001:00016988       ___sanitizer_annotate_contiguous_container 00417988 f i libcpmt:asan_noop.obj
 0001:00016988       ___sanitizer_annotate_contiguous_container_default 00417988 f i libcpmt:asan_noop.obj
 0001:00016988       __initialize_denormal_control 00417988 f i LIBCMT:denormal_control.obj
 0001:00016988       __initialize_invalid_parameter_handler 00417988 f i LIBCMT:invalid_parameter_handler.obj
 0001:0001698b       ?_Modify_annotation@?$basic_string@DU?$char_traits@D@std@@V?$allocator@D@2@@std@@ABEXII@Z 0041798b f i libcpmt:cout.obj
 0001:000169b2       ?_Remove_annotation@?$basic_string@DU?$char_traits@D@std@@V?$allocator@D@2@@std@@ABEXXZ 004179b2 f i libcpmt:cout.obj
 0001:000169cc       ?_Reset_back@?$basic_filebuf@DU?$char_traits@D@std@@@std@@AAEXXZ 004179cc f i libcpmt:cout.obj
 0001:000169ef       ?_Set_back@?$basic_filebuf@DU?$char_traits@D@std@@@std@@AAEXXZ 004179ef f i libcpmt:cout.obj
 0001:00016a2c       ?_Throw_bad_cast@std@@YAXXZ 00417a2c f i libcpmt:cout.obj
 0001:00016a49       ?_Tidy@?$ctype@D@std@@IAEXXZ 00417a49 f i libcpmt:cout.obj
 0001:00016a73       ?_Tidy_deallocate@?$basic_string@DU?$char_traits@D@std@@V?$allocator@D@2@@std@@AAEXXZ 00417a73 f i libcpmt:cout.obj
 0001:00016a9f       ?_Unlock@?$basic_filebuf@DU?$char_traits@D@std@@@std@@UAEXXZ 00417a9f f i libcpmt:cout.obj
 0001:00016aaf       ?always_noconv@codecvt_base@std@@QBE_NXZ 00417aaf f i libcpmt:cout.obj
 0001:00016ac7       ?close@?$basic_filebuf@DU?$char_traits@D@std@@@std@@QAEPAV12@XZ 00417ac7 f i libcpmt:cout.obj
 0001:00016b2b       ?do_always_noconv@?$codecvt@DDU_Mbstatet@@@std@@MBE_NXZ 00417b2b f i libcpmt:cout.obj
 0001:00016b2b       ___acrt_uninitialize_command_line 00417b2b f i libucrt:argv_data.obj
 0001:00016b2b       __should_initialize_environment 00417b2b f i LIBCMT:env_mode.obj
 0001:00016b2e       ?do_encoding@codecvt_base@std@@MBEHXZ 00417b2e f i libcpmt:cout.obj
 0001:00016b2e       ?do_max_length@codecvt_base@std@@MBEHXZ 00417b2e f i libcpmt:cout.obj
 0001:00016b2e       __get_startup_argv_mode    00417b2e f i LIBCMT:argv_mode.obj
 0001:00016b32       ?do_in@?$codecvt@DDU_Mbstatet@@@std@@MBEHAAU_Mbstatet@@PBD1AAPBDPAD3AAPAD@Z 00417b32 f i libcpmt:cout.obj
 0001:00016b32       ?do_out@?$codecvt@DDU_Mbstatet@@@std@@MBEHAAU_Mbstatet@@PBD1AAPBDPAD3AAPAD@Z 00417b32 f i libcpmt:cout.obj
 0001:00016b4c       ?do_length@?$codecvt@DDU_Mbstatet@@@std@@MBEHAAU_Mbstatet@@PBD1I@Z 00417b4c f i libcpmt:cout.obj
 0001:00016b61       ?do_narrow@?$ctype@D@std@@MBEDDD@Z 00417b61 f i libcpmt:cout.obj
 0001:00016b6b       ?do_narrow@?$ctype@D@std@@MBEPBDPBD0DPAD@Z 00417b6b f i libcpmt:cout.obj
 0001:00016b8a       ?do_tolower@?$ctype@D@std@@MBEDD@Z 00417b8a f i libcpmt:cout.obj
 0001:00016ba1       ?do_tolower@?$ctype@D@std@@MBEPBDPADPBD@Z 00417ba1 f i libcpmt:cout.obj
 0001:00016bcd       ?do_toupper@?$ctype@D@std@@MBEDD@Z 00417bcd f i libcpmt:cout.obj
 0001:00016be4       ?do_toupper@?$ctype@D@std@@MBEPBDPADPBD@Z 00417be4 f i libcpmt:cout.obj
 0001:00016c10       ?do_unshift@?$codecvt@DDU_Mbstatet@@@std@@MBEHAAU_Mbstatet@@PAD1AAPAD@Z 00417c10 f i libcpmt:cout.obj
 0001:00016c22       ?do_widen@?$ctype@D@std@@MBEDD@Z 00417c22 f i libcpmt:cout.obj
 0001:00016c2c       ?do_widen@?$ctype@D@std@@MBEPBDPBD0PAD@Z 00417c2c f i libcpmt:cout.obj
 0001:00016c4b       ?imbue@?$basic_filebuf@DU?$char_traits@D@std@@@std@@MAEXABVlocale@2@@Z 00417c4b f i libcpmt:cout.obj
 0001:00016c67       ?imbue@?$basic_streambuf@DU?$char_traits@D@std@@@std@@MAEXABVlocale@2@@Z 00417c67 f i libcpmt:cout.obj
 0001:00016c6a       ?init@?$basic_ios@DU?$char_traits@D@std@@@std@@IAEXPAV?$basic_streambuf@DU?$char_traits@D@std@@@2@_N@Z 00417c6a f i libcpmt:cout.obj
 0001:00016cb3       ?overflow@?$basic_filebuf@DU?$char_traits@D@std@@@std@@MAEHH@Z 00417cb3 f i libcpmt:cout.obj
 0001:00016dbd       ?overflow@?$basic_streambuf@DU?$char_traits@D@std@@@std@@MAEHH@Z 00417dbd f i libcpmt:cout.obj
 0001:00016dbd       ?pbackfail@?$basic_streambuf@DU?$char_traits@D@std@@@std@@MAEHH@Z 00417dbd f i libcpmt:cout.obj
 0001:00016dc3       ?pbackfail@?$basic_filebuf@DU?$char_traits@D@std@@@std@@MAEHH@Z 00417dc3 f i libcpmt:cout.obj
 0001:00016e45       ?push_back@?$basic_string@DU?$char_traits@D@std@@V?$allocator@D@2@@std@@QAEXD@Z 00417e45 f i libcpmt:cout.obj
 0001:00016e8c       ?seekoff@?$basic_filebuf@DU?$char_traits@D@std@@@std@@MAE?AV?$fpos@U_Mbstatet@@@2@_JHH@Z 00417e8c f i libcpmt:cout.obj
 0001:00016f4d       ?seekoff@?$basic_streambuf@DU?$char_traits@D@std@@@std@@MAE?AV?$fpos@U_Mbstatet@@@2@_JHH@Z 00417f4d f i libcpmt:cout.obj
 0001:00016f6c       ?seekpos@?$basic_filebuf@DU?$char_traits@D@std@@@std@@MAE?AV?$fpos@U_Mbstatet@@@2@V32@H@Z 00417f6c f i libcpmt:cout.obj
 0001:00016ffc       ?seekpos@?$basic_streambuf@DU?$char_traits@D@std@@@std@@MAE?AV?$fpos@U_Mbstatet@@@2@V32@H@Z 00417ffc f i libcpmt:cout.obj
 0001:0001701b       ?setbuf@?$basic_filebuf@DU?$char_traits@D@std@@@std@@MAEPAV?$basic_streambuf@DU?$char_traits@D@std@@@2@PAD_J@Z 0041801b f i libcpmt:cout.obj
 0001:00017069       ?setbuf@?$basic_streambuf@DU?$char_traits@D@std@@@std@@MAEPAV12@PAD_J@Z 00418069 f i libcpmt:cout.obj
 0001:0001706e       ?showmanyc@?$basic_streambuf@DU?$char_traits@D@std@@@std@@MAE_JXZ 0041806e f i libcpmt:cout.obj
 0001:00017073       ?sync@?$basic_filebuf@DU?$char_traits@D@std@@@std@@MAEHXZ 00418073 f i libcpmt:cout.obj
 0001:000170af       ?sync@?$basic_streambuf@DU?$char_traits@D@std@@@std@@MAEHXZ 004180af f i libcpmt:cout.obj
 0001:000170af       ___scrt_exe_initialize_mta 004180af f i LIBCMT:utility_desktop.obj
 0001:000170af       ___scrt_initialize_winrt   004180af f i LIBCMT:utility_desktop.obj
 0001:000170af       ___scrt_stub_for_initialize_mta 004180af f i LIBCMT:utility_desktop.obj
 0001:000170af       __get_startup_commit_mode  004180af f i LIBCMT:commit_mode.obj
 0001:000170af       __get_startup_new_mode     004180af f i LIBCMT:new_mode.obj
 0001:000170af       __get_startup_thread_locale_mode 004180af f i LIBCMT:thread_locale.obj
 0001:000170af       __matherr                  004180af f i LIBCMT:matherr.obj
 0001:000170b2       ?uflow@?$basic_filebuf@DU?$char_traits@D@std@@@std@@MAEHXZ 004180b2 f i libcpmt:cout.obj
 0001:00017240       ?uflow@?$basic_streambuf@DU?$char_traits@D@std@@@std@@MAEHXZ 00418240 f i libcpmt:cout.obj
 0001:00017273       ?underflow@?$basic_filebuf@DU?$char_traits@D@std@@@std@@MAEHXZ 00418273 f i libcpmt:cout.obj
 0001:000172c3       ?underflow@?$basic_streambuf@DU?$char_traits@D@std@@@std@@MAEHXZ 004182c3 f i libcpmt:cout.obj
 0001:000172c7       ?widen@?$basic_ios@DU?$char_traits@D@std@@@std@@QBEDD@Z 004182c7 f i libcpmt:cout.obj
 0001:00017316       ?xsgetn@?$basic_filebuf@DU?$char_traits@D@std@@@std@@MAE_JPAD_J@Z 00418316 f i libcpmt:cout.obj
 0001:000173fe       ?xsgetn@?$basic_streambuf@DU?$char_traits@D@std@@@std@@MAE_JPAD_J@Z 004183fe f i libcpmt:cout.obj
 0001:000174ed       ?xsputn@?$basic_filebuf@DU?$char_traits@D@std@@@std@@MAE_JPBD_J@Z 004184ed f i libcpmt:cout.obj
 0001:000175d2       ?xsputn@?$basic_streambuf@DU?$char_traits@D@std@@@std@@MAE_JPBD_J@Z 004185d2 f i libcpmt:cout.obj
 0001:000176bd       ??0_Init_locks@std@@QAE@XZ 004186bd f   libcpmt:xlock.obj
 0001:000176ea       ??0_Lockit@std@@QAE@H@Z    004186ea f   libcpmt:xlock.obj
 0001:0001771b       ??1_Init_locks@std@@QAE@XZ 0041871b f   libcpmt:xlock.obj
 0001:00017742       ??1_Lockit@std@@QAE@XZ     00418742 f   libcpmt:xlock.obj
 0001:00017761       ??0_Locimp@locale@std@@AAE@_N@Z 00418761 f i libcpmt:locale0.obj
 0001:000177a2       ??1_Fac_node@std@@QAE@XZ   004187a2 f i libcpmt:locale0.obj
 0001:000177d3       ??1_Fac_tidy_reg_t@std@@QAE@XZ 004187d3 f i libcpmt:locale0.obj
 0001:000177fa       ??1_Locimp@locale@std@@MAE@XZ 004187fa f i libcpmt:locale0.obj
 0001:00017825       ??4?$_Yarn@D@std@@QAEAAV01@PBD@Z 00418825 f i libcpmt:locale0.obj
 0001:00017879       ??_E_Locimp@locale@std@@MAEPAXI@Z 00418879 f i libcpmt:locale0.obj
 0001:00017879       ??_G_Locimp@locale@std@@MAEPAXI@Z 00418879 f i libcpmt:locale0.obj
 0001:0001789b       ?_Facet_Register@std@@YAXPAV_Facet_base@1@@Z 0041889b f   libcpmt:locale0.obj
 0001:000178c7       ?_Getgloballocale@locale@std@@CAPAV_Locimp@12@XZ 004188c7 f   libcpmt:locale0.obj
 0001:000178cd       ?_Init@locale@std@@CAPAV_Locimp@12@_N@Z 004188cd f   libcpmt:locale0.obj
 0001:0001795a       ?_Locimp_dtor@_Locimp@locale@std@@CAXPAV123@@Z 0041895a f   libcpmt:locale0.obj
 0001:000179cb       ?_Locinfo_ctor@_Locinfo@std@@SAXPAV12@PBD@Z 004189cb f   libcpmt:locale0.obj
 0001:00017a16       ?_Locinfo_dtor@_Locinfo@std@@SAXPAV12@@Z 00418a16 f   libcpmt:locale0.obj
 0001:00017a30       ?_New_Locimp@_Locimp@locale@std@@CAPAV123@_N@Z 00418a30 f   libcpmt:locale0.obj
 0001:00017a53       ?_Setgloballocale@locale@std@@CAXPAX@Z 00418a53 f   libcpmt:locale0.obj
 0001:00017a7b       __Deletegloballocale       00418a7b f   libcpmt:locale0.obj
 0001:00017ae0       __Getctype                 00418ae0 f   libcpmt:_tolower.obj
 0001:00017b4b       __Tolower                  00418b4b f   libcpmt:_tolower.obj
 0001:00017c57       __Toupper                  00418c57 f   libcpmt:_toupper.obj
 0001:00017d63       ?_Addstd@ios_base@std@@SAXPAV12@@Z 00418d63 f   libcpmt:ios.obj
 0001:00017db5       ?_Callfns@ios_base@std@@AAEXW4event@12@@Z 00418db5 f i libcpmt:ios.obj
 0001:00017de8       ?_Ios_base_dtor@ios_base@std@@CAXPAV12@@Z 00418de8 f   libcpmt:ios.obj
 0001:00017e28       ?_Tidy@ios_base@std@@AAEXXZ 00418e28 f i libcpmt:ios.obj
 0001:00017ea3       ??1_Init_atexit@@QAE@XZ    00418ea3 f i libcpmt:iosptrs.obj
 0001:00017f0b       ?_Atexit@@YAXP6AXXZ@Z      00418f0b f   libcpmt:iosptrs.obj
 0001:00017f3a       __Mtxdst                   00418f3a f   libcpmt:xmtx.obj
 0001:00017f48       __Mtxinit                  00418f48 f   libcpmt:xmtx.obj
 0001:00017f5d       __Mtxlock                  00418f5d f   libcpmt:xmtx.obj
 0001:00017f6b       __Mtxunlock                00418f6b f   libcpmt:xmtx.obj
 0001:00017f79       ??1?$__crt_scoped_stack_ptr@_W@@QAE@XZ 00418f79 f i libcpmt:StlLCMapStringA.obj
 0001:00017f92       ___crtLCMapStringA         00418f92 f   libcpmt:StlLCMapStringA.obj
 0001:0001815e       __freea_crt                0041915e f i libcpmt:StlLCMapStringA.obj
 0001:0001817c       ??2@YAPAXI@Z               0041917c f   LIBCMT:new_scalar.obj
 0001:000181ac       ??3@YAXPAXI@Z              004191ac f   LIBCMT:delete_scalar_size.obj
 0001:000181ba       ??_Etype_info@@UAEPAXI@Z   004191ba f i LIBCMT:std_type_info_static.obj
 0001:000181ba       ??_Gtype_info@@UAEPAXI@Z   004191ba f i LIBCMT:std_type_info_static.obj
 0001:00018221       ___scrt_acquire_startup_lock 00419221 f   LIBCMT:utility.obj
 0001:00018253       ___scrt_initialize_crt     00419253 f   LIBCMT:utility.obj
 0001:0001828c       ___scrt_initialize_onexit_tables 0041928c f   LIBCMT:utility.obj
 0001:00018313       ___scrt_is_nonwritable_in_current_image 00419313 f   LIBCMT:utility.obj
 0001:000183a7       ___scrt_release_startup_lock 004193a7 f   LIBCMT:utility.obj
 0001:000183c4       ___scrt_uninitialize_crt   004193c4 f   LIBCMT:utility.obj
 0001:000183ec       __onexit                   004193ec f   LIBCMT:utility.obj
 0001:00018419       _atexit                    00419419 f   LIBCMT:utility.obj
 0001:0001842e       ___raise_securityfailure   0041942e f   LIBCMT:gs_report.obj
 0001:00018456       ___report_gsfailure        00419456 f   LIBCMT:gs_report.obj
 0001:00018550       ___report_rangecheckfailure 00419550 f   LIBCMT:gs_report.obj
 0001:0001855c       ___report_securityfailure  0041955c f   LIBCMT:gs_report.obj
 0001:0001862b       __Init_thread_footer       0041962b f   LIBCMT:thread_safe_statics.obj
 0001:0001867c       __Init_thread_header       0041967c f   LIBCMT:thread_safe_statics.obj
 0001:000186cb       __Init_thread_wait_v2      004196cb f   LIBCMT:thread_safe_statics.obj
 0001:000186e0       @__security_check_cookie@4 004196e0 f   LIBCMT:secchk.obj
 0001:000186f0       __alloca_probe             004196f0 f   LIBCMT:chkstk.obj
 0001:000186f0       __chkstk                   004196f0 f   LIBCMT:chkstk.obj
 0001:00018962       _mainCRTStartup            00419962 f   LIBCMT:exe_main.obj
 0001:0001896c       ??_V@YAXPAX@Z              0041996c f   LIBCMT:delete_array.obj
 0001:00018971       __EH_epilog3               00419971 f   LIBCMT:ehprolg3.obj
 0001:00018985       __EH_epilog3_GS            00419985 f   LIBCMT:ehprolg3.obj
 0001:00018994       __EH_prolog3               00419994 f   LIBCMT:ehprolg3.obj
 0001:000189c7       __EH_prolog3_GS            004199c7 f   LIBCMT:ehprolg3.obj
 0001:000189fd       __EH_prolog3_catch         004199fd f   LIBCMT:ehprolg3.obj
 0001:00018a40       __alloca_probe_16          00419a40 f   LIBCMT:alloca16.obj
 0001:00018a56       __alloca_probe_8           00419a56     LIBCMT:alloca16.obj
 0001:00018a6c       ___isa_available_init      00419a6c f   LIBCMT:cpu_disp.obj
 0001:00018c40       __allmul                   00419c40 f   LIBCMT:llmul.obj
 0001:00018c80       __aulldiv                  00419c80 f   LIBCMT:ulldiv.obj
 0001:00018ce8       ?__scrt_throw_std_bad_alloc@@YAXXZ 00419ce8 f   LIBCMT:throw_bad_alloc.obj
 0001:00018d05       ??3@YAXPAX@Z               00419d05 f   LIBCMT:delete_scalar.obj
 0001:00018d0a       ___scrt_is_ucrt_dll_in_use 00419d0a f   LIBCMT:ucrt_detection.obj
 0001:00018d16       ___scrt_fastfail           00419d16 f   LIBCMT:utility_desktop.obj
 0001:00018e2b       ___scrt_initialize_mta     00419e2b f   LIBCMT:utility_desktop.obj
 0001:00018e30       ___scrt_is_managed_app     00419e30 f   LIBCMT:utility_desktop.obj
 0001:00018e72       ___scrt_set_unhandled_exception_filter 00419e72 f   LIBCMT:utility_desktop.obj
 0001:00018e7e       ___scrt_unhandled_exception_filter@4 00419e7e f   LIBCMT:utility_desktop.obj
 0001:00018ed4       __crt_debugger_hook        00419ed4 f   LIBCMT:utility_desktop.obj
 0001:00018ee0       __SEH_prolog4              00419ee0 f   LIBCMT:sehprolg4.obj
 0001:00018f72       ___security_init_cookie    00419f72 f   LIBCMT:gs_support.obj
 0001:00018fbd       __get_startup_file_mode    00419fbd f   LIBCMT:file_mode.obj
 0001:00018fc3       ?__scrt_initialize_type_info@@YAXXZ 00419fc3 f   LIBCMT:tncleanup.obj
 0001:00018fcf       __initialize_default_precision 00419fcf f   LIBCMT:default_precision.obj
 0001:00018ff0       ___local_stdio_scanf_options 00419ff0 f i LIBCMT:default_local_stdio_options.obj
 0001:00018ff6       ___scrt_initialize_default_local_stdio_options 00419ff6 f   LIBCMT:default_local_stdio_options.obj
 0001:00019013       ___scrt_is_user_matherr_present 0041a013 f   LIBCMT:matherr_detection.obj
 0001:0001901f       ___scrt_get_dyn_tls_init_callback 0041a01f f   LIBCMT:dyn_tls_init.obj
 0001:00019025       ___scrt_get_dyn_tls_dtor_callback 0041a025 f   LIBCMT:dyn_tls_dtor.obj
 0001:0001902b       __RTC_Initialize           0041a02b f   LIBCMT:initsect.obj
 0001:00019057       __RTC_Terminate            0041a057 f   LIBCMT:initsect.obj
 0001:00019083       ___WSAFDIsSet@8            0041a083 f   WS2_32:WS2_32.dll
 0001:00019089       ___std_exception_copy      0041a089 f   libvcruntime:std_exception.obj
 0001:000190ec       ___std_exception_destroy   0041a0ec f   libvcruntime:std_exception.obj
 0001:0001910b       __CxxThrowException@8      0041a10b f   libvcruntime:throw.obj
 0001:00019180       _memcpy                    0041a180 f   libvcruntime:memcpy.obj
 0001:00019180       _memmove                   0041a180 f   libvcruntime:memmove.obj
 0001:00019700       ___DestructExceptionObject 0041a700 f   libvcruntime:ehhelpers.obj
 0001:000197a1       ?_CallMemberFunction0@@YGXQAX0@Z 0041a7a1 f i libvcruntime:ehhelpers.obj
 0001:00019806       __IsExceptionObjectToBeDestroyed 0041a806 f   libvcruntime:ehhelpers.obj
 0001:0001982c       ___AdjustPointer           0041a82c f   libvcruntime:ehhelpers.obj
 0001:00019851       ___FrameUnwindFilter       0041a851 f   libvcruntime:ehhelpers.obj
 0001:000198a7       ___current_exception       0041a8a7 f   libvcruntime:ehhelpers.obj
 0001:000198b0       ___current_exception_context 0041a8b0 f   libvcruntime:ehhelpers.obj
 0001:000198b9       ___std_terminate           0041a8b9 f   libvcruntime:ehhelpers.obj
 0001:000198be       ?GetRangeOfTrysToCheck@__FrameHandler3@@SA?AU?$pair@Viterator@TryBlockMap@__FrameHandler3@@V123@@std@@AAVTryBlockMap@1@HPAXPBU_s_FuncInfo@@H@Z 0041a8be f   libvcruntime:trnsctrl.obj
 0001:0001992d       ?_CallCatchBlock2@@YAPAXPAUEHRegistrationNode@@PBU_s_FuncInfo@@PAXHK@Z 0041a92d f   libvcruntime:trnsctrl.obj
 0001:0001998a       ?_CallSETranslator@@YAHPAUEHExceptionRecord@@PAUEHRegistrationNode@@PAX2PBU_s_FuncInfo@@H1@Z 0041a98a f   libvcruntime:trnsctrl.obj
 0001:00019a7a       ?_JumpToContinuation@@YGXPAXPAUEHRegistrationNode@@@Z 0041aa7a f   libvcruntime:trnsctrl.obj
 0001:00019aaa       ?_UnwindNestedFrames@@YGXPAUEHRegistrationNode@@PAUEHExceptionRecord@@@Z 0041aaaa f   libvcruntime:trnsctrl.obj
 0001:00019afd       __CatchGuardHandler        0041aafd f   libvcruntime:trnsctrl.obj
 0001:00019b2e       __CreateFrameInfo          0041ab2e f   libvcruntime:trnsctrl.obj
 0001:00019b52       __FindAndUnlinkFrame       0041ab52 f   libvcruntime:trnsctrl.obj
 0001:00019b9a       __TranslatorGuardHandler   0041ab9a f   libvcruntime:trnsctrl.obj
 0001:00019c37       ___CxxFrameHandler3        0041ac37 f   libvcruntime:trnsctrl.obj
 0001:00019c70       _memset                    0041ac70 f   libvcruntime:memset.obj
 0001:00019dca       ___uncaught_exception      0041adca f   libvcruntime:uncaught_exception.obj
 0001:00019dde       __get_purecall_handler     0041adde f   libvcruntime:purevirt.obj
 0001:00019de5       __purecall                 0041ade5 f   libvcruntime:purevirt.obj
 0001:00019e10       _memcmp                    0041ae10 f   libvcruntime:memcmp.obj
 0001:0001b48c       ___vcrt_initialize         0041c48c f   libvcruntime:initialization.obj
 0001:0001b4ab       ___vcrt_uninitialize       0041c4ab f   libvcruntime:initialization.obj
 0001:0001b510       __except_handler4          0041c510 f   libvcruntime:chandler4.obj
 0001:0001b66e       ___std_type_info_compare   0041c66e f   libvcruntime:std_type_info.obj
 0001:0001b6aa       ___vcrt_freefls@4          0041c6aa f   libvcruntime:per_thread_data.obj
 0001:0001b6c6       ___vcrt_getptd             0041c6c6 f   libvcruntime:per_thread_data.obj
 0001:0001b6d4       ___vcrt_getptd_noexit      0041c6d4 f   libvcruntime:per_thread_data.obj
 0001:0001b766       ___vcrt_getptd_noinit      0041c766 f   libvcruntime:per_thread_data.obj
 0001:0001b79d       ___vcrt_initialize_ptd     0041c79d f   libvcruntime:per_thread_data.obj
 0001:0001b7d0       ___vcrt_uninitialize_ptd   0041c7d0 f   libvcruntime:per_thread_data.obj
 0001:0001bf1d       ??$TypeMatchHelper@V__FrameHandler3@@@@YAHPBU_s_HandlerType@@PBU_s_CatchableType@@PBU_s_ThrowInfo@@@Z 0041cf1d f i libvcruntime:frame.obj
 0001:0001bfab       ??$__InternalCxxFrameHandler@V__FrameHandler3@@@@YA?AW4_EXCEPTION_DISPOSITION@@PAUEHExceptionRecord@@PAUEHRegistrationNode@@PAU_CONTEXT@@PAXPBU_s_FuncInfo@@H1E@Z 0041cfab f i libvcruntime:frame.obj
 0001:0001c0ad       ??$__InternalCxxFrameHandlerWrapper@V__FrameHandler3@@@@YA?AW4_EXCEPTION_DISPOSITION@@PAUEHExceptionRecord@@PAUEHRegistrationNode@@PAU_CONTEXT@@PAXPBU_s_FuncInfo@@H1E@Z 0041d0ad f i libvcruntime:frame.obj
 0001:0001c0b6       ??0bad_exception@std@@QAE@ABV01@@Z 0041d0b6 f i libvcruntime:frame.obj
 0001:0001c0d1       ??0bad_exception@std@@QAE@XZ 0041d0d1 f i libvcruntime:frame.obj
 0001:0001c0e9       ??8type_info@@QBE_NABV0@@Z 0041d0e9 f i libvcruntime:frame.obj
 0001:0001c360       ?FrameUnwindToEmptyState@__FrameHandler3@@SAXPAUEHRegistrationNode@@PAXPBU_s_FuncInfo@@@Z 0041d360 f   libvcruntime:frame.obj
 0001:0001c378       ?FrameUnwindToState@__FrameHandler3@@SAXPAUEHRegistrationNode@@PAXPBU_s_FuncInfo@@H@Z 0041d378 f   libvcruntime:frame.obj
 0001:0001c4fa       ?_CallMemberFunction1@@YGXQAX00@Z 0041d4fa f i libvcruntime:frame.obj
 0001:0001c50a       ?_CallMemberFunction2@@YGXQAX00H@Z 0041d50a f i libvcruntime:frame.obj
 0001:0001c51d       ?getESTypes@__FrameHandler3@@SAPBU_s_ESTypeList@@PBU_s_FuncInfo@@@Z 0041d51d f i libvcruntime:frame.obj
 0001:0001c530       __CallSettingFrame@12      0041d530 f   libvcruntime:lowhelpr.obj
 0001:0001c557       __NLG_Return               0041d557     libvcruntime:lowhelpr.obj
 0001:0001c57c       ___except_validate_context_record 0041d57c f   libvcruntime:jbcxrval.obj
 0001:0001c5ac       ___vcrt_initialize_locks   0041d5ac f   libvcruntime:locks.obj
 0001:0001c5e8       ___vcrt_uninitialize_locks 0041d5e8 f   libvcruntime:locks.obj
 0001:0001c620       __local_unwind4            0041d620 f   libvcruntime:exsup4.obj
 0001:0001c710       @_EH4_CallFilterFunc@8     0041d710 f   libvcruntime:exsup4.obj
 0001:0001c730       @_EH4_TransferToHandler@8  0041d730 f   libvcruntime:exsup4.obj
 0001:0001c750       @_EH4_GlobalUnwind2@8      0041d750 f   libvcruntime:exsup4.obj
 0001:0001c770       @_EH4_LocalUnwind@16       0041d770 f   libvcruntime:exsup4.obj
 0001:0001c872       ___vcrt_FlsAlloc           0041d872 f   libvcruntime:winapi_downlevel.obj
 0001:0001c8ad       ___vcrt_FlsFree            0041d8ad f   libvcruntime:winapi_downlevel.obj
 0001:0001c8e8       ___vcrt_FlsGetValue        0041d8e8 f   libvcruntime:winapi_downlevel.obj
 0001:0001c923       ___vcrt_FlsSetValue        0041d923 f   libvcruntime:winapi_downlevel.obj
 0001:0001c961       ___vcrt_InitializeCriticalSectionEx 0041d961 f   libvcruntime:winapi_downlevel.obj
 0001:0001c9a8       _unexpected                0041d9a8 f   libvcruntime:unexpected.obj
 0001:0001c9c5       ?GetCurrentState@__FrameHandler3@@SAHPAUEHRegistrationNode@@PAXPBU_s_FuncInfo@@@Z 0041d9c5 f   libvcruntime:ehstate.obj
 0001:0001c9e2       ?SetState@__FrameHandler3@@SAXPAUEHRegistrationNode@@PBU_s_FuncInfo@@H@Z 0041d9e2 f   libvcruntime:ehstate.obj
 0001:0001c9f0       __NLG_Notify1              0041d9f0 f   libvcruntime:exsup.obj
 0001:0001ca00       __NLG_Notify               0041da00 f   libvcruntime:exsup.obj
 0001:0001ca17       __NLG_Dispatch             0041da17     libvcruntime:exsup.obj
 0001:0001ca17       __NLG_Dispatch2            0041da17     libvcruntime:exsup.obj
 0001:0001ca20       __NLG_Call                 0041da20 f   libvcruntime:exsup.obj
 0001:0001ca22       __NLG_Return2              0041da22     libvcruntime:exsup.obj
 0001:0001ca23       ??0__crt_cached_ptd_host@@QAE@QAU__crt_locale_pointers@@@Z 0041da23 f i libucrt:invalid_parameter.obj
 0001:0001ca6b       ??1__crt_cached_ptd_host@@QAE@XZ 0041da6b f i libucrt:invalid_parameter.obj
 0001:0001caa7       ?check_synchronize_global_state_index@__crt_cached_ptd_host@@AAEIXZ 0041daa7 f i libucrt:invalid_parameter.obj
 0001:0001cad0       ?force_synchronize_per_thread_data@__crt_cached_ptd_host@@AAEPAU__acrt_ptd@@XZ 0041dad0 f i libucrt:invalid_parameter.obj
 0001:0001cb16       ?get_raw_ptd@__crt_cached_ptd_host@@QAEPAU__acrt_ptd@@XZ 0041db16 f i libucrt:invalid_parameter.obj
 0001:0001cb33       ___acrt_call_reportfault   0041db33 f   libucrt:invalid_parameter.obj
 0001:0001cc6c       ___acrt_initialize_invalid_parameter_handler 0041dc6c f   libucrt:invalid_parameter.obj
 0001:0001cc7b       __invalid_parameter        0041dc7b f   libucrt:invalid_parameter.obj
 0001:0001ccb2       __invalid_parameter_internal 0041dcb2 f   libucrt:invalid_parameter.obj
 0001:0001cd2f       __invalid_parameter_noinfo 0041dd2f f   libucrt:invalid_parameter.obj
 0001:0001cd3f       __invalid_parameter_noinfo_noreturn 0041dd3f f   libucrt:invalid_parameter.obj
 0001:0001cd5c       __invoke_watson            0041dd5c f   libucrt:invalid_parameter.obj
 0001:0001cd90       _free                      0041dd90 f   libucrt:free.obj
 0001:0001cdab       __strdup                   0041ddab f   libucrt:strdup.obj
 0001:0001cf2d       __itow_s                   0041df2d f   libucrt:xtoa.obj
 0001:0001d12f       ??$count@D@formatting_buffer@__crt_stdio_output@@QBEIXZ 0041e12f f i libucrt:output.obj
 0001:0001d147       ??$ensure_buffer_is_big_enough@D@formatting_buffer@__crt_stdio_output@@QAE_NIAAV__crt_cached_ptd_host@@@Z 0041e147 f i libucrt:output.obj
 0001:0001d1c8       ??$is_overflow_condition@K@__crt_strtox@@YA_NIK@Z 0041e1c8 f i libucrt:output.obj
 0001:0001d1fc       ??$is_wide_character_specifier@D@__crt_stdio_output@@YA_N_KDW4length_modifier@0@@Z 0041e1fc f i libucrt:output.obj
 0001:0001d22d       ??$parse_integer@KV?$c_string_character_source@D@__crt_strtox@@$0A@@__crt_strtox@@YAKAAV__crt_cached_ptd_host@@V?$c_string_character_source@D@0@H_N@Z 0041e22d f i libucrt:output.obj
 0001:0001d43c       ??$scratch_data@D@formatting_buffer@__crt_stdio_output@@QAEPADXZ 0041e43c f i libucrt:output.obj
 0001:0001d45a       ??$type_case_integer@$07@?$output_processor@DV?$stream_output_adapter@D@__crt_stdio_output@@V?$standard_base@DV?$stream_output_adapter@D@__crt_stdio_output@@@2@@__crt_stdio_output@@AAE_N_N@Z 0041e45a f i libucrt:output.obj
 0001:0001d45a       ??$type_case_integer@$07@?$output_processor@DV?$string_output_adapter@D@__crt_stdio_output@@V?$standard_base@DV?$string_output_adapter@D@__crt_stdio_output@@@2@@__crt_stdio_output@@AAE_N_N@Z 0041e45a f i libucrt:output.obj
 0001:0001d5e7       ??$type_case_integer@$09@?$output_processor@DV?$stream_output_adapter@D@__crt_stdio_output@@V?$standard_base@DV?$stream_output_adapter@D@__crt_stdio_output@@@2@@__crt_stdio_output@@AAE_N_N@Z 0041e5e7 f i libucrt:output.obj
 0001:0001d5e7       ??$type_case_integer@$09@?$output_processor@DV?$string_output_adapter@D@__crt_stdio_output@@V?$standard_base@DV?$string_output_adapter@D@__crt_stdio_output@@@2@@__crt_stdio_output@@AAE_N_N@Z 0041e5e7 f i libucrt:output.obj
 0001:0001d774       ??$type_case_integer@$0BA@@?$output_processor@DV?$stream_output_adapter@D@__crt_stdio_output@@V?$standard_base@DV?$stream_output_adapter@D@__crt_stdio_output@@@2@@__crt_stdio_output@@AAE_N_N@Z 0041e774 f i libucrt:output.obj
 0001:0001d774       ??$type_case_integer@$0BA@@?$output_processor@DV?$string_output_adapter@D@__crt_stdio_output@@V?$standard_base@DV?$string_output_adapter@D@__crt_stdio_output@@@2@@__crt_stdio_output@@AAE_N_N@Z 0041e774 f i libucrt:output.obj
 0001:0001d901       ??$type_case_integer_parse_into_buffer@I$07@?$output_processor@DV?$stream_output_adapter@D@__crt_stdio_output@@V?$standard_base@DV?$stream_output_adapter@D@__crt_stdio_output@@@2@@__crt_stdio_output@@AAEXI_N@Z 0041e901 f i libucrt:output.obj
 0001:0001d901       ??$type_case_integer_parse_into_buffer@I$07@?$output_processor@DV?$string_output_adapter@D@__crt_stdio_output@@V?$standard_base@DV?$string_output_adapter@D@__crt_stdio_output@@@2@@__crt_stdio_output@@AAEXI_N@Z 0041e901 f i libucrt:output.obj
 0001:0001d964       ??$type_case_integer_parse_into_buffer@I$09@?$output_processor@DV?$stream_output_adapter@D@__crt_stdio_output@@V?$standard_base@DV?$stream_output_adapter@D@__crt_stdio_output@@@2@@__crt_stdio_output@@AAEXI_N@Z 0041e964 f i libucrt:output.obj
 0001:0001d964       ??$type_case_integer_parse_into_buffer@I$09@?$output_processor@DV?$string_output_adapter@D@__crt_stdio_output@@V?$standard_base@DV?$string_output_adapter@D@__crt_stdio_output@@@2@@__crt_stdio_output@@AAEXI_N@Z 0041e964 f i libucrt:output.obj
 0001:0001d9eb       ??$type_case_integer_parse_into_buffer@I$0BA@@?$output_processor@DV?$stream_output_adapter@D@__crt_stdio_output@@V?$standard_base@DV?$stream_output_adapter@D@__crt_stdio_output@@@2@@__crt_stdio_output@@AAEXI_N@Z 0041e9eb f i libucrt:output.obj
 0001:0001d9eb       ??$type_case_integer_parse_into_buffer@I$0BA@@?$output_processor@DV?$string_output_adapter@D@__crt_stdio_output@@V?$standard_base@DV?$string_output_adapter@D@__crt_stdio_output@@@2@@__crt_stdio_output@@AAEXI_N@Z 0041e9eb f i libucrt:output.obj
 0001:0001da68       ??$type_case_integer_parse_into_buffer@_K$07@?$output_processor@DV?$stream_output_adapter@D@__crt_stdio_output@@V?$standard_base@DV?$stream_output_adapter@D@__crt_stdio_output@@@2@@__crt_stdio_output@@AAEX_K_N@Z 0041ea68 f i libucrt:output.obj
 0001:0001da68       ??$type_case_integer_parse_into_buffer@_K$07@?$output_processor@DV?$string_output_adapter@D@__crt_stdio_output@@V?$standard_base@DV?$string_output_adapter@D@__crt_stdio_output@@@2@@__crt_stdio_output@@AAEX_K_N@Z 0041ea68 f i libucrt:output.obj
 0001:0001dae0       ??$type_case_integer_parse_into_buffer@_K$09@?$output_processor@DV?$stream_output_adapter@D@__crt_stdio_output@@V?$standard_base@DV?$stream_output_adapter@D@__crt_stdio_output@@@2@@__crt_stdio_output@@AAEX_K_N@Z 0041eae0 f i libucrt:output.obj
 0001:0001dae0       ??$type_case_integer_parse_into_buffer@_K$09@?$output_processor@DV?$string_output_adapter@D@__crt_stdio_output@@V?$standard_base@DV?$string_output_adapter@D@__crt_stdio_output@@@2@@__crt_stdio_output@@AAEX_K_N@Z 0041eae0 f i libucrt:output.obj
 0001:0001db87       ??$type_case_integer_parse_into_buffer@_K$0BA@@?$output_processor@DV?$stream_output_adapter@D@__crt_stdio_output@@V?$standard_base@DV?$stream_output_adapter@D@__crt_stdio_output@@@2@@__crt_stdio_output@@AAEX_K_N@Z 0041eb87 f i libucrt:output.obj
 0001:0001db87       ??$type_case_integer_parse_into_buffer@_K$0BA@@?$output_processor@DV?$string_output_adapter@D@__crt_stdio_output@@V?$standard_base@DV?$string_output_adapter@D@__crt_stdio_output@@@2@@__crt_stdio_output@@AAEX_K_N@Z 0041eb87 f i libucrt:output.obj
 0001:0001dc11       ??0?$output_adapter_data@DV?$stream_output_adapter@D@__crt_stdio_output@@@__crt_stdio_output@@IAE@ABV?$stream_output_adapter@D@1@_KQBDAAV__crt_cached_ptd_host@@QAD@Z 0041ec11 f i libucrt:output.obj
 0001:0001dc11       ??0?$output_adapter_data@DV?$string_output_adapter@D@__crt_stdio_output@@@__crt_stdio_output@@IAE@ABV?$string_output_adapter@D@1@_KQBDAAV__crt_cached_ptd_host@@QAD@Z 0041ec11 f i libucrt:output.obj
 0001:0001dc78       ??1formatting_buffer@__crt_stdio_output@@QAE@XZ 0041ec78 f i libucrt:output.obj
 0001:0001dc92       ??4?$__crt_unique_heap_ptr@DU__crt_internal_free_policy@@@@QAEAAV0@$$QAV0@@Z 0041ec92 f i libucrt:output.obj
 0001:0001dd52       ?crop_zeroes@__crt_stdio_output@@YAXPADQAU__crt_locale_pointers@@@Z 0041ed52 f i libucrt:output.obj
 0001:0001ddb2       ?find_next_state@?$output_processor@DV?$stream_output_adapter@D@__crt_stdio_output@@V?$standard_base@DV?$stream_output_adapter@D@__crt_stdio_output@@@2@@__crt_stdio_output@@ABE?AW4state@2@DW432@@Z 0041edb2 f i libucrt:output.obj
 0001:0001ddb2       ?find_next_state@?$output_processor@DV?$string_output_adapter@D@__crt_stdio_output@@V?$standard_base@DV?$string_output_adapter@D@__crt_stdio_output@@@2@@__crt_stdio_output@@ABE?AW4state@2@DW432@@Z 0041edb2 f i libucrt:output.obj
 0001:0001dded       ?force_decimal_point@__crt_stdio_output@@YAXPADQAU__crt_locale_pointers@@@Z 0041eded f i libucrt:output.obj
 0001:0001de49       ?parse_int_from_format_string@?$output_processor@DV?$stream_output_adapter@D@__crt_stdio_output@@V?$standard_base@DV?$stream_output_adapter@D@__crt_stdio_output@@@2@@__crt_stdio_output@@AAE_NQAH@Z 0041ee49 f i libucrt:output.obj
 0001:0001de49       ?parse_int_from_format_string@?$output_processor@DV?$string_output_adapter@D@__crt_stdio_output@@V?$standard_base@DV?$string_output_adapter@D@__crt_stdio_output@@@2@@__crt_stdio_output@@AAE_NQAH@Z 0041ee49 f i libucrt:output.obj
 0001:0001dec1       ?process@?$output_processor@DV?$stream_output_adapter@D@__crt_stdio_output@@V?$standard_base@DV?$stream_output_adapter@D@__crt_stdio_output@@@2@@__crt_stdio_output@@QAEHXZ 0041eec1 f i libucrt:output.obj
 0001:0001e171       ?process@?$output_processor@DV?$string_output_adapter@D@__crt_stdio_output@@V?$standard_base@DV?$string_output_adapter@D@__crt_stdio_output@@@2@@__crt_stdio_output@@QAEHXZ 0041f171 f i libucrt:output.obj
 0001:0001e445       ?state_case_size@?$output_processor@DV?$stream_output_adapter@D@__crt_stdio_output@@V?$standard_base@DV?$stream_output_adapter@D@__crt_stdio_output@@@2@@__crt_stdio_output@@AAE_NXZ 0041f445 f i libucrt:output.obj
 0001:0001e59e       ?state_case_size@?$output_processor@DV?$string_output_adapter@D@__crt_stdio_output@@V?$standard_base@DV?$string_output_adapter@D@__crt_stdio_output@@@2@@__crt_stdio_output@@AAE_NXZ 0041f59e f i libucrt:output.obj
 0001:0001e6f7       ?state_case_type@?$output_processor@DV?$stream_output_adapter@D@__crt_stdio_output@@V?$standard_base@DV?$stream_output_adapter@D@__crt_stdio_output@@@2@@__crt_stdio_output@@AAE_NXZ 0041f6f7 f i libucrt:output.obj
 0001:0001ea39       ?state_case_type@?$output_processor@DV?$string_output_adapter@D@__crt_stdio_output@@V?$standard_base@DV?$string_output_adapter@D@__crt_stdio_output@@@2@@__crt_stdio_output@@AAE_NXZ 0041fa39 f i libucrt:output.obj
 0001:0001ed98       ?to_integer_size@__crt_stdio_output@@YAIW4length_modifier@1@@Z 0041fd98 f i libucrt:output.obj
 0001:0001edec       ?type_case_Z@?$output_processor@DV?$stream_output_adapter@D@__crt_stdio_output@@V?$standard_base@DV?$stream_output_adapter@D@__crt_stdio_output@@@2@@__crt_stdio_output@@AAE_NXZ 0041fdec f i libucrt:output.obj
 0001:0001edec       ?type_case_Z@?$output_processor@DV?$string_output_adapter@D@__crt_stdio_output@@V?$standard_base@DV?$string_output_adapter@D@__crt_stdio_output@@@2@@__crt_stdio_output@@AAE_NXZ 0041fdec f i libucrt:output.obj
 0001:0001ee4f       ?type_case_a@?$output_processor@DV?$stream_output_adapter@D@__crt_stdio_output@@V?$standard_base@DV?$stream_output_adapter@D@__crt_stdio_output@@@2@@__crt_stdio_output@@AAE_NXZ 0041fe4f f i libucrt:output.obj
 0001:0001ee4f       ?type_case_a@?$output_processor@DV?$string_output_adapter@D@__crt_stdio_output@@V?$standard_base@DV?$string_output_adapter@D@__crt_stdio_output@@@2@@__crt_stdio_output@@AAE_NXZ 0041fe4f f i libucrt:output.obj
 0001:0001efe0       ?type_case_c_tchar@?$output_processor@DV?$stream_output_adapter@D@__crt_stdio_output@@V?$standard_base@DV?$stream_output_adapter@D@__crt_stdio_output@@@2@@__crt_stdio_output@@AAE_ND@Z 0041ffe0 f i libucrt:output.obj
 0001:0001efe0       ?type_case_c_tchar@?$output_processor@DV?$string_output_adapter@D@__crt_stdio_output@@V?$standard_base@DV?$string_output_adapter@D@__crt_stdio_output@@@2@@__crt_stdio_output@@AAE_ND@Z 0041ffe0 f i libucrt:output.obj
 0001:0001f075       ?type_case_n@?$output_processor@DV?$stream_output_adapter@D@__crt_stdio_output@@V?$standard_base@DV?$stream_output_adapter@D@__crt_stdio_output@@@2@@__crt_stdio_output@@AAE_NXZ 00420075 f i libucrt:output.obj
 0001:0001f075       ?type_case_n@?$output_processor@DV?$string_output_adapter@D@__crt_stdio_output@@V?$standard_base@DV?$string_output_adapter@D@__crt_stdio_output@@@2@@__crt_stdio_output@@AAE_NXZ 00420075 f i libucrt:output.obj
 0001:0001f0fa       ?type_case_o@?$output_processor@DV?$stream_output_adapter@D@__crt_stdio_output@@V?$standard_base@DV?$stream_output_adapter@D@__crt_stdio_output@@@2@@__crt_stdio_output@@AAE_NXZ 004200fa f i libucrt:output.obj
 0001:0001f0fa       ?type_case_o@?$output_processor@DV?$string_output_adapter@D@__crt_stdio_output@@V?$standard_base@DV?$string_output_adapter@D@__crt_stdio_output@@@2@@__crt_stdio_output@@AAE_NXZ 004200fa f i libucrt:output.obj
 0001:0001f117       ?type_case_p@?$output_processor@DV?$stream_output_adapter@D@__crt_stdio_output@@V?$standard_base@DV?$stream_output_adapter@D@__crt_stdio_output@@@2@@__crt_stdio_output@@AAE_NXZ 00420117 f i libucrt:output.obj
 0001:0001f117       ?type_case_p@?$output_processor@DV?$string_output_adapter@D@__crt_stdio_output@@V?$standard_base@DV?$string_output_adapter@D@__crt_stdio_output@@@2@@__crt_stdio_output@@AAE_NXZ 00420117 f i libucrt:output.obj
 0001:0001f12d       ?type_case_s@?$output_processor@DV?$stream_output_adapter@D@__crt_stdio_output@@V?$standard_base@DV?$stream_output_adapter@D@__crt_stdio_output@@@2@@__crt_stdio_output@@AAE_NXZ 0042012d f i libucrt:output.obj
 0001:0001f12d       ?type_case_s@?$output_processor@DV?$string_output_adapter@D@__crt_stdio_output@@V?$standard_base@DV?$string_output_adapter@D@__crt_stdio_output@@@2@@__crt_stdio_output@@AAE_NXZ 0042012d f i libucrt:output.obj
 0001:0001f19f       ?unget@?$c_string_character_source@D@__crt_strtox@@QAEXD@Z 0042019f f i libucrt:output.obj
 0001:0001f1c8       ?unget@?$c_string_character_source@_W@__crt_strtox@@QAEX_W@Z 004201c8 f i libucrt:output.obj
 0001:0001f200       ?update_locale_slow@__crt_cached_ptd_host@@AAEXXZ 00420200 f i libucrt:output.obj
 0001:0001f25b       ?validate@?$c_string_character_source@D@__crt_strtox@@QBE_NXZ 0042025b f i libucrt:output.obj
 0001:0001f25b       ?validate@?$c_string_character_source@_W@__crt_strtox@@QBE_NXZ 0042025b f i libucrt:output.obj
 0001:0001f276       ?validate@?$stream_output_adapter@D@__crt_stdio_output@@QBE_NAAV__crt_cached_ptd_host@@@Z 00420276 f i libucrt:output.obj
 0001:0001f2ae       ?validate@?$string_output_adapter@D@__crt_stdio_output@@QBE_NAAV__crt_cached_ptd_host@@@Z 004202ae f i libucrt:output.obj
 0001:0001f2df       ?validate_stream_is_ansi_if_required@?$__acrt_stdio_char_traits@D@@SA_NQAU_iobuf@@@Z 004202df f i libucrt:output.obj
 0001:0001f366       ?write_character@?$output_adapter_common@DV?$stream_output_adapter@D@__crt_stdio_output@@@__crt_stdio_output@@QBEXDQAHAAV__crt_cached_ptd_host@@@Z 00420366 f i libucrt:output.obj
 0001:0001f388       ?write_character_without_count_update@?$stream_output_adapter@D@__crt_stdio_output@@QBE_NDAAV__crt_cached_ptd_host@@@Z 00420388 f i libucrt:output.obj
 0001:0001f3c2       ?write_string@?$stream_output_adapter@D@__crt_stdio_output@@QBEXQBDHQAHAAV__crt_cached_ptd_host@@@Z 004203c2 f i libucrt:output.obj
 0001:0001f3ee       ?write_string@?$string_output_adapter@D@__crt_stdio_output@@QBEXQBDHQAHAAV__crt_cached_ptd_host@@@Z 004203ee f i libucrt:output.obj
 0001:0001f455       ?write_string_impl@?$output_adapter_common@DV?$stream_output_adapter@D@__crt_stdio_output@@@__crt_stdio_output@@IBEXQBDHQAHAAV__crt_cached_ptd_host@@@Z 00420455 f i libucrt:output.obj
 0001:0001f4d4       ___acrt_locale_get_ctype_array_value 004204d4 f i libucrt:output.obj
 0001:0001f4f6       ___stdio_common_vfprintf   004204f6 f   libucrt:output.obj
 0001:0001f59a       ___stdio_common_vsprintf   0042059a f   libucrt:output.obj
 0001:0001f6b1       __strtime                  004206b1 f   libucrt:strtime.obj
 0001:0001f6d0       _strncpy                   004206d0 f   libucrt:strncpy.obj
 0001:0001f7f4       _calloc                    004207f4 f   libucrt:calloc.obj
 0001:0001f800       _strncat                   00420800 f   libucrt:strncat.obj
 0001:0001f940       _strncmp                   00420940 f   libucrt:strncmp.obj
 0001:0001f9b8       ??$parse_integer@KV?$c_string_character_source@D@__crt_strtox@@$00@__crt_strtox@@YAKAAV__crt_cached_ptd_host@@V?$c_string_character_source@D@0@H_N@Z 004209b8 f i libucrt:atox.obj
 0001:0001fbff       ??$parse_integer@KV?$c_string_character_source@_W@__crt_strtox@@$00@__crt_strtox@@YAKAAV__crt_cached_ptd_host@@V?$c_string_character_source@_W@0@H_N@Z 00420bff f i libucrt:atox.obj
 0001:0002020d       __ischartype_l             0042120d f i libucrt:atox.obj
 0001:00020264       __wtol                     00421264 f   libucrt:atox.obj
 0001:000202a3       _atoi                      004212a3 f   libucrt:atox.obj
 0001:000202a3       _atol                      004212a3 f   libucrt:atox.obj
 0001:000202e2       ___acrt_initialize_stdio   004212e2 f   libucrt:_file.obj
 0001:000203aa       ___acrt_iob_func           004213aa f   libucrt:_file.obj
 0001:000203ba       ___acrt_uninitialize_stdio 004213ba f   libucrt:_file.obj
 0001:00020406       __get_stream_buffer_pointers 00421406 f   libucrt:_file.obj
 0001:0002044c       __lock_file                0042144c f   libucrt:_file.obj
 0001:00020460       __unlock_file              00421460 f   libucrt:_file.obj
 0001:0002058f       _system                    0042158f f   libucrt:system.obj
 0001:000206bf       _fclose                    004216bf f   libucrt:fclose.obj
 0001:00020928       ___acrt_stdio_flush_nolock 00421928 f   libucrt:fflush.obj
 0001:00020991       __fflush_nolock            00421991 f   libucrt:fflush.obj
 0001:000209f6       __flushall                 004219f6 f   libucrt:fflush.obj
 0001:000209ff       _fflush                    004219ff f   libucrt:fflush.obj
 0001:00020a52       __fgetc_nolock             00421a52 f   libucrt:fgetc.obj
 0001:00020a8e       _fgetc                     00421a8e f   libucrt:fgetc.obj
 0001:00020ba7       _fgetpos                   00421ba7 f   libucrt:fgetpos.obj
 0001:00020d36       __fputc_nolock_internal    00421d36 f   libucrt:fputc.obj
 0001:00020d63       _fputc                     00421d63 f   libucrt:fputc.obj
 0001:00020d97       __fread_nolock_s           00421d97 f   libucrt:fread.obj
 0001:00020f70       _fread                     00421f70 f   libucrt:fread.obj
 0001:00020f8d       _fread_s                   00421f8d f   libucrt:fread.obj
 0001:000210ab       _fsetpos                   004220ab f   libucrt:fsetpos.obj
 0001:000210e6       ?LongLongSub@@YAJ_J0PA_J@Z 004220e6 f i libucrt:fseek.obj
 0001:000213cf       __fseeki64                 004223cf f   libucrt:fseek.obj
 0001:000214b0       __fwrite_internal          004224b0 f   libucrt:fwrite.obj
 0001:00021527       __fwrite_nolock_internal   00422527 f   libucrt:fwrite.obj
 0001:000216ce       _fwrite                    004226ce f   libucrt:fwrite.obj
 0001:000218cc       _setvbuf                   004228cc f   libucrt:setvbuf.obj
 0001:00021906       __ungetc_nolock            00422906 f   libucrt:ungetc.obj
 0001:000219fa       _ungetc                    004229fa f   libucrt:ungetc.obj
 0001:00021a6d       ___acrt_initialize_locks   00422a6d f   libucrt:locks.obj
 0001:00021aae       ___acrt_lock               00422aae f   libucrt:locks.obj
 0001:00021ac5       ___acrt_uninitialize_locks 00422ac5 f   libucrt:locks.obj
 0001:00021af6       ___acrt_unlock             00422af6 f   libucrt:locks.obj
 0001:00021b0d       __lock_locales             00422b0d f   libucrt:locks.obj
 0001:00021b1b       __unlock_locales           00422b1b f   libucrt:locks.obj
 0001:00021b24       _malloc                    00422b24 f   libucrt:malloc.obj
 0001:00021d84       _setlocale                 00422d84 f   libucrt:setlocale.obj
 0001:00021dbc       ___pctype_func             00422dbc f   libucrt:ctype.obj
 0001:00021de0       _islower                   00422de0 f   libucrt:_ctype.obj
 0001:00021e70       _isupper                   00422e70 f   libucrt:_ctype.obj
 0001:00021ef4       ____lc_codepage_func       00422ef4 f   libucrt:initctype.obj
 0001:00021f19       ____lc_locale_name_func    00422f19 f   libucrt:initctype.obj
 0001:00021f40       ___acrt_locale_initialize_ctype 00422f40 f   libucrt:initctype.obj
 0001:0002239d       __wcsdup                   0042339d f   libucrt:wcsdup.obj
 0001:000223fc       _abort                     004233fc f   libucrt:abort.obj
 0001:00022440       ___acrt_errno_from_os_error 00423440 f   libucrt:errno.obj
 0001:00022483       ___acrt_errno_map_os_error 00423483 f   libucrt:errno.obj
 0001:000224a6       ___acrt_errno_map_os_error_ptd 004234a6 f   libucrt:errno.obj
 0001:000224ca       ___doserrno                004234ca f   libucrt:errno.obj
 0001:000224dd       __errno                    004234dd f   libucrt:errno.obj
 0001:000224f0       ??0_LocaleUpdate@@QAE@QAU__crt_locale_pointers@@@Z 004234f0 f i libucrt:strtod.obj
 0001:00022580       ?divide@__crt_strtox@@YA_KAAUbig_integer@1@ABU21@@Z 00423580 f i libucrt:strtod.obj
 0001:00022a30       _strcspn                   00423a30 f   libucrt:strcspn.obj
 0001:00022a76       ___strncnt                 00423a76 f   libucrt:strncnt.obj
[...]
 0002:0000bbd8       __sehtable$??$?RV<lambda_62491a2101a2aba6cc4a769149c84f1f>@@AAV<lambda_826c27fce7726908515bbc79a5266961>@@V<lambda_4e64bbd54b50a7b070e3ea8d795375b6>@@@?$__crt_seh_guarded_call@H@@QAEH$$QAV<lambda_62491a2101a2aba6cc4a769149c84f1f>@@AAV<lambda_826c27fce7726908515bbc79a5266961>@@$$QAV<lambda_4e64bbd54b50a7b070e3ea8d795375b6>@@@Z 00443bd8     libucrt:output.obj
 0002:0000bbf8       __sehtable$?_fclose_internal@@YAHQAU_iobuf@@AAV__crt_cached_ptd_host@@@Z 00443bf8     libucrt:fclose.obj
 0002:0000bc18       __sehtable$??$?RV<lambda_2866be3712abc81a800a822484c830d8>@@AAV<lambda_39ca0ed439415581b5b15c265174cece>@@V<lambda_2b24c74d71094a6cd0cb82e44167d71b>@@@?$__crt_seh_guarded_call@X@@QAEX$$QAV<lambda_2866be3712abc81a800a822484c830d8>@@AAV<lambda_39ca0ed439415581b5b15c265174cece>@@$$QAV<lambda_2b24c74d71094a6cd0cb82e44167d71b>@@@Z 00443c18     libucrt:fflush.obj
 0002:0000bc38       __sehtable$??$?RV<lambda_2cc53f568c5a2bb6f192f930a45d44ea>@@AAV<lambda_ab61a845afdef5b7c387490eaf3616ee>@@V<lambda_c2ffc0b7726aa6be21d5f0026187e748>@@@?$__crt_seh_guarded_call@X@@QAEX$$QAV<lambda_2cc53f568c5a2bb6f192f930a45d44ea>@@AAV<lambda_ab61a845afdef5b7c387490eaf3616ee>@@$$QAV<lambda_c2ffc0b7726aa6be21d5f0026187e748>@@@Z 00443c38     libucrt:fflush.obj
 0002:0000bc58       __sehtable$??$?RV<lambda_6d20deecaf4856105ebacbad442d1079>@@AAV<lambda_9a32fed5bf61b6b509b2d3f6003082a1>@@V<lambda_63ea2239ed67c638ddbae41947fdf875>@@@?$__crt_seh_guarded_call@H@@QAEH$$QAV<lambda_6d20deecaf4856105ebacbad442d1079>@@AAV<lambda_9a32fed5bf61b6b509b2d3f6003082a1>@@$$QAV<lambda_63ea2239ed67c638ddbae41947fdf875>@@@Z 00443c58     libucrt:fflush.obj
 0002:0000bc78       __sehtable$_fgetc          00443c78     libucrt:fgetc.obj
 0002:0000bc98       __sehtable$?_fputc_internal@@YAHHQAU_iobuf@@AAV__crt_cached_ptd_host@@@Z 00443c98     libucrt:fputc.obj
 0002:0000bcb8       __sehtable$_fread_s        00443cb8     libucrt:fread.obj
 0002:0000bcd8       __sehtable$?common_fseek@@YAHV__crt_stdio_stream@@_JHAAV__crt_cached_ptd_host@@@Z 00443cd8     libucrt:fseek.obj
 0002:0000bcf8       __sehtable$??$?RV<lambda_76055cf4b68c1f980da8b7496a3ae623>@@AAV<lambda_26974eb511f701c600fccfa2a97a8e1b>@@V<lambda_0062726809bb3c529c0733aa37379daf>@@@?$__crt_seh_guarded_call@I@@QAEI$$QAV<lambda_76055cf4b68c1f980da8b7496a3ae623>@@AAV<lambda_26974eb511f701c600fccfa2a97a8e1b>@@$$QAV<lambda_0062726809bb3c529c0733aa37379daf>@@@Z 00443cf8     libucrt:fwrite.obj
 0002:0000bd18       __sehtable$??$?RV<lambda_c390c0748f48a7db46f6ce5cc3c796da>@@AAV<lambda_703a5c3f7c88128b7f5f7a8861b0a6e0>@@V<lambda_c16a91f8771b304e2b1164fb4c043437>@@@?$__crt_seh_guarded_call@H@@QAEH$$QAV<lambda_c390c0748f48a7db46f6ce5cc3c796da>@@AAV<lambda_703a5c3f7c88128b7f5f7a8861b0a6e0>@@$$QAV<lambda_c16a91f8771b304e2b1164fb4c043437>@@@Z 00443d18     libucrt:setvbuf.obj
 0002:0000bd38       __sehtable$_ungetc         00443d38     libucrt:ungetc.obj
 0002:0000bd58       __sehtable$??$?RV<lambda_f5952838e36297a1e2e9d6c748429792>@@AAV<lambda_2116bde18c9e5f34230805ea4a4660ed>@@V<lambda_3c7107de1cc98bf330a3031f42c322a3>@@@?$__crt_seh_guarded_call@PAD@@QAEPAD$$QAV<lambda_f5952838e36297a1e2e9d6c748429792>@@AAV<lambda_2116bde18c9e5f34230805ea4a4660ed>@@$$QAV<lambda_3c7107de1cc98bf330a3031f42c322a3>@@@Z 00443d58     libucrt:setlocale.obj
 0002:0000bd78       __sehtable$__query_new_handler 00443d78     libucrt:new_handler.obj
 0002:0000bd98       __sehtable$??R<lambda_6e4b09c48022b2350581041d5f6b0c4c>@@QBE@XZ 00443d98     libucrt:exit.obj
 0002:0000bdb8       __sehtable$??$?RV<lambda_03b1d95aef87969028cfba75ccab2455>@@AAV<lambda_6e4b09c48022b2350581041d5f6b0c4c>@@V<lambda_22bdf7517842c4b3e53723af5aa32b9e>@@@?$__crt_seh_guarded_call@X@@QAEX$$QAV<lambda_03b1d95aef87969028cfba75ccab2455>@@AAV<lambda_6e4b09c48022b2350581041d5f6b0c4c>@@$$QAV<lambda_22bdf7517842c4b3e53723af5aa32b9e>@@@Z 00443db8     libucrt:exit.obj
 0002:0000bdd4       __unwindtable$___dcrt_uninitialize_environments_nolock 00443dd4     libucrt:environment_initialization.obj
 0002:0000bde4       __ehfuncinfo$___dcrt_uninitialize_environments_nolock 00443de4     libucrt:environment_initialization.obj
 0002:0000be08       __sehtable$??$?RV<lambda_8e746cf0007f6ed984d6f78af1fec997>@@AAV<lambda_22ebabd17bc4fa466a2aca6d8deb888d>@@V<lambda_18ed0c0b38a6dc0daf1e7ac6d6adf05e>@@@?$__crt_seh_guarded_call@H@@QAEH$$QAV<lambda_8e746cf0007f6ed984d6f78af1fec997>@@AAV<lambda_22ebabd17bc4fa466a2aca6d8deb888d>@@$$QAV<lambda_18ed0c0b38a6dc0daf1e7ac6d6adf05e>@@@Z 00443e08     libucrt:onexit.obj
 0002:0000be28       __sehtable$??$?RV<lambda_69a2805e680e0e292e8ba93315fe43a8>@@AAV<lambda_f03950bc5685219e0bcd2087efbe011e>@@V<lambda_03fcd07e894ec930e3f35da366ca99d6>@@@?$__crt_seh_guarded_call@H@@QAEH$$QAV<lambda_69a2805e680e0e292e8ba93315fe43a8>@@AAV<lambda_f03950bc5685219e0bcd2087efbe011e>@@$$QAV<lambda_03fcd07e894ec930e3f35da366ca99d6>@@@Z 00443e28     libucrt:onexit.obj
 0002:0000be48       __sehtable$??$?RV<lambda_e5124f882df8998aaf41531e079ba474>@@AAV<lambda_3e16ef9562a7dcce91392c22ab16ea36>@@V<lambda_e25ca0880e6ef98be67edffd8c599615>@@@?$__crt_seh_guarded_call@X@@QAEX$$QAV<lambda_e5124f882df8998aaf41531e079ba474>@@AAV<lambda_3e16ef9562a7dcce91392c22ab16ea36>@@$$QAV<lambda_e25ca0880e6ef98be67edffd8c599615>@@@Z 00443e48     libucrt:wsetlocale.obj
 0002:0000be68       __sehtable$??$?RV<lambda_4fdada1b837b2abbf20876fac97688ad>@@AAV<lambda_b57350f2640456a0859d250846f69caf>@@V<lambda_eed5e4f92b5b7d55fa22c48c484aaa54>@@@?$__crt_seh_guarded_call@X@@QAEX$$QAV<lambda_4fdada1b837b2abbf20876fac97688ad>@@AAV<lambda_b57350f2640456a0859d250846f69caf>@@$$QAV<lambda_eed5e4f92b5b7d55fa22c48c484aaa54>@@@Z 00443e68     libucrt:wsetlocale.obj
 0002:0000be88       __sehtable$??$?RV<lambda_ac03c5d59bd18b09cb88b28331f6bfed>@@AAV<lambda_2a444430fde8c29194d880d93eed5e8f>@@AAV<lambda_02db5278e8aef8b5e4976579d73f5304>@@@?$__crt_seh_guarded_call@X@@QAEX$$QAV<lambda_ac03c5d59bd18b09cb88b28331f6bfed>@@AAV<lambda_2a444430fde8c29194d880d93eed5e8f>@@AAV<lambda_02db5278e8aef8b5e4976579d73f5304>@@@Z 00443e88     libucrt:wsetlocale.obj
 0002:0000bea8       __sehtable$_terminate      00443ea8     libucrt:terminate.obj
 0002:0000bec8       __sehtable$??$?RV<lambda_15ade71b0218206bbe3333a0c9b79046>@@AAV<lambda_da44e0f8b0f19ba52fefafb335991732>@@V<lambda_207f2d024fc103971653565357d6cd41>@@@?$__crt_seh_guarded_call@X@@QAEX$$QAV<lambda_15ade71b0218206bbe3333a0c9b79046>@@AAV<lambda_da44e0f8b0f19ba52fefafb335991732>@@$$QAV<lambda_207f2d024fc103971653565357d6cd41>@@@Z 00443ec8     libucrt:per_thread_data.obj
 0002:0000bee8       __sehtable$??$?RV<lambda_a7e850c220f1c8d1e6efeecdedd162c6>@@AAV<lambda_46720907175c18b6c9d2717bc0d2d362>@@V<lambda_9048902d66e8d99359bc9897bbb930a8>@@@?$__crt_seh_guarded_call@X@@QAEX$$QAV<lambda_a7e850c220f1c8d1e6efeecdedd162c6>@@AAV<lambda_46720907175c18b6c9d2717bc0d2d362>@@$$QAV<lambda_9048902d66e8d99359bc9897bbb930a8>@@@Z 00443ee8     libucrt:per_thread_data.obj
 0002:0000bf08       __sehtable$??$?RV<lambda_38edbb1296d33220d7e4dd0ed76b244a>@@AAV<lambda_5ce1d447e08cb34b2473517608e21441>@@V<lambda_fb385d3da700c9147fc39e65dd577a8c>@@@?$__crt_seh_guarded_call@X@@QAEX$$QAV<lambda_38edbb1296d33220d7e4dd0ed76b244a>@@AAV<lambda_5ce1d447e08cb34b2473517608e21441>@@$$QAV<lambda_fb385d3da700c9147fc39e65dd577a8c>@@@Z 00443f08     libucrt:per_thread_data.obj
 0002:0000bf28       __sehtable$??$?RV<lambda_6affb1475c98b40b75cdec977db92e3c>@@AAV<lambda_b8d4b9c228a6ecc3f80208dbb4b4a104>@@V<lambda_608742c3c92a14382c1684fc64f96c88>@@@?$__crt_seh_guarded_call@X@@QAEX$$QAV<lambda_6affb1475c98b40b75cdec977db92e3c>@@AAV<lambda_b8d4b9c228a6ecc3f80208dbb4b4a104>@@$$QAV<lambda_608742c3c92a14382c1684fc64f96c88>@@@Z 00443f28     libucrt:per_thread_data.obj
 0002:0000bf48       __sehtable$___acrt_initialize_lowio 00443f48     libucrt:ioinit.obj
 0002:0000bf68       __sehtable$??$?RV<lambda_6b4b7855443974f2b4b77000ea21c99c>@@AAV<lambda_8f7d3b162ab39427f4fa9995c67a7986>@@V<lambda_cc9a5ba8a5d8428b9634eab82665e5dc>@@@?$__crt_seh_guarded_call@H@@QAEH$$QAV<lambda_6b4b7855443974f2b4b77000ea21c99c>@@AAV<lambda_8f7d3b162ab39427f4fa9995c67a7986>@@$$QAV<lambda_cc9a5ba8a5d8428b9634eab82665e5dc>@@@Z 00443f68     libucrt:winapi_thunks.obj
 0002:0000bf88       __sehtable$__fcloseall     00443f88     libucrt:closeall.obj
 0002:0000bfa8       __sehtable$??$common_dupenv_s@D@@YAHQAPADQAIQBDH2H@Z 00443fa8     libucrt:getenv.obj
 0002:0000bfc8       __sehtable$??$?RV<lambda_1f7e3ac85ca3635646511ad93ac0febe>@@AAV<lambda_555255fdfb9471e5fa7bfca50021c162>@@V<lambda_24f51f8b0c33fe186c624e6675644b7a>@@@?$__crt_seh_guarded_call@_N@@QAE_N$$QAV<lambda_1f7e3ac85ca3635646511ad93ac0febe>@@AAV<lambda_555255fdfb9471e5fa7bfca50021c162>@@$$QAV<lambda_24f51f8b0c33fe186c624e6675644b7a>@@@Z 00443fc8     libucrt:spawnv.obj
 0002:0000bfe8       __sehtable$??$?RV<lambda_d422a76eb4c3bf3ad751449ab71a6ea4>@@AAV<lambda_c9ba49e555ba839a7b07aa3fbecb7617>@@V<lambda_9476263c8ee91a25d21c55370bdb50de>@@@?$__crt_seh_guarded_call@H@@QAEH$$QAV<lambda_d422a76eb4c3bf3ad751449ab71a6ea4>@@AAV<lambda_c9ba49e555ba839a7b07aa3fbecb7617>@@$$QAV<lambda_9476263c8ee91a25d21c55370bdb50de>@@@Z 00443fe8     libucrt:close.obj
 0002:0000c008       __sehtable$??$?RV<lambda_9e9de3de5fa147e2223d7db92bc10aa6>@@AAV<lambda_38ce7e780aa69e748d6df282ebc68efe>@@V<lambda_8ca6da459f0f6780f1cff60fdc3d00e5>@@@?$__crt_seh_guarded_call@H@@QAEH$$QAV<lambda_9e9de3de5fa147e2223d7db92bc10aa6>@@AAV<lambda_38ce7e780aa69e748d6df282ebc68efe>@@$$QAV<lambda_8ca6da459f0f6780f1cff60fdc3d00e5>@@@Z 00444008     libucrt:commit.obj
 0002:0000c028       __sehtable$__write_internal 00444028     libucrt:write.obj
 0002:0000c048       __sehtable$??$common_ftell@_J@@YA_JV__crt_stdio_stream@@AAV__crt_cached_ptd_host@@@Z 00444048     libucrt:ftell.obj
 0002:0000c068       __sehtable$__read          00444068     libucrt:read.obj
 0002:0000c088       __sehtable$??$common_lseek@_J@@YA_JH_JHAAV__crt_cached_ptd_host@@@Z 00444088     libucrt:lseek.obj
 0002:0000c0a8       __sehtable$_raise          004440a8     libucrt:signal.obj
 0002:0000c0c8       __sehtable$??$?RV<lambda_cbab9ec6f41b0180b23cc171c22676b0>@@AAV<lambda_44731a7d0e6d81c3e6aa82d741081786>@@V<lambda_4b292cb8dd18144e164572427af410ab>@@@?$__crt_seh_guarded_call@P6AXH@Z@@QAEP6AXH@Z$$QAV<lambda_cbab9ec6f41b0180b23cc171c22676b0>@@AAV<lambda_44731a7d0e6d81c3e6aa82d741081786>@@$$QAV<lambda_4b292cb8dd18144e164572427af410ab>@@@Z 004440c8     libucrt:signal.obj
 0002:0000c0e8       __sehtable$___set_fpsr_sse2 004440e8     libucrt:fpctrl.obj
 0002:0000c108       __sehtable$?update_thread_multibyte_data_internal@@YAPAU__crt_multibyte_data@@QAU__acrt_ptd@@QAPAU1@@Z 00444108     libucrt:mbctype.obj
 0002:0000c128       __sehtable$??$?RV<lambda_ceb1ee4838e85a9d631eb091e2fbe199>@@AAV<lambda_ae742caa10f662c28703da3d2ea5e57e>@@V<lambda_cd08b5d6af4937fe54fc07d0c9bf6b37>@@@?$__crt_seh_guarded_call@X@@QAEX$$QAV<lambda_ceb1ee4838e85a9d631eb091e2fbe199>@@AAV<lambda_ae742caa10f662c28703da3d2ea5e57e>@@$$QAV<lambda_cd08b5d6af4937fe54fc07d0c9bf6b37>@@@Z 00444128     libucrt:mbctype.obj
 0002:0000c148       __sehtable$___acrt_lowio_ensure_fh_exists 00444148     libucrt:osfinfo.obj
 0002:0000c168       __sehtable$___acrt_update_thread_locale_data 00444168     libucrt:locale_refcounting.obj
 0002:0000c188       __sehtable$__IsNonwritableInCurrentImage 00444188     LIBCMT:pesect.obj
 0002:0000c514       .idata$6                   00444514     libmysql:libmysql.dll
 0002:0000c63c       .idata$6                   0044463c     kernel32:KERNEL32.dll
 0002:0000c6dc       .idata$6                   004446dc     user32:USER32.dll
 0002:0000c6fa       .idata$6                   004446fa     gdi32:GDI32.dll
 0002:0000c750       .idata$6                   00444750     BugTrap:BugTrap.dll
 0002:0000c75c       .idata$6                   0044475c     WS2_32:WS2_32.dll
 0003:00000008       ?init@std@@3JA             00445008     libcpmt:xlock.obj
 0003:00000010       ?atcount_cdecl@@3IA        00445010     libcpmt:iosptrs.obj
 0003:000000b0       ?__vcrt_flsindex@@3KA      004450b0     libvcruntime:per_thread_data.obj
 0003:00000184       ?errno_no_memory@@3HA      00445184     libucrt:errno.obj
 0003:00000188       ?doserrno_no_memory@@3KA   00445188     libucrt:errno.obj
 0003:000001ec       __ctype_loc_style          004451ec     libucrt:wsetlocale.obj
 0003:000001f0       ?__acrt_flsindex@@3KA      004451f0     libucrt:per_thread_data.obj
 0003:000002f8       ?tzstd_program@@3PADA      004452f8     libucrt:timeset.obj
 0003:00000338       ?tzdst_program@@3PADA      00445338     libucrt:timeset.obj
 0003:00000378       ?w_tzstd_program@@3PA_WA   00445378     libucrt:timeset.obj
 0003:000003f8       ?w_tzdst_program@@3PA_WA   004453f8     libucrt:timeset.obj
 0003:00000478       ?tzname_states@@3PAY01PADA 00445478     libucrt:timeset.obj
 0003:00000480       ?w_tzname_states@@3PAY01PA_WA 00445480     libucrt:timeset.obj
 0003:0000058c       ?__DAZ_ENABLED@?1??__set_fpsr_sse2@@9@9 0044558c     libucrt:fpctrl.obj
 0003:000007b0       __mbctypes                 004457b0     libucrt:mbctype.obj
 0003:000008b8       __mbcasemaps               004458b8     libucrt:mbctype.obj
 0003:000009b8       ?__rgctypeflag@@3PADA      004459b8     libucrt:mbctype.obj
 0003:000009c0       ?__rgcode_page_info@@3PAUcode_page_info@@A 004459c0     libucrt:mbctype.obj
 0003:00000ab0       ?__dcrt_lowio_console_output_handle@@3PAXA 00445ab0     libucrt:initcon.obj
 0003:00000ec8       ?s_kProgramLog@?1??__LogMgr@@YAPAVR_ProLog@@XZ@4V2@A 00445ec8     TimeLog.obj
 0003:000026e8       ?$TSS0@?1??__LogMgr@@YAPAVR_ProLog@@XZ@4HA 004476e8     TimeLog.obj
 0003:057f3e40       ?initlocks@@3V_Init_locks@std@@A 05c38e40     libcpmt:cout.obj
 0003:057f3e41       ?init_cout@std@@3U_Init_cout@1@A 05c38e41     libcpmt:cout.obj
 0003:057f3e98       ?fout@std@@3V?$basic_filebuf@DU?$char_traits@D@std@@@1@A 05c38e98     libcpmt:cout.obj
 0003:057f3f08       ?initlocks@std@@3V_Init_locks@1@A 05c38f08     libcpmt:xlock.obj
 0003:057f3f10       ?mtx@std@@3PAU_RTL_CRITICAL_SECTION@@A 05c38f10     libcpmt:xlock.obj
 0003:057f3fec       ?classic_locale@std@@3Vlocale@1@A 05c38fec     libcpmt:locale0.obj
 0003:057f3ff4       ?_Fac_head@std@@3PAU_Fac_node@1@A 05c38ff4     libcpmt:locale0.obj
 0003:057f3ff8       ?_Fac_tidy_reg@std@@3U_Fac_tidy_reg_t@1@B 05c38ff8     libcpmt:locale0.obj
 0003:057f3ffc       _global_locale             05c38ffc     libcpmt:locale0.obj
 0003:057f4000       ?registered@?1??_Setgloballocale@locale@std@@CAXPAX@Z@4_NA 05c39000     libcpmt:locale0.obj
 0003:057f4008       ?stdstr@std@@3PAPAVios_base@1@A 05c39008     libcpmt:ios.obj
 0003:057f4030       ?stdopens@std@@3PADA       05c39030     libcpmt:ios.obj
 0003:057f405c       ?initlocks@std@@3V_Init_locks@1@A 05c3905c     libcpmt:iosptrs.obj
 0003:057f405d       ?init_atexit@@3U_Init_atexit@@A 05c3905d     libcpmt:iosptrs.obj
 0003:057f4060       ?atfuns_cdecl@@3PAP6AXXZA  05c39060     libcpmt:iosptrs.obj
 0003:057f4114       ?is_initialized_as_dll@@3_NA 05c39114     LIBCMT:utility.obj
 0003:057f4115       ?module_local_atexit_table_initialized@@3_NA 05c39115     LIBCMT:utility.obj
 0003:057f4118       ?module_local_atexit_table@@3U_onexit_table_t@@A 05c39118     LIBCMT:utility.obj
 0003:057f4124       ?module_local_at_quick_exit_table@@3U_onexit_table_t@@A 05c39124     LIBCMT:utility.obj
 0003:057f4130       _GS_ExceptionRecord        05c39130     LIBCMT:gs_report.obj
 0003:057f4180       _GS_ContextRecord          05c39180     LIBCMT:gs_report.obj
 0003:057f444c       ?g_tss_cv@@3U_RTL_CONDITION_VARIABLE@@A 05c3944c     LIBCMT:thread_safe_statics.obj
 0003:057f4450       ?g_tss_srw@@3U_RTL_SRWLOCK@@A 05c39450     LIBCMT:thread_safe_statics.obj
 0003:057f447c       ?__vcrt_startup_thread_ptd@@3U__vcrt_ptd@@A 05c3947c     libvcruntime:per_thread_data.obj
 0003:057f44a8       ___vcrt_lock_table         05c394a8     libvcruntime:locks.obj
 0003:057f44c0       ___vcrt_locks_initialized  05c394c0     libvcruntime:locks.obj
 0003:057f44ec       ?heap@@3V_HeapManager@@A   05c394ec     libvcruntime:undname.obj
 0003:057f4500       ?module_handles@@3PAPAUHINSTANCE__@@A 05c39500     libvcruntime:winapi_downlevel.obj
 0003:057f450c       ?function_pointers@@3PAPAXA 05c3950c     libvcruntime:winapi_downlevel.obj
 0003:057f4520       ?__acrt_invalid_parameter_handler@@3V?$dual_state_global@P6AXPB_W00II@Z@__crt_state_management@@A 05c39520     libucrt:invalid_parameter.obj
 0003:057f4530       ?__acrt_lock_table@@3PAU_RTL_CRITICAL_SECTION@@A 05c39530     libucrt:locks.obj
 0003:057f4680       ?__acrt_locks_initialized@@3IA 05c39680     libucrt:locks.obj
 0003:057f468c       ?__acrt_new_handler@@3V?$dual_state_global@P6AHI@Z@__crt_state_management@@A 05c3968c     libucrt:new_handler.obj
 0003:057f4690       ?c_termination_complete@@3JA 05c39690     libucrt:exit.obj
 0003:057f4694       ?thread_local_exit_callback_func@@3P6GXPAXK0@ZA 05c39694     libucrt:exit.obj
 0003:057f4698       ?c_exit_complete@?1???R<lambda_6e4b09c48022b2350581041d5f6b0c4c>@@QBE@XZ@4_NA 05c39698     libucrt:exit.obj
 0003:057f46a0       ?program_name@?1???$common_configure_argv@D@@YAHW4_crt_argv_mode@@@Z@4PADA 05c396a0     libucrt:argv_parsing.obj
 0003:057f47d0       ?__acrt_app_type@@3W4_crt_app_type@@A 05c397d0     libucrt:report_runtime_error.obj
 0003:057f47d4       ?user_matherr@@3V?$dual_state_global@P6AHPAU_exception@@@Z@__crt_state_management@@A 05c397d4     libucrt:matherr.obj
 0003:057f47f4       ?__acrt_global_new_mode@@3V?$dual_state_global@J@__crt_state_management@@A 05c397f4     libucrt:new_mode.obj
 0003:057f4800       ?internal_state@?1??_mbtowc_internal@@9@4U_Mbstatet@@A 05c39800     libucrt:mbtowc.obj
 0003:057f4808       ?enable_percent_n@@3IA     05c39808     libucrt:printf_count_output.obj
 0003:057f4a28       ?_tzname@@3V?$dual_state_global@PAPAD@__crt_state_management@@A 05c39a28     libucrt:timeset.obj
 0003:057f4a2c       ?w_tzname@@3V?$dual_state_global@PAPA_W@__crt_state_management@@A 05c39a2c     libucrt:timeset.obj
 0003:057f4a30       ?tz_api_used@@3HA          05c39a30     libucrt:tzset.obj
 0003:057f4a34       ?tzset_init_state@@3V?$dual_state_global@J@__crt_state_management@@A 05c39a34     libucrt:tzset.obj
 0003:057f4a38       ?tz_info@@3U_TIME_ZONE_INFORMATION@@A 05c39a38     libucrt:tzset.obj
 0003:057f4ae8       ?module_handles@@3PAPAUHINSTANCE__@@A 05c39ae8     libucrt:winapi_thunks.obj
 0003:057f4b40       ?encoded_function_pointers@@3PAPAXA 05c39b40     libucrt:winapi_thunks.obj
 0003:057f4bcc       ?static_enum_proc@?1??enum_system_locales_ex_nolock@@YAHQ6GHPA_WKJ@Z@Z@4P6GH0KJ@ZA 05c39bcc     libucrt:winapi_thunks.obj
 0003:057f4bd0       ?ctrlc_action@@3V?$dual_state_global@P6AXH@Z@__crt_state_management@@A 05c39bd0     libucrt:signal.obj
 0003:057f4bd4       ?ctrlbreak_action@@3V?$dual_state_global@P6AXH@Z@__crt_state_management@@A 05c39bd4     libucrt:signal.obj
 0003:057f4bd8       ?abort_action@@3V?$dual_state_global@P6AXH@Z@__crt_state_management@@A 05c39bd8     libucrt:signal.obj
 0003:057f4bdc       ?term_action@@3V?$dual_state_global@P6AXH@Z@__crt_state_management@@A 05c39bdc     libucrt:signal.obj
 0003:057f4bec       ?fSystemSet@@3HA           05c39bec     libucrt:mbctype.obj
 0003:057f4bf0       ?initialized@?1??__acrt_initialize_multibyte@@9@4_NA 05c39bf0     libucrt:mbctype.obj
 0003:057f4bfc       ?internal_pst@?1??__mbrtoc32_utf8@__crt_mbstring@@YAIPA_UPBDIPAU_Mbstatet@@AAV__crt_cached_ptd_host@@@Z@4U3@A 05c39bfc     libucrt:mbrtoc32.obj
 0003:057f4c04       ?internal_pst@?1??__c16rtomb_utf8@__crt_mbstring@@YAIPAD_SPAU_Mbstatet@@AAV__crt_cached_ptd_host@@@Z@4U3@A 05c39c04     libucrt:c16rtomb.obj
 0003:057f4c10       __pmatherr_set             05c39c10     libucrt:libm_error.obj
 0004:00000060       $R000000                   05c3a060     * linker generated manifest res *

 Exports

  ordinal    name

