 TS2SHOP

 Timestamp is 65b1ed45 (Thu Jan 25 08:10:29 2024)

 Preferred load address is 00400000

 Start         Length     Name                   Class
 0001:00000000 00000140H .text$di                CODE
 0001:00000140 00024630H .text$mn                CODE
 0001:00024770 000004b0H .text$x                 CODE
 0001:00024c20 00000088H .text$yd                CODE
 0002:00000000 0000020cH .idata$5                DATA
 0002:0000020c 00000008H .00cfg                  DATA
 0002:00000214 00000004H .CRT$XCA                DATA
 0002:00000218 00000004H .CRT$XCAA               DATA
 0002:0000021c 0000001cH .CRT$XCC                DATA
 0002:00000238 00000008H .CRT$XCL                DATA
 0002:00000240 00000004H .CRT$XCU                DATA
 0002:00000244 00000004H .CRT$XCZ                DATA
 0002:00000248 00000004H .CRT$XIA                DATA
 0002:0000024c 00000004H .CRT$XIAA               DATA
 0002:00000250 00000004H .CRT$XIAC               DATA
 0002:00000254 00000014H .CRT$XIC                DATA
 0002:00000268 00000004H .CRT$XIZ                DATA
 0002:0000026c 00000004H .CRT$XLA                DATA
 0002:00000270 00000004H .CRT$XLZ                DATA
 0002:00000274 00000004H .CRT$XPA                DATA
 0002:00000278 00000008H .CRT$XPX                DATA
 0002:00000280 00000004H .CRT$XPXA               DATA
 0002:00000284 00000004H .CRT$XPZ                DATA
 0002:00000288 00000004H .CRT$XTA                DATA
 0002:0000028c 00000014H .CRT$XTZ                DATA
 0002:00000290 00000000H .gfids$y                DATA
 0002:000002a0 000082e0H .rdata                  DATA
 0002:00008580 00000000H .rdata$CastGuardVftablesA DATA
 0002:00008580 00000000H .rdata$CastGuardVftablesC DATA
 0002:00008580 00000018H .rdata$T                DATA
 0002:00008598 000008a8H .rdata$r                DATA
 0002:00008e40 0000007cH .rdata$sxdata           DATA
 0002:00008ebc 00000310H .rdata$voltmd           DATA
 0002:000091cc 00000454H .rdata$zzzdbg           DATA
 0002:00009620 00000004H .rtc$IAA                DATA
 0002:00009624 00000004H .rtc$IZZ                DATA
 0002:00009628 00000004H .rtc$TAA                DATA
 0002:0000962c 00000004H .rtc$TZZ                DATA
 0002:00009630 00000004H .tls                    DATA
 0002:00009634 00000004H .tls$                   DATA
 0002:00009638 00000008H .tls$ZZZ                DATA
 0002:00009640 00000d24H .xdata$x                DATA
 0002:0000a364 00000000H .edata                  DATA
 0002:0000a364 00000064H .idata$2                DATA
 0002:0000a3c8 00000014H .idata$3                DATA
 0002:0000a3dc 0000020cH .idata$4                DATA
 0002:0000a5e8 0000083cH .idata$6                DATA
 0003:00000000 00000ad0H .data                   DATA
 0003:00000ad0 00000160H .data$r                 DATA
 0003:00000c30 000002a0H .data$rs                DATA
 0003:00000ed0 0003aa48H .bss                    DATA
 0004:00000000 00000060H .rsrc$01                DATA
 0004:00000060 00000180H .rsrc$02                DATA

  Address         Publics by Value              Rva+Base       Lib:Object

 0000:00000000       ___AbsoluteZero            00000000     <absolute>
 0000:00000000       ___arm64x_extra_rfe_table  00000000     <absolute>
 0000:00000000       ___arm64x_extra_rfe_table_size 00000000     <absolute>
 0000:00000000       ___arm64x_native_entrypoint 00000000     <absolute>
 0000:00000000       ___arm64x_redirection_metadata 00000000     <absolute>
 0000:00000000       ___arm64x_redirection_metadata_count 00000000     <absolute>
 0000:00000000       ___dynamic_value_reloc_table 00000000     <absolute>
 0000:00000000       ___enclave_config          00000000     <absolute>
 0000:00000000       ___guard_check_icall_a64n_fptr 00000000     <absolute>
 0000:00000000       ___guard_eh_cont_count     00000000     <absolute>
 0000:00000000       ___guard_eh_cont_table     00000000     <absolute>
 0000:00000000       ___guard_fids_count        00000000     <absolute>
 0000:00000000       ___guard_fids_table        00000000     <absolute>
 0000:00000000       ___guard_iat_count         00000000     <absolute>
 0000:00000000       ___guard_iat_table         00000000     <absolute>
 0000:00000000       ___guard_longjmp_count     00000000     <absolute>
 0000:00000000       ___guard_longjmp_table     00000000     <absolute>
 0000:00000000       ___hybrid_auxiliary_delayload_iat 00000000     <absolute>
 0000:00000000       ___hybrid_auxiliary_delayload_iat_copy 00000000     <absolute>
 0000:00000000       ___hybrid_auxiliary_iat    00000000     <absolute>
 0000:00000000       ___hybrid_auxiliary_iat_copy 00000000     <absolute>
 0000:00000000       ___hybrid_code_map         00000000     <absolute>
 0000:00000000       ___hybrid_code_map_count   00000000     <absolute>
 0000:00000000       ___hybrid_image_info_bitfield 00000000     <absolute>
 0000:00000000       ___x64_code_ranges_to_entry_points 00000000     <absolute>
 0000:00000000       ___x64_code_ranges_to_entry_points_count 00000000     <absolute>
 0000:00000000       __except_list              00000000     <absolute>
 0000:0000001f       ___safe_se_handler_count   0000001f     <absolute>
 0000:0000002c       __tls_array                0000002c     <absolute>
 0000:00000100       ___guard_flags             00000100     <absolute>
 0000:00000000       ___ImageBase               00400000     <linker-defined>
 0001:00000140       ??$_Allocate_for_capacity@$0A@@?$basic_string@DU?$char_traits@D@std@@V?$allocator@D@2@@std@@CAPADAAV?$allocator@D@1@AAI@Z 00401140 f i cts_mysql.obj
 0001:000001a0       ??$_Allocate_manually_vector_aligned@U_Default_allocate_traits@std@@@std@@YAPAXI@Z 004011a0 f i cts_mysql.obj
 0001:000001d0       ??0CMySQL@@QAE@XZ          004011d0 f   cts_mysql.obj
 0001:00000250       ??0bad_alloc@std@@QAE@ABV01@@Z 00401250 f i cts_mysql.obj
 0001:00000290       ??0bad_array_new_length@std@@QAE@ABV01@@Z 00401290 f i cts_mysql.obj
 0001:000002d0       ??0bad_array_new_length@std@@QAE@XZ 004012d0 f i cts_mysql.obj
 0001:000002f0       ??0exception@std@@QAE@ABV01@@Z 004012f0 f i cts_mysql.obj
 0001:00000320       ??1CMySQL@@QAE@XZ          00401320 f   cts_mysql.obj
 0001:000003f0       ??1bad_alloc@std@@UAE@XZ   004013f0 f i libcpmt:xthrow.obj
 0001:000003f0       ??1bad_array_new_length@std@@UAE@XZ 004013f0 f i cts_mysql.obj
 0001:000003f0       ??1bad_cast@std@@UAE@XZ    004013f0 f i libcpmt:cout.obj
 0001:000003f0       ??1bad_exception@std@@UAE@XZ 004013f0 f i libvcruntime:frame.obj
 0001:000003f0       ??1failure@ios_base@std@@UAE@XZ 004013f0 f i TimeLog.obj
 0001:000003f0       ??1length_error@std@@UAE@XZ 004013f0 f i libcpmt:xthrow.obj
 0001:000003f0       ??1runtime_error@std@@UAE@XZ 004013f0 f i libcpmt:xthrow.obj
 0001:00000410       ??4?$basic_string@DU?$char_traits@D@std@@V?$allocator@D@2@@std@@QAEAAV01@QBD@Z 00401410 f i cts_mysql.obj
 0001:00000520       ??_Ebad_alloc@std@@UAEPAXI@Z 00401520 f i cts_mysql.obj
 0001:00000520       ??_Ebad_array_new_length@std@@UAEPAXI@Z 00401520 f i cts_mysql.obj
 0001:00000520       ??_Eexception@std@@UAEPAXI@Z 00401520 f i cts_mysql.obj
 0001:00000520       ??_Eruntime_error@std@@UAEPAXI@Z 00401520 f i TimeLog.obj
 0001:00000520       ??_Gbad_alloc@std@@UAEPAXI@Z 00401520 f i cts_mysql.obj
 0001:00000520       ??_Gbad_array_new_length@std@@UAEPAXI@Z 00401520 f i cts_mysql.obj
 0001:00000520       ??_Gexception@std@@UAEPAXI@Z 00401520 f i cts_mysql.obj
 0001:00000520       ??_Gruntime_error@std@@UAEPAXI@Z 00401520 f i TimeLog.obj
 0001:00000550       ?IsConnected@CMySQL@@QAEHXZ 00401550 f   cts_mysql.obj
 0001:00000570       ?Reconnect@CMySQL@@QAEHXZ  00401570 f   cts_mysql.obj
 0001:00000670       ?_Throw_bad_array_new_length@std@@YAXXZ 00401670 f i cts_mysql.obj
 0001:00000670       ?__scrt_throw_std_bad_array_new_length@@YAXXZ 00401670 f i LIBCMT:throw_bad_alloc.obj
 0001:00000690       ?_Xlen_string@std@@YAXXZ   00401690 f i cts_mysql.obj
 0001:000006a0       ?clear_res@CMySQL@@QAEXXZ  004016a0 f   cts_mysql.obj
 0001:000006b0       ?connect@CMySQL@@QAEPAUst_mysql@@XZ 004016b0 f   cts_mysql.obj
 0001:00000740       ?exec_query@CMySQL@@QAEHPAD@Z 00401740 f   cts_mysql.obj
 0001:000007b0       ?exec_query@CMySQL@@QAEHPADW4CFLAG@1@@Z 004017b0 f   cts_mysql.obj
 0001:00000830       ?get_res@CMySQL@@QAEPAUst_mysql_res@@XZ 00401830 f   cts_mysql.obj
 0001:00000840       ?set_db_conn_info@CMySQL@@QAEHPBD0H000@Z 00401840 f   cts_mysql.obj
 0001:000008e0       ?unset_db_conn_info@CMySQL@@QAEXXZ 004018e0 f i cts_mysql.obj
 0001:00000940       ?what@exception@std@@UBEPBDXZ 00401940 f i cts_mysql.obj
 0001:00000950       ??$?6U?$char_traits@D@std@@@std@@YAAAV?$basic_ostream@DU?$char_traits@D@std@@@0@AAV10@PBD@Z 00401950 f i TimeLog.obj
 0001:00000bf0       ??$_Construct@$00PBD@?$basic_string@DU?$char_traits@D@std@@V?$allocator@D@2@@std@@AAEXQBDI@Z 00401bf0 f i TimeLog.obj
 0001:00000c80       ??0_System_error@std@@IAE@Verror_code@1@ABV?$basic_string@DU?$char_traits@D@std@@V?$allocator@D@2@@1@@Z 00401c80 f i TimeLog.obj
 0001:00000e90       ??0_System_error@std@@QAE@ABV01@@Z 00401e90 f i TimeLog.obj
 0001:00000ee0       ??0failure@ios_base@std@@QAE@ABV012@@Z 00401ee0 f i TimeLog.obj
 0001:00000f30       ??0failure@ios_base@std@@QAE@PBDABVerror_code@2@@Z 00401f30 f i TimeLog.obj
 0001:00001020       ??0runtime_error@std@@QAE@ABV01@@Z 00402020 f i TimeLog.obj
 0001:00001060       ??0sentry@?$basic_ostream@DU?$char_traits@D@std@@@std@@QAE@AAV12@@Z 00402060 f i TimeLog.obj
 0001:00001100       ??0system_error@std@@QAE@ABV01@@Z 00402100 f i TimeLog.obj
 0001:00001150       ??1?$basic_string@DU?$char_traits@D@std@@V?$allocator@D@2@@std@@QAE@XZ 00402150 f i TimeLog.obj
 0001:000011a0       ??1_Sentry_base@?$basic_ostream@DU?$char_traits@D@std@@@std@@QAE@XZ 004021a0 f i TimeLog.obj
 0001:000011f0       ??1sentry@?$basic_ostream@DU?$char_traits@D@std@@@std@@QAE@XZ 004021f0 f i TimeLog.obj
 0001:00001260       ??_E_Iostream_error_category2@std@@UAEPAXI@Z 00402260 f i TimeLog.obj
 0001:00001260       ??_G_Iostream_error_category2@std@@UAEPAXI@Z 00402260 f i TimeLog.obj
 0001:00001280       ??_E_System_error@std@@UAEPAXI@Z 00402280 f i TimeLog.obj
 0001:00001280       ??_Efailure@ios_base@std@@UAEPAXI@Z 00402280 f i TimeLog.obj
 0001:00001280       ??_Esystem_error@std@@UAEPAXI@Z 00402280 f i TimeLog.obj
 0001:00001280       ??_G_System_error@std@@UAEPAXI@Z 00402280 f i TimeLog.obj
 0001:00001280       ??_Gfailure@ios_base@std@@UAEPAXI@Z 00402280 f i TimeLog.obj
 0001:00001280       ??_Gsystem_error@std@@UAEPAXI@Z 00402280 f i TimeLog.obj
 0001:000012b0       ?Log@R_ProLog@@QAAXPBDZZ   004022b0 f   TimeLog.obj
 0001:00001350       ?_Osfx@?$basic_ostream@DU?$char_traits@D@std@@@std@@QAEXXZ 00402350 f i TimeLog.obj
 0001:00001430       ?__LogMgr@@YAPAVR_ProLog@@XZ 00402430 f   TimeLog.obj
 0001:000014a0       ?append@?$basic_string@DU?$char_traits@D@std@@V?$allocator@D@2@@std@@QAEAAV12@QBDI@Z 004024a0 f i TimeLog.obj
 0001:00001600       ?clear@ios_base@std@@QAEXH_N@Z 00402600 f i TimeLog.obj
 0001:00001680       ?default_error_condition@error_category@std@@UBE?AVerror_condition@2@H@Z 00402680 f i TimeLog.obj
 0001:000016a0       ?equivalent@error_category@std@@UBE_NABVerror_code@2@H@Z 004026a0 f i TimeLog.obj
 0001:000016d0       ?equivalent@error_category@std@@UBE_NHABVerror_condition@2@@Z 004026d0 f i TimeLog.obj
 0001:00001710       ?flush@?$basic_ostream@DU?$char_traits@D@std@@@std@@QAEAAV12@XZ 00402710 f i TimeLog.obj
 0001:00001860       ?make_error_code@std@@YA?AVerror_code@1@W4io_errc@1@@Z 00402860 f i TimeLog.obj
 0001:00001880       ?message@_Iostream_error_category2@std@@UBE?AV?$basic_string@DU?$char_traits@D@std@@V?$allocator@D@2@@2@H@Z 00402880 f i TimeLog.obj
 0001:00001940       ?name@_Iostream_error_category2@std@@UBEPBDXZ 00402940 f i TimeLog.obj
 0001:00001950       ?setstate@?$basic_ios@DU?$char_traits@D@std@@@std@@QAEXH_N@Z 00402950 f i TimeLog.obj
 0001:00001980       ___local_stdio_printf_options 00402980 f i TimeLog.obj
 0001:00001990       _sprintf                   00402990 f i TimeLog.obj
 0001:000019d0       ?Init@MyServer@@QAEHPAH@Z  004029d0 f   S02_MyServer.obj
 0001:00001c20       ?PROCESS_FOR_NETWORK@MyServer@@QAEHPAUHWND__@@IJ@Z 00402c20 f   S02_MyServer.obj
 0001:000020d0       _printf                    004030d0 f i S02_MyServer.obj
 0001:00002100       ?Init@MyUser@@QAEHHH@Z     00403100 f   S03_MyUser.obj
 0001:00002150       ?Quit@MyUser@@QAEXH@Z      00403150 f   S03_MyUser.obj
 0001:00002200       ?Send@MyUser@@QAEXHPADH@Z  00403200 f   S03_MyUser.obj
 0001:00002400       ?Init@MyWork@@QAEHXZ       00403400 f   S04_MyWork01.obj
 0001:000024c0       ?W_VALET_DUPEFIX1@@YAXH@Z  004034c0 f   S04_MyWork02.obj
 0001:00002530       ?W_VALET_DUPEFIX@@YAXH@Z   00403530 f   S04_MyWork02.obj
 0001:000025a0       ?W_VALET_SHOP_BUY@@YAXH@Z  004035a0 f   S04_MyWork02.obj
 0001:00002840       ?W_VALET_SHOP_INFO@@YAXH@Z 00403840 f   S04_MyWork02.obj
 0001:00002950       ?W_VALET_SHOP_UPDATE@@YAXH@Z 00403950 f   S04_MyWork02.obj
 0001:00002a50       ?W_ZONE_FOR_VALET_SEND@@YAXH@Z 00403a50 f   S04_MyWork02.obj
 0001:00002b30       ?W_ZONE_OK_FOR_VALET_SEND@@YAXH@Z 00403b30 f   S04_MyWork02.obj
 0001:00002b80       ?B_CONNECT_OK@MyTransfer@@QAEXXZ 00403b80 f   S05_MyTransfer.obj
 0001:00002b90       ?B_DUPEFIX1@MyTransfer@@QAEXXZ 00403b90 f   S05_MyTransfer.obj
 0001:00002ba0       ?B_DUPEFIX@MyTransfer@@QAEXXZ 00403ba0 f   S05_MyTransfer.obj
 0001:00002bb0       ?B_VALETSHOPBUY@MyTransfer@@QAEXH@Z 00403bb0 f   S05_MyTransfer.obj
 0001:00002bd0       ?B_VALETSHOPINFO@MyTransfer@@QAEXHPAUVALETSHOP_INFO@@@Z 00403bd0 f   S05_MyTransfer.obj
 0001:00002c00       ?B_VALETSHOPUPDATE@MyTransfer@@QAEXH@Z 00403c00 f   S05_MyTransfer.obj
 0001:00002c20       ?B_ZONE_FOR_PLAYUSER_RECV@MyTransfer@@QAEXXZ 00403c20 f   S05_MyTransfer.obj
 0001:00002c30       ?Init@MyTransfer@@QAEHXZ   00403c30 f   S05_MyTransfer.obj
 0001:00002c50       ?DB_PROCESS_20@MyDB@@QAEXQADPAUVALETSHOP_INFO@@PAH@Z 00403c50 f   S08_MyDB.obj
 0001:00003190       ?DB_PROCESS_21@MyDB@@QAEXQADPAUVALETSHOP_INFO@@PAH@Z 00404190 f   S08_MyDB.obj
 0001:00003c60       ?Init@MyDB@@QAEHXZ         00404c60 f   S08_MyDB.obj
 0001:00003d90       __snprintf                 00404d90 f i S08_MyDB.obj
 0001:00003dd0       ?GetOneValueFromFile@@YAHPAXPADH@Z 00404dd0 f   Server_Valet.obj
 0001:00003e60       ?ReadServerInfo@@YAHXZ     00404e60 f   Server_Valet.obj
 0001:00004220       ?WindowProc@@YGJPAUHWND__@@IIJ@Z 00405220 f   Server_Valet.obj
 0001:00004270       _main                      00405270 f   Server_Valet.obj
 0001:00004419       _mysql_errno@4             00405419 f   libmysql:libmysql.dll
 0001:0000441f       _mysql_error@4             0040541f f   libmysql:libmysql.dll
 0001:00004425       _mysql_init@4              00405425 f   libmysql:libmysql.dll
 0001:0000442b       _mysql_real_connect@32     0040542b f   libmysql:libmysql.dll
 0001:00004431       _mysql_query@8             00405431 f   libmysql:libmysql.dll
 0001:00004437       _mysql_use_result@4        00405437 f   libmysql:libmysql.dll
 0001:0000443d       _mysql_ping@4              0040543d f   libmysql:libmysql.dll
 0001:00004443       _mysql_free_result@4       00405443 f   libmysql:libmysql.dll
 0001:00004449       _mysql_fetch_row@4         00405449 f   libmysql:libmysql.dll
 0001:0000444f       _mysql_autocommit@8        0040544f f   libmysql:libmysql.dll
 0001:00004455       _mysql_close@4             00405455 f   libmysql:libmysql.dll
 0001:0000445b       ??0bad_alloc@std@@QAE@XZ   0040545b f i libcpmt:xthrow.obj
 0001:00004473       ??0exception@std@@QAE@QBD@Z 00405473 f i libcpmt:xthrow.obj
 0001:000044a8       ??0length_error@std@@QAE@ABV01@@Z 004054a8 f i libcpmt:xthrow.obj
 0001:000044c3       ??0length_error@std@@QAE@PBD@Z 004054c3 f i libcpmt:xthrow.obj
 0001:000044e2       ??0logic_error@std@@QAE@ABV01@@Z 004054e2 f i libcpmt:xthrow.obj
 0001:000044fd       ??0runtime_error@std@@QAE@PBD@Z 004054fd f i libcpmt:xthrow.obj
 0001:0000451c       ??_Ebad_cast@std@@UAEPAXI@Z 0040551c f i libcpmt:cout.obj
 0001:0000451c       ??_Ebad_exception@std@@UAEPAXI@Z 0040551c f i libvcruntime:frame.obj
 0001:0000451c       ??_Elength_error@std@@UAEPAXI@Z 0040551c f i libcpmt:xthrow.obj
 0001:0000451c       ??_Elogic_error@std@@UAEPAXI@Z 0040551c f i libcpmt:xthrow.obj
 0001:0000451c       ??_Gbad_cast@std@@UAEPAXI@Z 0040551c f i libcpmt:cout.obj
 0001:0000451c       ??_Gbad_exception@std@@UAEPAXI@Z 0040551c f i libvcruntime:frame.obj
 0001:0000451c       ??_Glength_error@std@@UAEPAXI@Z 0040551c f i libcpmt:xthrow.obj
 0001:0000451c       ??_Glogic_error@std@@UAEPAXI@Z 0040551c f i libcpmt:xthrow.obj
 0001:00004549       ?_Xlength_error@std@@YAXPBD@Z 00405549 f   libcpmt:xthrow.obj
 0001:00004569       ?_Xruntime_error@std@@YAXPBD@Z 00405569 f   libcpmt:xthrow.obj
 0001:00004589       ?uncaught_exception@std@@YA_NXZ 00405589 f   libcpmt:uncaught_exception.obj
 0001:0000458e       ?_Syserror_map@std@@YAPBDH@Z 0040558e f   libcpmt:syserror.obj
 0001:000045b3       ??$_Allocate@$07U_Default_allocate_traits@std@@$0A@@std@@YAPAXI@Z 004055b3 f i libcpmt:cout.obj
 0001:000045d9       ??$_Deallocate@$07$0A@@std@@YAXPAXI@Z 004055d9 f i libcpmt:cout.obj
 0001:00004605       ??$_Fgetc@D@std@@YA_NAADPAU_iobuf@@@Z 00405605 f i libcpmt:cout.obj
 0001:00004625       ??$_Fputc@D@std@@YA_NDPAU_iobuf@@@Z 00405625 f i libcpmt:cout.obj
 0001:0000463f       ??$_Reallocate_grow_by@V<lambda_1>@?1??push_back@?$basic_string@DU?$char_traits@D@std@@V?$allocator@D@2@@std@@QAEXD@Z@D@?$basic_string@DU?$char_traits@D@std@@V?$allocator@D@2@@std@@AAEAAV01@IV<lambda_1>@?1??push_back@01@QAEXD@Z@D@Z 0040563f f i libcpmt:cout.obj
 0001:000046f9       ??$use_facet@V?$codecvt@DDU_Mbstatet@@@std@@@std@@YAABV?$codecvt@DDU_Mbstatet@@@0@ABVlocale@0@@Z 004056f9 f i libcpmt:cout.obj
 0001:0000478e       ??$use_facet@V?$ctype@D@std@@@std@@YAABV?$ctype@D@0@ABVlocale@0@@Z 0040578e f i libcpmt:cout.obj
 0001:00004823       ??0?$basic_ios@DU?$char_traits@D@std@@@std@@IAE@XZ 00405823 f i libcpmt:cout.obj
 0001:00004848       ??0?$basic_ostream@DU?$char_traits@D@std@@@std@@QAE@PAV?$basic_streambuf@DU?$char_traits@D@std@@@1@_N@Z 00405848 f i libcpmt:cout.obj
 0001:000048b0       ??0?$basic_streambuf@DU?$char_traits@D@std@@@std@@IAE@XZ 004058b0 f i libcpmt:cout.obj
 0001:00004921       ??0?$ctype@D@std@@QAE@ABV_Locinfo@1@I@Z 00405921 f i libcpmt:cout.obj
 0001:00004957       ??0_Init_cout@std@@QAE@XZ  00405957 f i libcpmt:cout.obj
 0001:00004997       ??0_Locinfo@std@@QAE@PBD@Z 00405997 f i libcpmt:cout.obj
 0001:00004a04       ??0bad_cast@std@@QAE@ABV01@@Z 00405a04 f i libcpmt:cout.obj
 0001:00004a1f       ??0bad_cast@std@@QAE@XZ    00405a1f f i libcpmt:cout.obj
 0001:00004a37       ??0ios_base@std@@IAE@XZ    00405a37 f i libcpmt:cout.obj
 0001:00004a63       ??0locale@std@@QAE@ABV01@@Z 00405a63 f i libcpmt:cout.obj
 0001:00004a8e       ??1?$_Yarn@D@std@@QAE@XZ   00405a8e f i libcpmt:cout.obj
 0001:00004a8e       ??1?$_Yarn@_W@std@@QAE@XZ  00405a8e f i libcpmt:cout.obj
 0001:00004aa3       ??1?$basic_filebuf@DU?$char_traits@D@std@@@std@@UAE@XZ 00405aa3 f i libcpmt:cout.obj
 0001:00004b00       ??1?$basic_ios@DU?$char_traits@D@std@@@std@@UAE@XZ 00405b00 f i libcpmt:cout.obj
 0001:00004b45       ??1?$basic_streambuf@DU?$char_traits@D@std@@@std@@UAE@XZ 00405b45 f i libcpmt:cout.obj
 0001:00004b66       ??1?$unique_ptr@V_Facet_base@std@@U?$default_delete@V_Facet_base@std@@@2@@std@@QAE@XZ 00405b66 f i libcpmt:cout.obj
 0001:00004b73       ??1_Locinfo@std@@QAE@XZ    00405b73 f i libcpmt:cout.obj
 0001:00004c24       ??1locale@std@@QAE@XZ      00405c24 f i libcpmt:cout.obj
 0001:00004c59       ??Bid@locale@std@@QAEIXZ   00405c59 f i libcpmt:cout.obj
 0001:00004c8e       ??R?$default_delete@V_Facet_base@std@@@std@@QBEXPAV_Facet_base@1@@Z 00405c8e f i libcpmt:cout.obj
 0001:00004cb2       ??_D?$basic_ostream@DU?$char_traits@D@std@@@std@@QAEXXZ 00405cb2 f i libcpmt:cout.obj
 0001:00004d13       ??_E?$basic_ostream@DU?$char_traits@D@std@@@std@@$4PPPPPPPM@A@AEPAXI@Z 00405d13 f i libcpmt:cout.obj
 0001:00004d1b       ??_E?$basic_filebuf@DU?$char_traits@D@std@@@std@@UAEPAXI@Z 00405d1b f i libcpmt:cout.obj
 0001:00004d1b       ??_G?$basic_filebuf@DU?$char_traits@D@std@@@std@@UAEPAXI@Z 00405d1b f i libcpmt:cout.obj
 0001:00004d3d       ??_E?$basic_ios@DU?$char_traits@D@std@@@std@@UAEPAXI@Z 00405d3d f i libcpmt:cout.obj
 0001:00004d3d       ??_G?$basic_ios@DU?$char_traits@D@std@@@std@@UAEPAXI@Z 00405d3d f i libcpmt:cout.obj
 0001:00004d9a       ??_E?$basic_ostream@DU?$char_traits@D@std@@@std@@UAEPAXI@Z 00405d9a f i libcpmt:cout.obj
 0001:00004d9a       ??_G?$basic_ostream@DU?$char_traits@D@std@@@std@@UAEPAXI@Z 00405d9a f i libcpmt:cout.obj
 0001:00004dbf       ??_E?$basic_streambuf@DU?$char_traits@D@std@@@std@@UAEPAXI@Z 00405dbf f i libcpmt:cout.obj
 0001:00004dbf       ??_G?$basic_streambuf@DU?$char_traits@D@std@@@std@@UAEPAXI@Z 00405dbf f i libcpmt:cout.obj
 0001:00004de1       ??_E?$codecvt@DDU_Mbstatet@@@std@@MAEPAXI@Z 00405de1 f i libcpmt:cout.obj
 0001:00004de1       ??_G?$codecvt@DDU_Mbstatet@@@std@@MAEPAXI@Z 00405de1 f i libcpmt:cout.obj
 0001:00004e04       ??_E?$ctype@D@std@@MAEPAXI@Z 00405e04 f i libcpmt:cout.obj
 0001:00004e04       ??_G?$ctype@D@std@@MAEPAXI@Z 00405e04 f i libcpmt:cout.obj
 0001:00004e32       ??_E_Facet_base@std@@UAEPAXI@Z 00405e32 f i libcpmt:cout.obj
 0001:00004e32       ??_G_Facet_base@std@@UAEPAXI@Z 00405e32 f i libcpmt:cout.obj
 0001:00004e55       ??_Eios_base@std@@UAEPAXI@Z 00405e55 f i libcpmt:cout.obj
 0001:00004e55       ??_Gios_base@std@@UAEPAXI@Z 00405e55 f i libcpmt:cout.obj
 0001:00004eb2       ?_Adjust_manually_vector_aligned@std@@YAXAAPAXAAI@Z 00405eb2 f i libcpmt:cout.obj
 0001:00004ed6       ?_Apply_annotation@?$basic_string@DU?$char_traits@D@std@@V?$allocator@D@2@@std@@CAXQBDIII@Z 00405ed6 f i libcpmt:cout.obj
 0001:00004f25       ?_C_str@locale@std@@QBEPBDXZ 00405f25 f i libcpmt:cout.obj
 0001:00004f3d       ?_Calculate_growth@?$basic_string@DU?$char_traits@D@std@@V?$allocator@D@2@@std@@CAIIII@Z 00405f3d f i libcpmt:cout.obj
 0001:00004f6d       ?_Create_annotation@?$basic_string@DU?$char_traits@D@std@@V?$allocator@D@2@@std@@ABEXXZ 00405f6d f i libcpmt:cout.obj
 0001:00004f87       ?_Decref@facet@locale@std@@UAEPAV_Facet_base@3@XZ 00405f87 f i libcpmt:cout.obj
 0001:00004f99       ?_Endwrite@?$basic_filebuf@DU?$char_traits@D@std@@@std@@IAE_NXZ 00405f99 f i libcpmt:cout.obj
 0001:00005048       ?_Erase_noexcept@?$basic_string@DU?$char_traits@D@std@@V?$allocator@D@2@@std@@AAEAAV12@II@Z 00406048 f i libcpmt:cout.obj
 0001:0000509c       ?_Getcat@?$codecvt@DDU_Mbstatet@@@std@@SAIPAPBVfacet@locale@2@PBV42@@Z 0040609c f i libcpmt:cout.obj
 0001:00005104       ?_Getcat@?$ctype@D@std@@SAIPAPBVfacet@locale@2@PBV42@@Z 00406104 f i libcpmt:cout.obj
 0001:0000516a       ?_Getfacet@locale@std@@QBEPBVfacet@12@I@Z 0040616a f i libcpmt:cout.obj
 0001:000051ab       ?_Incref@facet@locale@std@@UAEXXZ 004061ab f i libcpmt:cout.obj
 0001:000051b0       ?_Init@?$basic_filebuf@DU?$char_traits@D@std@@@std@@IAEXPAU_iobuf@@W4_Initfl@12@@Z 004061b0 f i libcpmt:cout.obj
 0001:0000522d       ?_Init@?$basic_streambuf@DU?$char_traits@D@std@@@std@@IAEXXZ 0040622d f i libcpmt:cout.obj
 0001:0000526a       ?_Init@ios_base@std@@IAEXXZ 0040626a f i libcpmt:cout.obj
 0001:000052d5       ?_Initcvt@?$basic_filebuf@DU?$char_traits@D@std@@@std@@IAEXABV?$codecvt@DDU_Mbstatet@@@2@@Z 004062d5 f i libcpmt:cout.obj
 0001:00005300       ?_Lock@?$basic_filebuf@DU?$char_traits@D@std@@@std@@UAEXXZ 00406300 f i libcpmt:cout.obj
 0001:00005310       ?_Lock@?$basic_streambuf@DU?$char_traits@D@std@@@std@@UAEXXZ 00406310 f i libcpmt:cout.obj
 0001:00005310       ?_Unlock@?$basic_streambuf@DU?$char_traits@D@std@@@std@@UAEXXZ 00406310 f i libcpmt:cout.obj
 0001:00005310       @_guard_check_icall_nop@4  00406310 f i LIBCMT:guard_support.obj
 0001:00005310       ___sanitizer_annotate_contiguous_container 00406310 f i libcpmt:asan_noop.obj
 0001:00005310       ___sanitizer_annotate_contiguous_container_default 00406310 f i libcpmt:asan_noop.obj
 0001:00005310       __initialize_denormal_control 00406310 f i LIBCMT:denormal_control.obj
 0001:00005310       __initialize_invalid_parameter_handler 00406310 f i LIBCMT:invalid_parameter_handler.obj
 0001:00005313       ?_Modify_annotation@?$basic_string@DU?$char_traits@D@std@@V?$allocator@D@2@@std@@ABEXII@Z 00406313 f i libcpmt:cout.obj
 0001:0000533a       ?_Remove_annotation@?$basic_string@DU?$char_traits@D@std@@V?$allocator@D@2@@std@@ABEXXZ 0040633a f i libcpmt:cout.obj
 0001:00005354       ?_Reset_back@?$basic_filebuf@DU?$char_traits@D@std@@@std@@AAEXXZ 00406354 f i libcpmt:cout.obj
 0001:00005377       ?_Set_back@?$basic_filebuf@DU?$char_traits@D@std@@@std@@AAEXXZ 00406377 f i libcpmt:cout.obj
 0001:000053b4       ?_Throw_bad_cast@std@@YAXXZ 004063b4 f i libcpmt:cout.obj
 0001:000053d1       ?_Tidy@?$ctype@D@std@@IAEXXZ 004063d1 f i libcpmt:cout.obj
 0001:000053fb       ?_Tidy_deallocate@?$basic_string@DU?$char_traits@D@std@@V?$allocator@D@2@@std@@AAEXXZ 004063fb f i libcpmt:cout.obj
 0001:00005427       ?_Unlock@?$basic_filebuf@DU?$char_traits@D@std@@@std@@UAEXXZ 00406427 f i libcpmt:cout.obj
 0001:00005437       ?always_noconv@codecvt_base@std@@QBE_NXZ 00406437 f i libcpmt:cout.obj
 0001:0000544f       ?close@?$basic_filebuf@DU?$char_traits@D@std@@@std@@QAEPAV12@XZ 0040644f f i libcpmt:cout.obj
 0001:000054b3       ?do_always_noconv@?$codecvt@DDU_Mbstatet@@@std@@MBE_NXZ 004064b3 f i libcpmt:cout.obj
 0001:000054b3       ___acrt_uninitialize_command_line 004064b3 f i libucrt:argv_data.obj
 0001:000054b3       __should_initialize_environment 004064b3 f i LIBCMT:env_mode.obj
 0001:000054b6       ?do_encoding@codecvt_base@std@@MBEHXZ 004064b6 f i libcpmt:cout.obj
 0001:000054b6       ?do_max_length@codecvt_base@std@@MBEHXZ 004064b6 f i libcpmt:cout.obj
 0001:000054b6       __get_startup_argv_mode    004064b6 f i LIBCMT:argv_mode.obj
 0001:000054ba       ?do_in@?$codecvt@DDU_Mbstatet@@@std@@MBEHAAU_Mbstatet@@PBD1AAPBDPAD3AAPAD@Z 004064ba f i libcpmt:cout.obj
 0001:000054ba       ?do_out@?$codecvt@DDU_Mbstatet@@@std@@MBEHAAU_Mbstatet@@PBD1AAPBDPAD3AAPAD@Z 004064ba f i libcpmt:cout.obj
 0001:000054d4       ?do_length@?$codecvt@DDU_Mbstatet@@@std@@MBEHAAU_Mbstatet@@PBD1I@Z 004064d4 f i libcpmt:cout.obj
 0001:000054e9       ?do_narrow@?$ctype@D@std@@MBEDDD@Z 004064e9 f i libcpmt:cout.obj
 0001:000054f3       ?do_narrow@?$ctype@D@std@@MBEPBDPBD0DPAD@Z 004064f3 f i libcpmt:cout.obj
 0001:00005512       ?do_tolower@?$ctype@D@std@@MBEDD@Z 00406512 f i libcpmt:cout.obj
 0001:00005529       ?do_tolower@?$ctype@D@std@@MBEPBDPADPBD@Z 00406529 f i libcpmt:cout.obj
 0001:00005555       ?do_toupper@?$ctype@D@std@@MBEDD@Z 00406555 f i libcpmt:cout.obj
 0001:0000556c       ?do_toupper@?$ctype@D@std@@MBEPBDPADPBD@Z 0040656c f i libcpmt:cout.obj
 0001:00005598       ?do_unshift@?$codecvt@DDU_Mbstatet@@@std@@MBEHAAU_Mbstatet@@PAD1AAPAD@Z 00406598 f i libcpmt:cout.obj
 0001:000055aa       ?do_widen@?$ctype@D@std@@MBEDD@Z 004065aa f i libcpmt:cout.obj
 0001:000055b4       ?do_widen@?$ctype@D@std@@MBEPBDPBD0PAD@Z 004065b4 f i libcpmt:cout.obj
 0001:000055d3       ?imbue@?$basic_filebuf@DU?$char_traits@D@std@@@std@@MAEXABVlocale@2@@Z 004065d3 f i libcpmt:cout.obj
 0001:000055ef       ?imbue@?$basic_streambuf@DU?$char_traits@D@std@@@std@@MAEXABVlocale@2@@Z 004065ef f i libcpmt:cout.obj
 0001:000055f2       ?init@?$basic_ios@DU?$char_traits@D@std@@@std@@IAEXPAV?$basic_streambuf@DU?$char_traits@D@std@@@2@_N@Z 004065f2 f i libcpmt:cout.obj
 0001:0000563b       ?overflow@?$basic_filebuf@DU?$char_traits@D@std@@@std@@MAEHH@Z 0040663b f i libcpmt:cout.obj
 0001:00005745       ?overflow@?$basic_streambuf@DU?$char_traits@D@std@@@std@@MAEHH@Z 00406745 f i libcpmt:cout.obj
 0001:00005745       ?pbackfail@?$basic_streambuf@DU?$char_traits@D@std@@@std@@MAEHH@Z 00406745 f i libcpmt:cout.obj
 0001:0000574b       ?pbackfail@?$basic_filebuf@DU?$char_traits@D@std@@@std@@MAEHH@Z 0040674b f i libcpmt:cout.obj
 0001:000057cd       ?push_back@?$basic_string@DU?$char_traits@D@std@@V?$allocator@D@2@@std@@QAEXD@Z 004067cd f i libcpmt:cout.obj
 0001:00005814       ?seekoff@?$basic_filebuf@DU?$char_traits@D@std@@@std@@MAE?AV?$fpos@U_Mbstatet@@@2@_JHH@Z 00406814 f i libcpmt:cout.obj
 0001:000058d5       ?seekoff@?$basic_streambuf@DU?$char_traits@D@std@@@std@@MAE?AV?$fpos@U_Mbstatet@@@2@_JHH@Z 004068d5 f i libcpmt:cout.obj
 0001:000058f4       ?seekpos@?$basic_filebuf@DU?$char_traits@D@std@@@std@@MAE?AV?$fpos@U_Mbstatet@@@2@V32@H@Z 004068f4 f i libcpmt:cout.obj
 0001:00005984       ?seekpos@?$basic_streambuf@DU?$char_traits@D@std@@@std@@MAE?AV?$fpos@U_Mbstatet@@@2@V32@H@Z 00406984 f i libcpmt:cout.obj
 0001:000059a3       ?setbuf@?$basic_filebuf@DU?$char_traits@D@std@@@std@@MAEPAV?$basic_streambuf@DU?$char_traits@D@std@@@2@PAD_J@Z 004069a3 f i libcpmt:cout.obj
 0001:000059f1       ?setbuf@?$basic_streambuf@DU?$char_traits@D@std@@@std@@MAEPAV12@PAD_J@Z 004069f1 f i libcpmt:cout.obj
 0001:000059f6       ?showmanyc@?$basic_streambuf@DU?$char_traits@D@std@@@std@@MAE_JXZ 004069f6 f i libcpmt:cout.obj
 0001:000059fb       ?sync@?$basic_filebuf@DU?$char_traits@D@std@@@std@@MAEHXZ 004069fb f i libcpmt:cout.obj
 0001:00005a37       ?sync@?$basic_streambuf@DU?$char_traits@D@std@@@std@@MAEHXZ 00406a37 f i libcpmt:cout.obj
 0001:00005a37       ___scrt_exe_initialize_mta 00406a37 f i LIBCMT:utility_desktop.obj
 0001:00005a37       ___scrt_initialize_winrt   00406a37 f i LIBCMT:utility_desktop.obj
 0001:00005a37       ___scrt_stub_for_initialize_mta 00406a37 f i LIBCMT:utility_desktop.obj
 0001:00005a37       __get_startup_commit_mode  00406a37 f i LIBCMT:commit_mode.obj
 0001:00005a37       __get_startup_new_mode     00406a37 f i LIBCMT:new_mode.obj
 0001:00005a37       __get_startup_thread_locale_mode 00406a37 f i LIBCMT:thread_locale.obj
 0001:00005a37       __matherr                  00406a37 f i LIBCMT:matherr.obj
 0001:00005a3a       ?uflow@?$basic_filebuf@DU?$char_traits@D@std@@@std@@MAEHXZ 00406a3a f i libcpmt:cout.obj
 0001:00005bc8       ?uflow@?$basic_streambuf@DU?$char_traits@D@std@@@std@@MAEHXZ 00406bc8 f i libcpmt:cout.obj
 0001:00005bfb       ?underflow@?$basic_filebuf@DU?$char_traits@D@std@@@std@@MAEHXZ 00406bfb f i libcpmt:cout.obj
 0001:00005c4b       ?underflow@?$basic_streambuf@DU?$char_traits@D@std@@@std@@MAEHXZ 00406c4b f i libcpmt:cout.obj
 0001:00005c4f       ?widen@?$basic_ios@DU?$char_traits@D@std@@@std@@QBEDD@Z 00406c4f f i libcpmt:cout.obj
 0001:00005c9e       ?xsgetn@?$basic_filebuf@DU?$char_traits@D@std@@@std@@MAE_JPAD_J@Z 00406c9e f i libcpmt:cout.obj
 0001:00005d86       ?xsgetn@?$basic_streambuf@DU?$char_traits@D@std@@@std@@MAE_JPAD_J@Z 00406d86 f i libcpmt:cout.obj
 0001:00005e75       ?xsputn@?$basic_filebuf@DU?$char_traits@D@std@@@std@@MAE_JPBD_J@Z 00406e75 f i libcpmt:cout.obj
 0001:00005f5b       ?xsputn@?$basic_streambuf@DU?$char_traits@D@std@@@std@@MAE_JPBD_J@Z 00406f5b f i libcpmt:cout.obj
 0001:00006046       ??0_Init_locks@std@@QAE@XZ 00407046 f   libcpmt:xlock.obj
 0001:00006073       ??0_Lockit@std@@QAE@H@Z    00407073 f   libcpmt:xlock.obj
 0001:000060a4       ??1_Init_locks@std@@QAE@XZ 004070a4 f   libcpmt:xlock.obj
 0001:000060cb       ??1_Lockit@std@@QAE@XZ     004070cb f   libcpmt:xlock.obj
 0001:000060ea       ??0_Locimp@locale@std@@AAE@_N@Z 004070ea f i libcpmt:locale0.obj
 0001:0000612b       ??1_Fac_node@std@@QAE@XZ   0040712b f i libcpmt:locale0.obj
 0001:0000615c       ??1_Fac_tidy_reg_t@std@@QAE@XZ 0040715c f i libcpmt:locale0.obj
 0001:00006183       ??1_Locimp@locale@std@@MAE@XZ 00407183 f i libcpmt:locale0.obj
 0001:000061ae       ??4?$_Yarn@D@std@@QAEAAV01@PBD@Z 004071ae f i libcpmt:locale0.obj
 0001:00006202       ??_E_Locimp@locale@std@@MAEPAXI@Z 00407202 f i libcpmt:locale0.obj
 0001:00006202       ??_G_Locimp@locale@std@@MAEPAXI@Z 00407202 f i libcpmt:locale0.obj
 0001:00006224       ?_Facet_Register@std@@YAXPAV_Facet_base@1@@Z 00407224 f   libcpmt:locale0.obj
 0001:00006250       ?_Getgloballocale@locale@std@@CAPAV_Locimp@12@XZ 00407250 f   libcpmt:locale0.obj
 0001:00006256       ?_Init@locale@std@@CAPAV_Locimp@12@_N@Z 00407256 f   libcpmt:locale0.obj
 0001:000062e3       ?_Locimp_dtor@_Locimp@locale@std@@CAXPAV123@@Z 004072e3 f   libcpmt:locale0.obj
 0001:00006354       ?_Locinfo_ctor@_Locinfo@std@@SAXPAV12@PBD@Z 00407354 f   libcpmt:locale0.obj
 0001:0000639f       ?_Locinfo_dtor@_Locinfo@std@@SAXPAV12@@Z 0040739f f   libcpmt:locale0.obj
 0001:000063b9       ?_New_Locimp@_Locimp@locale@std@@CAPAV123@_N@Z 004073b9 f   libcpmt:locale0.obj
 0001:000063dc       ?_Setgloballocale@locale@std@@CAXPAX@Z 004073dc f   libcpmt:locale0.obj
 0001:00006404       __Deletegloballocale       00407404 f   libcpmt:locale0.obj
 0001:00006469       __Getctype                 00407469 f   libcpmt:_tolower.obj
 0001:000064d4       __Tolower                  004074d4 f   libcpmt:_tolower.obj
 0001:000065e0       __Toupper                  004075e0 f   libcpmt:_toupper.obj
 0001:000066ec       ?_Addstd@ios_base@std@@SAXPAV12@@Z 004076ec f   libcpmt:ios.obj
 0001:0000673e       ?_Callfns@ios_base@std@@AAEXW4event@12@@Z 0040773e f i libcpmt:ios.obj
 0001:00006771       ?_Ios_base_dtor@ios_base@std@@CAXPAV12@@Z 00407771 f   libcpmt:ios.obj
 0001:000067b1       ?_Tidy@ios_base@std@@AAEXXZ 004077b1 f i libcpmt:ios.obj
 0001:0000682c       ??1_Init_atexit@@QAE@XZ    0040782c f i libcpmt:iosptrs.obj
 0001:00006894       ?_Atexit@@YAXP6AXXZ@Z      00407894 f   libcpmt:iosptrs.obj
 0001:000068c3       __Mtxdst                   004078c3 f   libcpmt:xmtx.obj
 0001:000068d1       __Mtxinit                  004078d1 f   libcpmt:xmtx.obj
 0001:000068e6       __Mtxlock                  004078e6 f   libcpmt:xmtx.obj
 0001:000068f4       __Mtxunlock                004078f4 f   libcpmt:xmtx.obj
 0001:00006902       ??1?$__crt_scoped_stack_ptr@_W@@QAE@XZ 00407902 f i libcpmt:StlLCMapStringA.obj
 0001:0000691b       ___crtLCMapStringA         0040791b f   libcpmt:StlLCMapStringA.obj
 0001:00006ae7       __freea_crt                00407ae7 f i libcpmt:StlLCMapStringA.obj
 0001:00006b05       ??2@YAPAXI@Z               00407b05 f   LIBCMT:new_scalar.obj
 0001:00006b35       ??3@YAXPAXI@Z              00407b35 f   LIBCMT:delete_scalar_size.obj
 0001:00006b43       ??_Etype_info@@UAEPAXI@Z   00407b43 f i LIBCMT:std_type_info_static.obj
 0001:00006b43       ??_Gtype_info@@UAEPAXI@Z   00407b43 f i LIBCMT:std_type_info_static.obj
 0001:00006baa       ___scrt_acquire_startup_lock 00407baa f   LIBCMT:utility.obj
 0001:00006bdc       ___scrt_initialize_crt     00407bdc f   LIBCMT:utility.obj
 0001:00006c15       ___scrt_initialize_onexit_tables 00407c15 f   LIBCMT:utility.obj
 0001:00006c9c       ___scrt_is_nonwritable_in_current_image 00407c9c f   LIBCMT:utility.obj
 0001:00006d30       ___scrt_release_startup_lock 00407d30 f   LIBCMT:utility.obj
 0001:00006d4d       ___scrt_uninitialize_crt   00407d4d f   LIBCMT:utility.obj
 0001:00006d75       __onexit                   00407d75 f   LIBCMT:utility.obj
 0001:00006da2       _atexit                    00407da2 f   LIBCMT:utility.obj
 0001:00006db7       ___raise_securityfailure   00407db7 f   LIBCMT:gs_report.obj
 0001:00006ddf       ___report_gsfailure        00407ddf f   LIBCMT:gs_report.obj
 0001:00006ed9       ___report_rangecheckfailure 00407ed9 f   LIBCMT:gs_report.obj
 0001:00006ee5       ___report_securityfailure  00407ee5 f   LIBCMT:gs_report.obj
 0001:00006fb6       __Init_thread_footer       00407fb6 f   LIBCMT:thread_safe_statics.obj
 0001:00007007       __Init_thread_header       00408007 f   LIBCMT:thread_safe_statics.obj
 0001:00007056       __Init_thread_wait_v2      00408056 f   LIBCMT:thread_safe_statics.obj
 0001:0000706b       @__security_check_cookie@4 0040806b f   LIBCMT:secchk.obj
 0001:00007080       __alloca_probe             00408080 f   LIBCMT:chkstk.obj
 0001:00007080       __chkstk                   00408080 f   LIBCMT:chkstk.obj
 0001:000072f2       _mainCRTStartup            004082f2 f   LIBCMT:exe_main.obj
 0001:000072fc       ??_V@YAXPAX@Z              004082fc f   LIBCMT:delete_array.obj
 0001:00007301       __EH_epilog3               00408301 f   LIBCMT:ehprolg3.obj
 0001:00007315       __EH_epilog3_GS            00408315 f   LIBCMT:ehprolg3.obj
 0001:00007324       __EH_prolog3               00408324 f   LIBCMT:ehprolg3.obj
 0001:00007357       __EH_prolog3_GS            00408357 f   LIBCMT:ehprolg3.obj
 0001:0000738d       __EH_prolog3_catch         0040838d f   LIBCMT:ehprolg3.obj
 0001:000073d0       __alloca_probe_16          004083d0 f   LIBCMT:alloca16.obj
 0001:000073e6       __alloca_probe_8           004083e6     LIBCMT:alloca16.obj
 0001:000073fc       ___isa_available_init      004083fc f   LIBCMT:cpu_disp.obj
 0001:000075d0       __allmul                   004085d0 f   LIBCMT:llmul.obj
 0001:00007610       __aulldiv                  00408610 f   LIBCMT:ulldiv.obj
 0001:00007678       ?__scrt_throw_std_bad_alloc@@YAXXZ 00408678 f   LIBCMT:throw_bad_alloc.obj
 0001:00007695       ??3@YAXPAX@Z               00408695 f   LIBCMT:delete_scalar.obj
 0001:0000769a       ___scrt_is_ucrt_dll_in_use 0040869a f   LIBCMT:ucrt_detection.obj
 0001:000076a6       ___scrt_fastfail           004086a6 f   LIBCMT:utility_desktop.obj
 0001:000077bb       ___scrt_initialize_mta     004087bb f   LIBCMT:utility_desktop.obj
 0001:000077c0       ___scrt_is_managed_app     004087c0 f   LIBCMT:utility_desktop.obj
 0001:00007802       ___scrt_set_unhandled_exception_filter 00408802 f   LIBCMT:utility_desktop.obj
 0001:0000780e       ___scrt_unhandled_exception_filter@4 0040880e f   LIBCMT:utility_desktop.obj
 0001:00007864       __crt_debugger_hook        00408864 f   LIBCMT:utility_desktop.obj
 0001:00007870       __SEH_prolog4              00408870 f   LIBCMT:sehprolg4.obj
 0001:00007902       ___security_init_cookie    00408902 f   LIBCMT:gs_support.obj
 0001:0000794d       __get_startup_file_mode    0040894d f   LIBCMT:file_mode.obj
 0001:00007953       ?__scrt_initialize_type_info@@YAXXZ 00408953 f   LIBCMT:tncleanup.obj
 0001:0000795f       __initialize_default_precision 0040895f f   LIBCMT:default_precision.obj
 0001:00007980       ___local_stdio_scanf_options 00408980 f i LIBCMT:default_local_stdio_options.obj
 0001:00007986       ___scrt_initialize_default_local_stdio_options 00408986 f   LIBCMT:default_local_stdio_options.obj
 0001:000079a3       ___scrt_is_user_matherr_present 004089a3 f   LIBCMT:matherr_detection.obj
 0001:000079af       ___scrt_get_dyn_tls_init_callback 004089af f   LIBCMT:dyn_tls_init.obj
 0001:000079b5       ___scrt_get_dyn_tls_dtor_callback 004089b5 f   LIBCMT:dyn_tls_dtor.obj
 0001:000079bb       __RTC_Initialize           004089bb f   LIBCMT:initsect.obj
 0001:000079e7       __RTC_Terminate            004089e7 f   LIBCMT:initsect.obj
 0001:00007a13       ___WSAFDIsSet@8            00408a13 f   WS2_32:WS2_32.dll
 0001:00007a19       ___std_exception_copy      00408a19 f   libvcruntime:std_exception.obj
 0001:00007a7c       ___std_exception_destroy   00408a7c f   libvcruntime:std_exception.obj
 0001:00007a9b       __CxxThrowException@8      00408a9b f   libvcruntime:throw.obj
 0001:00007b10       _memcpy                    00408b10 f   libvcruntime:memcpy.obj
 0001:00007b10       _memmove                   00408b10 f   libvcruntime:memmove.obj
 0001:00008090       ___DestructExceptionObject 00409090 f   libvcruntime:ehhelpers.obj
 0001:00008131       ?_CallMemberFunction0@@YGXQAX0@Z 00409131 f i libvcruntime:ehhelpers.obj
 0001:00008196       __IsExceptionObjectToBeDestroyed 00409196 f   libvcruntime:ehhelpers.obj
 0001:000081bc       ___AdjustPointer           004091bc f   libvcruntime:ehhelpers.obj
 0001:000081e1       ___FrameUnwindFilter       004091e1 f   libvcruntime:ehhelpers.obj
 0001:00008237       ___current_exception       00409237 f   libvcruntime:ehhelpers.obj
 0001:00008240       ___current_exception_context 00409240 f   libvcruntime:ehhelpers.obj
 0001:00008249       ___std_terminate           00409249 f   libvcruntime:ehhelpers.obj
 0001:0000824e       ?GetRangeOfTrysToCheck@__FrameHandler3@@SA?AU?$pair@Viterator@TryBlockMap@__FrameHandler3@@V123@@std@@AAVTryBlockMap@1@HPAXPBU_s_FuncInfo@@H@Z 0040924e f   libvcruntime:trnsctrl.obj
 0001:000082bd       ?_CallCatchBlock2@@YAPAXPAUEHRegistrationNode@@PBU_s_FuncInfo@@PAXHK@Z 004092bd f   libvcruntime:trnsctrl.obj
 0001:0000831a       ?_CallSETranslator@@YAHPAUEHExceptionRecord@@PAUEHRegistrationNode@@PAX2PBU_s_FuncInfo@@H1@Z 0040931a f   libvcruntime:trnsctrl.obj
 0001:0000840a       ?_JumpToContinuation@@YGXPAXPAUEHRegistrationNode@@@Z 0040940a f   libvcruntime:trnsctrl.obj
 0001:0000843a       ?_UnwindNestedFrames@@YGXPAUEHRegistrationNode@@PAUEHExceptionRecord@@@Z 0040943a f   libvcruntime:trnsctrl.obj
 0001:0000848d       __CatchGuardHandler        0040948d f   libvcruntime:trnsctrl.obj
 0001:000084be       __CreateFrameInfo          004094be f   libvcruntime:trnsctrl.obj
 0001:000084e2       __FindAndUnlinkFrame       004094e2 f   libvcruntime:trnsctrl.obj
 0001:0000852a       __TranslatorGuardHandler   0040952a f   libvcruntime:trnsctrl.obj
 0001:000085c7       ___CxxFrameHandler3        004095c7 f   libvcruntime:trnsctrl.obj
 0001:00008600       _memset                    00409600 f   libvcruntime:memset.obj
 0001:0000875a       ___uncaught_exception      0040975a f   libvcruntime:uncaught_exception.obj
 0001:0000876e       __get_purecall_handler     0040976e f   libvcruntime:purevirt.obj
 0001:00008775       __purecall                 00409775 f   libvcruntime:purevirt.obj
 0001:000087a0       _memcmp                    004097a0 f   libvcruntime:memcmp.obj
 0001:00009e1c       ___vcrt_initialize         0040ae1c f   libvcruntime:initialization.obj
 0001:00009e3b       ___vcrt_uninitialize       0040ae3b f   libvcruntime:initialization.obj
 0001:00009ea0       __except_handler4          0040aea0 f   libvcruntime:chandler4.obj
 0001:00009ffe       ___std_type_info_compare   0040affe f   libvcruntime:std_type_info.obj
 0001:0000a03a       ___vcrt_freefls@4          0040b03a f   libvcruntime:per_thread_data.obj
 0001:0000a056       ___vcrt_getptd             0040b056 f   libvcruntime:per_thread_data.obj
 0001:0000a064       ___vcrt_getptd_noexit      0040b064 f   libvcruntime:per_thread_data.obj
 0001:0000a0f6       ___vcrt_getptd_noinit      0040b0f6 f   libvcruntime:per_thread_data.obj
 0001:0000a12d       ___vcrt_initialize_ptd     0040b12d f   libvcruntime:per_thread_data.obj
 0001:0000a160       ___vcrt_uninitialize_ptd   0040b160 f   libvcruntime:per_thread_data.obj
 0001:0000a8ad       ??$TypeMatchHelper@V__FrameHandler3@@@@YAHPBU_s_HandlerType@@PBU_s_CatchableType@@PBU_s_ThrowInfo@@@Z 0040b8ad f i libvcruntime:frame.obj
 0001:0000a93b       ??$__InternalCxxFrameHandler@V__FrameHandler3@@@@YA?AW4_EXCEPTION_DISPOSITION@@PAUEHExceptionRecord@@PAUEHRegistrationNode@@PAU_CONTEXT@@PAXPBU_s_FuncInfo@@H1E@Z 0040b93b f i libvcruntime:frame.obj
 0001:0000aa3d       ??$__InternalCxxFrameHandlerWrapper@V__FrameHandler3@@@@YA?AW4_EXCEPTION_DISPOSITION@@PAUEHExceptionRecord@@PAUEHRegistrationNode@@PAU_CONTEXT@@PAXPBU_s_FuncInfo@@H1E@Z 0040ba3d f i libvcruntime:frame.obj
 0001:0000aa46       ??0bad_exception@std@@QAE@ABV01@@Z 0040ba46 f i libvcruntime:frame.obj
 0001:0000aa61       ??0bad_exception@std@@QAE@XZ 0040ba61 f i libvcruntime:frame.obj
 0001:0000aa79       ??8type_info@@QBE_NABV0@@Z 0040ba79 f i libvcruntime:frame.obj
 0001:0000acf0       ?FrameUnwindToEmptyState@__FrameHandler3@@SAXPAUEHRegistrationNode@@PAXPBU_s_FuncInfo@@@Z 0040bcf0 f   libvcruntime:frame.obj
 0001:0000ad08       ?FrameUnwindToState@__FrameHandler3@@SAXPAUEHRegistrationNode@@PAXPBU_s_FuncInfo@@H@Z 0040bd08 f   libvcruntime:frame.obj
 0001:0000ae8a       ?_CallMemberFunction1@@YGXQAX00@Z 0040be8a f i libvcruntime:frame.obj
 0001:0000ae9a       ?_CallMemberFunction2@@YGXQAX00H@Z 0040be9a f i libvcruntime:frame.obj
 0001:0000aead       ?getESTypes@__FrameHandler3@@SAPBU_s_ESTypeList@@PBU_s_FuncInfo@@@Z 0040bead f i libvcruntime:frame.obj
 0001:0000aec0       __CallSettingFrame@12      0040bec0 f   libvcruntime:lowhelpr.obj
 0001:0000aee7       __NLG_Return               0040bee7     libvcruntime:lowhelpr.obj
 0001:0000af0c       ___except_validate_context_record 0040bf0c f   libvcruntime:jbcxrval.obj
 0001:0000af3c       ___vcrt_initialize_locks   0040bf3c f   libvcruntime:locks.obj
 0001:0000af78       ___vcrt_uninitialize_locks 0040bf78 f   libvcruntime:locks.obj
 0001:0000afb0       __local_unwind4            0040bfb0 f   libvcruntime:exsup4.obj
 0001:0000b0a0       @_EH4_CallFilterFunc@8     0040c0a0 f   libvcruntime:exsup4.obj
 0001:0000b0c0       @_EH4_TransferToHandler@8  0040c0c0 f   libvcruntime:exsup4.obj
 0001:0000b0e0       @_EH4_GlobalUnwind2@8      0040c0e0 f   libvcruntime:exsup4.obj
 0001:0000b100       @_EH4_LocalUnwind@16       0040c100 f   libvcruntime:exsup4.obj
 0001:0000b202       ___vcrt_FlsAlloc           0040c202 f   libvcruntime:winapi_downlevel.obj
 0001:0000b23d       ___vcrt_FlsFree            0040c23d f   libvcruntime:winapi_downlevel.obj
 0001:0000b278       ___vcrt_FlsGetValue        0040c278 f   libvcruntime:winapi_downlevel.obj
 0001:0000b2b3       ___vcrt_FlsSetValue        0040c2b3 f   libvcruntime:winapi_downlevel.obj
 0001:0000b2f1       ___vcrt_InitializeCriticalSectionEx 0040c2f1 f   libvcruntime:winapi_downlevel.obj
 0001:0000b338       _unexpected                0040c338 f   libvcruntime:unexpected.obj
 0001:0000b355       ?GetCurrentState@__FrameHandler3@@SAHPAUEHRegistrationNode@@PAXPBU_s_FuncInfo@@@Z 0040c355 f   libvcruntime:ehstate.obj
 0001:0000b372       ?SetState@__FrameHandler3@@SAXPAUEHRegistrationNode@@PBU_s_FuncInfo@@H@Z 0040c372 f   libvcruntime:ehstate.obj
 0001:0000b380       __NLG_Notify1              0040c380 f   libvcruntime:exsup.obj
 0001:0000b390       __NLG_Notify               0040c390 f   libvcruntime:exsup.obj
 0001:0000b3a7       __NLG_Dispatch             0040c3a7     libvcruntime:exsup.obj
 0001:0000b3a7       __NLG_Dispatch2            0040c3a7     libvcruntime:exsup.obj
 0001:0000b3b0       __NLG_Call                 0040c3b0 f   libvcruntime:exsup.obj
 0001:0000b3b2       __NLG_Return2              0040c3b2     libvcruntime:exsup.obj
 0001:0000b3b3       ??0__crt_cached_ptd_host@@QAE@QAU__crt_locale_pointers@@@Z 0040c3b3 f i libucrt:invalid_parameter.obj
 0001:0000b3fb       ??1__crt_cached_ptd_host@@QAE@XZ 0040c3fb f i libucrt:invalid_parameter.obj
 0001:0000b437       ?check_synchronize_global_state_index@__crt_cached_ptd_host@@AAEIXZ 0040c437 f i libucrt:invalid_parameter.obj
 0001:0000b460       ?force_synchronize_per_thread_data@__crt_cached_ptd_host@@AAEPAU__acrt_ptd@@XZ 0040c460 f i libucrt:invalid_parameter.obj
 0001:0000b4a6       ?get_raw_ptd@__crt_cached_ptd_host@@QAEPAU__acrt_ptd@@XZ 0040c4a6 f i libucrt:invalid_parameter.obj
 0001:0000b4c3       ___acrt_call_reportfault   0040c4c3 f   libucrt:invalid_parameter.obj
 0001:0000b5fc       ___acrt_initialize_invalid_parameter_handler 0040c5fc f   libucrt:invalid_parameter.obj
 0001:0000b60b       __invalid_parameter        0040c60b f   libucrt:invalid_parameter.obj
 0001:0000b642       __invalid_parameter_internal 0040c642 f   libucrt:invalid_parameter.obj
 0001:0000b6bf       __invalid_parameter_noinfo 0040c6bf f   libucrt:invalid_parameter.obj
 0001:0000b6cf       __invalid_parameter_noinfo_noreturn 0040c6cf f   libucrt:invalid_parameter.obj
 0001:0000b6ec       __invoke_watson            0040c6ec f   libucrt:invalid_parameter.obj
 0001:0000b720       _free                      0040c720 f   libucrt:free.obj
 0001:0000b73b       __strdup                   0040c73b f   libucrt:strdup.obj
 0001:0000b8bd       __itow_s                   0040c8bd f   libucrt:xtoa.obj
 0001:0000babf       ??$count@D@formatting_buffer@__crt_stdio_output@@QBEIXZ 0040cabf f i libucrt:output.obj
 0001:0000bad7       ??$ensure_buffer_is_big_enough@D@formatting_buffer@__crt_stdio_output@@QAE_NIAAV__crt_cached_ptd_host@@@Z 0040cad7 f i libucrt:output.obj
 0001:0000bb58       ??$is_overflow_condition@K@__crt_strtox@@YA_NIK@Z 0040cb58 f i libucrt:output.obj
 0001:0000bb8c       ??$is_wide_character_specifier@D@__crt_stdio_output@@YA_N_KDW4length_modifier@0@@Z 0040cb8c f i libucrt:output.obj
 0001:0000bbbd       ??$parse_integer@KV?$c_string_character_source@D@__crt_strtox@@$0A@@__crt_strtox@@YAKAAV__crt_cached_ptd_host@@V?$c_string_character_source@D@0@H_N@Z 0040cbbd f i libucrt:output.obj
 0001:0000bdcc       ??$scratch_data@D@formatting_buffer@__crt_stdio_output@@QAEPADXZ 0040cdcc f i libucrt:output.obj
 0001:0000bdea       ??$type_case_integer@$07@?$output_processor@DV?$stream_output_adapter@D@__crt_stdio_output@@V?$standard_base@DV?$stream_output_adapter@D@__crt_stdio_output@@@2@@__crt_stdio_output@@AAE_N_N@Z 0040cdea f i libucrt:output.obj
 0001:0000bdea       ??$type_case_integer@$07@?$output_processor@DV?$string_output_adapter@D@__crt_stdio_output@@V?$standard_base@DV?$string_output_adapter@D@__crt_stdio_output@@@2@@__crt_stdio_output@@AAE_N_N@Z 0040cdea f i libucrt:output.obj
 0001:0000bf77       ??$type_case_integer@$09@?$output_processor@DV?$stream_output_adapter@D@__crt_stdio_output@@V?$standard_base@DV?$stream_output_adapter@D@__crt_stdio_output@@@2@@__crt_stdio_output@@AAE_N_N@Z 0040cf77 f i libucrt:output.obj
 0001:0000bf77       ??$type_case_integer@$09@?$output_processor@DV?$string_output_adapter@D@__crt_stdio_output@@V?$standard_base@DV?$string_output_adapter@D@__crt_stdio_output@@@2@@__crt_stdio_output@@AAE_N_N@Z 0040cf77 f i libucrt:output.obj
 0001:0000c104       ??$type_case_integer@$0BA@@?$output_processor@DV?$stream_output_adapter@D@__crt_stdio_output@@V?$standard_base@DV?$stream_output_adapter@D@__crt_stdio_output@@@2@@__crt_stdio_output@@AAE_N_N@Z 0040d104 f i libucrt:output.obj
 0001:0000c104       ??$type_case_integer@$0BA@@?$output_processor@DV?$string_output_adapter@D@__crt_stdio_output@@V?$standard_base@DV?$string_output_adapter@D@__crt_stdio_output@@@2@@__crt_stdio_output@@AAE_N_N@Z 0040d104 f i libucrt:output.obj
 0001:0000c291       ??$type_case_integer_parse_into_buffer@I$07@?$output_processor@DV?$stream_output_adapter@D@__crt_stdio_output@@V?$standard_base@DV?$stream_output_adapter@D@__crt_stdio_output@@@2@@__crt_stdio_output@@AAEXI_N@Z 0040d291 f i libucrt:output.obj
 0001:0000c291       ??$type_case_integer_parse_into_buffer@I$07@?$output_processor@DV?$string_output_adapter@D@__crt_stdio_output@@V?$standard_base@DV?$string_output_adapter@D@__crt_stdio_output@@@2@@__crt_stdio_output@@AAEXI_N@Z 0040d291 f i libucrt:output.obj
 0001:0000c2f4       ??$type_case_integer_parse_into_buffer@I$09@?$output_processor@DV?$stream_output_adapter@D@__crt_stdio_output@@V?$standard_base@DV?$stream_output_adapter@D@__crt_stdio_output@@@2@@__crt_stdio_output@@AAEXI_N@Z 0040d2f4 f i libucrt:output.obj
 0001:0000c2f4       ??$type_case_integer_parse_into_buffer@I$09@?$output_processor@DV?$string_output_adapter@D@__crt_stdio_output@@V?$standard_base@DV?$string_output_adapter@D@__crt_stdio_output@@@2@@__crt_stdio_output@@AAEXI_N@Z 0040d2f4 f i libucrt:output.obj
 0001:0000c37b       ??$type_case_integer_parse_into_buffer@I$0BA@@?$output_processor@DV?$stream_output_adapter@D@__crt_stdio_output@@V?$standard_base@DV?$stream_output_adapter@D@__crt_stdio_output@@@2@@__crt_stdio_output@@AAEXI_N@Z 0040d37b f i libucrt:output.obj
 0001:0000c37b       ??$type_case_integer_parse_into_buffer@I$0BA@@?$output_processor@DV?$string_output_adapter@D@__crt_stdio_output@@V?$standard_base@DV?$string_output_adapter@D@__crt_stdio_output@@@2@@__crt_stdio_output@@AAEXI_N@Z 0040d37b f i libucrt:output.obj
 0001:0000c3f8       ??$type_case_integer_parse_into_buffer@_K$07@?$output_processor@DV?$stream_output_adapter@D@__crt_stdio_output@@V?$standard_base@DV?$stream_output_adapter@D@__crt_stdio_output@@@2@@__crt_stdio_output@@AAEX_K_N@Z 0040d3f8 f i libucrt:output.obj
 0001:0000c3f8       ??$type_case_integer_parse_into_buffer@_K$07@?$output_processor@DV?$string_output_adapter@D@__crt_stdio_output@@V?$standard_base@DV?$string_output_adapter@D@__crt_stdio_output@@@2@@__crt_stdio_output@@AAEX_K_N@Z 0040d3f8 f i libucrt:output.obj
 0001:0000c470       ??$type_case_integer_parse_into_buffer@_K$09@?$output_processor@DV?$stream_output_adapter@D@__crt_stdio_output@@V?$standard_base@DV?$stream_output_adapter@D@__crt_stdio_output@@@2@@__crt_stdio_output@@AAEX_K_N@Z 0040d470 f i libucrt:output.obj
 0001:0000c470       ??$type_case_integer_parse_into_buffer@_K$09@?$output_processor@DV?$string_output_adapter@D@__crt_stdio_output@@V?$standard_base@DV?$string_output_adapter@D@__crt_stdio_output@@@2@@__crt_stdio_output@@AAEX_K_N@Z 0040d470 f i libucrt:output.obj
 0001:0000c517       ??$type_case_integer_parse_into_buffer@_K$0BA@@?$output_processor@DV?$stream_output_adapter@D@__crt_stdio_output@@V?$standard_base@DV?$stream_output_adapter@D@__crt_stdio_output@@@2@@__crt_stdio_output@@AAEX_K_N@Z 0040d517 f i libucrt:output.obj
 0001:0000c517       ??$type_case_integer_parse_into_buffer@_K$0BA@@?$output_processor@DV?$string_output_adapter@D@__crt_stdio_output@@V?$standard_base@DV?$string_output_adapter@D@__crt_stdio_output@@@2@@__crt_stdio_output@@AAEX_K_N@Z 0040d517 f i libucrt:output.obj
 0001:0000c5a1       ??0?$output_adapter_data@DV?$stream_output_adapter@D@__crt_stdio_output@@@__crt_stdio_output@@IAE@ABV?$stream_output_adapter@D@1@_KQBDAAV__crt_cached_ptd_host@@QAD@Z 0040d5a1 f i libucrt:output.obj
 0001:0000c5a1       ??0?$output_adapter_data@DV?$string_output_adapter@D@__crt_stdio_output@@@__crt_stdio_output@@IAE@ABV?$string_output_adapter@D@1@_KQBDAAV__crt_cached_ptd_host@@QAD@Z 0040d5a1 f i libucrt:output.obj
 0001:0000c608       ??1formatting_buffer@__crt_stdio_output@@QAE@XZ 0040d608 f i libucrt:output.obj
 0001:0000c622       ??4?$__crt_unique_heap_ptr@DU__crt_internal_free_policy@@@@QAEAAV0@$$QAV0@@Z 0040d622 f i libucrt:output.obj
 0001:0000c6e2       ?crop_zeroes@__crt_stdio_output@@YAXPADQAU__crt_locale_pointers@@@Z 0040d6e2 f i libucrt:output.obj
 0001:0000c742       ?find_next_state@?$output_processor@DV?$stream_output_adapter@D@__crt_stdio_output@@V?$standard_base@DV?$stream_output_adapter@D@__crt_stdio_output@@@2@@__crt_stdio_output@@ABE?AW4state@2@DW432@@Z 0040d742 f i libucrt:output.obj
 0001:0000c742       ?find_next_state@?$output_processor@DV?$string_output_adapter@D@__crt_stdio_output@@V?$standard_base@DV?$string_output_adapter@D@__crt_stdio_output@@@2@@__crt_stdio_output@@ABE?AW4state@2@DW432@@Z 0040d742 f i libucrt:output.obj
 0001:0000c77d       ?force_decimal_point@__crt_stdio_output@@YAXPADQAU__crt_locale_pointers@@@Z 0040d77d f i libucrt:output.obj
 0001:0000c7d9       ?parse_int_from_format_string@?$output_processor@DV?$stream_output_adapter@D@__crt_stdio_output@@V?$standard_base@DV?$stream_output_adapter@D@__crt_stdio_output@@@2@@__crt_stdio_output@@AAE_NQAH@Z 0040d7d9 f i libucrt:output.obj
 0001:0000c7d9       ?parse_int_from_format_string@?$output_processor@DV?$string_output_adapter@D@__crt_stdio_output@@V?$standard_base@DV?$string_output_adapter@D@__crt_stdio_output@@@2@@__crt_stdio_output@@AAE_NQAH@Z 0040d7d9 f i libucrt:output.obj
 0001:0000c851       ?process@?$output_processor@DV?$stream_output_adapter@D@__crt_stdio_output@@V?$standard_base@DV?$stream_output_adapter@D@__crt_stdio_output@@@2@@__crt_stdio_output@@QAEHXZ 0040d851 f i libucrt:output.obj
 0001:0000cb01       ?process@?$output_processor@DV?$string_output_adapter@D@__crt_stdio_output@@V?$standard_base@DV?$string_output_adapter@D@__crt_stdio_output@@@2@@__crt_stdio_output@@QAEHXZ 0040db01 f i libucrt:output.obj
 0001:0000cdd5       ?state_case_size@?$output_processor@DV?$stream_output_adapter@D@__crt_stdio_output@@V?$standard_base@DV?$stream_output_adapter@D@__crt_stdio_output@@@2@@__crt_stdio_output@@AAE_NXZ 0040ddd5 f i libucrt:output.obj
 0001:0000cf2e       ?state_case_size@?$output_processor@DV?$string_output_adapter@D@__crt_stdio_output@@V?$standard_base@DV?$string_output_adapter@D@__crt_stdio_output@@@2@@__crt_stdio_output@@AAE_NXZ 0040df2e f i libucrt:output.obj
 0001:0000d087       ?state_case_type@?$output_processor@DV?$stream_output_adapter@D@__crt_stdio_output@@V?$standard_base@DV?$stream_output_adapter@D@__crt_stdio_output@@@2@@__crt_stdio_output@@AAE_NXZ 0040e087 f i libucrt:output.obj
 0001:0000d3c9       ?state_case_type@?$output_processor@DV?$string_output_adapter@D@__crt_stdio_output@@V?$standard_base@DV?$string_output_adapter@D@__crt_stdio_output@@@2@@__crt_stdio_output@@AAE_NXZ 0040e3c9 f i libucrt:output.obj
 0001:0000d728       ?to_integer_size@__crt_stdio_output@@YAIW4length_modifier@1@@Z 0040e728 f i libucrt:output.obj
 0001:0000d77c       ?type_case_Z@?$output_processor@DV?$stream_output_adapter@D@__crt_stdio_output@@V?$standard_base@DV?$stream_output_adapter@D@__crt_stdio_output@@@2@@__crt_stdio_output@@AAE_NXZ 0040e77c f i libucrt:output.obj
 0001:0000d77c       ?type_case_Z@?$output_processor@DV?$string_output_adapter@D@__crt_stdio_output@@V?$standard_base@DV?$string_output_adapter@D@__crt_stdio_output@@@2@@__crt_stdio_output@@AAE_NXZ 0040e77c f i libucrt:output.obj
 0001:0000d7df       ?type_case_a@?$output_processor@DV?$stream_output_adapter@D@__crt_stdio_output@@V?$standard_base@DV?$stream_output_adapter@D@__crt_stdio_output@@@2@@__crt_stdio_output@@AAE_NXZ 0040e7df f i libucrt:output.obj
 0001:0000d7df       ?type_case_a@?$output_processor@DV?$string_output_adapter@D@__crt_stdio_output@@V?$standard_base@DV?$string_output_adapter@D@__crt_stdio_output@@@2@@__crt_stdio_output@@AAE_NXZ 0040e7df f i libucrt:output.obj
 0001:0000d970       ?type_case_c_tchar@?$output_processor@DV?$stream_output_adapter@D@__crt_stdio_output@@V?$standard_base@DV?$stream_output_adapter@D@__crt_stdio_output@@@2@@__crt_stdio_output@@AAE_ND@Z 0040e970 f i libucrt:output.obj
 0001:0000d970       ?type_case_c_tchar@?$output_processor@DV?$string_output_adapter@D@__crt_stdio_output@@V?$standard_base@DV?$string_output_adapter@D@__crt_stdio_output@@@2@@__crt_stdio_output@@AAE_ND@Z 0040e970 f i libucrt:output.obj
 0001:0000da05       ?type_case_n@?$output_processor@DV?$stream_output_adapter@D@__crt_stdio_output@@V?$standard_base@DV?$stream_output_adapter@D@__crt_stdio_output@@@2@@__crt_stdio_output@@AAE_NXZ 0040ea05 f i libucrt:output.obj
 0001:0000da05       ?type_case_n@?$output_processor@DV?$string_output_adapter@D@__crt_stdio_output@@V?$standard_base@DV?$string_output_adapter@D@__crt_stdio_output@@@2@@__crt_stdio_output@@AAE_NXZ 0040ea05 f i libucrt:output.obj
 0001:0000da8a       ?type_case_o@?$output_processor@DV?$stream_output_adapter@D@__crt_stdio_output@@V?$standard_base@DV?$stream_output_adapter@D@__crt_stdio_output@@@2@@__crt_stdio_output@@AAE_NXZ 0040ea8a f i libucrt:output.obj
 0001:0000da8a       ?type_case_o@?$output_processor@DV?$string_output_adapter@D@__crt_stdio_output@@V?$standard_base@DV?$string_output_adapter@D@__crt_stdio_output@@@2@@__crt_stdio_output@@AAE_NXZ 0040ea8a f i libucrt:output.obj
 0001:0000daa7       ?type_case_p@?$output_processor@DV?$stream_output_adapter@D@__crt_stdio_output@@V?$standard_base@DV?$stream_output_adapter@D@__crt_stdio_output@@@2@@__crt_stdio_output@@AAE_NXZ 0040eaa7 f i libucrt:output.obj
 0001:0000daa7       ?type_case_p@?$output_processor@DV?$string_output_adapter@D@__crt_stdio_output@@V?$standard_base@DV?$string_output_adapter@D@__crt_stdio_output@@@2@@__crt_stdio_output@@AAE_NXZ 0040eaa7 f i libucrt:output.obj
 0001:0000dabd       ?type_case_s@?$output_processor@DV?$stream_output_adapter@D@__crt_stdio_output@@V?$standard_base@DV?$stream_output_adapter@D@__crt_stdio_output@@@2@@__crt_stdio_output@@AAE_NXZ 0040eabd f i libucrt:output.obj
 0001:0000dabd       ?type_case_s@?$output_processor@DV?$string_output_adapter@D@__crt_stdio_output@@V?$standard_base@DV?$string_output_adapter@D@__crt_stdio_output@@@2@@__crt_stdio_output@@AAE_NXZ 0040eabd f i libucrt:output.obj
 0001:0000db2f       ?unget@?$c_string_character_source@D@__crt_strtox@@QAEXD@Z 0040eb2f f i libucrt:output.obj
 0001:0000db58       ?unget@?$c_string_character_source@_W@__crt_strtox@@QAEX_W@Z 0040eb58 f i libucrt:output.obj
 0001:0000db90       ?update_locale_slow@__crt_cached_ptd_host@@AAEXXZ 0040eb90 f i libucrt:output.obj
 0001:0000dbeb       ?validate@?$c_string_character_source@D@__crt_strtox@@QBE_NXZ 0040ebeb f i libucrt:output.obj
 0001:0000dbeb       ?validate@?$c_string_character_source@_W@__crt_strtox@@QBE_NXZ 0040ebeb f i libucrt:output.obj
 0001:0000dc06       ?validate@?$stream_output_adapter@D@__crt_stdio_output@@QBE_NAAV__crt_cached_ptd_host@@@Z 0040ec06 f i libucrt:output.obj
 0001:0000dc3e       ?validate@?$string_output_adapter@D@__crt_stdio_output@@QBE_NAAV__crt_cached_ptd_host@@@Z 0040ec3e f i libucrt:output.obj
 0001:0000dc6f       ?validate_stream_is_ansi_if_required@?$__acrt_stdio_char_traits@D@@SA_NQAU_iobuf@@@Z 0040ec6f f i libucrt:output.obj
 0001:0000dcf6       ?write_character@?$output_adapter_common@DV?$stream_output_adapter@D@__crt_stdio_output@@@__crt_stdio_output@@QBEXDQAHAAV__crt_cached_ptd_host@@@Z 0040ecf6 f i libucrt:output.obj
 0001:0000dd18       ?write_character_without_count_update@?$stream_output_adapter@D@__crt_stdio_output@@QBE_NDAAV__crt_cached_ptd_host@@@Z 0040ed18 f i libucrt:output.obj
 0001:0000dd52       ?write_string@?$stream_output_adapter@D@__crt_stdio_output@@QBEXQBDHQAHAAV__crt_cached_ptd_host@@@Z 0040ed52 f i libucrt:output.obj
 0001:0000dd7e       ?write_string@?$string_output_adapter@D@__crt_stdio_output@@QBEXQBDHQAHAAV__crt_cached_ptd_host@@@Z 0040ed7e f i libucrt:output.obj
 0001:0000dde5       ?write_string_impl@?$output_adapter_common@DV?$stream_output_adapter@D@__crt_stdio_output@@@__crt_stdio_output@@IBEXQBDHQAHAAV__crt_cached_ptd_host@@@Z 0040ede5 f i libucrt:output.obj
 0001:0000de64       ___acrt_locale_get_ctype_array_value 0040ee64 f i libucrt:output.obj
 0001:0000de86       ___stdio_common_vfprintf   0040ee86 f   libucrt:output.obj
 0001:0000df2a       ___stdio_common_vsprintf   0040ef2a f   libucrt:output.obj
 0001:0000e041       __strtime                  0040f041 f   libucrt:strtime.obj
 0001:0000e05d       ___acrt_initialize_stdio   0040f05d f   libucrt:_file.obj
 0001:0000e125       ___acrt_iob_func           0040f125 f   libucrt:_file.obj
 0001:0000e135       ___acrt_uninitialize_stdio 0040f135 f   libucrt:_file.obj
 0001:0000e181       __get_stream_buffer_pointers 0040f181 f   libucrt:_file.obj
 0001:0000e1c7       __lock_file                0040f1c7 f   libucrt:_file.obj
 0001:0000e1db       __unlock_file              0040f1db f   libucrt:_file.obj
 0001:0000e1f0       _strncpy                   0040f1f0 f   libucrt:strncpy.obj
 0001:0000e314       _calloc                    0040f314 f   libucrt:calloc.obj
 0001:0000e31f       ??$parse_integer@KV?$c_string_character_source@D@__crt_strtox@@$00@__crt_strtox@@YAKAAV__crt_cached_ptd_host@@V?$c_string_character_source@D@0@H_N@Z 0040f31f f i libucrt:atox.obj
 0001:0000e566       ??$parse_integer@KV?$c_string_character_source@_W@__crt_strtox@@$00@__crt_strtox@@YAKAAV__crt_cached_ptd_host@@V?$c_string_character_source@_W@0@H_N@Z 0040f566 f i libucrt:atox.obj
 0001:0000eb74       __ischartype_l             0040fb74 f i libucrt:atox.obj
 0001:0000ebcb       __wtol                     0040fbcb f   libucrt:atox.obj
 0001:0000ec0a       _atoi                      0040fc0a f   libucrt:atox.obj
 0001:0000ed64       _system                    0040fd64 f   libucrt:system.obj
 0001:0000ee94       _fclose                    0040fe94 f   libucrt:fclose.obj
 0001:0000f0fe       ___acrt_stdio_flush_nolock 004100fe f   libucrt:fflush.obj
 0001:0000f167       __fflush_nolock            00410167 f   libucrt:fflush.obj
 0001:0000f1cc       __flushall                 004101cc f   libucrt:fflush.obj
 0001:0000f1d5       _fflush                    004101d5 f   libucrt:fflush.obj
 0001:0000f228       __fgetc_nolock             00410228 f   libucrt:fgetc.obj
 0001:0000f264       _fgetc                     00410264 f   libucrt:fgetc.obj
 0001:0000f37d       _fgetpos                   0041037d f   libucrt:fgetpos.obj
 0001:0000f50c       __fputc_nolock_internal    0041050c f   libucrt:fputc.obj
 0001:0000f539       _fputc                     00410539 f   libucrt:fputc.obj
 0001:0000f56d       __fread_nolock_s           0041056d f   libucrt:fread.obj
 0001:0000f746       _fread                     00410746 f   libucrt:fread.obj
 0001:0000f763       _fread_s                   00410763 f   libucrt:fread.obj
 0001:0000f881       _fsetpos                   00410881 f   libucrt:fsetpos.obj
 0001:0000f8bc       ?LongLongSub@@YAJ_J0PA_J@Z 004108bc f i libucrt:fseek.obj
 0001:0000fba5       __fseeki64                 00410ba5 f   libucrt:fseek.obj
 0001:0000fc86       __fwrite_internal          00410c86 f   libucrt:fwrite.obj
 0001:0000fcfd       __fwrite_nolock_internal   00410cfd f   libucrt:fwrite.obj
 0001:0000fea4       _fwrite                    00410ea4 f   libucrt:fwrite.obj
 0001:000100a2       _setvbuf                   004110a2 f   libucrt:setvbuf.obj
 0001:000100dc       __ungetc_nolock            004110dc f   libucrt:ungetc.obj
 0001:000101d0       _ungetc                    004111d0 f   libucrt:ungetc.obj
 0001:00010243       ___acrt_initialize_locks   00411243 f   libucrt:locks.obj
 0001:00010284       ___acrt_lock               00411284 f   libucrt:locks.obj
 0001:0001029b       ___acrt_uninitialize_locks 0041129b f   libucrt:locks.obj
 0001:000102cc       ___acrt_unlock             004112cc f   libucrt:locks.obj
 0001:000102e3       __lock_locales             004112e3 f   libucrt:locks.obj
 0001:000102f1       __unlock_locales           004112f1 f   libucrt:locks.obj
 0001:000102fa       _malloc                    004112fa f   libucrt:malloc.obj
 0001:0001055a       _setlocale                 0041155a f   libucrt:setlocale.obj
 0001:00010592       ___pctype_func             00411592 f   libucrt:ctype.obj
 0001:000105c0       _islower                   004115c0 f   libucrt:_ctype.obj
 0001:00010650       _isupper                   00411650 f   libucrt:_ctype.obj
 0001:000106d4       ____lc_codepage_func       004116d4 f   libucrt:initctype.obj
 0001:000106f9       ____lc_locale_name_func    004116f9 f   libucrt:initctype.obj
 0001:00010720       ___acrt_locale_initialize_ctype 00411720 f   libucrt:initctype.obj
 0001:00010b7d       __wcsdup                   00411b7d f   libucrt:wcsdup.obj
 0001:00010bdc       _abort                     00411bdc f   libucrt:abort.obj
 0001:00010c20       ___acrt_errno_from_os_error 00411c20 f   libucrt:errno.obj
 0001:00010c63       ___acrt_errno_map_os_error 00411c63 f   libucrt:errno.obj
 0001:00010c86       ___acrt_errno_map_os_error_ptd 00411c86 f   libucrt:errno.obj
 0001:00010caa       ___doserrno                00411caa f   libucrt:errno.obj
 0001:00010cbd       __errno                    00411cbd f   libucrt:errno.obj
 0001:00010cd0       ??0_LocaleUpdate@@QAE@QAU__crt_locale_pointers@@@Z 00411cd0 f i libucrt:strtod.obj
 0001:00010d60       ?divide@__crt_strtox@@YA_KAAUbig_integer@1@ABU21@@Z 00411d60 f i libucrt:strtod.obj
 0001:00011210       _strcspn                   00412210 f   libucrt:strcspn.obj
 0001:00011256       ___strncnt                 00412256 f   libucrt:strncnt.obj
 0001:00011272       ??$__acrt_convert_wcs_mbs_cp@D_WV<lambda_62f6974d9771e494a5ea317cc32e971c>@@U__crt_win32_buffer_internal_dynamic_resizing@@@@YAHQBDAAV?$__crt_win32_buffer@_WU__crt_win32_buffer_internal_dynamic_resizing@@@@ABV<lambda_62f6974d9771e494a5ea317cc32e971c>@@I@Z 00412272 f i libucrt:strftime.obj
 0001:00011324       ??$__acrt_convert_wcs_mbs_cp@_WDV<lambda_0fec1a7b3f42a53036604e18c2d5e07e>@@U__crt_win32_buffer_no_resizing@@@@YAHQB_WAAV?$__crt_win32_buffer@DU__crt_win32_buffer_no_resizing@@@@ABV<lambda_0fec1a7b3f42a53036604e18c2d5e07e>@@I@Z 00412324 f i libucrt:strftime.obj
 0001:000113e6       ??$__acrt_mbs_to_wcs_cp@U__crt_win32_buffer_internal_dynamic_resizing@@@@YAHQBDAAV?$__crt_win32_buffer@_WU__crt_win32_buffer_internal_dynamic_resizing@@@@I@Z 004123e6 f i libucrt:strftime.obj
 0001:00011403       ??R<lambda_0fec1a7b3f42a53036604e18c2d5e07e>@@QBE@IQB_WQADI@Z 00412403 f i libucrt:strftime.obj
 0001:00011403       ??R<lambda_28bda7af82a03b66c1cb3803a755f95d>@@QBE@IQB_WQADI@Z 00412403 f i libucrt:argv_wildcards.obj
 0001:00011427       ?_deallocate@?$__crt_win32_buffer@DU__crt_win32_buffer_internal_dynamic_resizing@@@@AAEXXZ 00412427 f i libucrt:argv_wildcards.obj
 0001:00011427       ?_deallocate@?$__crt_win32_buffer@_WU__crt_win32_buffer_internal_dynamic_resizing@@@@AAEXXZ 00412427 f i libucrt:strftime.obj
 0001:00011441       ?allocate@?$__crt_win32_buffer@DU__crt_win32_buffer_no_resizing@@@@QAEHI@Z 00412441 f i libucrt:strftime.obj
 0001:00011468       ?allocate@?$__crt_win32_buffer@_WU__crt_win32_buffer_internal_dynamic_resizing@@@@QAEHI@Z 00412468 f i libucrt:strftime.obj
 0001:000114a7       ?allocate@__crt_win32_buffer_internal_dynamic_resizing@@SAHQAPAXIABV__crt_win32_buffer_empty_debug_info@@@Z 004124a7 f i libucrt:strftime.obj
 0001:000114c6       ?set_to_nullptr@?$__crt_win32_buffer@DU__crt_win32_buffer_no_resizing@@@@QAEXXZ 004124c6 f i libucrt:strftime.obj
 0001:000114da       _strnlen                   004124da f   libucrt:strnlen.obj
 0001:000115fc       _wcsnlen                   004125fc f   libucrt:strnlen.obj
 0001:000117ac       ??$__crt_fast_decode_pointer@P6AHI@Z@@YAP6AHI@ZQ6AHI@Z@Z 004127ac f i libucrt:new_handler.obj
 0001:000117ac       ??$__crt_fast_decode_pointer@P6AXH@Z@@YAP6AXH@ZQ6AXH@Z@Z 004127ac f i libucrt:signal.obj
 0001:000117ac       ??$__crt_fast_decode_pointer@P6GXPAXK0@Z@@YAP6GXPAXK0@ZQ6GX0K0@Z@Z 004127ac f i libucrt:exit.obj
 0001:000117c7       ___acrt_initialize_new_handler 004127c7 f   libucrt:new_handler.obj
 0001:000117d6       __callnewh                 004127d6 f   libucrt:new_handler.obj
 0001:00011802       __query_new_handler        00412802 f   libucrt:new_handler.obj
 0001:00011859       __seh_filter_exe           00412859 f   libucrt:exception_filter.obj
 0001:000119ec       ??$__crt_fast_encode_pointer@P6AHPAU_exception@@@Z@@YAP6AHPAU_exception@@@ZQ6AH0@Z@Z 004129ec f i libucrt:matherr.obj
 0001:000119ec       ??$__crt_fast_encode_pointer@P6AHXZ@@YAP6AHXZQ6AHXZ@Z 004129ec f i libucrt:onexit.obj
 0001:000119ec       ??$__crt_fast_encode_pointer@P6GHPA_WKJ@Z@@YAP6GHPA_WKJ@ZQ6GH0KJ@Z@Z 004129ec f i libucrt:winapi_thunks.obj
 0001:000119ec       ??$__crt_fast_encode_pointer@P6GXPAXK0@Z@@YAP6GXPAXK0@ZQ6GX0K0@Z@Z 004129ec f i libucrt:exit.obj
 0001:000119ec       ??$__crt_fast_encode_pointer@PAP6AXXZ@@YAPAP6AXXZQAP6AXXZ@Z 004129ec f i libucrt:onexit.obj
 0001:000119ec       ??$__crt_fast_encode_pointer@PAX@@YAPAXQAX@Z 004129ec f i libucrt:initialization.obj
 0001:00011c56       ___acrt_initialize_thread_local_exit_callback 00412c56 f   libucrt:exit.obj
 0001:00011c65       __c_exit                   00412c65 f   libucrt:exit.obj
 0001:00011c74       __cexit                    00412c74 f   libucrt:exit.obj
 0001:00011c83       __exit                     00412c83 f   libucrt:exit.obj
 0001:00011c99       __register_thread_local_exe_atexit_callback 00412c99 f   libucrt:exit.obj
 0001:00011cbf       _exit                      00412cbf f   libucrt:exit.obj
 0001:00011f86       ___acrt_allocate_buffer_for_argv 00412f86 f   libucrt:argv_parsing.obj
 0001:00011fd5       __configure_narrow_argv    00412fd5 f   libucrt:argv_parsing.obj
 0001:00012230       ___dcrt_get_or_create_narrow_environment_nolock 00413230 f   libucrt:environment_initialization.obj
 0001:00012235       ___dcrt_uninitialize_environments_nolock 00413235 f   libucrt:environment_initialization.obj
 0001:00012286       __get_initial_narrow_environment 00413286 f   libucrt:environment_initialization.obj
 0001:0001229a       __initialize_narrow_environment 0041329a f   libucrt:environment_initialization.obj
 0001:00012531       __crt_atexit               00413531 f   libucrt:onexit.obj
 0001:00012547       __execute_onexit_table     00413547 f   libucrt:onexit.obj
 0001:00012585       __initialize_onexit_table  00413585 f   libucrt:onexit.obj
 0001:000125ae       __register_onexit_function 004135ae f   libucrt:onexit.obj
 0001:000126dc       ___acrt_initialize         004136dc f   libucrt:initialization.obj
 0001:000126ee       ___acrt_uninitialize       004136ee f   libucrt:initialization.obj
 0001:0001271e       __query_app_type           0041371e f   libucrt:report_runtime_error.obj
 0001:00012724       __set_app_type             00413724 f   libucrt:report_runtime_error.obj
 0001:00012733       ___acrt_has_user_matherr   00413733 f   libucrt:matherr.obj
 0001:00012750       ___acrt_initialize_user_matherr 00413750 f   libucrt:matherr.obj
 0001:0001275f       ___acrt_invoke_user_matherr 0041375f f   libucrt:matherr.obj
 0001:00012795       ___setusermatherr          00413795 f   libucrt:matherr.obj
 0001:000127aa       __initterm                 004137aa f   libucrt:initterm.obj
 0001:000127d5       __initterm_e               004137d5 f   libucrt:initterm.obj
 0001:00012803       __set_fmode                00413803 f   libucrt:setmode.obj
 0001:00012840       ___acrt_initialize_command_line 00413840 f   libucrt:argv_data.obj
 0001:00012859       ___p___argc                00413859 f   libucrt:argv_data.obj
 0001:0001285f       ___p___argv                0041385f f   libucrt:argv_data.obj
 0001:00012965       ??0_expandlocale_locale_name_cache@@QAE@QA_WIQAU__crt_qualified_locale_data@@@Z 00413965 f i libucrt:wsetlocale.obj
 0001:000129af       ??1_expandlocale_locale_name_cache@@QAE@XZ 004139af f i libucrt:wsetlocale.obj
 0001:00012b47       ?commit_locale_name@_expandlocale_locale_name_cache@@QAEXQB_WI@Z 00413b47 f i libucrt:wsetlocale.obj
 0001:00012b8b       ?commit_locale_name_cache_already_updated@_expandlocale_locale_name_cache@@QAEXQB_WI@Z 00413b8b f i libucrt:wsetlocale.obj
 0001:00012bc0       ___acrt_copy_locale_name   00413bc0 f   libucrt:wsetlocale.obj
 0001:00012c20       ___acrt_set_locale_changed 00413c20 f   libucrt:wsetlocale.obj
 0001:00012c2b       ___acrt_uninitialize_locale 00413c2b f   libucrt:wsetlocale.obj
 0001:00012c52       ___lc_lctowcs              00413c52 f   libucrt:wsetlocale.obj
 0001:00012cc2       ___lc_wcstolc              00413cc2 f   libucrt:wsetlocale.obj
 0001:00012dff       __configthreadlocale       00413dff f   libucrt:wsetlocale.obj
 0001:00013256       __wcscats                  00414256 f   libucrt:wsetlocale.obj
 0001:00013297       __wsetlocale               00414297 f   libucrt:wsetlocale.obj
 0001:00013f8c       __query_new_mode           00414f8c f   libucrt:new_mode.obj
 0001:00013f93       __set_new_mode             00414f93 f   libucrt:new_mode.obj
 0001:00013fc2       ___p__commode              00414fc2 f   libucrt:ncommode.obj
 0001:00013fc8       _terminate                 00414fc8 f   libucrt:terminate.obj
 0001:00014004       __controlfp_s              00415004 f   libucrt:contrlfp.obj
 0001:00014063       _strcpy_s                  00415063 f   libucrt:strcpy_s.obj
 0001:000140c0       _strncmp                   004150c0 f   libucrt:strncmp.obj
 0001:00014138       _wcsncmp                   00415138 f   libucrt:wcsncmp.obj
 0001:000144b0       ___acrt_getptd             004154b0 f   libucrt:per_thread_data.obj
 0001:0001456b       ___acrt_getptd_head        0041556b f   libucrt:per_thread_data.obj
 0001:00014601       ___acrt_getptd_noexit      00415601 f   libucrt:per_thread_data.obj
 0001:000146b2       ___acrt_getptd_noexit_explicit 004156b2 f   libucrt:per_thread_data.obj
 0001:00014755       ___acrt_initialize_ptd     00415755 f   libucrt:per_thread_data.obj
 0001:00014781       ___acrt_uninitialize_ptd   00415781 f   libucrt:per_thread_data.obj
 0001:0001479b       __free_base                0041579b f   libucrt:free_base.obj
 0001:000147d5       __malloc_base              004157d5 f   libucrt:malloc_base.obj
 0001:00014823       ___acrt_update_locale_info 00415823 f   libucrt:locale_update.obj
 0001:00014850       ___acrt_update_locale_info_explicit 00415850 f   libucrt:locale_update.obj
 0001:00014881       ___acrt_update_multibyte_info 00415881 f   libucrt:locale_update.obj
 0001:000148ae       ___acrt_update_multibyte_info_explicit 004158ae f   libucrt:locale_update.obj
 0001:000148df       ?__acrt_fp_classify@@YA?AW4__acrt_fp_class@@ABN@Z 004158df f i libucrt:cvt.obj
 0001:000152b7       ___acrt_fp_format          004162b7 f   libucrt:cvt.obj
 0001:00015438       __wctomb_internal          00416438 f   libucrt:wctomb.obj
 0001:000155a2       __mbtowc_internal          004165a2 f   libucrt:mbtowc.obj
 0001:000156d5       __fileno                   004166d5 f   libucrt:fileno.obj
 0001:000156fc       __get_printf_count_output  004166fc f   libucrt:printf_count_output.obj
 0001:00015711       ___acrt_should_use_temporary_buffer 00416711 f   libucrt:_sftbuf.obj
 0001:0001574f       ___acrt_stdio_begin_temporary_buffering_nolock 0041674f f   libucrt:_sftbuf.obj
 0001:000157fa       ___acrt_stdio_end_temporary_buffering_nolock 004167fa f   libucrt:_sftbuf.obj
 0001:0001599e       ___acrt_initialize_lowio   0041699e f   libucrt:ioinit.obj
 0001:000159fe       ___acrt_uninitialize_lowio 004169fe f   libucrt:ioinit.obj
 0001:00015a2a       ___acrt_initialize_timeset 00416a2a f   libucrt:timeset.obj
 0001:00015a5f       ?__acrt_get_utf8_acp_compatibility_codepage@@YAIXZ 00416a5f f i libucrt:tzset.obj
 0001:00015dc8       ___acrt_AppPolicyGetProcessTerminationMethodInternal@4 00416dc8 f   libucrt:winapi_thunks.obj
 0001:00015e08       ___acrt_AreFileApisANSI@0  00416e08 f   libucrt:winapi_thunks.obj
 0001:00015e27       ___acrt_CompareStringEx@36 00416e27 f   libucrt:winapi_thunks.obj
 0001:00015e84       ___acrt_EnumSystemLocalesEx@16 00416e84 f   libucrt:winapi_thunks.obj
 0001:00015ed8       ___acrt_FlsAlloc@4         00416ed8 f   libucrt:winapi_thunks.obj
 0001:00015f17       ___acrt_FlsFree@4          00416f17 f   libucrt:winapi_thunks.obj
 0001:00015f56       ___acrt_FlsGetValue@4      00416f56 f   libucrt:winapi_thunks.obj
 0001:00015f95       ___acrt_FlsSetValue@8      00416f95 f   libucrt:winapi_thunks.obj
 0001:00015fd7       ___acrt_GetLocaleInfoEx@16 00416fd7 f   libucrt:winapi_thunks.obj
 0001:00016016       ___acrt_GetUserDefaultLocaleName@8 00417016 f   libucrt:winapi_thunks.obj
 0001:00016052       ___acrt_InitializeCriticalSectionEx@12 00417052 f   libucrt:winapi_thunks.obj
 0001:0001609d       ___acrt_IsValidLocaleName@4 0041709d f   libucrt:winapi_thunks.obj
 0001:000160d5       ___acrt_LCIDToLocaleName@16 004170d5 f   libucrt:winapi_thunks.obj
 0001:00016114       ___acrt_LCMapStringEx@36   00417114 f   libucrt:winapi_thunks.obj
 0001:00016171       ___acrt_LocaleNameToLCID@8 00417171 f   libucrt:winapi_thunks.obj
 0001:000161a2       ___acrt_can_use_vista_locale_apis 004171a2 f   libucrt:winapi_thunks.obj
 0001:000161ad       ___acrt_eagerly_load_locale_apis 004171ad f   libucrt:winapi_thunks.obj
 0001:000161e4       ___acrt_initialize_winapi_thunks 004171e4 f   libucrt:winapi_thunks.obj
 0001:000161f8       ___acrt_uninitialize_winapi_thunks 004171f8 f   libucrt:winapi_thunks.obj
 0001:0001622e       __calloc_base              0041722e f   libucrt:calloc_base.obj
 0001:0001628b       __fcloseall                0041728b f   libucrt:closeall.obj
 0001:00016336       ___acrt_stdio_free_buffer_nolock 00417336 f   libucrt:_freebuf.obj
 0001:00016376       _iswctype                  00417376 f   libucrt:iswctype.obj
 0001:000163df       __isctype_l                004173df f   libucrt:isctype.obj
 0001:0001661f       __dupenv_s                 0041761f f   libucrt:getenv.obj
 0001:00016c06       __spawnve                  00417c06 f   libucrt:spawnv.obj
 0001:00016f07       __spawnvpe                 00417f07 f   libucrt:spawnvp.obj
 0001:00016f12       __waccess_s                00417f12 f   libucrt:waccess.obj
[...]
 0002:00009d40       __sehtable$??$BuildCatchObjectInternal@V__FrameHandler3@@@@YAXPAUEHExceptionRecord@@PAXPBU_s_HandlerType@@PBU_s_CatchableType@@@Z 0042fd40     libvcruntime:frame.obj
 0002:00009d98       __sehtable$??$?RV<lambda_62491a2101a2aba6cc4a769149c84f1f>@@AAV<lambda_826c27fce7726908515bbc79a5266961>@@V<lambda_4e64bbd54b50a7b070e3ea8d795375b6>@@@?$__crt_seh_guarded_call@H@@QAEH$$QAV<lambda_62491a2101a2aba6cc4a769149c84f1f>@@AAV<lambda_826c27fce7726908515bbc79a5266961>@@$$QAV<lambda_4e64bbd54b50a7b070e3ea8d795375b6>@@@Z 0042fd98     libucrt:output.obj
 0002:00009db8       __sehtable$?_fclose_internal@@YAHQAU_iobuf@@AAV__crt_cached_ptd_host@@@Z 0042fdb8     libucrt:fclose.obj
 0002:00009dd8       __sehtable$??$?RV<lambda_2866be3712abc81a800a822484c830d8>@@AAV<lambda_39ca0ed439415581b5b15c265174cece>@@V<lambda_2b24c74d71094a6cd0cb82e44167d71b>@@@?$__crt_seh_guarded_call@X@@QAEX$$QAV<lambda_2866be3712abc81a800a822484c830d8>@@AAV<lambda_39ca0ed439415581b5b15c265174cece>@@$$QAV<lambda_2b24c74d71094a6cd0cb82e44167d71b>@@@Z 0042fdd8     libucrt:fflush.obj
 0002:00009df8       __sehtable$??$?RV<lambda_2cc53f568c5a2bb6f192f930a45d44ea>@@AAV<lambda_ab61a845afdef5b7c387490eaf3616ee>@@V<lambda_c2ffc0b7726aa6be21d5f0026187e748>@@@?$__crt_seh_guarded_call@X@@QAEX$$QAV<lambda_2cc53f568c5a2bb6f192f930a45d44ea>@@AAV<lambda_ab61a845afdef5b7c387490eaf3616ee>@@$$QAV<lambda_c2ffc0b7726aa6be21d5f0026187e748>@@@Z 0042fdf8     libucrt:fflush.obj
 0002:00009e18       __sehtable$??$?RV<lambda_6d20deecaf4856105ebacbad442d1079>@@AAV<lambda_9a32fed5bf61b6b509b2d3f6003082a1>@@V<lambda_63ea2239ed67c638ddbae41947fdf875>@@@?$__crt_seh_guarded_call@H@@QAEH$$QAV<lambda_6d20deecaf4856105ebacbad442d1079>@@AAV<lambda_9a32fed5bf61b6b509b2d3f6003082a1>@@$$QAV<lambda_63ea2239ed67c638ddbae41947fdf875>@@@Z 0042fe18     libucrt:fflush.obj
 0002:00009e38       __sehtable$_fgetc          0042fe38     libucrt:fgetc.obj
 0002:00009e58       __sehtable$?_fputc_internal@@YAHHQAU_iobuf@@AAV__crt_cached_ptd_host@@@Z 0042fe58     libucrt:fputc.obj
 0002:00009e78       __sehtable$_fread_s        0042fe78     libucrt:fread.obj
 0002:00009e98       __sehtable$?common_fseek@@YAHV__crt_stdio_stream@@_JHAAV__crt_cached_ptd_host@@@Z 0042fe98     libucrt:fseek.obj
 0002:00009eb8       __sehtable$??$?RV<lambda_76055cf4b68c1f980da8b7496a3ae623>@@AAV<lambda_26974eb511f701c600fccfa2a97a8e1b>@@V<lambda_0062726809bb3c529c0733aa37379daf>@@@?$__crt_seh_guarded_call@I@@QAEI$$QAV<lambda_76055cf4b68c1f980da8b7496a3ae623>@@AAV<lambda_26974eb511f701c600fccfa2a97a8e1b>@@$$QAV<lambda_0062726809bb3c529c0733aa37379daf>@@@Z 0042feb8     libucrt:fwrite.obj
 0002:00009ed8       __sehtable$??$?RV<lambda_c390c0748f48a7db46f6ce5cc3c796da>@@AAV<lambda_703a5c3f7c88128b7f5f7a8861b0a6e0>@@V<lambda_c16a91f8771b304e2b1164fb4c043437>@@@?$__crt_seh_guarded_call@H@@QAEH$$QAV<lambda_c390c0748f48a7db46f6ce5cc3c796da>@@AAV<lambda_703a5c3f7c88128b7f5f7a8861b0a6e0>@@$$QAV<lambda_c16a91f8771b304e2b1164fb4c043437>@@@Z 0042fed8     libucrt:setvbuf.obj
 0002:00009ef8       __sehtable$_ungetc         0042fef8     libucrt:ungetc.obj
 0002:00009f18       __sehtable$??$?RV<lambda_f5952838e36297a1e2e9d6c748429792>@@AAV<lambda_2116bde18c9e5f34230805ea4a4660ed>@@V<lambda_3c7107de1cc98bf330a3031f42c322a3>@@@?$__crt_seh_guarded_call@PAD@@QAEPAD$$QAV<lambda_f5952838e36297a1e2e9d6c748429792>@@AAV<lambda_2116bde18c9e5f34230805ea4a4660ed>@@$$QAV<lambda_3c7107de1cc98bf330a3031f42c322a3>@@@Z 0042ff18     libucrt:setlocale.obj
 0002:00009f38       __sehtable$__query_new_handler 0042ff38     libucrt:new_handler.obj
 0002:00009f58       __sehtable$??R<lambda_6e4b09c48022b2350581041d5f6b0c4c>@@QBE@XZ 0042ff58     libucrt:exit.obj
 0002:00009f78       __sehtable$??$?RV<lambda_03b1d95aef87969028cfba75ccab2455>@@AAV<lambda_6e4b09c48022b2350581041d5f6b0c4c>@@V<lambda_22bdf7517842c4b3e53723af5aa32b9e>@@@?$__crt_seh_guarded_call@X@@QAEX$$QAV<lambda_03b1d95aef87969028cfba75ccab2455>@@AAV<lambda_6e4b09c48022b2350581041d5f6b0c4c>@@$$QAV<lambda_22bdf7517842c4b3e53723af5aa32b9e>@@@Z 0042ff78     libucrt:exit.obj
 0002:00009f94       __unwindtable$___dcrt_uninitialize_environments_nolock 0042ff94     libucrt:environment_initialization.obj
 0002:00009fa4       __ehfuncinfo$___dcrt_uninitialize_environments_nolock 0042ffa4     libucrt:environment_initialization.obj
 0002:00009fc8       __sehtable$??$?RV<lambda_8e746cf0007f6ed984d6f78af1fec997>@@AAV<lambda_22ebabd17bc4fa466a2aca6d8deb888d>@@V<lambda_18ed0c0b38a6dc0daf1e7ac6d6adf05e>@@@?$__crt_seh_guarded_call@H@@QAEH$$QAV<lambda_8e746cf0007f6ed984d6f78af1fec997>@@AAV<lambda_22ebabd17bc4fa466a2aca6d8deb888d>@@$$QAV<lambda_18ed0c0b38a6dc0daf1e7ac6d6adf05e>@@@Z 0042ffc8     libucrt:onexit.obj
 0002:00009fe8       __sehtable$??$?RV<lambda_69a2805e680e0e292e8ba93315fe43a8>@@AAV<lambda_f03950bc5685219e0bcd2087efbe011e>@@V<lambda_03fcd07e894ec930e3f35da366ca99d6>@@@?$__crt_seh_guarded_call@H@@QAEH$$QAV<lambda_69a2805e680e0e292e8ba93315fe43a8>@@AAV<lambda_f03950bc5685219e0bcd2087efbe011e>@@$$QAV<lambda_03fcd07e894ec930e3f35da366ca99d6>@@@Z 0042ffe8     libucrt:onexit.obj
 0002:0000a008       __sehtable$??$?RV<lambda_e5124f882df8998aaf41531e079ba474>@@AAV<lambda_3e16ef9562a7dcce91392c22ab16ea36>@@V<lambda_e25ca0880e6ef98be67edffd8c599615>@@@?$__crt_seh_guarded_call@X@@QAEX$$QAV<lambda_e5124f882df8998aaf41531e079ba474>@@AAV<lambda_3e16ef9562a7dcce91392c22ab16ea36>@@$$QAV<lambda_e25ca0880e6ef98be67edffd8c599615>@@@Z 00430008     libucrt:wsetlocale.obj
 0002:0000a028       __sehtable$??$?RV<lambda_4fdada1b837b2abbf20876fac97688ad>@@AAV<lambda_b57350f2640456a0859d250846f69caf>@@V<lambda_eed5e4f92b5b7d55fa22c48c484aaa54>@@@?$__crt_seh_guarded_call@X@@QAEX$$QAV<lambda_4fdada1b837b2abbf20876fac97688ad>@@AAV<lambda_b57350f2640456a0859d250846f69caf>@@$$QAV<lambda_eed5e4f92b5b7d55fa22c48c484aaa54>@@@Z 00430028     libucrt:wsetlocale.obj
 0002:0000a048       __sehtable$??$?RV<lambda_ac03c5d59bd18b09cb88b28331f6bfed>@@AAV<lambda_2a444430fde8c29194d880d93eed5e8f>@@AAV<lambda_02db5278e8aef8b5e4976579d73f5304>@@@?$__crt_seh_guarded_call@X@@QAEX$$QAV<lambda_ac03c5d59bd18b09cb88b28331f6bfed>@@AAV<lambda_2a444430fde8c29194d880d93eed5e8f>@@AAV<lambda_02db5278e8aef8b5e4976579d73f5304>@@@Z 00430048     libucrt:wsetlocale.obj
 0002:0000a068       __sehtable$_terminate      00430068     libucrt:terminate.obj
 0002:0000a088       __sehtable$??$?RV<lambda_15ade71b0218206bbe3333a0c9b79046>@@AAV<lambda_da44e0f8b0f19ba52fefafb335991732>@@V<lambda_207f2d024fc103971653565357d6cd41>@@@?$__crt_seh_guarded_call@X@@QAEX$$QAV<lambda_15ade71b0218206bbe3333a0c9b79046>@@AAV<lambda_da44e0f8b0f19ba52fefafb335991732>@@$$QAV<lambda_207f2d024fc103971653565357d6cd41>@@@Z 00430088     libucrt:per_thread_data.obj
 0002:0000a0a8       __sehtable$??$?RV<lambda_a7e850c220f1c8d1e6efeecdedd162c6>@@AAV<lambda_46720907175c18b6c9d2717bc0d2d362>@@V<lambda_9048902d66e8d99359bc9897bbb930a8>@@@?$__crt_seh_guarded_call@X@@QAEX$$QAV<lambda_a7e850c220f1c8d1e6efeecdedd162c6>@@AAV<lambda_46720907175c18b6c9d2717bc0d2d362>@@$$QAV<lambda_9048902d66e8d99359bc9897bbb930a8>@@@Z 004300a8     libucrt:per_thread_data.obj
 0002:0000a0c8       __sehtable$??$?RV<lambda_38edbb1296d33220d7e4dd0ed76b244a>@@AAV<lambda_5ce1d447e08cb34b2473517608e21441>@@V<lambda_fb385d3da700c9147fc39e65dd577a8c>@@@?$__crt_seh_guarded_call@X@@QAEX$$QAV<lambda_38edbb1296d33220d7e4dd0ed76b244a>@@AAV<lambda_5ce1d447e08cb34b2473517608e21441>@@$$QAV<lambda_fb385d3da700c9147fc39e65dd577a8c>@@@Z 004300c8     libucrt:per_thread_data.obj
 0002:0000a0e8       __sehtable$??$?RV<lambda_6affb1475c98b40b75cdec977db92e3c>@@AAV<lambda_b8d4b9c228a6ecc3f80208dbb4b4a104>@@V<lambda_608742c3c92a14382c1684fc64f96c88>@@@?$__crt_seh_guarded_call@X@@QAEX$$QAV<lambda_6affb1475c98b40b75cdec977db92e3c>@@AAV<lambda_b8d4b9c228a6ecc3f80208dbb4b4a104>@@$$QAV<lambda_608742c3c92a14382c1684fc64f96c88>@@@Z 004300e8     libucrt:per_thread_data.obj
 0002:0000a108       __sehtable$___acrt_initialize_lowio 00430108     libucrt:ioinit.obj
 0002:0000a128       __sehtable$??$?RV<lambda_6b4b7855443974f2b4b77000ea21c99c>@@AAV<lambda_8f7d3b162ab39427f4fa9995c67a7986>@@V<lambda_cc9a5ba8a5d8428b9634eab82665e5dc>@@@?$__crt_seh_guarded_call@H@@QAEH$$QAV<lambda_6b4b7855443974f2b4b77000ea21c99c>@@AAV<lambda_8f7d3b162ab39427f4fa9995c67a7986>@@$$QAV<lambda_cc9a5ba8a5d8428b9634eab82665e5dc>@@@Z 00430128     libucrt:winapi_thunks.obj
 0002:0000a148       __sehtable$__fcloseall     00430148     libucrt:closeall.obj
 0002:0000a168       __sehtable$??$common_dupenv_s@D@@YAHQAPADQAIQBDH2H@Z 00430168     libucrt:getenv.obj
 0002:0000a188       __sehtable$??$?RV<lambda_1f7e3ac85ca3635646511ad93ac0febe>@@AAV<lambda_555255fdfb9471e5fa7bfca50021c162>@@V<lambda_24f51f8b0c33fe186c624e6675644b7a>@@@?$__crt_seh_guarded_call@_N@@QAE_N$$QAV<lambda_1f7e3ac85ca3635646511ad93ac0febe>@@AAV<lambda_555255fdfb9471e5fa7bfca50021c162>@@$$QAV<lambda_24f51f8b0c33fe186c624e6675644b7a>@@@Z 00430188     libucrt:spawnv.obj
 0002:0000a1a8       __sehtable$??$?RV<lambda_d422a76eb4c3bf3ad751449ab71a6ea4>@@AAV<lambda_c9ba49e555ba839a7b07aa3fbecb7617>@@V<lambda_9476263c8ee91a25d21c55370bdb50de>@@@?$__crt_seh_guarded_call@H@@QAEH$$QAV<lambda_d422a76eb4c3bf3ad751449ab71a6ea4>@@AAV<lambda_c9ba49e555ba839a7b07aa3fbecb7617>@@$$QAV<lambda_9476263c8ee91a25d21c55370bdb50de>@@@Z 004301a8     libucrt:close.obj
 0002:0000a1c8       __sehtable$??$?RV<lambda_9e9de3de5fa147e2223d7db92bc10aa6>@@AAV<lambda_38ce7e780aa69e748d6df282ebc68efe>@@V<lambda_8ca6da459f0f6780f1cff60fdc3d00e5>@@@?$__crt_seh_guarded_call@H@@QAEH$$QAV<lambda_9e9de3de5fa147e2223d7db92bc10aa6>@@AAV<lambda_38ce7e780aa69e748d6df282ebc68efe>@@$$QAV<lambda_8ca6da459f0f6780f1cff60fdc3d00e5>@@@Z 004301c8     libucrt:commit.obj
 0002:0000a1e8       __sehtable$__write_internal 004301e8     libucrt:write.obj
 0002:0000a208       __sehtable$??$common_ftell@_J@@YA_JV__crt_stdio_stream@@AAV__crt_cached_ptd_host@@@Z 00430208     libucrt:ftell.obj
 0002:0000a228       __sehtable$__read          00430228     libucrt:read.obj
 0002:0000a248       __sehtable$??$common_lseek@_J@@YA_JH_JHAAV__crt_cached_ptd_host@@@Z 00430248     libucrt:lseek.obj
 0002:0000a268       __sehtable$_raise          00430268     libucrt:signal.obj
 0002:0000a288       __sehtable$??$?RV<lambda_cbab9ec6f41b0180b23cc171c22676b0>@@AAV<lambda_44731a7d0e6d81c3e6aa82d741081786>@@V<lambda_4b292cb8dd18144e164572427af410ab>@@@?$__crt_seh_guarded_call@P6AXH@Z@@QAEP6AXH@Z$$QAV<lambda_cbab9ec6f41b0180b23cc171c22676b0>@@AAV<lambda_44731a7d0e6d81c3e6aa82d741081786>@@$$QAV<lambda_4b292cb8dd18144e164572427af410ab>@@@Z 00430288     libucrt:signal.obj
 0002:0000a2a8       __sehtable$___set_fpsr_sse2 004302a8     libucrt:fpctrl.obj
 0002:0000a2c8       __sehtable$?update_thread_multibyte_data_internal@@YAPAU__crt_multibyte_data@@QAU__acrt_ptd@@QAPAU1@@Z 004302c8     libucrt:mbctype.obj
 0002:0000a2e8       __sehtable$??$?RV<lambda_ceb1ee4838e85a9d631eb091e2fbe199>@@AAV<lambda_ae742caa10f662c28703da3d2ea5e57e>@@V<lambda_cd08b5d6af4937fe54fc07d0c9bf6b37>@@@?$__crt_seh_guarded_call@X@@QAEX$$QAV<lambda_ceb1ee4838e85a9d631eb091e2fbe199>@@AAV<lambda_ae742caa10f662c28703da3d2ea5e57e>@@$$QAV<lambda_cd08b5d6af4937fe54fc07d0c9bf6b37>@@@Z 004302e8     libucrt:mbctype.obj
 0002:0000a308       __sehtable$___acrt_lowio_ensure_fh_exists 00430308     libucrt:osfinfo.obj
 0002:0000a328       __sehtable$___acrt_update_thread_locale_data 00430328     libucrt:locale_refcounting.obj
 0002:0000a348       __sehtable$__IsNonwritableInCurrentImage 00430348     LIBCMT:pesect.obj
 0002:0000a6a0       .idata$6                   004306a0     libmysql:libmysql.dll
 0002:0000a76c       .idata$6                   0043076c     kernel32:KERNEL32.dll
 0002:0000a81a       .idata$6                   0043081a     user32:USER32.dll
 0002:0000a838       .idata$6                   00430838     gdi32:GDI32.dll
 0002:0000a842       .idata$6                   00430842     WS2_32:WS2_32.dll
 0003:00000008       ?init@std@@3JA             00431008     libcpmt:xlock.obj
 0003:00000010       ?atcount_cdecl@@3IA        00431010     libcpmt:iosptrs.obj
 0003:000000b0       ?__vcrt_flsindex@@3KA      004310b0     libvcruntime:per_thread_data.obj
 0003:0000018c       ?errno_no_memory@@3HA      0043118c     libucrt:errno.obj
 0003:00000190       ?doserrno_no_memory@@3KA   00431190     libucrt:errno.obj
 0003:000001fc       __ctype_loc_style          004311fc     libucrt:wsetlocale.obj
 0003:00000200       ?__acrt_flsindex@@3KA      00431200     libucrt:per_thread_data.obj
 0003:00000308       ?tzstd_program@@3PADA      00431308     libucrt:timeset.obj
 0003:00000348       ?tzdst_program@@3PADA      00431348     libucrt:timeset.obj
 0003:00000388       ?w_tzstd_program@@3PA_WA   00431388     libucrt:timeset.obj
 0003:00000408       ?w_tzdst_program@@3PA_WA   00431408     libucrt:timeset.obj
 0003:00000488       ?tzname_states@@3PAY01PADA 00431488     libucrt:timeset.obj
 0003:00000490       ?w_tzname_states@@3PAY01PA_WA 00431490     libucrt:timeset.obj
 0003:0000059c       ?__DAZ_ENABLED@?1??__set_fpsr_sse2@@9@9 0043159c     libucrt:fpctrl.obj
 0003:000007c0       __mbctypes                 004317c0     libucrt:mbctype.obj
 0003:000008c8       __mbcasemaps               004318c8     libucrt:mbctype.obj
 0003:000009c8       ?__rgctypeflag@@3PADA      004319c8     libucrt:mbctype.obj
 0003:000009d0       ?__rgcode_page_info@@3PAUcode_page_info@@A 004319d0     libucrt:mbctype.obj
 0003:00000ac0       ?__dcrt_lowio_console_output_handle@@3PAXA 00431ac0     libucrt:initcon.obj
 0003:00000ed8       ?s_kProgramLog@?1??__LogMgr@@YAPAVR_ProLog@@XZ@4V2@A 00431ed8     TimeLog.obj
 0003:000026f8       ?$TSS0@?1??__LogMgr@@YAPAVR_ProLog@@XZ@4HA 004336f8     TimeLog.obj
 0003:0003ab30       ?initlocks@@3V_Init_locks@std@@A 0046bb30     libcpmt:cout.obj
 0003:0003ab31       ?init_cout@std@@3U_Init_cout@1@A 0046bb31     libcpmt:cout.obj
 0003:0003ab88       ?fout@std@@3V?$basic_filebuf@DU?$char_traits@D@std@@@1@A 0046bb88     libcpmt:cout.obj
 0003:0003abf8       ?initlocks@std@@3V_Init_locks@1@A 0046bbf8     libcpmt:xlock.obj
 0003:0003ac00       ?mtx@std@@3PAU_RTL_CRITICAL_SECTION@@A 0046bc00     libcpmt:xlock.obj
 0003:0003acdc       ?classic_locale@std@@3Vlocale@1@A 0046bcdc     libcpmt:locale0.obj
 0003:0003ace4       ?_Fac_head@std@@3PAU_Fac_node@1@A 0046bce4     libcpmt:locale0.obj
 0003:0003ace8       ?_Fac_tidy_reg@std@@3U_Fac_tidy_reg_t@1@B 0046bce8     libcpmt:locale0.obj
 0003:0003acec       _global_locale             0046bcec     libcpmt:locale0.obj
 0003:0003acf0       ?registered@?1??_Setgloballocale@locale@std@@CAXPAX@Z@4_NA 0046bcf0     libcpmt:locale0.obj
 0003:0003acf8       ?stdstr@std@@3PAPAVios_base@1@A 0046bcf8     libcpmt:ios.obj
 0003:0003ad20       ?stdopens@std@@3PADA       0046bd20     libcpmt:ios.obj
 0003:0003ad4c       ?initlocks@std@@3V_Init_locks@1@A 0046bd4c     libcpmt:iosptrs.obj
 0003:0003ad4d       ?init_atexit@@3U_Init_atexit@@A 0046bd4d     libcpmt:iosptrs.obj
 0003:0003ad50       ?atfuns_cdecl@@3PAP6AXXZA  0046bd50     libcpmt:iosptrs.obj
 0003:0003ae04       ?is_initialized_as_dll@@3_NA 0046be04     LIBCMT:utility.obj
 0003:0003ae05       ?module_local_atexit_table_initialized@@3_NA 0046be05     LIBCMT:utility.obj
 0003:0003ae08       ?module_local_atexit_table@@3U_onexit_table_t@@A 0046be08     LIBCMT:utility.obj
 0003:0003ae14       ?module_local_at_quick_exit_table@@3U_onexit_table_t@@A 0046be14     LIBCMT:utility.obj
 0003:0003ae20       _GS_ExceptionRecord        0046be20     LIBCMT:gs_report.obj
 0003:0003ae70       _GS_ContextRecord          0046be70     LIBCMT:gs_report.obj
 0003:0003b13c       ?g_tss_cv@@3U_RTL_CONDITION_VARIABLE@@A 0046c13c     LIBCMT:thread_safe_statics.obj
 0003:0003b140       ?g_tss_srw@@3U_RTL_SRWLOCK@@A 0046c140     LIBCMT:thread_safe_statics.obj
 0003:0003b16c       ?__vcrt_startup_thread_ptd@@3U__vcrt_ptd@@A 0046c16c     libvcruntime:per_thread_data.obj
 0003:0003b198       ___vcrt_lock_table         0046c198     libvcruntime:locks.obj
 0003:0003b1b0       ___vcrt_locks_initialized  0046c1b0     libvcruntime:locks.obj
 0003:0003b1dc       ?heap@@3V_HeapManager@@A   0046c1dc     libvcruntime:undname.obj
 0003:0003b1f0       ?module_handles@@3PAPAUHINSTANCE__@@A 0046c1f0     libvcruntime:winapi_downlevel.obj
 0003:0003b1fc       ?function_pointers@@3PAPAXA 0046c1fc     libvcruntime:winapi_downlevel.obj
 0003:0003b210       ?__acrt_invalid_parameter_handler@@3V?$dual_state_global@P6AXPB_W00II@Z@__crt_state_management@@A 0046c210     libucrt:invalid_parameter.obj
 0003:0003b220       ?__acrt_lock_table@@3PAU_RTL_CRITICAL_SECTION@@A 0046c220     libucrt:locks.obj
 0003:0003b370       ?__acrt_locks_initialized@@3IA 0046c370     libucrt:locks.obj
 0003:0003b37c       ?__acrt_new_handler@@3V?$dual_state_global@P6AHI@Z@__crt_state_management@@A 0046c37c     libucrt:new_handler.obj
 0003:0003b380       ?c_termination_complete@@3JA 0046c380     libucrt:exit.obj
 0003:0003b384       ?thread_local_exit_callback_func@@3P6GXPAXK0@ZA 0046c384     libucrt:exit.obj
 0003:0003b388       ?c_exit_complete@?1???R<lambda_6e4b09c48022b2350581041d5f6b0c4c>@@QBE@XZ@4_NA 0046c388     libucrt:exit.obj
 0003:0003b390       ?program_name@?1???$common_configure_argv@D@@YAHW4_crt_argv_mode@@@Z@4PADA 0046c390     libucrt:argv_parsing.obj
 0003:0003b4c0       ?__acrt_app_type@@3W4_crt_app_type@@A 0046c4c0     libucrt:report_runtime_error.obj
 0003:0003b4c4       ?user_matherr@@3V?$dual_state_global@P6AHPAU_exception@@@Z@__crt_state_management@@A 0046c4c4     libucrt:matherr.obj
 0003:0003b4e4       ?__acrt_global_new_mode@@3V?$dual_state_global@J@__crt_state_management@@A 0046c4e4     libucrt:new_mode.obj
 0003:0003b4f0       ?internal_state@?1??_mbtowc_internal@@9@4U_Mbstatet@@A 0046c4f0     libucrt:mbtowc.obj
 0003:0003b4f8       ?enable_percent_n@@3IA     0046c4f8     libucrt:printf_count_output.obj
 0003:0003b718       ?_tzname@@3V?$dual_state_global@PAPAD@__crt_state_management@@A 0046c718     libucrt:timeset.obj
 0003:0003b71c       ?w_tzname@@3V?$dual_state_global@PAPA_W@__crt_state_management@@A 0046c71c     libucrt:timeset.obj
 0003:0003b720       ?tz_api_used@@3HA          0046c720     libucrt:tzset.obj
 0003:0003b724       ?tzset_init_state@@3V?$dual_state_global@J@__crt_state_management@@A 0046c724     libucrt:tzset.obj
 0003:0003b728       ?tz_info@@3U_TIME_ZONE_INFORMATION@@A 0046c728     libucrt:tzset.obj
 0003:0003b7d8       ?module_handles@@3PAPAUHINSTANCE__@@A 0046c7d8     libucrt:winapi_thunks.obj
 0003:0003b830       ?encoded_function_pointers@@3PAPAXA 0046c830     libucrt:winapi_thunks.obj
 0003:0003b8bc       ?static_enum_proc@?1??enum_system_locales_ex_nolock@@YAHQ6GHPA_WKJ@Z@Z@4P6GH0KJ@ZA 0046c8bc     libucrt:winapi_thunks.obj
 0003:0003b8c0       ?ctrlc_action@@3V?$dual_state_global@P6AXH@Z@__crt_state_management@@A 0046c8c0     libucrt:signal.obj
 0003:0003b8c4       ?ctrlbreak_action@@3V?$dual_state_global@P6AXH@Z@__crt_state_management@@A 0046c8c4     libucrt:signal.obj
 0003:0003b8c8       ?abort_action@@3V?$dual_state_global@P6AXH@Z@__crt_state_management@@A 0046c8c8     libucrt:signal.obj
 0003:0003b8cc       ?term_action@@3V?$dual_state_global@P6AXH@Z@__crt_state_management@@A 0046c8cc     libucrt:signal.obj
 0003:0003b8dc       ?fSystemSet@@3HA           0046c8dc     libucrt:mbctype.obj
 0003:0003b8e0       ?initialized@?1??__acrt_initialize_multibyte@@9@4_NA 0046c8e0     libucrt:mbctype.obj
 0003:0003b8ec       ?internal_pst@?1??__mbrtoc32_utf8@__crt_mbstring@@YAIPA_UPBDIPAU_Mbstatet@@AAV__crt_cached_ptd_host@@@Z@4U3@A 0046c8ec     libucrt:mbrtoc32.obj
 0003:0003b8f4       ?internal_pst@?1??__c16rtomb_utf8@__crt_mbstring@@YAIPAD_SPAU_Mbstatet@@AAV__crt_cached_ptd_host@@@Z@4U3@A 0046c8f4     libucrt:c16rtomb.obj
 0003:0003b900       __pmatherr_set             0046c900     libucrt:libm_error.obj
 0004:00000060       $R000000                   0046d060     * linker generated manifest res *

 Exports

  ordinal    name

