 TS2ZONE

 Timestamp is 65b1ed5d (Thu Jan 25 08:10:53 2024)

 Preferred load address is 00400000

 Start         Length     Name                   Class
 0001:00000000 000001d0H .text$di                CODE
 0001:000001d0 000b7770H .text$mn                CODE
 0001:000b7940 00000860H .text$x                 CODE
 0001:000b81a0 00000136H .text$yd                CODE
 0002:00000000 00000220H .idata$5                DATA
 0002:00000220 00000008H .00cfg                  DATA
 0002:00000228 00000004H .CRT$XCA                DATA
 0002:0000022c 00000004H .CRT$XCAA               DATA
 0002:00000230 0000001cH .CRT$XCC                DATA
 0002:0000024c 00000008H .CRT$XCL                DATA
 0002:00000254 00000014H .CRT$XCU                DATA
 0002:00000268 00000004H .CRT$XCZ                DATA
 0002:0000026c 00000004H .CRT$XIA                DATA
 0002:00000270 00000004H .CRT$XIAA               DATA
 0002:00000274 00000004H .CRT$XIAC               DATA
 0002:00000278 00000018H .CRT$XIC                DATA
 0002:00000290 00000004H .CRT$XIZ                DATA
 0002:00000294 00000004H .CRT$XLA                DATA
 0002:00000298 00000004H .CRT$XLZ                DATA
 0002:0000029c 00000004H .CRT$XPA                DATA
 0002:000002a0 00000008H .CRT$XPX                DATA
 0002:000002a8 00000004H .CRT$XPXA               DATA
 0002:000002ac 00000004H .CRT$XPZ                DATA
 0002:000002b0 00000004H .CRT$XTA                DATA
 0002:000002b4 0000000cH .CRT$XTZ                DATA
 0002:000002b8 00000000H .gfids$y                DATA
 0002:000002c0 00014d80H .rdata                  DATA
 0002:00015040 00000000H .rdata$CastGuardVftablesA DATA
 0002:00015040 00000000H .rdata$CastGuardVftablesC DATA
 0002:00015040 00000018H .rdata$T                DATA
 0002:00015058 00000a34H .rdata$r                DATA
 0002:00015a8c 000000b4H .rdata$sxdata           DATA
 0002:00015b40 00000368H .rdata$voltmd           DATA
 0002:00015ea8 00000454H .rdata$zzzdbg           DATA
 0002:000162fc 00000004H .rtc$IAA                DATA
 0002:00016300 00000004H .rtc$IZZ                DATA
 0002:00016304 00000004H .rtc$TAA                DATA
 0002:00016308 00000004H .rtc$TZZ                DATA
 0002:0001630c 00000004H .tls                    DATA
 0002:00016310 00000004H .tls$                   DATA
 0002:00016314 00000004H .tls$ZZZ                DATA
 0002:00016318 00001194H .xdata$x                DATA
 0002:000174ac 00000000H .edata                  DATA
 0002:000174ac 00000064H .idata$2                DATA
 0002:00017510 00000014H .idata$3                DATA
 0002:00017524 00000220H .idata$4                DATA
 0002:00017744 00000874H .idata$6                DATA
 0003:00000000 000164c0H .data                   DATA
 0003:000164c0 00000180H .data$r                 DATA
 0003:00016640 00000358H .data$rs                DATA
 0003:00016998 00b04f80H .bss                    DATA
 0004:00000000 00000060H .rsrc$01                DATA
 0004:00000060 00000180H .rsrc$02                DATA

  Address         Publics by Value              Rva+Base       Lib:Object

 0000:00000000       ___AbsoluteZero            00000000     <absolute>
 0000:00000000       ___arm64x_extra_rfe_table  00000000     <absolute>
 0000:00000000       ___arm64x_extra_rfe_table_size 00000000     <absolute>
 0000:00000000       ___arm64x_native_entrypoint 00000000     <absolute>
 0000:00000000       ___arm64x_redirection_metadata 00000000     <absolute>
 0000:00000000       ___arm64x_redirection_metadata_count 00000000     <absolute>
 0000:00000000       ___dynamic_value_reloc_table 00000000     <absolute>
 0000:00000000       ___enclave_config          00000000     <absolute>
 0000:00000000       ___guard_check_icall_a64n_fptr 00000000     <absolute>
 0000:00000000       ___guard_eh_cont_count     00000000     <absolute>
 0000:00000000       ___guard_eh_cont_table     00000000     <absolute>
 0000:00000000       ___guard_fids_count        00000000     <absolute>
 0000:00000000       ___guard_fids_table        00000000     <absolute>
 0000:00000000       ___guard_iat_count         00000000     <absolute>
 0000:00000000       ___guard_iat_table         00000000     <absolute>
 0000:00000000       ___guard_longjmp_count     00000000     <absolute>
 0000:00000000       ___guard_longjmp_table     00000000     <absolute>
 0000:00000000       ___hybrid_auxiliary_delayload_iat 00000000     <absolute>
 0000:00000000       ___hybrid_auxiliary_delayload_iat_copy 00000000     <absolute>
 0000:00000000       ___hybrid_auxiliary_iat    00000000     <absolute>
 0000:00000000       ___hybrid_auxiliary_iat_copy 00000000     <absolute>
 0000:00000000       ___hybrid_code_map         00000000     <absolute>
 0000:00000000       ___hybrid_code_map_count   00000000     <absolute>
 0000:00000000       ___hybrid_image_info_bitfield 00000000     <absolute>
 0000:00000000       ___x64_code_ranges_to_entry_points 00000000     <absolute>
 0000:00000000       ___x64_code_ranges_to_entry_points_count 00000000     <absolute>
 0000:00000000       __except_list              00000000     <absolute>
 0000:0000002c       __tls_array                0000002c     <absolute>
 0000:0000002d       ___safe_se_handler_count   0000002d     <absolute>
 0000:00000100       ___guard_flags             00000100     <absolute>
 0000:00000000       ___ImageBase               00400000     <linker-defined>
 0001:000001d0       ??$?6U?$char_traits@D@std@@@std@@YAAAV?$basic_ostream@DU?$char_traits@D@std@@@0@AAV10@PBD@Z 004011d0 f i TimeLog.obj
 0001:00000470       ??$_Allocate_for_capacity@$0A@@?$basic_string@DU?$char_traits@D@std@@V?$allocator@D@2@@std@@CAPADAAV?$allocator@D@1@AAI@Z 00401470 f i TimeLog.obj
 0001:000004d0       ??$_Allocate_manually_vector_aligned@U_Default_allocate_traits@std@@@std@@YAPAXI@Z 004014d0 f i TimeLog.obj
 0001:00000500       ??$_Construct@$00PBD@?$basic_string@DU?$char_traits@D@std@@V?$allocator@D@2@@std@@AAEXQBDI@Z 00401500 f i TimeLog.obj
 0001:00000590       ??0_System_error@std@@IAE@Verror_code@1@ABV?$basic_string@DU?$char_traits@D@std@@V?$allocator@D@2@@1@@Z 00401590 f i TimeLog.obj
 0001:000007a0       ??0_System_error@std@@QAE@ABV01@@Z 004017a0 f i TimeLog.obj
 0001:000007f0       ??0bad_alloc@std@@QAE@ABV01@@Z 004017f0 f i TimeLog.obj
 0001:00000830       ??0bad_array_new_length@std@@QAE@ABV01@@Z 00401830 f i TimeLog.obj
 0001:00000870       ??0bad_array_new_length@std@@QAE@XZ 00401870 f i TimeLog.obj
 0001:00000890       ??0exception@std@@QAE@ABV01@@Z 00401890 f i TimeLog.obj
 0001:000008c0       ??0failure@ios_base@std@@QAE@ABV012@@Z 004018c0 f i TimeLog.obj
 0001:00000910       ??0failure@ios_base@std@@QAE@PBDABVerror_code@2@@Z 00401910 f i TimeLog.obj
 0001:00000a00       ??0runtime_error@std@@QAE@ABV01@@Z 00401a00 f i TimeLog.obj
 0001:00000a40       ??0sentry@?$basic_ostream@DU?$char_traits@D@std@@@std@@QAE@AAV12@@Z 00401a40 f i TimeLog.obj
 0001:00000ae0       ??0system_error@std@@QAE@ABV01@@Z 00401ae0 f i TimeLog.obj
 0001:00000b30       ??1?$basic_string@DU?$char_traits@D@std@@V?$allocator@D@2@@std@@QAE@XZ 00401b30 f i TimeLog.obj
 0001:00000b80       ??1_Sentry_base@?$basic_ostream@DU?$char_traits@D@std@@@std@@QAE@XZ 00401b80 f i TimeLog.obj
 0001:00000bd0       ??1bad_alloc@std@@UAE@XZ   00401bd0 f i libcpmt:xthrow.obj
 0001:00000bd0       ??1bad_array_new_length@std@@UAE@XZ 00401bd0 f i TimeLog.obj
 0001:00000bd0       ??1bad_cast@std@@UAE@XZ    00401bd0 f i S04_MyWork05.obj
 0001:00000bd0       ??1bad_exception@std@@UAE@XZ 00401bd0 f i libvcruntime:frame.obj
 0001:00000bd0       ??1failure@ios_base@std@@UAE@XZ 00401bd0 f i TimeLog.obj
 0001:00000bd0       ??1length_error@std@@UAE@XZ 00401bd0 f i libcpmt:xthrow.obj
 0001:00000bd0       ??1out_of_range@std@@UAE@XZ 00401bd0 f i libcpmt:xthrow.obj
 0001:00000bd0       ??1runtime_error@std@@UAE@XZ 00401bd0 f i libcpmt:xthrow.obj
 0001:00000bd0       ??1system_error@std@@UAE@XZ 00401bd0 f i TimeLog.obj
 0001:00000bf0       ??1sentry@?$basic_ostream@DU?$char_traits@D@std@@@std@@QAE@XZ 00401bf0 f i TimeLog.obj
 0001:00000c60       ??_E_Iostream_error_category2@std@@UAEPAXI@Z 00401c60 f i TimeLog.obj
 0001:00000c60       ??_G_Iostream_error_category2@std@@UAEPAXI@Z 00401c60 f i TimeLog.obj
 0001:00000c80       ??_E_System_error@std@@UAEPAXI@Z 00401c80 f i TimeLog.obj
 0001:00000c80       ??_Efailure@ios_base@std@@UAEPAXI@Z 00401c80 f i TimeLog.obj
 0001:00000c80       ??_Esystem_error@std@@UAEPAXI@Z 00401c80 f i TimeLog.obj
 0001:00000c80       ??_G_System_error@std@@UAEPAXI@Z 00401c80 f i TimeLog.obj
 0001:00000c80       ??_Gfailure@ios_base@std@@UAEPAXI@Z 00401c80 f i TimeLog.obj
 0001:00000c80       ??_Gsystem_error@std@@UAEPAXI@Z 00401c80 f i TimeLog.obj
 0001:00000cb0       ??_Ebad_alloc@std@@UAEPAXI@Z 00401cb0 f i TimeLog.obj
 0001:00000cb0       ??_Ebad_array_new_length@std@@UAEPAXI@Z 00401cb0 f i TimeLog.obj
 0001:00000cb0       ??_Ebad_cast@std@@UAEPAXI@Z 00401cb0 f i S04_MyWork05.obj
 0001:00000cb0       ??_Eexception@std@@UAEPAXI@Z 00401cb0 f i TimeLog.obj
 0001:00000cb0       ??_Eruntime_error@std@@UAEPAXI@Z 00401cb0 f i TimeLog.obj
 0001:00000cb0       ??_Gbad_alloc@std@@UAEPAXI@Z 00401cb0 f i TimeLog.obj
 0001:00000cb0       ??_Gbad_array_new_length@std@@UAEPAXI@Z 00401cb0 f i TimeLog.obj
 0001:00000cb0       ??_Gbad_cast@std@@UAEPAXI@Z 00401cb0 f i S04_MyWork05.obj
 0001:00000cb0       ??_Gexception@std@@UAEPAXI@Z 00401cb0 f i TimeLog.obj
 0001:00000cb0       ??_Gruntime_error@std@@UAEPAXI@Z 00401cb0 f i TimeLog.obj
 0001:00000ce0       ?GameLog@R_ProLog@@QAAXHPADZZ 00401ce0 f   TimeLog.obj
 0001:000010b0       ?Log@R_ProLog@@QAAXPBDZZ   004020b0 f   TimeLog.obj
 0001:00001150       ?_Osfx@?$basic_ostream@DU?$char_traits@D@std@@@std@@QAEXXZ 00402150 f i TimeLog.obj
 0001:00001230       ?_Throw_bad_array_new_length@std@@YAXXZ 00402230 f i TimeLog.obj
 0001:00001230       ?__scrt_throw_std_bad_array_new_length@@YAXXZ 00402230 f i LIBCMT:throw_bad_alloc.obj
 0001:00001250       ?_Xlen_string@std@@YAXXZ   00402250 f i TimeLog.obj
 0001:00001260       ?__LogMgr@@YAPAVR_ProLog@@XZ 00402260 f   TimeLog.obj
 0001:000012d0       ?append@?$basic_string@DU?$char_traits@D@std@@V?$allocator@D@2@@std@@QAEAAV12@QBDI@Z 004022d0 f i TimeLog.obj
 0001:00001430       ?clear@ios_base@std@@QAEXH_N@Z 00402430 f i TimeLog.obj
 0001:000014b0       ?default_error_condition@error_category@std@@UBE?AVerror_condition@2@H@Z 004024b0 f i TimeLog.obj
 0001:000014d0       ?equivalent@error_category@std@@UBE_NABVerror_code@2@H@Z 004024d0 f i TimeLog.obj
 0001:00001500       ?equivalent@error_category@std@@UBE_NHABVerror_condition@2@@Z 00402500 f i TimeLog.obj
 0001:00001540       ?flush@?$basic_ostream@DU?$char_traits@D@std@@@std@@QAEAAV12@XZ 00402540 f i TimeLog.obj
 0001:00001690       ?make_error_code@std@@YA?AVerror_code@1@W4io_errc@1@@Z 00402690 f i TimeLog.obj
 0001:000016b0       ?message@_Iostream_error_category2@std@@UBE?AV?$basic_string@DU?$char_traits@D@std@@V?$allocator@D@2@@2@H@Z 004026b0 f i TimeLog.obj
 0001:00001770       ?name@_Iostream_error_category2@std@@UBEPBDXZ 00402770 f i TimeLog.obj
 0001:00001780       ?setstate@?$basic_ios@DU?$char_traits@D@std@@@std@@QAEXH_N@Z 00402780 f i TimeLog.obj
 0001:000017b0       ?what@exception@std@@UBEPBDXZ 004027b0 f i TimeLog.obj
 0001:000017c0       ___local_stdio_printf_options 004027c0 f i TimeLog.obj
 0001:000017d0       _sprintf                   004027d0 f i TimeLog.obj
 0001:00001810       ?B_049_TYPE_BATTLE_INFO@MyTransfer@@QAEXQAHH@Z 00402810 f   H05_MyTransfer.obj
 0001:00001850       ?B_051_TYPE_BATTLE_INFO@MyTransfer@@QAEXQAH@Z 00402850 f   H05_MyTransfer.obj
 0001:00001890       ?B_053_TYPE_BATTLE_INFO@MyTransfer@@QAEXH@Z 00402890 f   H05_MyTransfer.obj
 0001:00001890       ?B_GERISAYIM@MyTransfer@@QAEXH@Z 00402890 f   H05_MyTransfer.obj
 0001:000018c0       ?B_194_BATTLE_COUNTDOWN@MyTransfer@@QAEXH@Z 004028c0 f   H05_MyTransfer.obj
 0001:000018f0       ?B_194_BATTLE_INFO@MyTransfer@@QAEXQAH@Z 004028f0 f   H05_MyTransfer.obj
 0001:00001930       ?B_200_BATTLE_COUNTDOWN@MyTransfer@@QAEXHHH@Z 00402930 f   H05_MyTransfer.obj
 0001:00001970       ?B_200_BATTLE_INFO@MyTransfer@@QAEXQAH@Z 00402970 f   H05_MyTransfer.obj
 0001:000019b0       ?B_267_TYPE_BATTLE_INFO@MyTransfer@@QAEXQAHH@Z 004029b0 f   H05_MyTransfer.obj
 0001:000019f0       ?B_ADDSOCKET@MyTransfer@@QAEXHHHH@Z 004029f0 f   H05_MyTransfer.obj
 0001:00001a30       ?B_ADD_ITEM_RECV@MyTransfer@@QAEXHH@Z 00402a30 f   H05_MyTransfer.obj
 0001:00001a70       ?B_ANIMAL_STATE_RECV@MyTransfer@@QAEXHH@Z 00402a70 f   H05_MyTransfer.obj
 0001:00001ab0       ?B_AUTOBUFF1@MyTransfer@@QAEXH@Z 00402ab0 f   H05_MyTransfer.obj
 0001:00001ae0       ?B_AUTOBUFF@MyTransfer@@QAEXH@Z 00402ae0 f   H05_MyTransfer.obj
 0001:00001b10       ?B_AUTOHUNT@MyTransfer@@QAEXHHH@Z 00402b10 f   H05_MyTransfer.obj
 0001:00001b50       ?B_AVATAR_ACTION_RECV2@MyTransfer@@QAEXHKPAUOBJECT_FOR_AVATAR@@H@Z 00402b50 f   H05_MyTransfer.obj
 0001:00001bc0       ?B_AVATAR_ACTION_RECV@MyTransfer@@QAEXHKPAUOBJECT_FOR_AVATAR@@H@Z 00402bc0 f   H05_MyTransfer.obj
 0001:00001c20       ?B_AVATAR_CHANGE_INFO_1@MyTransfer@@QAEXHKHHHH@Z 00402c20 f   H05_MyTransfer.obj
 0001:00001c70       ?B_AVATAR_CHANGE_INFO_2@MyTransfer@@QAEXHH@Z 00402c70 f   H05_MyTransfer.obj
 0001:00001cb0       ?B_AVATAR_EFFECT_VALUE_INFO@MyTransfer@@QAEXHKQAY01HQAH@Z 00402cb0 f   H05_MyTransfer.obj
 0001:00001d10       ?B_AVLANMABONUSU@MyTransfer@@QAEXHHHHHHQAHH@Z 00402d10 f   H05_MyTransfer.obj
 0001:00001d80       ?B_BLOODMARKET@MyTransfer@@QAEXHQAY02H@Z 00402d80 f   H05_MyTransfer.obj
 0001:00001dc0       ?B_BLOODMARKETBUY@MyTransfer@@QAEXHHHHQAH@Z 00402dc0 f   H05_MyTransfer.obj
 0001:00001e20       ?B_BOTTLE@MyTransfer@@QAEXHHH@Z 00402e20 f   H05_MyTransfer.obj
 0001:00001e60       ?B_BROADCAST_INFO_RECV2@MyTransfer@@QAEXHQAE@Z 00402e60 f   H05_MyTransfer.obj
 0001:00001eb0       ?B_BROADCAST_WORLD_INFO2@MyTransfer@@QAEXPAUWORLD_INFO@@PAUTRIBE_INFO@@@Z 00402eb0 f   H05_MyTransfer.obj
 0001:00001f10       ?B_BROADCAST_WORLD_INFO@MyTransfer@@QAEXPAUWORLD_INFO@@PAUTRIBE_INFO@@@Z 00402f10 f   H05_MyTransfer.obj
 0001:00001f60       ?B_BUY_CASH_ITEM_RECV@MyTransfer@@QAEXHHHHHQAH@Z 00402f60 f   H05_MyTransfer.obj
 0001:00001fc0       ?B_BUY_PSHOP_RECV@MyTransfer@@QAEXHHHHQAH0@Z 00402fc0 f   H05_MyTransfer.obj
 0001:00002030       ?B_CAPE_UPGRADE@MyTransfer@@QAEXHQAH@Z 00403030 f   H05_MyTransfer.obj
 0001:00002080       ?B_CHANGE_TO_TRIBE4_RECV@MyTransfer@@QAEXH@Z 00403080 f   H05_MyTransfer.obj
 0001:000020b0       ?B_CONNECT_OK@MyTransfer@@QAEXH@Z 004030b0 f   H05_MyTransfer.obj
 0001:000020e0       ?B_COSTUME@MyTransfer@@QAEXHHHHHHH@Z 004030e0 f   H05_MyTransfer.obj
 0001:00002140       ?B_CPTOWER2@MyTransfer@@QAEXPAUCP_TOWERS@@@Z 00403140 f   H05_MyTransfer.obj
 0001:000021c0       ?B_CPTOWER@MyTransfer@@QAEXPAUCP_TOWERS@@@Z 004031c0 f   H05_MyTransfer.obj
 0001:00002220       ?B_CRAFT_ITEM_RECV@MyTransfer@@QAEXHHH@Z 00403220 f   H05_MyTransfer.obj
 0001:00002260       ?B_DAILY_MISSION@MyTransfer@@QAEXHHHHHH@Z 00403260 f   H05_MyTransfer.obj
 0001:000022b0       ?B_DEMAND_PSHOP_RECV@MyTransfer@@QAEXHPAUPSHOP_INFO@@@Z 004032b0 f   H05_MyTransfer.obj
 0001:000022f0       ?B_DEMAND_ZONE_SERVER_INFO_2_RESULT@MyTransfer@@QAEXHQADH@Z 004032f0 f   H05_MyTransfer.obj
 0001:00002330       ?B_DESTROY_ITEM@MyTransfer@@QAEXHHQAH@Z 00403330 f   H05_MyTransfer.obj
 0001:00002370       ?B_DUEL_ANSWER_RECV@MyTransfer@@QAEXH@Z 00403370 f   H05_MyTransfer.obj
 0001:000023a0       ?B_DUEL_ASK_RECV@MyTransfer@@QAEXQADH@Z 004033a0 f   H05_MyTransfer.obj
 0001:000023f0       ?B_DUEL_CANCEL_RECV@MyTransfer@@QAEXXZ 004033f0 f   H05_MyTransfer.obj
 0001:00002420       ?B_DUEL_END_RECV@MyTransfer@@QAEXH@Z 00403420 f   H05_MyTransfer.obj
 0001:00002450       ?B_DUEL_START_RECV@MyTransfer@@QAEXQAHHH@Z 00403450 f   H05_MyTransfer.obj
 0001:000024a0       ?B_DUEL_TIME_INFO@MyTransfer@@QAEXH@Z 004034a0 f   H05_MyTransfer.obj
 0001:000024d0       ?B_END_PSHOP_RECV@MyTransfer@@QAEXH@Z 004034d0 f   H05_MyTransfer.obj
 0001:00002500       ?B_ENGRAVERECV@MyTransfer@@QAEXHHHHH@Z 00403500 f   H05_MyTransfer.obj
 0001:00002550       ?B_EXCHANGE_ITEM_RECV@MyTransfer@@QAEXHHQAH@Z 00403550 f   H05_MyTransfer.obj
 0001:000025a0       ?B_FISHING2@MyTransfer@@QAEXHKHHH@Z 004035a0 f   H05_MyTransfer.obj
 0001:000025f0       ?B_FISHING@MyTransfer@@QAEXHKHHH@Z 004035f0 f   H05_MyTransfer.obj
 0001:00002640       ?B_FISHINGITEMSEND@MyTransfer@@QAEXHHHHH@Z 00403640 f   H05_MyTransfer.obj
 0001:00002690       ?B_FRIEND_ANSWER_RECV@MyTransfer@@QAEXH@Z 00403690 f   H05_MyTransfer.obj
 0001:000026c0       ?B_FRIEND_ASK_RECV@MyTransfer@@QAEXQAD@Z 004036c0 f   H05_MyTransfer.obj
 0001:00002700       ?B_FRIEND_CANCEL_RECV@MyTransfer@@QAEXXZ 00403700 f   H05_MyTransfer.obj
 0001:00002730       ?B_FRIEND_DELETE_RECV@MyTransfer@@QAEXH@Z 00403730 f   H05_MyTransfer.obj
 0001:00002760       ?B_FRIEND_FIND_RECV@MyTransfer@@QAEXHH@Z 00403760 f   H05_MyTransfer.obj
 0001:000027a0       ?B_FRIEND_MAKE_RECV@MyTransfer@@QAEXHQAD@Z 004037a0 f   H05_MyTransfer.obj
 0001:000027f0       ?B_FUNCITON_NOTICE@MyTransfer@@QAEXHQAD0@Z 004037f0 f   H05_MyTransfer.obj
 0001:00002870       ?B_GENERAL_CHAT_RECV@MyTransfer@@QAEXQADE0@Z 00403870 f   H05_MyTransfer.obj
 0001:000028f0       ?B_GENERAL_NOTICE_RECV@MyTransfer@@QAEXQADH@Z 004038f0 f   H05_MyTransfer.obj
 0001:00002a30       ?B_GENERAL_SHOUT_RECV@MyTransfer@@QAEXQADE0@Z 00403a30 f   H05_MyTransfer.obj
 0001:00002ab0       ?B_GET_CASH_ITEM_INFO_RECV@MyTransfer@@QAEXHHQAY2O@93$$CBH@Z 00403ab0 f   H05_MyTransfer.obj
 0001:00002b00       ?B_GET_CASH_SIZE_RECV@MyTransfer@@QAEXHH@Z 00403b00 f   H05_MyTransfer.obj
 0001:00002b20       ?B_GM_COMMAND_INFO2@MyTransfer@@QAEXHQAE@Z 00403b20 f   H05_MyTransfer.obj
 0001:00002b70       ?B_GM_COMMAND_INFO@MyTransfer@@QAEXHQAE@Z 00403b70 f   H05_MyTransfer.obj
 0001:00002bb0       ?B_GUILD_ANSWER_RECV@MyTransfer@@QAEXH@Z 00403bb0 f   H05_MyTransfer.obj
 0001:00002be0       ?B_GUILD_ASK_RECV@MyTransfer@@QAEXQAD@Z 00403be0 f   H05_MyTransfer.obj
 0001:00002c20       ?B_GUILD_CANCEL_RECV@MyTransfer@@QAEXXZ 00403c20 f   H05_MyTransfer.obj
 0001:00002c50       ?B_GUILD_CHAT_RECV@MyTransfer@@QAEXQAD0H@Z 00403c50 f   H05_MyTransfer.obj
 0001:00002e00       ?B_GUILD_FIND_RECV@MyTransfer@@QAEXH@Z 00403e00 f   H05_MyTransfer.obj
 0001:00002e30       ?B_GUILD_LOGIN_INFO@MyTransfer@@QAEXQADH@Z 00403e30 f   H05_MyTransfer.obj
 0001:00002f20       ?B_GUILD_NOTICE_RECV@MyTransfer@@QAEXQAD0H@Z 00403f20 f   H05_MyTransfer.obj
 0001:000030d0       ?B_GUILD_WORK_RECV@MyTransfer@@QAEXHHPAUGUILD_INFO@@@Z 004040d0 f   H05_MyTransfer.obj
 0001:00003120       ?B_HIDECOSTUME@MyTransfer@@QAEXHHH@Z 00404120 f   H05_MyTransfer.obj
 0001:00003160       ?B_HIGH_ITEM_RECV@MyTransfer@@QAEXHHQAH@Z 00404160 f   H05_MyTransfer.obj
 0001:000031b0       ?B_IMPROVE_ITEM_RECV@MyTransfer@@QAEXHHH@Z 004041b0 f   H05_MyTransfer.obj
 0001:000031f0       ?B_ITEM_ACTION_RECV2@MyTransfer@@QAEXHKPAUOBJECT_FOR_ITEM@@H@Z 004041f0 f   H05_MyTransfer.obj
 0001:00003290       ?B_ITEM_ACTION_RECV@MyTransfer@@QAEXHKPAUOBJECT_FOR_ITEM@@H@Z 00404290 f   H05_MyTransfer.obj
 0001:00003310       ?B_ITEM_SEND@MyTransfer@@QAEXHHHHH@Z 00404310 f   H05_MyTransfer.obj
 0001:00003360       ?B_ITEM_UPGRADE_RECV@MyTransfer@@QAEXHHQAH@Z 00404360 f   H05_MyTransfer.obj
 0001:000033b0       ?B_KAPSUL@MyTransfer@@QAEXHHHHHHHHQAH@Z 004043b0 f   H05_MyTransfer.obj
 0001:00003420       ?B_KuleUpradge@MyTransfer@@QAEXHHHHHH@Z 00404420 f   H05_MyTransfer.obj
 0001:00003470       ?B_LEGANDARYIMPROVE@MyTransfer@@QAEXHHHH@Z 00404470 f   H05_MyTransfer.obj
 0001:000034b0       ?B_LOW_ITEM_RECV@MyTransfer@@QAEXHHQAH@Z 004044b0 f   H05_MyTransfer.obj
 0001:00003500       ?B_MAKE_ITEM_RECV@MyTransfer@@QAEXHQAH@Z 00404500 f   H05_MyTransfer.obj
 0001:00003550       ?B_MAKE_SKILL_RECV@MyTransfer@@QAEXHQAH@Z 00404550 f   H05_MyTransfer.obj
 0001:000035a0       ?B_MONSTER_ACTION_RECV@MyTransfer@@QAEXHKPAUOBJECT_FOR_MONSTER@@H@Z 004045a0 f   H05_MyTransfer.obj
 0001:00003640       ?B_MUHURLEGEND@MyTransfer@@QAEXHHQAH@Z 00404640 f   H05_MyTransfer.obj
 0001:00003690       ?B_OLDRANKINFO2@MyTransfer@@QAEXPAUOLD_RANK_INFO@@@Z 00404690 f   H05_MyTransfer.obj
 0001:000036e0       ?B_OLDRANKINFO@MyTransfer@@QAEXPAUOLD_RANK_INFO@@@Z 004046e0 f   H05_MyTransfer.obj
 0001:00003720       ?B_PARTY_ANSWER_RECV@MyTransfer@@QAEXH@Z 00404720 f   H05_MyTransfer.obj
 0001:00003750       ?B_PARTY_ASK_RECV@MyTransfer@@QAEXQAD@Z 00404750 f   H05_MyTransfer.obj
 0001:00003790       ?B_PARTY_BREAK_RECV@MyTransfer@@QAEXHQADH@Z 00404790 f   H05_MyTransfer.obj
 0001:000038a0       ?B_PARTY_CANCEL_RECV@MyTransfer@@QAEXXZ 004048a0 f   H05_MyTransfer.obj
 0001:000038d0       ?B_PARTY_CHAT_RECV@MyTransfer@@QAEXQAD0H@Z 004048d0 f   H05_MyTransfer.obj
 0001:00003a80       ?B_PARTY_EXILE_RECV@MyTransfer@@QAEXQADH@Z 00404a80 f   H05_MyTransfer.obj
 0001:00003b70       ?B_PARTY_JOIN_RECV@MyTransfer@@QAEXQADH@Z 00404b70 f   H05_MyTransfer.obj
 0001:00003c60       ?B_PARTY_LEAVE_RECV@MyTransfer@@QAEXQADH@Z 00404c60 f   H05_MyTransfer.obj
 0001:00003d50       ?B_PARTY_MAKE_RECV@MyTransfer@@QAEXHQAY0N@D@Z 00404d50 f   H05_MyTransfer.obj
 0001:00003e00       ?B_PET_COMBINE@MyTransfer@@QAEXHQAH@Z 00404e00 f   H05_MyTransfer.obj
 0001:00003e50       ?B_PROCESS_ATTACK_RECV@MyTransfer@@QAEXPAUATTACK_FOR_PROTOCOL@@@Z 00404e50 f   H05_MyTransfer.obj
 0001:00003ea0       ?B_PROCESS_DATA_RECV@MyTransfer@@QAEXHHQAE@Z 00404ea0 f   H05_MyTransfer.obj
 0001:00003ef0       ?B_PROCESS_QUEST_RECV@MyTransfer@@QAEXHHHHHH@Z 00404ef0 f   H05_MyTransfer.obj
 0001:00003f40       ?B_PSHOP_ITEM_INFO_RECV@MyTransfer@@QAEXHQADHHQAH1H@Z 00404f40 f   H05_MyTransfer.obj
 0001:00003fd0       ?B_RANKINFO2@MyTransfer@@QAEXPAURANK_INFO@@@Z 00404fd0 f   H05_MyTransfer.obj
 0001:00004020       ?B_RANKINFO@MyTransfer@@QAEXPAURANK_INFO@@@Z 00405020 f   H05_MyTransfer.obj
 0001:00004060       ?B_RANKPRIZE@MyTransfer@@QAEXHHHHHHQAH@Z 00405060 f   H05_MyTransfer.obj
 0001:000040c0       ?B_REGISTER_AVATAR_RECV@MyTransfer@@QAEXPAUAVATAR_INFO@@QAY01HH@Z 004050c0 f   H05_MyTransfer.obj
 0001:00004120       ?B_RETURN_TO_AUTO_ZONE@MyTransfer@@QAEXXZ 00405120 f   H05_MyTransfer.obj
 0001:00004150       ?B_SECRET_CHAT_RECV@MyTransfer@@QAEXHHQAD0HH@Z 00405150 f   H05_MyTransfer.obj
 0001:00004350       ?B_SOCKET@MyTransfer@@QAEXHHHHH@Z 00405350 f   H05_MyTransfer.obj
 0001:000043a0       ?B_START_PSHOP_RECV@MyTransfer@@QAEXHPAUPSHOP_INFO@@@Z 004053a0 f   H05_MyTransfer.obj
 0001:000043e0       ?B_TEACHER_ANSWER_RECV@MyTransfer@@QAEXH@Z 004053e0 f   H05_MyTransfer.obj
 0001:00004410       ?B_TEACHER_ASK_RECV@MyTransfer@@QAEXQAD@Z 00405410 f   H05_MyTransfer.obj
 0001:00004450       ?B_TEACHER_CANCEL_RECV@MyTransfer@@QAEXXZ 00405450 f   H05_MyTransfer.obj
 0001:00004480       ?B_TEACHER_END_RECV@MyTransfer@@QAEXXZ 00405480 f   H05_MyTransfer.obj
 0001:000044b0       ?B_TEACHER_START_RECV@MyTransfer@@QAEXHQAD@Z 004054b0 f   H05_MyTransfer.obj
 0001:00004500       ?B_TEACHER_STATE_RECV@MyTransfer@@QAEXH@Z 00405500 f   H05_MyTransfer.obj
 0001:00004530       ?B_TEMP_REGISTER_RECV@MyTransfer@@QAEXH@Z 00405530 f   H05_MyTransfer.obj
 0001:00004560       ?B_TRADE_ANSWER_RECV@MyTransfer@@QAEXH@Z 00405560 f   H05_MyTransfer.obj
 0001:00004590       ?B_TRADE_ASK_RECV@MyTransfer@@QAEXQADH@Z 00405590 f   H05_MyTransfer.obj
 0001:000045e0       ?B_TRADE_CANCEL_RECV@MyTransfer@@QAEXXZ 004055e0 f   H05_MyTransfer.obj
 0001:00004610       ?B_TRADE_END_RECV@MyTransfer@@QAEXH@Z 00405610 f   H05_MyTransfer.obj
 0001:00004640       ?B_TRADE_MENU_RECV@MyTransfer@@QAEXH@Z 00405640 f   H05_MyTransfer.obj
 0001:00004670       ?B_TRADE_START_RECV@MyTransfer@@QAEXHQAY03HQAY02HH@Z 00405670 f   H05_MyTransfer.obj
 0001:00004700       ?B_TRADE_STATE_RECV@MyTransfer@@QAEXHQAY03HQAY02HH@Z 00405700 f   H05_MyTransfer.obj
 0001:00004790       ?B_TRIBE_BANK_RECV@MyTransfer@@QAEXHHQAHH@Z 00405790 f   H05_MyTransfer.obj
 0001:000047e0       ?B_TRIBE_CHAT_RECV2@MyTransfer@@QAEXQAD0@Z 004057e0 f   H05_MyTransfer.obj
 0001:00004880       ?B_TRIBE_CHAT_RECV@MyTransfer@@QAEXQADE0@Z 00405880 f   H05_MyTransfer.obj
 0001:00004900       ?B_TRIBE_NOTICE_RECV@MyTransfer@@QAEXHQAD0H@Z 00405900 f   H05_MyTransfer.obj
 0001:00004980       ?B_TRIBE_VOTE_RECV@MyTransfer@@QAEXHHH@Z 00405980 f   H05_MyTransfer.obj
 0001:000049c0       ?B_TRIBE_WORK_RECV@MyTransfer@@QAEXHHQAE@Z 004059c0 f   H05_MyTransfer.obj
 0001:00004a10       ?B_USE_HOTKEY_ITEM_RECV@MyTransfer@@QAEXHHH@Z 00405a10 f   H05_MyTransfer.obj
 0001:00004a50       ?B_USE_INVENTORY_ITEM_RECV@MyTransfer@@QAEXHHHH@Z 00405a50 f   H05_MyTransfer.obj
 0001:00004a90       ?B_VALETSHOPUPDATE2@MyTransfer@@QAEXHKPAUOBJECT_FOR_SHOP@@H@Z 00405a90 f   H05_MyTransfer.obj
 0001:00004b20       ?B_VALETSHOPUPDATE@MyTransfer@@QAEXHKPAUOBJECT_FOR_SHOP@@H@Z 00405b20 f   H05_MyTransfer.obj
 0001:00004b90       ?Init@MyTransfer@@QAEHXZ   00405b90 f   H05_MyTransfer.obj
 0001:00004b90       ?Init@PATSYSTEM@@QAEHXZ    00405b90 f   S08_MyGameSystem.obj
 0001:00004ba0       ??1Guard@@QAE@XZ           00405ba0 f i Helpers.obj
 0001:00004bb0       ?_Get_bits@?$_Rng_from_urng_v2@IV?$mersenne_twister_engine@I$0CA@$0CHA@$0BIN@$0BP@$0JJAILANP@$0L@$0PPPPPPPP@$06$0JNCMFGIA@$0P@$0OPMGAAAA@$0BC@$0GMAHIJGF@@std@@@std@@AAEIXZ 00405bb0 f i Helpers.obj
 0001:00004d30       ?myrand@@YAHHH@Z           00405d30 f   Helpers.obj
 0001:00004ef0       ?KarakolKontrolu@AVATAR_OBJECT@@QAEHXZ 00405ef0 f   MapKontrolleri.obj
 0001:00005020       ?LabirentKontrolu@AVATAR_OBJECT@@QAEHXZ 00406020 f   MapKontrolleri.obj
 0001:00005100       ??$_Fput_v3@$0A@@?$num_put@DV?$ostreambuf_iterator@DU?$char_traits@D@std@@@std@@@std@@ABE?AV?$ostreambuf_iterator@DU?$char_traits@D@std@@@1@V21@AAVios_base@1@DPBDI_N@Z 00406100 f i S04_MyWork05.obj
 0001:00005670       ??$use_facet@V?$ctype@D@std@@@std@@YAABV?$ctype@D@0@ABVlocale@0@@Z 00406670 f i S04_MyWork05.obj
 0001:00005800       ??$use_facet@V?$num_put@DV?$ostreambuf_iterator@DU?$char_traits@D@std@@@std@@@std@@@std@@YAABV?$num_put@DV?$ostreambuf_iterator@DU?$char_traits@D@std@@@std@@@0@ABVlocale@0@@Z 00406800 f i S04_MyWork05.obj
 0001:00005970       ??$use_facet@V?$numpunct@D@std@@@std@@YAABV?$numpunct@D@0@ABVlocale@0@@Z 00406970 f i S04_MyWork05.obj
 0001:00005a90       ??0?$basic_string@DU?$char_traits@D@std@@V?$allocator@D@2@@std@@QAE@ID@Z 00406a90 f i S04_MyWork05.obj
 0001:00005b40       ??0_Locinfo@std@@QAE@PBD@Z 00406b40 f i S04_MyWork05.obj
 0001:00005bf0       ??0bad_cast@std@@QAE@ABV01@@Z 00406bf0 f i S04_MyWork05.obj
 0001:00005c30       ??0bad_cast@std@@QAE@XZ    00406c30 f i S04_MyWork05.obj
 0001:00005c50       ??1?$_Tidy_guard@V?$numpunct@D@std@@@std@@QAE@XZ 00406c50 f i S04_MyWork05.obj
 0001:00005c80       ??1?$_Yarn@D@std@@QAE@XZ   00406c80 f i S04_MyWork05.obj
 0001:00005c80       ??1?$_Yarn@_W@std@@QAE@XZ  00406c80 f i S04_MyWork05.obj
 0001:00005ca0       ??1?$unique_ptr@V_Facet_base@std@@U?$default_delete@V_Facet_base@std@@@2@@std@@QAE@XZ 00406ca0 f i S04_MyWork05.obj
 0001:00005cb0       ??1_Locinfo@std@@QAE@XZ    00406cb0 f i S04_MyWork05.obj
 0001:00005d90       ??1facet@locale@std@@MAE@XZ 00406d90 f i S04_MyWork05.obj
 0001:00005da0       ??1locale@std@@QAE@XZ      00406da0 f i S04_MyWork05.obj
 0001:00005dc0       ??6?$basic_ostream@DU?$char_traits@D@std@@@std@@QAEAAV01@H@Z 00406dc0 f i S04_MyWork05.obj
 0001:00005f70       ??_E?$ctype@D@std@@MAEPAXI@Z 00406f70 f i S04_MyWork05.obj
 0001:00005f70       ??_G?$ctype@D@std@@MAEPAXI@Z 00406f70 f i S04_MyWork05.obj
 0001:00005fd0       ??_E?$num_put@DV?$ostreambuf_iterator@DU?$char_traits@D@std@@@std@@@std@@MAEPAXI@Z 00406fd0 f i S04_MyWork05.obj
 0001:00005fd0       ??_G?$num_put@DV?$ostreambuf_iterator@DU?$char_traits@D@std@@@std@@@std@@MAEPAXI@Z 00406fd0 f i S04_MyWork05.obj
 0001:00006000       ??_E?$numpunct@D@std@@MAEPAXI@Z 00407000 f i S04_MyWork05.obj
 0001:00006000       ??_G?$numpunct@D@std@@MAEPAXI@Z 00407000 f i S04_MyWork05.obj
 0001:00006050       ??_E_Facet_base@std@@UAEPAXI@Z 00407050 f i S04_MyWork05.obj
 0001:00006050       ??_G_Facet_base@std@@UAEPAXI@Z 00407050 f i S04_MyWork05.obj
 0001:00006080       ?W_ADDSOCKETSYSTEM@@YAXH@Z 00407080 f   S04_MyWork05.obj
 0001:00006650       ?W_BEGGARADDABILITY@@YAXH@Z 00407650 f   S04_MyWork05.obj
 0001:00006b60       ?W_BLOODMAERKET@@YAXH@Z    00407b60 f   S04_MyWork05.obj
 0001:00006c20       ?W_BLOODMAERKETBUY@@YAXH@Z 00407c20 f   S04_MyWork05.obj
 0001:00006de0       ?W_BOTTLE@@YAXH@Z          00407de0 f   S04_MyWork05.obj
 0001:00006f40       ?W_CAPE_UPGRADE@@YAXH@Z    00407f40 f   S04_MyWork05.obj
 0001:00007500       ?W_DESTROY_ITEM@@YAXH@Z    00408500 f   S04_MyWork05.obj
 0001:00007790       ?W_ENGRAVE@@YAXH@Z         00408790 f   S04_MyWork05.obj
 0001:00007e30       ?W_FISHING2@@YAXH@Z        00408e30 f   S04_MyWork05.obj
 0001:000080a0       ?W_FISHING@@YAXH@Z         004090a0 f   S04_MyWork05.obj
 0001:000081e0       ?W_FISHINGWINITEM@@YAXH@Z  004091e0 f   S04_MyWork05.obj
 0001:00008570       ?W_FURY@@YAXH@Z            00409570 f   S04_MyWork05.obj
 0001:00008720       ?W_HIDECOSTUME@@YAXH@Z     00409720 f   S04_MyWork05.obj
 0001:000087f0       ?W_KAPSUL@@YAXH@Z          004097f0 f   S04_MyWork05.obj
 0001:00008fc0       ?W_LEGENDERYIMPROVE@@YAXH@Z 00409fc0 f   S04_MyWork05.obj
 0001:00009fd0       ?W_RANK@@YAXH@Z            0040afd0 f   S04_MyWork05.obj
 0001:0000a040       ?W_RANKPRIZE@@YAXH@Z       0040b040 f   S04_MyWork05.obj
 0001:0000a330       ?W_RANKSYSTEM@@YAXH@Z      0040b330 f   S04_MyWork05.obj
 0001:0000a540       ?W_SKILLCOMBINE@@YAXH@Z    0040b540 f   S04_MyWork05.obj
 0001:0000a5a0       ?W_SOCKETSYSTEM@@YAXH@Z    0040b5a0 f   S04_MyWork05.obj
 0001:0000b3d0       ?W_TAILOR_ITEM_UPGRADE@@YAXH@Z 0040c3d0 f   S04_MyWork05.obj
 0001:0000b900       ?W_TAILOR_SEAL@@YAXH@Z     0040c900 f   S04_MyWork05.obj
 0001:0000bc50       ?W_TIMEEFFECT@@YAXH@Z      0040cc50 f   S04_MyWork05.obj
 0001:0000bda0       ?W_TRADER_WARLORD_UPGRADE@@YAXH@Z 0040cda0 f   S04_MyWork05.obj
 0001:0000c350       ?W_UPRADGETOWER@@YAXH@Z    0040d350 f   S04_MyWork05.obj
 0001:0000c6c0       ?_Decref@facet@locale@std@@UAEPAV_Facet_base@3@XZ 0040d6c0 f i S04_MyWork05.obj
 0001:0000c6e0       ?_Ffmt@?$num_put@DV?$ostreambuf_iterator@DU?$char_traits@D@std@@@std@@@std@@ABAPADPADDH@Z 0040d6e0 f i S04_MyWork05.obj
 0001:0000c7a0       ?_Getcat@?$numpunct@D@std@@SAIPAPBVfacet@locale@2@PBV42@@Z 0040d7a0 f i S04_MyWork05.obj
 0001:0000c920       ?_Incref@facet@locale@std@@UAEXXZ 0040d920 f i S04_MyWork05.obj
 0001:0000c930       ?_Iput@?$num_put@DV?$ostreambuf_iterator@DU?$char_traits@D@std@@@std@@@std@@ABA?AV?$ostreambuf_iterator@DU?$char_traits@D@std@@@2@V32@AAVios_base@2@DPADI@Z 0040d930 f i S04_MyWork05.obj
 0001:0000ce40       ?_Put@?$num_put@DV?$ostreambuf_iterator@DU?$char_traits@D@std@@@std@@@std@@ABA?AV?$ostreambuf_iterator@DU?$char_traits@D@std@@@2@V32@PBDI@Z 0040de40 f i S04_MyWork05.obj
 0001:0000ceb0       ?_Rep@?$num_put@DV?$ostreambuf_iterator@DU?$char_traits@D@std@@@std@@@std@@ABA?AV?$ostreambuf_iterator@DU?$char_traits@D@std@@@2@V32@DI@Z 0040deb0 f i S04_MyWork05.obj
 0001:0000cf20       ?_Throw_bad_cast@std@@YAXXZ 0040df20 f i S04_MyWork05.obj
 0001:0000cf40       ?_Xran@?$_String_val@U?$_Simple_types@D@std@@@std@@SAXXZ 0040df40 f i S04_MyWork05.obj
 0001:0000cf50       ?append@?$basic_string@DU?$char_traits@D@std@@V?$allocator@D@2@@std@@QAEAAV12@ID@Z 0040df50 f i S04_MyWork05.obj
 0001:0000d0c0       ?do_decimal_point@?$numpunct@D@std@@MBEDXZ 0040e0c0 f i S04_MyWork05.obj
 0001:0000d0d0       ?do_falsename@?$numpunct@D@std@@MBE?AV?$basic_string@DU?$char_traits@D@std@@V?$allocator@D@2@@2@XZ 0040e0d0 f i S04_MyWork05.obj
 0001:0000d120       ?do_grouping@?$numpunct@D@std@@MBE?AV?$basic_string@DU?$char_traits@D@std@@V?$allocator@D@2@@2@XZ 0040e120 f i S04_MyWork05.obj
 0001:0000d170       ?do_narrow@?$ctype@D@std@@MBEDDD@Z 0040e170 f i S04_MyWork05.obj
 0001:0000d180       ?do_narrow@?$ctype@D@std@@MBEPBDPBD0DPAD@Z 0040e180 f i S04_MyWork05.obj
 0001:0000d1a0       ?do_put@?$num_put@DV?$ostreambuf_iterator@DU?$char_traits@D@std@@@std@@@std@@MBE?AV?$ostreambuf_iterator@DU?$char_traits@D@std@@@2@V32@AAVios_base@2@DJ@Z 0040e1a0 f i S04_MyWork05.obj
 0001:0000d260       ?do_put@?$num_put@DV?$ostreambuf_iterator@DU?$char_traits@D@std@@@std@@@std@@MBE?AV?$ostreambuf_iterator@DU?$char_traits@D@std@@@2@V32@AAVios_base@2@DK@Z 0040e260 f i S04_MyWork05.obj
 0001:0000d320       ?do_put@?$num_put@DV?$ostreambuf_iterator@DU?$char_traits@D@std@@@std@@@std@@MBE?AV?$ostreambuf_iterator@DU?$char_traits@D@std@@@2@V32@AAVios_base@2@DN@Z 0040e320 f i S04_MyWork05.obj
 0001:0000d520       ?do_put@?$num_put@DV?$ostreambuf_iterator@DU?$char_traits@D@std@@@std@@@std@@MBE?AV?$ostreambuf_iterator@DU?$char_traits@D@std@@@2@V32@AAVios_base@2@DO@Z 0040e520 f i S04_MyWork05.obj
 0001:0000d720       ?do_put@?$num_put@DV?$ostreambuf_iterator@DU?$char_traits@D@std@@@std@@@std@@MBE?AV?$ostreambuf_iterator@DU?$char_traits@D@std@@@2@V32@AAVios_base@2@DPBX@Z 0040e720 f i S04_MyWork05.obj
 0001:0000d780       ?do_put@?$num_put@DV?$ostreambuf_iterator@DU?$char_traits@D@std@@@std@@@std@@MBE?AV?$ostreambuf_iterator@DU?$char_traits@D@std@@@2@V32@AAVios_base@2@D_J@Z 0040e780 f i S04_MyWork05.obj
 0001:0000d850       ?do_put@?$num_put@DV?$ostreambuf_iterator@DU?$char_traits@D@std@@@std@@@std@@MBE?AV?$ostreambuf_iterator@DU?$char_traits@D@std@@@2@V32@AAVios_base@2@D_K@Z 0040e850 f i S04_MyWork05.obj
 0001:0000d920       ?do_put@?$num_put@DV?$ostreambuf_iterator@DU?$char_traits@D@std@@@std@@@std@@MBE?AV?$ostreambuf_iterator@DU?$char_traits@D@std@@@2@V32@AAVios_base@2@D_N@Z 0040e920 f i S04_MyWork05.obj
 0001:0000db20       ?do_thousands_sep@?$numpunct@D@std@@MBEDXZ 0040eb20 f i S04_MyWork05.obj
 0001:0000db30       ?do_tolower@?$ctype@D@std@@MBEDD@Z 0040eb30 f i S04_MyWork05.obj
 0001:0000db50       ?do_tolower@?$ctype@D@std@@MBEPBDPADPBD@Z 0040eb50 f i S04_MyWork05.obj
 0001:0000db80       ?do_toupper@?$ctype@D@std@@MBEDD@Z 0040eb80 f i S04_MyWork05.obj
 0001:0000dba0       ?do_toupper@?$ctype@D@std@@MBEPBDPADPBD@Z 0040eba0 f i S04_MyWork05.obj
 0001:0000dbd0       ?do_truename@?$numpunct@D@std@@MBE?AV?$basic_string@DU?$char_traits@D@std@@V?$allocator@D@2@@2@XZ 0040ebd0 f i S04_MyWork05.obj
 0001:0000dc20       ?do_widen@?$ctype@D@std@@MBEDD@Z 0040ec20 f i S04_MyWork05.obj
 0001:0000dc30       ?do_widen@?$ctype@D@std@@MBEPBDPBD0PAD@Z 0040ec30 f i S04_MyWork05.obj
 0001:0000dc50       ?put@?$basic_ostream@DU?$char_traits@D@std@@@std@@QAEAAV12@D@Z 0040ec50 f i S04_MyWork05.obj
 0001:0000ddd0       _snprintf                  0040edd0 f i S04_MyWork05.obj
 0001:0000de10       _sprintf_s                 0040ee10 f i S04_MyWork05.obj
 0001:0000de40       ?BinekStats@AVATAR_OBJECT@@QAEHHH@Z 0040ee40 f   ItemTypeSetBonus.obj
 0001:0000df60       ?EnIyi4Aile@AVATAR_OBJECT@@QAEHHPAH@Z 0040ef60 f   ItemTypeSetBonus.obj
 0001:0000dff0       ?ItemType10@AVATAR_OBJECT@@QAEHHHHHHH@Z 0040eff0 f   ItemTypeSetBonus.obj
 0001:0000e160       ?ItemType1@AVATAR_OBJECT@@QAEHHH@Z 0040f160 f   ItemTypeSetBonus.obj
 0001:0000e1e0       ?ItemType21@AVATAR_OBJECT@@QAEHHHHHHH@Z 0040f1e0 f   ItemTypeSetBonus.obj
 0001:0000e350       ?ItemType22@AVATAR_OBJECT@@QAEHHHHHHH@Z 0040f350 f   ItemTypeSetBonus.obj
 0001:0000e4c0       ?ItemType2@AVATAR_OBJECT@@QAEHHH@Z 0040f4c0 f   ItemTypeSetBonus.obj
 0001:0000e5c0       ?ItemType3@AVATAR_OBJECT@@QAEHHHH@Z 0040f5c0 f   ItemTypeSetBonus.obj
 0001:0000e680       ?ItemType4@AVATAR_OBJECT@@QAEHHH@Z 0040f680 f   ItemTypeSetBonus.obj
 0001:0000e780       ?ItemType5@AVATAR_OBJECT@@QAEHHHHHHH@Z 0040f780 f   ItemTypeSetBonus.obj
 0001:0000ea60       ?ItemType6@AVATAR_OBJECT@@QAEHHH@Z 0040fa60 f   ItemTypeSetBonus.obj
 0001:0000eab0       ?ItemType7@AVATAR_OBJECT@@QAEHHH@Z 0040fab0 f   ItemTypeSetBonus.obj
 0001:0000eb40       ?ItemType8@AVATAR_OBJECT@@QAEHHH@Z 0040fb40 f   ItemTypeSetBonus.obj
 0001:0000eb90       ?ItemTypeSetBonus@AVATAR_OBJECT@@QAEHXZ 0040fb90 f   ItemTypeSetBonus.obj
 0001:0000f450       ?YeniOzellikCan@AVATAR_OBJECT@@QAEHHPAK0@Z 00410450 f   ItemTypeSetBonus.obj
 0001:0000f7f0       ?KarakterAtakSucces@AVATAR_OBJECT@@QAEHXZ 004107f0 f   AtakRate.obj
 0001:00010150       ?SucessAtak1@AVATAR_OBJECT@@QAEHHHH@Z 00411150 f   AtakRate.obj
 0001:000102c0       ?TitleAtak@AVATAR_OBJECT@@QAEHXZ 004112c0 f   AtakPower.obj
 0001:000102c0       ?TitleSucess@AVATAR_OBJECT@@QAEHXZ 004112c0 f   AtakRate.obj
 0001:000105a0       ?DefYeniItem@AVATAR_OBJECT@@QAEHHHH@Z 004115a0 f   Defans.obj
 0001:00010840       ?KarakterDefence@AVATAR_OBJECT@@QAEHXZ 00411840 f   Defans.obj
 0001:00011410       ?TitleDef@AVATAR_OBJECT@@QAEHXZ 00412410 f   Defans.obj
 0001:00011670       ?AtakBlockEkstra@AVATAR_OBJECT@@QAEHHHH@Z 00412670 f   DiðerStatlar.obj
 0001:000117d0       ?AttackBlock@AVATAR_OBJECT@@QAEHXZ 004127d0 f   DiðerStatlar.obj
 0001:000121e0       ?Criticial@AVATAR_OBJECT@@QAEHXZ 004131e0 f   DiðerStatlar.obj
 0001:00012700       ?ElementDef@AVATAR_OBJECT@@QAEHXZ 00413700 f   DiðerStatlar.obj
 0001:00012f90       ?ElementPower@AVATAR_OBJECT@@QAEHXZ 00413f90 f   DiðerStatlar.obj
 0001:000138f0       ?EkstraOzelOzelliklerMana@AVATAR_OBJECT@@QAEHH@Z 004148f0 f   Mana.obj
 0001:00013930       ?KarakterManasi@AVATAR_OBJECT@@QAEHXZ 00414930 f   Mana.obj
 0001:00013f10       ?PetMana@AVATAR_OBJECT@@QAEMH@Z 00414f10 f   Mana.obj
 0001:00014280       ?TitleMana@AVATAR_OBJECT@@QAEHXZ 00415280 f   Mana.obj
 0001:00014530       ?BinekAbsorbe@AVATAR_OBJECT@@QAEHXZ 00415530 f   Health.obj
 0001:00014640       ?DecoItemOzellik@AVATAR_OBJECT@@QAEHHH@Z 00415640 f   Health.obj
 0001:000146e0       ?EkstraOzelOzelliklerCan@AVATAR_OBJECT@@QAEHH@Z 004156e0 f   Health.obj
 0001:00014720       ?ItemType@AVATAR_OBJECT@@QAEHH@Z 00415720 f   Health.obj
 0001:00014860       ?KarakterCani@AVATAR_OBJECT@@QAEHXZ 00415860 f   Health.obj
 0001:00015560       ?LedandaryCapeUpradge@AVATAR_OBJECT@@QAEMHHH@Z 00416560 f   Health.obj
 0001:000156f0       ?LegandaryBinekKontrolu@AVATAR_OBJECT@@QAEHH@Z 004166f0 f   Health.obj
 0001:00015730       ?LegandaryBinekOzellikleri2@AVATAR_OBJECT@@QAEMHHH@Z 00416730 f   Health.obj
 0001:00015a00       ?LegandaryBinekOzellikleri@AVATAR_OBJECT@@QAEHHH@Z 00416a00 f   Health.obj
 0001:00015b90       ?ReturnLevel@AVATAR_OBJECT@@QAEHH@Z 00416b90 f   Health.obj
 0001:00015bd0       ?TitleCan@AVATAR_OBJECT@@QAEHXZ 00416bd0 f   Health.obj
 0001:00015e30       ?YuzdelikOzellikler1@AVATAR_OBJECT@@QAEHHHH@Z 00416e30 f   Health.obj
 0001:00016060       ?YeniItemAtak@AVATAR_OBJECT@@QAEHHHHH@Z 00417060 f   AtakPower.obj
 0001:00016060       ?YuzdelikOzellikler2@AVATAR_OBJECT@@QAEHHHHH@Z 00417060 f   Health.obj
 0001:00016cd0       ?HexDump@MyServer@@QAEXPADHH@Z 00417cd0 f   S02_MyServer.obj
 0001:00016e70       ?Init@MyServer@@QAEHPAH@Z  00417e70 f   S02_MyServer.obj
 0001:000173d0       ?PROCESS_FOR_NETWORK@MyServer@@QAEHPAUHWND__@@IJ@Z 004183d0 f   S02_MyServer.obj
 0001:000179f0       _printf                    004189f0 f i S02_MyServer.obj
 0001:00017a20       ?GetMaxSkillGradeNum@MyUser@@QAEHH@Z 00418a20 f   S03_MyUser.obj
 0001:00017a60       ?Init@MyUser@@QAEHHHH@Z    00418a60 f   S03_MyUser.obj
 0001:00017b10       ?Quit@MyUser@@QAEXPBD0H@Z  00418b10 f   S03_MyUser.obj
 0001:00017e40       ?Send@MyUser@@QAEXHPADH_N@Z 00418e40 f   S03_MyUser.obj
 0001:00017f40       ?Init@MyWork@@QAEHXZ       00418f40 f   S04_MyWork01.obj
 0001:000187d0       ??0?$basic_string@DU?$char_traits@D@std@@V?$allocator@D@2@@std@@QAE@QBD@Z 004197d0 f i S04_MyWork02.obj
 0001:00018810       ??4?$basic_string@DU?$char_traits@D@std@@V?$allocator@D@2@@std@@QAEAAV01@QBD@Z 00419810 f i S04_MyWork02.obj
 0001:00018920       ?CheckPossiblePShopRegion@MyWork@@QAEHHHQAM@Z 00419920 f   S04_MyWork02.obj
 0001:00018b50       ?CheckValidCharacterMotionForSend@MyWork@@QAEHHHHPAH000@Z 00419b50 f   S04_MyWork02.obj
 0001:00019140       ?ReturnEffectState@MyWork@@QAE_NHH@Z 0041a140 f   S04_MyWork02.obj
 0001:00019300       ?SkillForMotion@MyWork@@QAE_NHPAUACTION_INFO@@H@Z 0041a300 f   S04_MyWork02.obj
 0001:000194c0       ?W_ADD_ITEM_SEND@@YAXH@Z   0041a4c0 f   S04_MyWork02.obj
 0001:0001a160       ?W_ANIMAL_STATE_SEND@@YAXH@Z 0041b160 f   S04_MyWork02.obj
 0001:0001ad30       ?W_AUTOBUFF1@@YAXH@Z       0041bd30 f   S04_MyWork02.obj
 0001:0001b080       ?W_AUTOBUFF@@YAXH@Z        0041c080 f   S04_MyWork02.obj
 0001:0001b280       ?W_AUTOHUNT@@YAXH@Z        0041c280 f   S04_MyWork02.obj
 0001:0001b420       ?W_AUTO_CHECK_ASK_RECV@@YAXH@Z 0041c420 f   S04_MyWork02.obj
 0001:0001b500       ?W_AUTO_POT@@YAXH@Z        0041c500 f   S04_MyWork02.obj
 0001:0001b570       ?W_AVATAR_ACTION_SEND@@YAXH@Z 0041c570 f   S04_MyWork02.obj
 0001:0001bbb0       ?W_BUY_CASH_ITEM_SEND@@YAXH@Z 0041cbb0 f   S04_MyWork02.obj
 0001:0001bf90       ?W_BUY_PSHOP_SEND@@YAXH@Z  0041cf90 f   S04_MyWork02.obj
 0001:0001c780       ?W_CHANGE_TO_TRIBE4_SEND@@YAXH@Z 0041d780 f   S04_MyWork02.obj
 0001:0001cc70       ?W_CLIENT_OK_FOR_ZONE_SEND@@YAXH@Z 0041dc70 f   S04_MyWork02.obj
 0001:0001cee0       ?W_COSTUME@@YAXH@Z         0041dee0 f   S04_MyWork02.obj
 0001:0001d3c0       ?W_CRAFT@@YAXH@Z           0041e3c0 f   S04_MyWork02.obj
 0001:0001ded0       ?W_DAILY_MISSION@@YAXH@Z   0041eed0 f   S04_MyWork02.obj
 0001:0001e340       ?W_DEMAND_PSHOP_SEND@@YAXH@Z 0041f340 f   S04_MyWork02.obj
 0001:0001e470       ?W_DEMAND_ZONE_SERVER_INFO_2@@YAXH@Z 0041f470 f   S04_MyWork02.obj
 0001:0001e910       ?W_DUEL_ANSWER_SEND@@YAXH@Z 0041f910 f   S04_MyWork02.obj
 0001:0001ea80       ?W_DUEL_ASK_SEND@@YAXH@Z   0041fa80 f   S04_MyWork02.obj
 0001:0001ecf0       ?W_DUEL_CANCEL_SEND@@YAXH@Z 0041fcf0 f   S04_MyWork02.obj
 0001:0001ee10       ?W_DUEL_START_SEND@@YAXH@Z 0041fe10 f   S04_MyWork02.obj
 0001:0001f070       ?W_END_PSHOP_SEND@@YAXH@Z  00420070 f   S04_MyWork02.obj
 0001:0001f1c0       ?W_EXCHANGE_ITEM_SEND@@YAXH@Z 004201c0 f   S04_MyWork02.obj
 0001:0001f9b0       ?W_FAIL_MOVE_ZONE_2_SEND@@YAXH@Z 004209b0 f   S04_MyWork02.obj
 0001:0001fb40       ?W_FRIEND_ANSWER_SEND@@YAXH@Z 00420b40 f   S04_MyWork02.obj
 0001:0001fcb0       ?W_FRIEND_ASK_SEND@@YAXH@Z 00420cb0 f   S04_MyWork02.obj
 0001:0001ffa0       ?W_FRIEND_CANCEL_SEND@@YAXH@Z 00420fa0 f   S04_MyWork02.obj
 0001:000200c0       ?W_FRIEND_DELETE_SEND@@YAXH@Z 004210c0 f   S04_MyWork02.obj
 0001:000201b0       ?W_FRIEND_FIND_SEND@@YAXH@Z 004211b0 f   S04_MyWork02.obj
 0001:000202c0       ?W_FRIEND_MAKE_SEND@@YAXH@Z 004212c0 f   S04_MyWork02.obj
 0001:00020490       ?W_FUNCITON_NOTICE@@YAXH@Z 00421490 f   S04_MyWork02.obj
 0001:00020690       ?W_GENERAL_CHAT_SEND@@YAXH@Z 00421690 f   S04_MyWork02.obj
 0001:00021d20       ?W_GENERAL_NOTICE_SEND@@YAXH@Z 00422d20 f   S04_MyWork02.obj
 0001:00021e70       ?W_GENERAL_SHOUT_SEND@@YAXH@Z 00422e70 f   S04_MyWork02.obj
 0001:00021fd0       ?W_GET_CASH_ITEM_INFO_SEND@@YAXH@Z 00422fd0 f   S04_MyWork02.obj
 0001:00022090       ?W_GET_CASH_SIZE_SEND@@YAXH@Z 00423090 f   S04_MyWork02.obj
 0001:00022160       ?W_GUILD_ANSWER_SEND@@YAXH@Z 00423160 f   S04_MyWork02.obj
 0001:000222d0       ?W_GUILD_ASK_SEND@@YAXH@Z  004232d0 f   S04_MyWork02.obj
 0001:00022550       ?W_GUILD_CANCEL_SEND@@YAXH@Z 00423550 f   S04_MyWork02.obj
 0001:00022670       ?W_GUILD_CHAT_SEND@@YAXH@Z 00423670 f   S04_MyWork02.obj
 0001:00022870       ?W_GUILD_FIND_SEND@@YAXH@Z 00423870 f   S04_MyWork02.obj
 0001:00022980       ?W_GUILD_NOTICE_SEND@@YAXH@Z 00423980 f   S04_MyWork02.obj
 0001:00022b50       ?W_GUILD_WORK_SEND@@YAXH@Z 00423b50 f   S04_MyWork02.obj
 0001:00024500       ?W_HIGH_ITEM_SEND@@YAXH@Z  00425500 f   S04_MyWork02.obj
 0001:000254d0       ?W_IMPROVE_ITEM_SEND@@YAXH@Z 004264d0 f   S04_MyWork02.obj
 0001:00026810       ?W_LOW_ITEM_SEND@@YAXH@Z   00427810 f   S04_MyWork02.obj
 0001:00027740       ?W_MAKE_ITEM_SEND@@YAXH@Z  00428740 f   S04_MyWork02.obj
 0001:0002a6a0       ?W_MAKE_SKILL_SEND@@YAXH@Z 0042b6a0 f   S04_MyWork02.obj
 0001:0002b4f0       ?W_MUHAFIZ@@YAXH@Z         0042c4f0 f   S04_MyWork02.obj
 0001:0002b530       ?W_PARTY_ANSWER_SEND@@YAXH@Z 0042c530 f   S04_MyWork02.obj
 0001:0002ba50       ?W_PARTY_ASK_SEND@@YAXH@Z  0042ca50 f   S04_MyWork02.obj
 0001:0002bcb0       ?W_PARTY_BREAK_SEND@@YAXH@Z 0042ccb0 f   S04_MyWork02.obj
 0001:0002bdf0       ?W_PARTY_CANCEL_SEND@@YAXH@Z 0042cdf0 f   S04_MyWork02.obj
 0001:0002bf10       ?W_PARTY_CHAT_SEND@@YAXH@Z 0042cf10 f   S04_MyWork02.obj
 0001:0002c100       ?W_PARTY_EXILE_SEND@@YAXH@Z 0042d100 f   S04_MyWork02.obj
 0001:0002c270       ?W_PARTY_LEAVE_SEND@@YAXH@Z 0042d270 f   S04_MyWork02.obj
 0001:0002c3c0       ?W_PET_COMBINE_SEND@@YAXH@Z 0042d3c0 f   S04_MyWork02.obj
 0001:0002d460       ?W_PROCESS_ATTACK_SEND@@YAXH@Z 0042e460 f   S04_MyWork02.obj
 0001:0002d760       ?W_PROCESS_DATA_SEND@@YAXH@Z 0042e760 f   S04_MyWork02.obj
 0001:0002d840       ?W_PROCESS_QUEST_SEND@@YAXH@Z 0042e840 f   S04_MyWork02.obj
 0001:0002e1d0       ?W_PSHOP_ITEM_INFO_SEND@@YAXH@Z 0042f1d0 f   S04_MyWork02.obj
 0001:0002e570       ?W_REGISTER_AVATAR_SEND@@YAXH@Z 0042f570 f   S04_MyWork02.obj
 0001:0002fa70       ?W_SECRET_CHAT_SEND@@YAXH@Z 00430a70 f   S04_MyWork02.obj
 0001:0002fd50       ?W_START_PSHOP_SEND@@YAXH@Z 00430d50 f   S04_MyWork02.obj
 0001:00030b20       ?W_TEACHER_ANSWER_SEND@@YAXH@Z 00431b20 f   S04_MyWork02.obj
 0001:00030c90       ?W_TEACHER_ASK_SEND@@YAXH@Z 00431c90 f   S04_MyWork02.obj
 0001:00030f90       ?W_TEACHER_CANCEL_SEND@@YAXH@Z 00431f90 f   S04_MyWork02.obj
 0001:000310b0       ?W_TEACHER_END_SEND@@YAXH@Z 004320b0 f   S04_MyWork02.obj
 0001:000311d0       ?W_TEACHER_START_SEND@@YAXH@Z 004321d0 f   S04_MyWork02.obj
 0001:00031380       ?W_TEACHER_STATE_SEND@@YAXH@Z 00432380 f   S04_MyWork02.obj
 0001:000315c0       ?W_TEMP_REGISTER_SEND@@YAXH@Z 004325c0 f   S04_MyWork02.obj
 0001:000319f0       ?W_TRADE_ANSWER_SEND@@YAXH@Z 004329f0 f   S04_MyWork02.obj
 0001:00031c00       ?W_TRADE_ASK_SEND@@YAXH@Z  00432c00 f   S04_MyWork02.obj
 0001:00031e80       ?W_TRADE_CANCEL_SEND@@YAXH@Z 00432e80 f   S04_MyWork02.obj
 0001:00031fa0       ?W_TRADE_END_SEND@@YAXH@Z  00432fa0 f   S04_MyWork02.obj
 0001:000320f0       ?W_TRADE_MENU_SEND@@YAXH@Z 004330f0 f   S04_MyWork02.obj
 0001:000328f0       ?W_TRADE_START_SEND@@YAXH@Z 004338f0 f   S04_MyWork02.obj
 0001:00032b30       ?W_TRIBE_BANK_SEND@@YAXH@Z 00433b30 f   S04_MyWork02.obj
 0001:00032df0       ?W_TRIBE_CHAT_SEND@@YAXH@Z 00433df0 f   S04_MyWork02.obj
 0001:00032f80       ?W_TRIBE_NOTICE_SEND@@YAXH@Z 00433f80 f   S04_MyWork02.obj
 0001:00033180       ?W_TRIBE_VOTE_SEND@@YAXH@Z 00434180 f   S04_MyWork02.obj
 0001:00033860       ?W_TRIBE_WORK_SEND@@YAXH@Z 00434860 f   S04_MyWork02.obj
 0001:00034fc0       ?W_UPDATE_AVATAR_ACTION@@YAXH@Z 00435fc0 f   S04_MyWork02.obj
 0001:00035320       ?W_USE_HOTKEY_ITEM_SEND@@YAXH@Z 00436320 f   S04_MyWork02.obj
 0001:00037750       ?W_USE_INVENTORY_ITEM_SEND@@YAXH@Z 00438750 f   S04_MyWork02.obj
 0001:00046e50       ?c_str@?$basic_string@DU?$char_traits@D@std@@V?$allocator@D@2@@std@@QBEPBDXZ 00447e50 f i S04_MyWork02.obj
 0001:00046e70       ?w_MOUT_ABSORB@@YAXH@Z     00447e70 f   S04_MyWork02.obj
 0001:00047080       ___local_stdio_scanf_options 00448080 f i S04_MyWork02.obj
 0001:00047090       _sscanf                    00448090 f i S04_MyWork02.obj
 0001:000470c0       ?ProcessForData@MyWork@@QAEXHHQAE@Z 004480c0 f   S04_MyWork03.obj
 0001:0004a9d0       ?ProcessForRelay@MyWork@@QAEXHQAEH@Z 0044b9d0 f   S04_MyWork03.obj
 0001:0004c390       ?ProcessForBankBarToInventoryBar@MyWork@@QAEHHHHHHHHHPAH@Z 0044d390 f   S04_MyWork04.obj
 0001:0004c420       ?ProcessForEquipToInventory@MyWork@@QAEHHHHHHHHHPAH@Z 0044d420 f   S04_MyWork04.obj
 0001:0004c740       ?ProcessForGetItem@MyWork@@QAEHHHHHHHHHPAH@Z 0044d740 f   S04_MyWork04.obj
 0001:0004cc50       ?ProcessForHotKeyToHotKey@MyWork@@QAEHHHHHHHHHPAH@Z 0044dc50 f   S04_MyWork04.obj
 0001:0004d000       ?ProcessForHotKeyToInventory@MyWork@@QAEHHHHHHHHHPAH@Z 0044e000 f   S04_MyWork04.obj
 0001:0004d350       ?ProcessForHotKeyToNo@MyWork@@QAEHHHHPAH@Z 0044e350 f   S04_MyWork04.obj
 0001:0004d450       ?ProcessForInventoryBarToBankBar@MyWork@@QAEHHHHHHHHHPAH@Z 0044e450 f   S04_MyWork04.obj
 0001:0004d4e0       ?ProcessForInventoryBarToInventoryMoney@MyWork@@QAEHHHHHHHHHPAH@Z 0044e4e0 f   S04_MyWork04.obj
 0001:0004d5c0       ?ProcessForInventoryBarToSeyisBar@MyWork@@QAEHHHHHHHHHPAH@Z 0044e5c0 f   S04_MyWork04.obj
 0001:0004d650       ?ProcessForInventoryBarToTradeBar@MyWork@@QAEHHHHHHHHHPAH@Z 0044e650 f   S04_MyWork04.obj
 0001:0004d730       ?ProcessForInventoryMoneyToInventoryBar@MyWork@@QAEHHHHHHHHHPAH@Z 0044e730 f   S04_MyWork04.obj
 0001:0004d7c0       ?ProcessForInventoryMoneyToSaveMoney@MyWork@@QAEHHHHHHHHHPAH@Z 0044e7c0 f   S04_MyWork04.obj
 0001:0004d870       ?ProcessForInventoryMoneyToStoreMoney@MyWork@@QAEHHHHHHHHHPAH@Z 0044e870 f   S04_MyWork04.obj
 0001:0004d920       ?ProcessForInventoryMoneyToTradeMoney@MyWork@@QAEHHHHHHHHHPAH@Z 0044e920 f   S04_MyWork04.obj
 0001:0004da40       ?ProcessForInventoryMoneyToWorld@MyWork@@QAEHHHHHHHHHPAH@Z 0044ea40 f   S04_MyWork04.obj
 0001:0004db10       ?ProcessForInventoryToEquip@MyWork@@QAEHHHHHHHHHPAH@Z 0044eb10 f   S04_MyWork04.obj
 0001:0004de60       ?ProcessForInventoryToHotKey@MyWork@@QAEHHHHHHHHHPAH@Z 0044ee60 f   S04_MyWork04.obj
 0001:0004e160       ?ProcessForInventoryToInventory@MyWork@@QAEHHHHHHHHHPAH@Z 0044f160 f   S04_MyWork04.obj
 0001:0004e690       ?ProcessForInventoryToNPCShop@MyWork@@QAEHHHHHHHHHPAH@Z 0044f690 f   S04_MyWork04.obj
 0001:0004e950       ?ProcessForInventoryToPetInventory@MyWork@@QAEHHHHHHHHPAH@Z 0044f950 f   S04_MyWork04.obj
 0001:0004eaf0       ?ProcessForInventoryToSave@MyWork@@QAEHHHHHHHHHPAH@Z 0044faf0 f   S04_MyWork04.obj
 0001:0004efa0       ?ProcessForInventoryToStore@MyWork@@QAEHHHHHHHHHPAH@Z 0044ffa0 f   S04_MyWork04.obj
 0001:0004f4d0       ?ProcessForInventoryToTrade@MyWork@@QAEHHHHHHHHHPAH@Z 004504d0 f   S04_MyWork04.obj
 0001:0004f9a0       ?ProcessForInventoryToWorld@MyWork@@QAEHHHHHHHHHPAH@Z 004509a0 f   S04_MyWork04.obj
 0001:0004fd30       ?ProcessForLearnSkill1@MyWork@@QAEHHHHPAH@Z 00450d30 f   S04_MyWork04.obj
 0001:00050020       ?ProcessForLearnSkill2@MyWork@@QAEHHHHPAH@Z 00451020 f   S04_MyWork04.obj
 0001:000502d0       ?ProcessForNPCShopToInventory@MyWork@@QAEHHHHHHHHHPAH@Z 004512d0 f   S04_MyWork04.obj
 0001:000506a0       ?ProcessForPetInventoryToInventory@MyWork@@QAEHHHHHHHHPAH@Z 004516a0 f   S04_MyWork04.obj
 0001:00050870       ?ProcessForPetInventoryToPetInventory@MyWork@@QAEHHHHHHHHPAH@Z 00451870 f   S04_MyWork04.obj
 0001:00050960       ?ProcessForSaveMoneyToInventoryMoney@MyWork@@QAEHHHHHHHHHPAH@Z 00451960 f   S04_MyWork04.obj
 0001:00050a10       ?ProcessForSaveToInventory@MyWork@@QAEHHHHHHHHHPAH@Z 00451a10 f   S04_MyWork04.obj
 0001:00050ef0       ?ProcessForSaveToSave@MyWork@@QAEHHHHHHHHHPAH@Z 00451ef0 f   S04_MyWork04.obj
 0001:00051280       ?ProcessForSeyisBarToInventoryBar@MyWork@@QAEHHHHHHHHHPAH@Z 00452280 f   S04_MyWork04.obj
 0001:00051310       ?ProcessForSkillToHotKey@MyWork@@QAEHHHHHHHPAH@Z 00452310 f   S04_MyWork04.obj
 0001:00051510       ?ProcessForSkillUpgrade@MyWork@@QAEHHHPAH@Z 00452510 f   S04_MyWork04.obj
 0001:00051600       ?ProcessForStatPlus@MyWork@@QAEHHHPAH@Z 00452600 f   S04_MyWork04.obj
 0001:00051810       ?ProcessForStoreMoneyToInventoryMoney@MyWork@@QAEHHHHHHHHHPAH@Z 00452810 f   S04_MyWork04.obj
 0001:000518c0       ?ProcessForStoreToInventory@MyWork@@QAEHHHHHHHHHPAH@Z 004528c0 f   S04_MyWork04.obj
 0001:00051dc0       ?ProcessForStoreToStore@MyWork@@QAEHHHHHHHHHPAH@Z 00452dc0 f   S04_MyWork04.obj
 0001:000522c0       ?ProcessForTradeBarToInventoryBar@MyWork@@QAEHHHHHHHHHPAH@Z 004532c0 f   S04_MyWork04.obj
 0001:000523a0       ?ProcessForTradeMoneyToInventoryMoney@MyWork@@QAEHHHHHHHHHPAH@Z 004533a0 f   S04_MyWork04.obj
 0001:000524c0       ?ProcessForTradeToInventory@MyWork@@QAEHHHHHHHHHPAH@Z 004534c0 f   S04_MyWork04.obj
 0001:00052940       ?ProcessForTradeToTrade@MyWork@@QAEHHHHHHHHHPAH@Z 00453940 f   S04_MyWork04.obj
 0001:00052cf0       ?Close@MyCenterCom@@AAEXXZ 00453cf0 f   S06_MyUpperCom.obj
 0001:00052d10       ?Close@MyRelayCom@@AAEXXZ  00453d10 f   S06_MyUpperCom.obj
 0001:00052d30       ?Connect@MyExtraCom@@AAEHXZ 00453d30 f   S06_MyUpperCom.obj
 0001:00052f10       ?Connect@MyPlayUserCom@@AAEHXZ 00453f10 f   S06_MyUpperCom.obj
 0001:00052f10       ?Connect@MyValetInfo@@AAEHXZ 00453f10 f   S06_MyUpperCom.obj
 0001:000530c0       ?GL_615_TRADE_ITEM@MyGameLog@@QAEXHHHPBDHHHHH@Z 004540c0 f   S06_MyUpperCom.obj
 0001:000531b0       ?GL_616_TRADE_MONEY@MyGameLog@@QAEXHHHH@Z 004541b0 f   S06_MyUpperCom.obj
 0001:00053220       ?GL_ADD_ITEM@MyGameLog@@QAEXHHQADHHH0H0@Z 00454220 f   S06_MyUpperCom.obj
 0001:00053290       ?GL_BUY_CASH_ITEM@MyGameLog@@QAEXHHPBDHH@Z 00454290 f   S06_MyUpperCom.obj
 0001:000532f0       ?GL_BUY_SHOP_ITEM@MyGameLog@@QAEXHHHQADHHHHH@Z 004542f0 f   S06_MyUpperCom.obj
 0001:00053370       ?GL_CAPSUL_ITEM@MyGameLog@@QAEXHHQAD@Z 00454370 f   S06_MyUpperCom.obj
 0001:000533d0       ?GL_COSTUME_ITEM@MyGameLog@@QAEXHHQAD@Z 004543d0 f   S06_MyUpperCom.obj
 0001:00053430       ?GL_CRAFT_ITEM@MyGameLog@@QAEXHHQADHH0@Z 00454430 f   S06_MyUpperCom.obj
 0001:00053490       ?GL_DAILY_ITEM@MyGameLog@@QAEXHHQAD@Z 00454490 f   S06_MyUpperCom.obj
 0001:000534f0       ?GL_EXCHANGE_ITEM@MyGameLog@@QAEXHHQADH0@Z 004544f0 f   S06_MyUpperCom.obj
 0001:00053550       ?GL_GAIN_FISH@MyGameLog@@QAEXHHQAD@Z 00454550 f   S06_MyUpperCom.obj
 0001:000535b0       ?GL_GAIN_ITEM@MyGameLog@@QAEXHHHHHPBD@Z 004545b0 f   S06_MyUpperCom.obj
 0001:00053630       ?GL_GAIN_KILLOTHERTRIBE_ITEM@MyGameLog@@QAEXHHHQAD@Z 00454630 f   S06_MyUpperCom.obj
 0001:000536b0       ?GL_IMPROVE_ITEM@MyGameLog@@QAEXHHQADHH0@Z 004546b0 f   S06_MyUpperCom.obj
 0001:00053730       ?GL_MAKE_ITEM@MyGameLog@@QAEXHHQADH0H0H0H0@Z 00454730 f   S06_MyUpperCom.obj
 0001:000537a0       ?GL_MAKE_SKILL@MyGameLog@@QAEXHH@Z 004547a0 f   S06_MyUpperCom.obj
 0001:00053800       ?GL_OPEN_SOKET_ITEM@MyGameLog@@QAEXHHQADH@Z 00454800 f   S06_MyUpperCom.obj
 0001:00053860       ?GL_PETCOMBINE_ITEM@MyGameLog@@QAEXHHQADH0H0H0H0@Z 00454860 f   S06_MyUpperCom.obj
 0001:000538d0       ?GL_PLUSS_STATE@MyGameLog@@QAEXHHHHHHH@Z 004548d0 f   S06_MyUpperCom.obj
 0001:00053930       ?GL_QUIT_LOG@MyGameLog@@QAEXPBD000H@Z 00454930 f   S06_MyUpperCom.obj
 0001:00053980       ?GL_RANK_PRIZE@MyGameLog@@QAEXHH@Z 00454980 f   S06_MyUpperCom.obj
 0001:000539e0       ?GL_SAVESLOT_ITEM@MyGameLog@@QAEXHHHHHPBD0@Z 004549e0 f   S06_MyUpperCom.obj
 0001:00053a60       ?GL_SELL_SOKET_ITEM@MyGameLog@@QAEXHHQAD@Z 00454a60 f   S06_MyUpperCom.obj
 0001:00053ac0       ?GL_STROESLOT_ITEM@MyGameLog@@QAEXHHHHHPBD0@Z 00454ac0 f   S06_MyUpperCom.obj
 0001:00053b40       ?GL_USE_INVENTORY_ITEM@MyGameLog@@QAEXHHQADHHH0HH@Z 00454b40 f   S06_MyUpperCom.obj
 0001:00053bb0       ?Init@MyCenterCom@@QAEHHHQADH@Z 00454bb0 f   S06_MyUpperCom.obj
 0001:00053c60       ?Init@MyExtraCom@@QAEHHQADH@Z 00454c60 f   S06_MyUpperCom.obj
 0001:00053cb0       ?Init@MyGameLog@@QAEHQADH@Z 00454cb0 f   S06_MyUpperCom.obj
 0001:00053d30       ?Init@MyPlayUserCom@@QAEHHQADH@Z 00454d30 f   S06_MyUpperCom.obj
 0001:00053de0       ?Init@MyRelayCom@@QAEHHQADH@Z 00454de0 f   S06_MyUpperCom.obj
 0001:00053e90       ?Init@MyValetInfo@@QAEHHQADH@Z 00454e90 f   S06_MyUpperCom.obj
 0001:00053f40       ?PROCESS_FOR_NETWORK@MyCenterCom@@QAEHPAUHWND__@@IJ@Z 00454f40 f   S06_MyUpperCom.obj
 0001:00054e90       ?PROCESS_FOR_NETWORK@MyRelayCom@@QAEHPAUHWND__@@IJ@Z 00455e90 f   S06_MyUpperCom.obj
 0001:00054ff0       ?ProcessForNetwork@MyExtraCom@@QAEHXZ 00455ff0 f   S06_MyUpperCom.obj
 0001:000550c0       ?ProcessForNetwork@MyPlayUserCom@@QAEHXZ 004560c0 f   S06_MyUpperCom.obj
 0001:000551e0       ?ProcessForSend@MyCenterCom@@QAEHXZ 004561e0 f   S06_MyUpperCom.obj
 0001:00055270       ?SearchAvatarforGM@MyCenterCom@@QAEHPBD@Z 00456270 f   S06_MyUpperCom.obj
 0001:000552e0       ?SendToLogServer@MyGameLog@@QAEXH@Z 004562e0 f   S06_MyUpperCom.obj
 0001:00055350       ?Start@MyCenterCom@@SAXPAX@Z 00456350 f   S06_MyUpperCom.obj
 0001:00055740       ?Start@MyRelayCom@@SAPAXPAX@Z 00456740 f   S06_MyUpperCom.obj
 0001:00055a80       ?U_ADD_AUTO_USER_LIST_SEND@MyPlayUserCom@@QAEXQAD0HH@Z 00456a80 f   S06_MyUpperCom.obj
 0001:00055c20       ?U_BLOCK_USER_FOR_ZONE_1_SEND@MyPlayUserCom@@QAEXHQAD@Z 00456c20 f   S06_MyUpperCom.obj
 0001:00055d90       ?U_BUY_BLOOD_ITEM_FOR_EXTRA_SEND@MyExtraCom@@QAEHH@Z 00456d90 f   S06_MyUpperCom.obj
 0001:00055e10       ?U_BUY_CASH_ITEM_FOR_EXTRA_SEND@MyExtraCom@@QAEHQADHHH0HHH@Z 00456e10 f   S06_MyUpperCom.obj
 0001:00055ef0       ?U_CHANGE_AVATAR_NAME_FOR_ZONE_SEND@MyPlayUserCom@@QAEXHPAD@Z 00456ef0 f   S06_MyUpperCom.obj
 0001:00056060       ?U_CHECK_KILL_OTHER_TRIBE_SEND@MyPlayUserCom@@QAEXQAD0@Z 00457060 f   S06_MyUpperCom.obj
 0001:000561f0       ?U_DEMAND_BROADCAST_DATA@MyRelayCom@@QAEXHQAE@Z 004571f0 f   S06_MyUpperCom.obj
 0001:000562c0       ?U_DEMAND_BROADCAST_INFO@MyCenterCom@@QAEXHQAE@Z 004572c0 f   S06_MyUpperCom.obj
 0001:00056390       ?U_DUPEFIX@MyPlayUserCom@@QAEXHQADPAUAVATAR_INFO@@PAUAUTH_INFO@@@Z 00457390 f   S06_MyUpperCom.obj
 0001:00056540       ?U_FIND_AVATAR_FOR_ZONE_SEND@MyPlayUserCom@@QAEXQAD@Z 00457540 f   S06_MyUpperCom.obj
 0001:000566b0       ?U_GET_CASH_ITEM_INFO_FOR_EXTRA_SEND@MyExtraCom@@QAEHXZ 004576b0 f   S06_MyUpperCom.obj
 0001:00056730       ?U_GET_CASH_SIZE_FOR_EXTRA_SEND@MyExtraCom@@QAEHQADPAH1@Z 00457730 f   S06_MyUpperCom.obj
 0001:000567b0       ?U_GUILD_WORK_FOR_EXTRA_SEND@MyExtraCom@@QAEHHQAE@Z 004577b0 f   S06_MyUpperCom.obj
 0001:00056820       ?U_REGISTER_USER_FOR_ZONE_0_SEND@MyPlayUserCom@@QAEXQAD@Z 00457820 f   S06_MyUpperCom.obj
 0001:00056990       ?U_REGISTER_USER_FOR_ZONE_1_SEND@MyPlayUserCom@@QAEXHQAD0QAH@Z 00457990 f   S06_MyUpperCom.obj
 0001:00056b40       ?U_REGISTER_USER_FOR_ZONE_2_SEND@MyPlayUserCom@@QAEXHQADPAUAVATAR_INFO@@QAY01HPAUAUTH_INFO@@@Z 00457b40 f   S06_MyUpperCom.obj
 0001:00056d00       ?U_REGISTER_USER_FOR_ZONE_3_SEND@MyPlayUserCom@@QAEXHQADPAUAVATAR_INFO@@QAY01HPAUAUTH_INFO@@H@Z 00457d00 f   S06_MyUpperCom.obj
 0001:00056ec0       ?U_SET_MOVE_ITEM_FOR_ZONE_SEND@MyPlayUserCom@@QAEXHPAU_MOVE_ITEM_INFO@@@Z 00457ec0 f   S06_MyUpperCom.obj
 0001:00057020       ?U_TRIBE_BANK_INFO_LOAD_SEND@MyPlayUserCom@@QAEXHHH@Z 00458020 f   S06_MyUpperCom.obj
 0001:00057190       ?U_TRIBE_BANK_INFO_SAVE_SEND@MyPlayUserCom@@QAEXQAH@Z 00458190 f   S06_MyUpperCom.obj
 0001:000572f0       ?U_TRIBE_BANK_INFO_VIEW_SEND@MyPlayUserCom@@QAEXH@Z 004582f0 f   S06_MyUpperCom.obj
 0001:00057460       ?U_UNREGISTER_USER_FOR_ZONE_SEND@MyPlayUserCom@@QAEXHQADPAUAVATAR_INFO@@PAUAUTH_INFO@@@Z 00458460 f   S06_MyUpperCom.obj
 0001:00057610       ?U_UPDATE_CASH_ITEM_INFO_FOR_EXTRA_SEND@MyExtraCom@@QAEHXZ 00458610 f   S06_MyUpperCom.obj
 0001:00057670       ?U_VALET_CHECK_ONLINE@MyPlayUserCom@@QAEXHQAD@Z 00458670 f   S06_MyUpperCom.obj
 0001:000577e0       ?U_VALET_INFO@MyValetInfo@@QAEXHQAD@Z 004587e0 f   S06_MyUpperCom.obj
 0001:00057970       ?U_VALET_UPDATE@MyValetInfo@@QAEXQADPAUVALETSHOP_INFO@@@Z 00458970 f   S06_MyUpperCom.obj
 0001:00057af0       ?U_ZONE_OK_FOR_CENTER_SEND@MyCenterCom@@QAEXXZ 00458af0 f   S06_MyUpperCom.obj
 0001:00057ba0       ?U_ZONE_OK_FOR_EXTRA_SEND@MyExtraCom@@QAEHXZ 00458ba0 f   S06_MyUpperCom.obj
 0001:00057bd0       ?U_ZONE_OK_FOR_PLAYUSER_SEND@MyPlayUserCom@@QAEXXZ 00458bd0 f   S06_MyUpperCom.obj
 0001:00057bd0       ?U_ZONE_OK_FOR_VALET_SEND@MyValetInfo@@QAEXXZ 00458bd0 f   S06_MyUpperCom.obj
 0001:00057d20       ?U_ZONE_OK_FOR_RELAY_SEND@MyRelayCom@@QAEXXZ 00458d20 f   S06_MyUpperCom.obj
 0001:00057dd0       ?W_SHUTDOWN@MyCenterCom@@QAEXXZ 00458dd0 f   S06_MyUpperCom.obj
 0001:00057e10       ?W_UPDATE_CASH_ITEM_INFO_FOR_CENTER@MyCenterCom@@QAEXH@Z 00458e10 f   S06_MyUpperCom.obj
 0001:00057ed0       ?W_ZONE_OTHER_CONNECTION_INFO@MyCenterCom@@QAEXH@Z 00458ed0 f   S06_MyUpperCom.obj
 0001:00057f90       ?AddTribeBankInfo@MyGame@@QAEXHH@Z 00458f90 f   S07_MyGame01.obj
 0001:00057fd0       ?AdjustSymbolDamageInfo@MyGame@@QAEXXZ 00458fd0 f   S07_MyGame01.obj
 0001:000584c0       ?CPTower@MyGame@@QAEXXZ    004594c0 f   S07_MyGame01.obj
 0001:000586d0       ?CheckPossibleChangeToTribe4_2@MyGame@@QAEHH@Z 004596d0 f   S07_MyGame01.obj
 0001:00058720       ?CheckSmallTribeForAdvantage@MyGame@@QAEHH@Z 00459720 f   S07_MyGame01.obj
 0001:00058820       ?Decompress@MyGame@@QAEHKPAEK0@Z 00459820 f   S07_MyGame01.obj
 0001:00058850       ?GetLevelBattleRewardInfo@MyGame@@QAEXHHPAH0H@Z 00459850 f   S07_MyGame01.obj
 0001:00059490       ?GetZone175TypeRewardInfo@MyGame@@QAEXHHHPAH0@Z 0045a490 f   S07_MyGame01.obj
 0001:00059ac0       ?Init@MyGame@@QAEHXZ       0045aac0 f   S07_MyGame01.obj
 0001:0005c1d0       ?LifeorDeath@MyGame@@QAEXXZ 0045d1d0 f   S07_MyGame01.obj
 0001:0005c6f0       ?Logic@MyGame@@QAEXM@Z     0045d6f0 f   S07_MyGame01.obj
 0001:0005d250       ?ProcessForGuardState@MyGame@@QAEXXZ 0045e250 f   S07_MyGame01.obj
 0001:0005d680       ?Process_Zone_037@MyGame@@QAEXXZ 0045e680 f   S07_MyGame01.obj
 0001:0005d8e0       ?Process_Zone_038@MyGame@@QAEXXZ 0045e8e0 f   S07_MyGame01.obj
 0001:0005de20       ?Process_Zone_049_TYPE@MyGame@@QAEXXZ 0045ee20 f   S07_MyGame01.obj
 0001:0005e6e0       ?Process_Zone_051_TYPE@MyGame@@QAEXXZ 0045f6e0 f   S07_MyGame01.obj
 0001:0005ee70       ?Process_Zone_053_TYPE@MyGame@@QAEXXZ 0045fe70 f   S07_MyGame01.obj
 0001:0005f700       ?Process_Zone_124@MyGame@@QAEXXZ 00460700 f   S07_MyGame01.obj
 0001:0005fa50       ?Process_Zone_175_TYPE@MyGame@@QAEXXZ 00460a50 f   S07_MyGame01.obj
 0001:000623c0       ?Process_Zone_194@MyGame@@QAEXXZ 004633c0 f   S07_MyGame01.obj
 0001:00062b50       ?Process_Zone_195@MyGame@@QAEXXZ 00463b50 f   S07_MyGame01.obj
 0001:00062eb0       ?Process_Zone_200_TYPE@MyGame@@QAEXXZ 00463eb0 f   S07_MyGame01.obj
 0001:00063650       ?Process_Zone_267_TYPE@MyGame@@QAEXXZ 00464650 f   S07_MyGame01.obj
 0001:00064260       ?Process_Zone_Iblis@MyGame@@QAEXXZ 00465260 f   S07_MyGame01.obj
 0001:000643f0       ?ReturnAlliance@MyGame@@QAEHH@Z 004653f0 f   S07_MyGame01.obj
 0001:00064440       ?ReturnAllianceTribe@MyGame@@QAEHH@Z 00465440 f   S07_MyGame01.obj
 0001:000644a0       ?ReturnLevelWarReward3@MyGame@@QAEXHHPAH0@Z 004654a0 f   S07_MyGame01.obj
 0001:00064bc0       ?ReturnSmallTribe@MyGame@@QAEHXZ 00465bc0 f   S07_MyGame01.obj
 0001:00064c10       ?ReturnSymbolDamageDown@MyGame@@QAEMH@Z 00465c10 f   S07_MyGame01.obj
 0001:00064c60       ?ReturnSymbolDamageUp@MyGame@@QAEHH@Z 00465c60 f   S07_MyGame01.obj
 0001:00064cb0       ?ReturnTribeForSymbol@MyGame@@QAEHH@Z 00465cb0 f   S07_MyGame01.obj
 0001:00064d10       ?ReturnTribePointWithAlliance@MyGame@@QAEHH@Z 00465d10 f   S07_MyGame01.obj
 0001:00064de0       ?ReturnTribeRole@MyGame@@QAEHQADH@Z 00465de0 f   S07_MyGame01.obj
 0001:00064e90       ?ReturnTribeSubMasterNum@MyGame@@QAEHH@Z 00465e90 f   S07_MyGame01.obj
 0001:00064f00       _printf_s                  00465f00 f i S07_MyGame01.obj
 0001:00064f30       ?CheckPossibleAttackTarget@MyGame@@QAEHHH@Z 00465f30 f   S07_MyGame02.obj
 0001:00064f80       ?ProcessAttack01@MyGame@@QAEXHPAUATTACK_FOR_PROTOCOL@@@Z 00465f80 f   S07_MyGame02.obj
 0001:00065da0       ?ProcessAttack02@MyGame@@QAEXHPAUATTACK_FOR_PROTOCOL@@@Z 00466da0 f   S07_MyGame02.obj
 0001:00067280       ?ProcessAttack03@MyGame@@QAEXHPAUATTACK_FOR_PROTOCOL@@@Z 00468280 f   S07_MyGame02.obj
 0001:00068f60       ?ProcessAttack04@MyGame@@QAEXHPAUATTACK_FOR_PROTOCOL@@@Z 00469f60 f   S07_MyGame02.obj
 0001:00069fd0       ?ProcessAttack05@MyGame@@QAEXHPAUATTACK_FOR_PROTOCOL@@@Z 0046afd0 f   S07_MyGame02.obj
 0001:0006a410       ?ProcessAttack06@MyGame@@QAEXHPAUATTACK_FOR_PROTOCOL@@@Z 0046b410 f   S07_MyGame02.obj
 0001:0006a690       ?getCriticalAttackDefValue@MyGame@@AAEIPAVAVATAR_OBJECT@@0@Z 0046b690 f   S07_MyGame02.obj
 0001:0006a6c0       ??$?6U?$char_traits@D@std@@@std@@YAAAV?$basic_ostream@DU?$char_traits@D@std@@@0@AAV10@D@Z 0046b6c0 f i S07_MyGame03.obj
 0001:0006a970       ?Broadcast@MyUtil@@QAEXHQAMHH_NH@Z 0046b970 f   S07_MyGame03.obj
 0001:0006ab60       ?Broadcast@MyUtil@@QAEXHQAMH_NH@Z 0046bb60 f   S07_MyGame03.obj
 0001:0006ad90       ?CHANGESOCKET1@MyUtil@@QAEHHH@Z 0046bd90 f   S07_MyGame03.obj
 0001:0006ad90       ?CHANGESOCKET3@MyUtil@@QAEHHH@Z 0046bd90 f   S07_MyGame03.obj
 0001:0006ad90       ?CHANGESOCKET5@MyUtil@@QAEHHH@Z 0046bd90 f   S07_MyGame03.obj
 0001:0006adb0       ?CHANGESOCKET1DEGER@MyUtil@@QAEHHH@Z 0046bdb0 f   S07_MyGame03.obj
 0001:0006adb0       ?CHANGESOCKET3DEGER@MyUtil@@QAEHHH@Z 0046bdb0 f   S07_MyGame03.obj
 0001:0006adb0       ?CHANGESOCKET5DEGER@MyUtil@@QAEHHH@Z 0046bdb0 f   S07_MyGame03.obj
 0001:0006add0       ?CHANGESOCKET2@MyUtil@@QAEHHH@Z 0046bdd0 f   S07_MyGame03.obj
 0001:0006add0       ?CHANGESOCKET4@MyUtil@@QAEHHH@Z 0046bdd0 f   S07_MyGame03.obj
 0001:0006adf0       ?CHANGESOCKET2DEGER@MyUtil@@QAEHHH@Z 0046bdf0 f   S07_MyGame03.obj
 0001:0006adf0       ?CHANGESOCKET4DEGER@MyUtil@@QAEHHH@Z 0046bdf0 f   S07_MyGame03.obj
 0001:0006ae10       ?ChangeEngraveValue@MyUtil@@QAEHHH@Z 0046be10 f   S07_MyGame03.obj
 0001:0006ae30       ?ChangeIBValue@MyUtil@@QAEHHH@Z 0046be30 f   S07_MyGame03.obj
 0001:0006ae50       ?ChangeISValue@MyUtil@@QAEHHH@Z 0046be50 f   S07_MyGame03.obj
 0001:0006ae70       ?ChangeIUValue@MyUtil@@QAEHHH@Z 0046be70 f   S07_MyGame03.obj
 0001:0006ae90       ?CheckInRange@MyUtil@@QAEHQAM0M@Z 0046be90 f   S07_MyGame03.obj
 0001:0006aee0       ?CheckInvenForItem@MyUtil@@QAE_NPAHPAUITEM_INFO@@0000@Z 0046bee0 f   S07_MyGame03.obj
 0001:0006b1b0       ?CheckNameString@MyUtil@@QAEHPAD@Z 0046c1b0 f   S07_MyGame03.obj
 0001:0006b2f0       ?CheckOverMaximum@MyUtil@@QAEHHH@Z 0046c2f0 f   S07_MyGame03.obj
 0001:0006b330       ?CheckPVNumber@MyUtil@@QAEHH@Z 0046c330 f   S07_MyGame03.obj
 0001:0006b370       ?CheckPossibleEquipItem@MyUtil@@QAEHHHHH@Z 0046c370 f   S07_MyGame03.obj
 0001:0006b3e0       ?CheckRAttackRange@MyUtil@@QAE_NHHQAM0M@Z 0046c3e0 f   S07_MyGame03.obj
 0001:0006b760       ?CheckSkillNumber@MyUtil@@QAE_NH@Z 0046c760 f   S07_MyGame03.obj
 0001:0006b8e0       ?DropItemForKillOtherTribe@MyUtil@@QAEXHHH@Z 0046c8e0 f   S07_MyGame03.obj
 0001:0006bd30       ?FindEmptyInvenForItem@MyUtil@@QAE_NHPAUITEM_INFO@@AAH1@Z 0046cd30 f   S07_MyGame03.obj
 0001:0006bfe0       ?GetDoubleXYZ@MyUtil@@QAEMQAM0@Z 0046cfe0 f   S07_MyGame03.obj
 0001:0006c030       ?GetDoubleX_Z@MyUtil@@QAEMQAM0@Z 0046d030 f   S07_MyGame03.obj
 0001:0006c070       ?GetEmptyInvenSlotIndex@MyUtil@@QAEHHH@Z 0046d070 f   S07_MyGame03.obj
 0001:0006c0c0       ?GetLengthXYZ@MyUtil@@QAEMQAM0@Z 0046d0c0 f   S07_MyGame03.obj
 0001:0006c140       ?GetYAngle@MyUtil@@QAEMMMMM@Z 0046d140 f   S07_MyGame03.obj
 0001:0006c290       ?ProcessForDropItem@MyUtil@@QAEHHHHHHQAMQADHQAH@Z 0046d290 f   S07_MyGame03.obj
 0001:0006d290       ?ProcessForExperience@MyUtil@@QAEXHHHH@Z 0046e290 f   S07_MyGame03.obj
 0001:0006dc00       ?ProcessForKillOtherTribe@MyUtil@@QAEXHHH@Z 0046ec00 f   S07_MyGame03.obj
 0001:0006e630       ?ProcessForLevelBonusSend@MyUtil@@QAEXHH@Z 0046f630 f   S07_MyGame03.obj
 0001:0006ea20       ?RandomNumber@MyUtil@@QAEHXZ 0046fa20 f   S07_MyGame03.obj
 0001:0006ea60       ?RandomNumber@MyUtil@@QAEMMM@Z 0046fa60 f   S07_MyGame03.obj
 0001:0006eac0       ?ReturnAddDate@MyUtil@@QAEHHH@Z 0046fac0 f   S07_MyGame03.obj
 0001:0006ebe0       ?ReturnFixedLevel@MyUtil@@QAEHH@Z 0046fbe0 f   S07_MyGame03.obj
 0001:0006ef00       ?ReturnHealthState@MyUtil@@QAEHH@Z 0046ff00 f   S07_MyGame03.obj
 0001:0006ef50       ?ReturnIBValue@MyUtil@@QAEHH@Z 0046ff50 f   S07_MyGame03.obj
 0001:0006ef50       ?SOCKET1@MyUtil@@QAEHH@Z   0046ff50 f   S07_MyGame03.obj
 0001:0006ef50       ?SOCKET3@MyUtil@@QAEHH@Z   0046ff50 f   S07_MyGame03.obj
 0001:0006ef50       ?SOCKET5@MyUtil@@QAEHH@Z   0046ff50 f   S07_MyGame03.obj
 0001:0006ef60       ?ReturnICValue@MyUtil@@QAEHH@Z 0046ff60 f   S07_MyGame03.obj
 0001:0006ef70       ?ReturnISValue@MyUtil@@QAEHH@Z 0046ff70 f   S07_MyGame03.obj
 0001:0006ef70       ?SOCKET2@MyUtil@@QAEHH@Z   0046ff70 f   S07_MyGame03.obj
 0001:0006ef70       ?SOCKET4@MyUtil@@QAEHH@Z   0046ff70 f   S07_MyGame03.obj
 0001:0006ef80       ?ReturnISValueWithLevelLimit@MyUtil@@QAEHHH@Z 0046ff80 f   S07_MyGame03.obj
 0001:0006f0b0       ?ReturnIUEffectValue@MyUtil@@QAEHPAUITEM_INFO@@H@Z 004700b0 f   S07_MyGame03.obj
 0001:0006f960       ?ReturnIUValue@MyUtil@@QAEHH@Z 00470960 f   S07_MyGame03.obj
 0001:0006f970       ?ReturnIUValueWithLevelLimit@MyUtil@@QAEHHH@Z 00470970 f   S07_MyGame03.obj
 0001:0006fad0       ?ReturnItemRecognitionNumber@MyUtil@@QAEHH@Z 00470ad0 f   S07_MyGame03.obj
 0001:0006fce0       ?ReturnLengthXYZ@MyUtil@@QAEMQAM0@Z 00470ce0 f   S07_MyGame03.obj
 0001:0006fdb0       ?ReturnNowDate@MyUtil@@QAEHXZ 00470db0 f   S07_MyGame03.obj
 0001:0006fe40       ?ReturnSubDate@MyUtil@@QAEHHH@Z 00470e40 f   S07_MyGame03.obj
 0001:00070050       ?ReturnVoteDate@MyUtil@@QAEHXZ 00471050 f   S07_MyGame03.obj
 0001:000700e0       ?SearchAvatar@MyUtil@@QAEHQADH@Z 004710e0 f   S07_MyGame03.obj
 0001:00070160       ?SearchValetShop@MyUtil@@QAEHHQAD@Z 00471160 f   S07_MyGame03.obj
 0001:00070220       ?SetISIUValue@MyUtil@@QAEHHH@Z 00471220 f   S07_MyGame03.obj
 0001:00070240       __snprintf                 00471240 f i S07_MyGame03.obj
 0001:00070280       ?AutoBuff@AVATAR_OBJECT@@QAEXH@Z 00471280 f   S07_MyGame04.obj
 0001:000706b0       ?ChangeQuestItem@AVATAR_OBJECT@@QAEHHH@Z 004716b0 f   S07_MyGame04.obj
 0001:00070790       ?CheckCommunityWork@AVATAR_OBJECT@@QAEHXZ 00471790 f   S07_MyGame04.obj
 0001:000707e0       ?CheckSkillForWeapon@AVATAR_OBJECT@@QAEHH@Z 004717e0 f   S07_MyGame04.obj
 0001:00070a60       ?DeleteQuestItem@AVATAR_OBJECT@@QAEHH@Z 00471a60 f   S07_MyGame04.obj
 0001:00070b80       ?GetAttackBlock@AVATAR_OBJECT@@QAEHXZ 00471b80 f   S07_MyGame04.obj
 0001:00070bb0       ?GetAttackPower@AVATAR_OBJECT@@QAEHXZ 00471bb0 f   S07_MyGame04.obj
 0001:00070d20       ?GetAttackSuccess@AVATAR_OBJECT@@QAEHXZ 00471d20 f   S07_MyGame04.obj
 0001:00070d60       ?GetBonusSkillValue@AVATAR_OBJECT@@QAEHH@Z 00471d60 f   S07_MyGame04.obj
 0001:00070e00       ?GetCritical@AVATAR_OBJECT@@QAEHXZ 00471e00 f   S07_MyGame04.obj
 0001:00070e30       ?GetCriticalDefense@AVATAR_OBJECT@@QAEHXZ 00471e30 f   S07_MyGame04.obj
 0001:00070e40       ?GetDefensePower@AVATAR_OBJECT@@QAEHXZ 00471e40 f   S07_MyGame04.obj
 0001:00070ef0       ?GetElementAttackPower@AVATAR_OBJECT@@QAEHXZ 00471ef0 f   S07_MyGame04.obj
 0001:00070f20       ?GetElementDefensePower@AVATAR_OBJECT@@QAEHXZ 00471f20 f   S07_MyGame04.obj
 0001:00070f50       ?GetLuck@AVATAR_OBJECT@@QAEHXZ 00471f50 f   S07_MyGame04.obj
 0001:00070fb0       ?GetMaxLife@AVATAR_OBJECT@@QAEHXZ 00471fb0 f   S07_MyGame04.obj
 0001:00070fc0       ?GetMaxMana@AVATAR_OBJECT@@QAEHXZ 00471fc0 f   S07_MyGame04.obj
 0001:00070fd0       ?GetReduceManaRatio@AVATAR_OBJECT@@QAEHXZ 00471fd0 f   S07_MyGame04.obj
 0001:00070ff0       ?GetWeaponClass@AVATAR_OBJECT@@QAEHXZ 00471ff0 f   S07_MyGame04.obj
 0001:00071040       ?IsUsedOrnament@AVATAR_OBJECT@@QAEHXZ 00472040 f   S07_MyGame04.obj
 0001:000710c0       ?ProcessForCreateEffectValue@AVATAR_OBJECT@@QAEXPAUACTION_INFO@@@Z 004720c0 f   S07_MyGame04.obj
 0001:00072d20       ?ProcessForDeath@AVATAR_OBJECT@@QAEXXZ 00473d20 f   S07_MyGame04.obj
 0001:00072e50       ?ProcessForDeleteEffectValue@AVATAR_OBJECT@@QAEXXZ 00473e50 f   S07_MyGame04.obj
 0001:00072fa0       ?ProcessForTradeInfo@AVATAR_OBJECT@@QAEXXZ 00473fa0 f   S07_MyGame04.obj
 0001:00073080       ?ReturnItemNumberForQuestReward@AVATAR_OBJECT@@QAEHXZ 00474080 f   S07_MyGame04.obj
 0001:000730d0       ?ReturnItemQuantityForQuestReward@AVATAR_OBJECT@@QAEHXZ 004740d0 f   S07_MyGame04.obj
 0001:00073140       ?ReturnQuestEndConditionState@AVATAR_OBJECT@@QAEHXZ 00474140 f   S07_MyGame04.obj
 0001:000731c0       ?ReturnQuestPresentState@AVATAR_OBJECT@@QAEHXZ 004741c0 f   S07_MyGame04.obj
 0001:000734a0       ?SetBasicAbilityFromEquip@AVATAR_OBJECT@@QAEXXZ 004744a0 f   S07_MyGame04.obj
 0001:00073be0       ?SetSpaceIndex@AVATAR_OBJECT@@QAEXXZ 00474be0 f   S07_MyGame04.obj
 0001:00073c50       ?Update@AVATAR_OBJECT@@QAEXM@Z 00474c50 f   S07_MyGame04.obj
 0001:00075f00       ?A002@MONSTER_OBJECT@@AAEXHM@Z 00476f00 f   S07_MyGame05.obj
 0001:00076e50       ?A002_FOR_ZONE_175_TYPE_BOSS@MONSTER_OBJECT@@AAEXHM@Z 00477e50 f   S07_MyGame05.obj
 0001:00077440       ?A004@MONSTER_OBJECT@@AAEXHM@Z 00478440 f   S07_MyGame05.obj
 0001:000775c0       ?A005@MONSTER_OBJECT@@AAEXHM@Z 004785c0 f   S07_MyGame05.obj
 0001:000778e0       ?A005_FOR_ZONE_175_TYPE_BOSS@MONSTER_OBJECT@@AAEXHM@Z 004788e0 f   S07_MyGame05.obj
 0001:00077ad0       ?A013@MONSTER_OBJECT@@AAEXHM@Z 00478ad0 f   S07_MyGame05.obj
 0001:00077e90       ?AdjustValidAttackTarget@MONSTER_OBJECT@@AAEXXZ 00478e90 f   S07_MyGame05.obj
 0001:000781a0       ?ProcessForDropItem@MONSTER_OBJECT@@QAEXH@Z 004791a0 f   S07_MyGame05.obj
 0001:00079cb0       ?SelectAvatarIndexForAttackAction@MONSTER_OBJECT@@AAEHXZ 0047acb0 f   S07_MyGame05.obj
 0001:00079e60       ?SelectAvatarIndexForMaxAttackDamage@MONSTER_OBJECT@@QAEHXZ 0047ae60 f   S07_MyGame05.obj
 0001:00079f30       ?SelectAvatarIndexForPossibleAttack@MONSTER_OBJECT@@AAEHXZ 0047af30 f   S07_MyGame05.obj
 0001:0007a110       ?SelectAvatarIndexForPossibleAttackForZone175TypeBoss@MONSTER_OBJECT@@AAEXXZ 0047b110 f   S07_MyGame05.obj
 0001:0007a330       ?SelectAvatarIndexForThrowCarAttack@MONSTER_OBJECT@@AAEHXZ 0047b330 f   S07_MyGame05.obj
 0001:0007a550       ?SetAttackInfoWithAvatar@MONSTER_OBJECT@@QAEXHKPAH@Z 0047b550 f   S07_MyGame05.obj
 0001:0007a670       ?SetSpaceIndex@MONSTER_OBJECT@@QAEXXZ 0047b670 f   S07_MyGame05.obj
 0001:0007a6b0       ?Update@MONSTER_OBJECT@@QAEXHM@Z 0047b6b0 f   S07_MyGame05.obj
 0001:0007a9d0       ?CheckNPCFunction@ZONENPCINFO@@QAEHQAMH@Z 0047b9d0 f   S07_MyGame06.obj
 0001:0007aa90       ?CheckPossibleGetItem@ITEM_OBJECT@@QAEHH@Z 0047ba90 f   S07_MyGame06.obj
 0001:0007ab80       ?Init@ZONEMAININFO@@QAEHXZ 0047bb80 f   S07_MyGame06.obj
 0001:0007bba0       ?Init@ZONENPCINFO@@QAEHXZ  0047cba0 f   S07_MyGame06.obj
 0001:0007bc20       ?ReturnMaxZoneLevelInfo@ZONEMAININFO@@QAEHH@Z 0047cc20 f   S07_MyGame06.obj
 0001:0007bc40       ?ReturnMinZoneLevelInfo@ZONEMAININFO@@QAEHH@Z 0047cc40 f   S07_MyGame06.obj
 0001:0007bc60       ?ReturnZoneTribeInfo2@ZONEMAININFO@@QAEHH@Z 0047cc60 f   S07_MyGame06.obj
 0001:0007bc90       ?SetSpaceIndex@ITEM_OBJECT@@QAEXXZ 0047cc90 f   S07_MyGame06.obj
 0001:0007bcd0       ?Update@ITEM_OBJECT@@QAEXH@Z 0047ccd0 f   S07_MyGame06.obj
 0001:0007bd40       ?ProcessForBroadcastInfo@MyGame@@QAEXHQAE@Z 0047cd40 f   S07_MyGame07.obj
 0001:0007dd90       ?KarakterAtak@AVATAR_OBJECT@@QAEHXZ 0047ed90 f   AtakPower.obj
 0001:0007ee20       ?SetSpaceIndex@SHOP_OBJECT@@QAEXXZ 0047fe20 f   S07_MyGame08.obj
 0001:0007ee60       ?Update@SHOP_OBJECT@@QAEXH@Z 0047fe60 f   S07_MyGame08.obj
 0001:0007ef80       ?CheckValidElement@ITEMSYSTEM@@AAEHH@Z 0047ff80 f   S08_MyGameSystem.obj
 0001:0007f560       ?CheckValidElement@LEVELSYSTEM@@AAEHH@Z 00480560 f   S08_MyGameSystem.obj
 0001:0007f6d0       ?CheckValidElement@MONSTERSYSTEM@@AAEHH@Z 004806d0 f   S08_MyGameSystem.obj
 0001:0007fb10       ?CheckValidElement@NPCSYSTEM@@AAEHH@Z 00480b10 f   S08_MyGameSystem.obj
 0001:0007fd70       ?CheckValidElement@QUESTSYSTEM@@AAEHH@Z 00480d70 f   S08_MyGameSystem.obj
 0001:00080080       ?CheckValidElement@SKILLSYSTEM@@AAEHH@Z 00481080 f   S08_MyGameSystem.obj
 0001:000803c0       ?GetSkillByTribeInfo@ITEMSYSTEM@@QAEPAUITEM_INFO@@HHHH@Z 004813c0 f   S08_MyGameSystem.obj
 0001:00080500       ?Init@ITEMSYSTEM@@QAEHPAD@Z 00481500 f   S08_MyGameSystem.obj
 0001:00080b10       ?Init@LEVELSYSTEM@@QAEHPAD@Z 00481b10 f   S08_MyGameSystem.obj
 0001:00080c90       ?Init@MONSTERSYSTEM@@QAEHPAD@Z 00481c90 f   S08_MyGameSystem.obj
 0001:00080f30       ?Init@NPCSYSTEM@@QAEHPAD@Z 00481f30 f   S08_MyGameSystem.obj
 0001:000811d0       ?Init@QUESTSYSTEM@@QAEHPAD@Z 004821d0 f   S08_MyGameSystem.obj
 0001:00081490       ?Init@SKILLSYSTEM@@QAEHPAD@Z 00482490 f   S08_MyGameSystem.obj
 0001:00081650       ?Init@SOCKETSYSTEM@@QAEHPAD@Z 00482650 f   S08_MyGameSystem.obj
 0001:00081940       ?PetExp200@PATSYSTEM@@QAEHHHH@Z 00482940 f   S08_MyGameSystem.obj
 0001:00081b40       ?Return@ITEMSYSTEM@@QAEPAUITEM_INFO@@HHH@Z 00482b40 f   S08_MyGameSystem.obj
 0001:00081c70       ?Return@ITEMSYSTEM@@QAEPAUITEM_INFO@@HHHPAU2@@Z 00482c70 f   S08_MyGameSystem.obj
 0001:00081de0       ?ReturnAttackPower@PATSYSTEM@@QAEMHHH@Z 00482de0 f   S08_MyGameSystem.obj
 0001:000820f0       ?ReturnAttackType@SKILLSYSTEM@@QAEHH@Z 004830f0 f   S08_MyGameSystem.obj
 0001:00082130       ?ReturnDefensePower@PATSYSTEM@@QAEMHHH@Z 00483130 f   S08_MyGameSystem.obj
 0001:00082410       ?ReturnEpicPets@PATSYSTEM@@QAEMH@Z 00483410 f   S08_MyGameSystem.obj
 0001:000827b0       ?ReturnGainExpForKillOtherTribe@LEVELSYSTEM@@QAEHHH@Z 004837b0 f   S08_MyGameSystem.obj
 0001:00082830       ?ReturnGrowStep@PATSYSTEM@@QAEMHH@Z 00483830 f   S08_MyGameSystem.obj
 0001:000829c0       ?ReturnHighExpValue@LEVELSYSTEM@@QAEHH@Z 004839c0 f   S08_MyGameSystem.obj
 0001:000829e0       ?ReturnLegandryPets@PATSYSTEM@@QAEMH@Z 004839e0 f   S08_MyGameSystem.obj
 0001:00082ae0       ?ReturnLevel@LEVELSYSTEM@@QAEHH@Z 00483ae0 f   S08_MyGameSystem.obj
 0001:00082b30       ?ReturnLevelFactor1@LEVELSYSTEM@@QAEHH@Z 00483b30 f   S08_MyGameSystem.obj
 0001:00082b60       ?ReturnLevelFactor2@LEVELSYSTEM@@QAEHH@Z 00483b60 f   S08_MyGameSystem.obj
 0001:00082b90       ?ReturnLevelFactor3@LEVELSYSTEM@@QAEHH@Z 00483b90 f   S08_MyGameSystem.obj
 0001:00082bc0       ?ReturnLevelFactorAttackBlock@LEVELSYSTEM@@QAEHH@Z 00483bc0 f   S08_MyGameSystem.obj
 0001:00082bf0       ?ReturnLevelFactorAttackPower@LEVELSYSTEM@@QAEHH@Z 00483bf0 f   S08_MyGameSystem.obj
 0001:00082c20       ?ReturnLevelFactorAttackSuccess@LEVELSYSTEM@@QAEHH@Z 00483c20 f   S08_MyGameSystem.obj
 0001:00082c50       ?ReturnLevelFactorDefensePower@LEVELSYSTEM@@QAEHH@Z 00483c50 f   S08_MyGameSystem.obj
 0001:00082c80       ?ReturnLevelFactorElementAttack@LEVELSYSTEM@@QAEHH@Z 00483c80 f   S08_MyGameSystem.obj
 0001:00082cb0       ?ReturnLevelFactorLife@LEVELSYSTEM@@QAEHH@Z 00483cb0 f   S08_MyGameSystem.obj
 0001:00082ce0       ?ReturnLevelFactorMana@LEVELSYSTEM@@QAEHH@Z 00483ce0 f   S08_MyGameSystem.obj
 0001:00082d10       ?ReturnLifeValue@PATSYSTEM@@QAEMHH@Z 00483d10 f   S08_MyGameSystem.obj
 0001:00082f70       ?ReturnManaValue@PATSYSTEM@@QAEMHH@Z 00483f70 f   S08_MyGameSystem.obj
 0001:00083170       ?ReturnMaxPetExp@PATSYSTEM@@QAEHH@Z 00484170 f   S08_MyGameSystem.obj
 0001:00083280       ?ReturnNewPetCombine@PATSYSTEM@@QAEMHHH@Z 00484280 f   S08_MyGameSystem.obj
 0001:000836a0       ?ReturnNewPets@PATSYSTEM@@QAEHHHH@Z 004846a0 f   S08_MyGameSystem.obj
 0001:00083a70       ?ReturnRareItem1@ITEMSYSTEM@@QAEPAUITEM_INFO@@HHH@Z 00484a70 f   S08_MyGameSystem.obj
 0001:00083c30       ?ReturnRareItem@ITEMSYSTEM@@QAEPAUITEM_INFO@@HHH@Z 00484c30 f   S08_MyGameSystem.obj
 0001:00083d00       ?ReturnSkillValue@SKILLSYSTEM@@QAEMHHH@Z 00484d00 f   S08_MyGameSystem.obj
 0001:00083fa0       ?Return_1@ITEMSYSTEM@@QAEPAUITEM_INFO@@HPAU2@@Z 00484fa0 f   S08_MyGameSystem.obj
 0001:00084100       ?Return_2@ITEMSYSTEM@@QAEPAUITEM_INFO@@HPAU2@@Z 00485100 f   S08_MyGameSystem.obj
 0001:00084260       ?Search@ITEMSYSTEM@@QAEPAUITEM_INFO@@H@Z 00485260 f   S08_MyGameSystem.obj
 0001:000842a0       ?Search@MONSTERSYSTEM@@QAEPAUMONSTER_INFO@@H@Z 004852a0 f   S08_MyGameSystem.obj
 0001:000842d0       ?Search@MONSTERSYSTEM@@QAEPAUMONSTER_INFO@@HH@Z 004852d0 f   S08_MyGameSystem.obj
 0001:00084330       ?Search@NPCSYSTEM@@QAEPAUNPC_INFO@@H@Z 00485330 f   S08_MyGameSystem.obj
 0001:00084360       ?Search@QUESTSYSTEM@@QAEPAUQUEST_INFO@@HH@Z 00485360 f   S08_MyGameSystem.obj
 0001:000843f0       ?Search@SKILLSYSTEM@@QAEPAUSKILL_INFO@@H@Z 004853f0 f   S08_MyGameSystem.obj
 0001:00084420       ?Search@SOCKETSYSTEM@@QAEPAUSOCKET_INFO@@HH@Z 00485420 f   S08_MyGameSystem.obj
 0001:00084470       ?CheckPointInWorldWithoutYCoord@WORLD_FOR_GXD@@AAEHQAM@Z 00485470 f   S09_MyWorld.obj
[...]
 0002:00017000       __sehtable$?_fputc_internal@@YAHHQAU_iobuf@@AAV__crt_cached_ptd_host@@@Z 004d1000     libucrt:fputc.obj
 0002:00017020       __sehtable$??$?RV<lambda_c390c0748f48a7db46f6ce5cc3c796da>@@AAV<lambda_703a5c3f7c88128b7f5f7a8861b0a6e0>@@V<lambda_c16a91f8771b304e2b1164fb4c043437>@@@?$__crt_seh_guarded_call@H@@QAEH$$QAV<lambda_c390c0748f48a7db46f6ce5cc3c796da>@@AAV<lambda_703a5c3f7c88128b7f5f7a8861b0a6e0>@@$$QAV<lambda_c16a91f8771b304e2b1164fb4c043437>@@@Z 004d1020     libucrt:setvbuf.obj
 0002:00017040       __sehtable$_ungetc         004d1040     libucrt:ungetc.obj
 0002:00017060       __sehtable$??$?RV<lambda_f5952838e36297a1e2e9d6c748429792>@@AAV<lambda_2116bde18c9e5f34230805ea4a4660ed>@@V<lambda_3c7107de1cc98bf330a3031f42c322a3>@@@?$__crt_seh_guarded_call@PAD@@QAEPAD$$QAV<lambda_f5952838e36297a1e2e9d6c748429792>@@AAV<lambda_2116bde18c9e5f34230805ea4a4660ed>@@$$QAV<lambda_3c7107de1cc98bf330a3031f42c322a3>@@@Z 004d1060     libucrt:setlocale.obj
 0002:00017080       __sehtable$__query_new_handler 004d1080     libucrt:new_handler.obj
 0002:000170a0       __sehtable$??R<lambda_6e4b09c48022b2350581041d5f6b0c4c>@@QBE@XZ 004d10a0     libucrt:exit.obj
 0002:000170c0       __sehtable$??$?RV<lambda_03b1d95aef87969028cfba75ccab2455>@@AAV<lambda_6e4b09c48022b2350581041d5f6b0c4c>@@V<lambda_22bdf7517842c4b3e53723af5aa32b9e>@@@?$__crt_seh_guarded_call@X@@QAEX$$QAV<lambda_03b1d95aef87969028cfba75ccab2455>@@AAV<lambda_6e4b09c48022b2350581041d5f6b0c4c>@@$$QAV<lambda_22bdf7517842c4b3e53723af5aa32b9e>@@@Z 004d10c0     libucrt:exit.obj
 0002:000170dc       __unwindtable$___dcrt_uninitialize_environments_nolock 004d10dc     libucrt:environment_initialization.obj
 0002:000170ec       __ehfuncinfo$___dcrt_uninitialize_environments_nolock 004d10ec     libucrt:environment_initialization.obj
 0002:00017110       __sehtable$??$?RV<lambda_8e746cf0007f6ed984d6f78af1fec997>@@AAV<lambda_22ebabd17bc4fa466a2aca6d8deb888d>@@V<lambda_18ed0c0b38a6dc0daf1e7ac6d6adf05e>@@@?$__crt_seh_guarded_call@H@@QAEH$$QAV<lambda_8e746cf0007f6ed984d6f78af1fec997>@@AAV<lambda_22ebabd17bc4fa466a2aca6d8deb888d>@@$$QAV<lambda_18ed0c0b38a6dc0daf1e7ac6d6adf05e>@@@Z 004d1110     libucrt:onexit.obj
 0002:00017130       __sehtable$??$?RV<lambda_69a2805e680e0e292e8ba93315fe43a8>@@AAV<lambda_f03950bc5685219e0bcd2087efbe011e>@@V<lambda_03fcd07e894ec930e3f35da366ca99d6>@@@?$__crt_seh_guarded_call@H@@QAEH$$QAV<lambda_69a2805e680e0e292e8ba93315fe43a8>@@AAV<lambda_f03950bc5685219e0bcd2087efbe011e>@@$$QAV<lambda_03fcd07e894ec930e3f35da366ca99d6>@@@Z 004d1130     libucrt:onexit.obj
 0002:00017150       __sehtable$_terminate      004d1150     libucrt:terminate.obj
 0002:00017170       __sehtable$??$?RV<lambda_e5124f882df8998aaf41531e079ba474>@@AAV<lambda_3e16ef9562a7dcce91392c22ab16ea36>@@V<lambda_e25ca0880e6ef98be67edffd8c599615>@@@?$__crt_seh_guarded_call@X@@QAEX$$QAV<lambda_e5124f882df8998aaf41531e079ba474>@@AAV<lambda_3e16ef9562a7dcce91392c22ab16ea36>@@$$QAV<lambda_e25ca0880e6ef98be67edffd8c599615>@@@Z 004d1170     libucrt:wsetlocale.obj
 0002:00017190       __sehtable$??$?RV<lambda_4fdada1b837b2abbf20876fac97688ad>@@AAV<lambda_b57350f2640456a0859d250846f69caf>@@V<lambda_eed5e4f92b5b7d55fa22c48c484aaa54>@@@?$__crt_seh_guarded_call@X@@QAEX$$QAV<lambda_4fdada1b837b2abbf20876fac97688ad>@@AAV<lambda_b57350f2640456a0859d250846f69caf>@@$$QAV<lambda_eed5e4f92b5b7d55fa22c48c484aaa54>@@@Z 004d1190     libucrt:wsetlocale.obj
 0002:000171b0       __sehtable$??$?RV<lambda_ac03c5d59bd18b09cb88b28331f6bfed>@@AAV<lambda_2a444430fde8c29194d880d93eed5e8f>@@AAV<lambda_02db5278e8aef8b5e4976579d73f5304>@@@?$__crt_seh_guarded_call@X@@QAEX$$QAV<lambda_ac03c5d59bd18b09cb88b28331f6bfed>@@AAV<lambda_2a444430fde8c29194d880d93eed5e8f>@@AAV<lambda_02db5278e8aef8b5e4976579d73f5304>@@@Z 004d11b0     libucrt:wsetlocale.obj
 0002:000171d0       __sehtable$??$?RV<lambda_15ade71b0218206bbe3333a0c9b79046>@@AAV<lambda_da44e0f8b0f19ba52fefafb335991732>@@V<lambda_207f2d024fc103971653565357d6cd41>@@@?$__crt_seh_guarded_call@X@@QAEX$$QAV<lambda_15ade71b0218206bbe3333a0c9b79046>@@AAV<lambda_da44e0f8b0f19ba52fefafb335991732>@@$$QAV<lambda_207f2d024fc103971653565357d6cd41>@@@Z 004d11d0     libucrt:per_thread_data.obj
 0002:000171f0       __sehtable$??$?RV<lambda_a7e850c220f1c8d1e6efeecdedd162c6>@@AAV<lambda_46720907175c18b6c9d2717bc0d2d362>@@V<lambda_9048902d66e8d99359bc9897bbb930a8>@@@?$__crt_seh_guarded_call@X@@QAEX$$QAV<lambda_a7e850c220f1c8d1e6efeecdedd162c6>@@AAV<lambda_46720907175c18b6c9d2717bc0d2d362>@@$$QAV<lambda_9048902d66e8d99359bc9897bbb930a8>@@@Z 004d11f0     libucrt:per_thread_data.obj
 0002:00017210       __sehtable$??$?RV<lambda_38edbb1296d33220d7e4dd0ed76b244a>@@AAV<lambda_5ce1d447e08cb34b2473517608e21441>@@V<lambda_fb385d3da700c9147fc39e65dd577a8c>@@@?$__crt_seh_guarded_call@X@@QAEX$$QAV<lambda_38edbb1296d33220d7e4dd0ed76b244a>@@AAV<lambda_5ce1d447e08cb34b2473517608e21441>@@$$QAV<lambda_fb385d3da700c9147fc39e65dd577a8c>@@@Z 004d1210     libucrt:per_thread_data.obj
 0002:00017230       __sehtable$??$?RV<lambda_6affb1475c98b40b75cdec977db92e3c>@@AAV<lambda_b8d4b9c228a6ecc3f80208dbb4b4a104>@@V<lambda_608742c3c92a14382c1684fc64f96c88>@@@?$__crt_seh_guarded_call@X@@QAEX$$QAV<lambda_6affb1475c98b40b75cdec977db92e3c>@@AAV<lambda_b8d4b9c228a6ecc3f80208dbb4b4a104>@@$$QAV<lambda_608742c3c92a14382c1684fc64f96c88>@@@Z 004d1230     libucrt:per_thread_data.obj
 0002:00017250       __sehtable$___acrt_initialize_lowio 004d1250     libucrt:ioinit.obj
 0002:00017270       __sehtable$__isindst       004d1270     libucrt:tzset.obj
 0002:00017290       __sehtable$___tzset        004d1290     libucrt:tzset.obj
 0002:000172b0       __sehtable$??$?RV<lambda_6b4b7855443974f2b4b77000ea21c99c>@@AAV<lambda_8f7d3b162ab39427f4fa9995c67a7986>@@V<lambda_cc9a5ba8a5d8428b9634eab82665e5dc>@@@?$__crt_seh_guarded_call@H@@QAEH$$QAV<lambda_6b4b7855443974f2b4b77000ea21c99c>@@AAV<lambda_8f7d3b162ab39427f4fa9995c67a7986>@@$$QAV<lambda_cc9a5ba8a5d8428b9634eab82665e5dc>@@@Z 004d12b0     libucrt:winapi_thunks.obj
 0002:000172d0       __sehtable$___set_fpsr_sse2 004d12d0     libucrt:fpctrl.obj
 0002:000172f0       __sehtable$__fcloseall     004d12f0     libucrt:closeall.obj
 0002:00017310       __sehtable$??$?RV<lambda_d422a76eb4c3bf3ad751449ab71a6ea4>@@AAV<lambda_c9ba49e555ba839a7b07aa3fbecb7617>@@V<lambda_9476263c8ee91a25d21c55370bdb50de>@@@?$__crt_seh_guarded_call@H@@QAEH$$QAV<lambda_d422a76eb4c3bf3ad751449ab71a6ea4>@@AAV<lambda_c9ba49e555ba839a7b07aa3fbecb7617>@@$$QAV<lambda_9476263c8ee91a25d21c55370bdb50de>@@@Z 004d1310     libucrt:close.obj
 0002:00017330       __sehtable$__write_internal 004d1330     libucrt:write.obj
 0002:00017350       __sehtable$__read          004d1350     libucrt:read.obj
 0002:00017370       __sehtable$??$common_lseek@_J@@YA_JH_JHAAV__crt_cached_ptd_host@@@Z 004d1370     libucrt:lseek.obj
 0002:00017390       __sehtable$??$?RV<lambda_9e9de3de5fa147e2223d7db92bc10aa6>@@AAV<lambda_38ce7e780aa69e748d6df282ebc68efe>@@V<lambda_8ca6da459f0f6780f1cff60fdc3d00e5>@@@?$__crt_seh_guarded_call@H@@QAEH$$QAV<lambda_9e9de3de5fa147e2223d7db92bc10aa6>@@AAV<lambda_38ce7e780aa69e748d6df282ebc68efe>@@$$QAV<lambda_8ca6da459f0f6780f1cff60fdc3d00e5>@@@Z 004d1390     libucrt:commit.obj
 0002:000173b0       __sehtable$_raise          004d13b0     libucrt:signal.obj
 0002:000173d0       __sehtable$??$?RV<lambda_cbab9ec6f41b0180b23cc171c22676b0>@@AAV<lambda_44731a7d0e6d81c3e6aa82d741081786>@@V<lambda_4b292cb8dd18144e164572427af410ab>@@@?$__crt_seh_guarded_call@P6AXH@Z@@QAEP6AXH@Z$$QAV<lambda_cbab9ec6f41b0180b23cc171c22676b0>@@AAV<lambda_44731a7d0e6d81c3e6aa82d741081786>@@$$QAV<lambda_4b292cb8dd18144e164572427af410ab>@@@Z 004d13d0     libucrt:signal.obj
 0002:000173f0       __sehtable$?update_thread_multibyte_data_internal@@YAPAU__crt_multibyte_data@@QAU__acrt_ptd@@QAPAU1@@Z 004d13f0     libucrt:mbctype.obj
 0002:00017410       __sehtable$??$?RV<lambda_ceb1ee4838e85a9d631eb091e2fbe199>@@AAV<lambda_ae742caa10f662c28703da3d2ea5e57e>@@V<lambda_cd08b5d6af4937fe54fc07d0c9bf6b37>@@@?$__crt_seh_guarded_call@X@@QAEX$$QAV<lambda_ceb1ee4838e85a9d631eb091e2fbe199>@@AAV<lambda_ae742caa10f662c28703da3d2ea5e57e>@@$$QAV<lambda_cd08b5d6af4937fe54fc07d0c9bf6b37>@@@Z 004d1410     libucrt:mbctype.obj
 0002:00017430       __sehtable$___acrt_lowio_ensure_fh_exists 004d1430     libucrt:osfinfo.obj
 0002:00017450       __sehtable$___acrt_update_thread_locale_data 004d1450     libucrt:locale_refcounting.obj
 0002:00017470       __sehtable$??$common_getenv_s@_W@@YAHQAIQA_WIQB_W@Z 004d1470     libucrt:getenv.obj
 0002:00017490       __sehtable$__IsNonwritableInCurrentImage 004d1490     LIBCMT:pesect.obj
 0002:00017914       .idata$6                   004d1914     kernel32:KERNEL32.dll
 0002:000179c2       .idata$6                   004d19c2     user32:USER32.dll
 0002:000179e0       .idata$6                   004d19e0     gdi32:GDI32.dll
 0002:00017a36       .idata$6                   004d1a36     BugTrap:BugTrap.dll
 0002:00017a42       .idata$6                   004d1a42     WS2_32:WS2_32.dll
 0003:00000008       ?s_randomNumberGenerator@@3V?$mersenne_twister_engine@I$0CA@$0CHA@$0BIN@$0BP@$0JJAILANP@$0L@$0PPPPPPPP@$06$0JNCMFGIA@$0P@$0OPMGAAAA@$0BC@$0GMAHIJGF@@std@@A 004d2008     Helpers.obj
 0003:00009930       ?tMinDamageValueWithAvatar@@3HA 004db930     S07_MyGame02.obj
 0003:0000996c       ?ALLOWED_CHARACTERS_SIZE@@3HA 004db96c     S07_MyGame03.obj
 0003:00009970       ?ALLOWED_CHARACTERS@@3PAPADA 004db970     S07_MyGame03.obj
 0003:000159b0       ?init@std@@3JA             004e79b0     libcpmt:xlock.obj
 0003:000159b8       ?atcount_cdecl@@3IA        004e79b8     libcpmt:iosptrs.obj
 0003:00015a70       ?__vcrt_flsindex@@3KA      004e7a70     libvcruntime:per_thread_data.obj
 0003:00015ba0       ?errno_no_memory@@3HA      004e7ba0     libucrt:errno.obj
 0003:00015ba4       ?doserrno_no_memory@@3KA   004e7ba4     libucrt:errno.obj
 0003:00015bbc       __ctype_loc_style          004e7bbc     libucrt:wsetlocale.obj
 0003:00015bc0       ?__acrt_flsindex@@3KA      004e7bc0     libucrt:per_thread_data.obj
 0003:00015cc8       ?tzstd_program@@3PADA      004e7cc8     libucrt:timeset.obj
 0003:00015d08       ?tzdst_program@@3PADA      004e7d08     libucrt:timeset.obj
 0003:00015d48       ?w_tzstd_program@@3PA_WA   004e7d48     libucrt:timeset.obj
 0003:00015dc8       ?w_tzdst_program@@3PA_WA   004e7dc8     libucrt:timeset.obj
 0003:00015e48       ?tzname_states@@3PAY01PADA 004e7e48     libucrt:timeset.obj
 0003:00015e50       ?w_tzname_states@@3PAY01PA_WA 004e7e50     libucrt:timeset.obj
 0003:00015e58       ?dststart@@3Utransitiondate@?A0x7639d0b4@@A 004e7e58     libucrt:tzset.obj
 0003:00015e64       ?dstend@@3Utransitiondate@?A0x7639d0b4@@A 004e7e64     libucrt:tzset.obj
 0003:00015e70       ?__DAZ_ENABLED@?1??__set_fpsr_sse2@@9@9 004e7e70     libucrt:fpctrl.obj
 0003:000161a8       __mbctypes                 004e81a8     libucrt:mbctype.obj
 0003:000162b0       __mbcasemaps               004e82b0     libucrt:mbctype.obj
 0003:000163b0       ?__rgctypeflag@@3PADA      004e83b0     libucrt:mbctype.obj
 0003:000163b8       ?__rgcode_page_info@@3PAUcode_page_info@@A 004e83b8     libucrt:mbctype.obj
 0003:000164b0       ?__dcrt_lowio_console_output_handle@@3PAXA 004e84b0     libucrt:initcon.obj
 0003:000169a0       ?s_kProgramLog@?1??__LogMgr@@YAPAVR_ProLog@@XZ@4V2@A 004e89a0     TimeLog.obj
 0003:000181c0       ?$TSS0@?1??__LogMgr@@YAPAVR_ProLog@@XZ@4HA 004ea1c0     TimeLog.obj
 0003:00021e18       ?s_rngLock@@3Vrecursive_mutex@std@@A 004f3e18     Helpers.obj
 0003:00021e48       ?s_rngSeeded@@3_NA         004f3e48     Helpers.obj
 0003:000a9f00       ?tAVATAR_OBJECT1@@3PAVAVATAR_OBJECT@@A 0057bf00     S07_MyGame02.obj
 0003:000a9f04       ?tAVATAR_OBJECT2@@3PAVAVATAR_OBJECT@@A 0057bf04     S07_MyGame02.obj
 0003:000a9f08       ?tMONSTER_OBJECT@@3PAVMONSTER_OBJECT@@A 0057bf08     S07_MyGame02.obj
 0003:000a9f0c       ?tChargingValue@@3HA       0057bf0c     S07_MyGame02.obj
 0003:000a9f10       ?tAttackSuccessValue@@3HA  0057bf10     S07_MyGame02.obj
 0003:000a9f14       ?tAttackBlockValue@@3HA    0057bf14     S07_MyGame02.obj
 0003:000a9f18       ?tAttackDetermineValue@@3HA 0057bf18     S07_MyGame02.obj
 0003:000a9f1c       ?tAttackPowerValue@@3HA    0057bf1c     S07_MyGame02.obj
 0003:000a9f20       ?tAttackPowerUpRatio@@3MA  0057bf20     S07_MyGame02.obj
 0003:000a9f24       ?tDefensePowerValue@@3HA   0057bf24     S07_MyGame02.obj
 0003:000a9f28       ?tDamageValue@@3HA         0057bf28     S07_MyGame02.obj
 0003:000a9f2c       ?tReturnDamageProbability@@3HA 0057bf2c     S07_MyGame02.obj
 0003:000a9f30       ?tReturnDamageValue@@3HA   0057bf30     S07_MyGame02.obj
 0003:000a9f34       ?tShieldDamageValue@@3HA   0057bf34     S07_MyGame02.obj
 0003:000a9f38       ?tElementAttackPower@@3HA  0057bf38     S07_MyGame02.obj
 0003:000a9f3c       ?tElementAttackPowerUpRatio@@3MA 0057bf3c     S07_MyGame02.obj
 0003:000a9f40       ?tElementDefensePower@@3HA 0057bf40     S07_MyGame02.obj
 0003:000a9f44       ?tDeathDirection@@3PAMA    0057bf44     S07_MyGame02.obj
 0003:000a9f50       ?tDeathLength@@3MA         0057bf50     S07_MyGame02.obj
 0003:00b1ab30       ?initlocks@@3V_Init_locks@std@@A 00fecb30     libcpmt:cout.obj
 0003:00b1ab31       ?init_cout@std@@3U_Init_cout@1@A 00fecb31     libcpmt:cout.obj
 0003:00b1ab88       ?fout@std@@3V?$basic_filebuf@DU?$char_traits@D@std@@@1@A 00fecb88     libcpmt:cout.obj
 0003:00b1abf0       ?initlocks@std@@3V_Init_locks@1@A 00fecbf0     libcpmt:xlock.obj
 0003:00b1abf8       ?mtx@std@@3PAU_RTL_CRITICAL_SECTION@@A 00fecbf8     libcpmt:xlock.obj
 0003:00b1acd4       ?classic_locale@std@@3Vlocale@1@A 00feccd4     libcpmt:locale0.obj
 0003:00b1acdc       ?_Fac_head@std@@3PAU_Fac_node@1@A 00feccdc     libcpmt:locale0.obj
 0003:00b1ace0       ?_Fac_tidy_reg@std@@3U_Fac_tidy_reg_t@1@B 00fecce0     libcpmt:locale0.obj
 0003:00b1ace4       _global_locale             00fecce4     libcpmt:locale0.obj
 0003:00b1ace8       ?registered@?1??_Setgloballocale@locale@std@@CAXPAX@Z@4_NA 00fecce8     libcpmt:locale0.obj
 0003:00b1acf0       ?stdstr@std@@3PAPAVios_base@1@A 00feccf0     libcpmt:ios.obj
 0003:00b1ad18       ?stdopens@std@@3PADA       00fecd18     libcpmt:ios.obj
 0003:00b1ad44       ?initlocks@std@@3V_Init_locks@1@A 00fecd44     libcpmt:iosptrs.obj
 0003:00b1ad45       ?init_atexit@@3U_Init_atexit@@A 00fecd45     libcpmt:iosptrs.obj
 0003:00b1ad48       ?atfuns_cdecl@@3PAP6AXXZA  00fecd48     libcpmt:iosptrs.obj
 0003:00b1ad74       ?__KERNEL32Function_GetCurrentPackageId@?A0x995b63b9@@3P6GJPAIPAE@ZA 00fecd74     libcpmt:winapisupp.obj
 0003:00b1ad78       ?__KERNEL32Function_GetSystemTimePreciseAsFileTime@?A0x995b63b9@@3P6GXPAU_FILETIME@@@ZA 00fecd78     libcpmt:winapisupp.obj
 0003:00b1ad7c       ?__KERNEL32Function_GetTempPath2W@?A0x995b63b9@@3P6GKKPA_W@ZA 00fecd7c     libcpmt:winapisupp.obj
 0003:00b1ae00       ?is_initialized_as_dll@@3_NA 00fece00     LIBCMT:utility.obj
 0003:00b1ae01       ?module_local_atexit_table_initialized@@3_NA 00fece01     LIBCMT:utility.obj
 0003:00b1ae04       ?module_local_atexit_table@@3U_onexit_table_t@@A 00fece04     LIBCMT:utility.obj
 0003:00b1ae10       ?module_local_at_quick_exit_table@@3U_onexit_table_t@@A 00fece10     LIBCMT:utility.obj
 0003:00b1ae20       _GS_ExceptionRecord        00fece20     LIBCMT:gs_report.obj
 0003:00b1ae70       _GS_ContextRecord          00fece70     LIBCMT:gs_report.obj
 0003:00b1b13c       ?g_tss_cv@@3U_RTL_CONDITION_VARIABLE@@A 00fed13c     LIBCMT:thread_safe_statics.obj
 0003:00b1b140       ?g_tss_srw@@3U_RTL_SRWLOCK@@A 00fed140     LIBCMT:thread_safe_statics.obj
 0003:00b1b164       ?__vcrt_startup_thread_ptd@@3U__vcrt_ptd@@A 00fed164     libvcruntime:per_thread_data.obj
 0003:00b1b190       ___vcrt_lock_table         00fed190     libvcruntime:locks.obj
 0003:00b1b1a8       ___vcrt_locks_initialized  00fed1a8     libvcruntime:locks.obj
 0003:00b1b1d4       ?heap@@3V_HeapManager@@A   00fed1d4     libvcruntime:undname.obj
 0003:00b1b1e8       ?module_handles@@3PAPAUHINSTANCE__@@A 00fed1e8     libvcruntime:winapi_downlevel.obj
 0003:00b1b1f4       ?function_pointers@@3PAPAXA 00fed1f4     libvcruntime:winapi_downlevel.obj
 0003:00b1b208       ?__acrt_invalid_parameter_handler@@3V?$dual_state_global@P6AXPB_W00II@Z@__crt_state_management@@A 00fed208     libucrt:invalid_parameter.obj
 0003:00b1b220       ?__acrt_lock_table@@3PAU_RTL_CRITICAL_SECTION@@A 00fed220     libucrt:locks.obj
 0003:00b1b370       ?__acrt_locks_initialized@@3IA 00fed370     libucrt:locks.obj
 0003:00b1b374       ?__acrt_new_handler@@3V?$dual_state_global@P6AHI@Z@__crt_state_management@@A 00fed374     libucrt:new_handler.obj
 0003:00b1b378       ?c_termination_complete@@3JA 00fed378     libucrt:exit.obj
 0003:00b1b37c       ?thread_local_exit_callback_func@@3P6GXPAXK0@ZA 00fed37c     libucrt:exit.obj
 0003:00b1b380       ?c_exit_complete@?1???R<lambda_6e4b09c48022b2350581041d5f6b0c4c>@@QBE@XZ@4_NA 00fed380     libucrt:exit.obj
 0003:00b1b388       ?program_name@?1???$common_configure_argv@D@@YAHW4_crt_argv_mode@@@Z@4PADA 00fed388     libucrt:argv_parsing.obj
 0003:00b1b4b8       ?__acrt_app_type@@3W4_crt_app_type@@A 00fed4b8     libucrt:report_runtime_error.obj
 0003:00b1b4bc       ?user_matherr@@3V?$dual_state_global@P6AHPAU_exception@@@Z@__crt_state_management@@A 00fed4bc     libucrt:matherr.obj
 0003:00b1b4dc       ?__acrt_global_new_mode@@3V?$dual_state_global@J@__crt_state_management@@A 00fed4dc     libucrt:new_mode.obj
 0003:00b1b4e8       ?internal_state@?1??_mbtowc_internal@@9@4U_Mbstatet@@A 00fed4e8     libucrt:mbtowc.obj
 0003:00b1b4f0       ?enable_percent_n@@3IA     00fed4f0     libucrt:printf_count_output.obj
 0003:00b1b710       ?_tzname@@3V?$dual_state_global@PAPAD@__crt_state_management@@A 00fed710     libucrt:timeset.obj
 0003:00b1b714       ?w_tzname@@3V?$dual_state_global@PAPA_W@__crt_state_management@@A 00fed714     libucrt:timeset.obj
 0003:00b1b718       ?last_wide_tz@@3PA_WA      00fed718     libucrt:tzset.obj
 0003:00b1b720       ?tz_api_used@@3HA          00fed720     libucrt:tzset.obj
 0003:00b1b724       ?tzset_init_state@@3V?$dual_state_global@J@__crt_state_management@@A 00fed724     libucrt:tzset.obj
 0003:00b1b728       ?tz_info@@3U_TIME_ZONE_INFORMATION@@A 00fed728     libucrt:tzset.obj
 0003:00b1b7d8       ?module_handles@@3PAPAUHINSTANCE__@@A 00fed7d8     libucrt:winapi_thunks.obj
 0003:00b1b830       ?encoded_function_pointers@@3PAPAXA 00fed830     libucrt:winapi_thunks.obj
 0003:00b1b8bc       ?static_enum_proc@?1??enum_system_locales_ex_nolock@@YAHQ6GHPA_WKJ@Z@Z@4P6GH0KJ@ZA 00fed8bc     libucrt:winapi_thunks.obj
 0003:00b1b8c0       __pmatherr_set             00fed8c0     libucrt:libm_error.obj
 0003:00b1b8c4       ?ctrlc_action@@3V?$dual_state_global@P6AXH@Z@__crt_state_management@@A 00fed8c4     libucrt:signal.obj
 0003:00b1b8c8       ?ctrlbreak_action@@3V?$dual_state_global@P6AXH@Z@__crt_state_management@@A 00fed8c8     libucrt:signal.obj
 0003:00b1b8cc       ?abort_action@@3V?$dual_state_global@P6AXH@Z@__crt_state_management@@A 00fed8cc     libucrt:signal.obj
 0003:00b1b8d0       ?term_action@@3V?$dual_state_global@P6AXH@Z@__crt_state_management@@A 00fed8d0     libucrt:signal.obj
 0003:00b1b8e0       ?fSystemSet@@3HA           00fed8e0     libucrt:mbctype.obj
 0003:00b1b8e4       ?initialized@?1??__acrt_initialize_multibyte@@9@4_NA 00fed8e4     libucrt:mbctype.obj
 0003:00b1b8f4       ?internal_pst@?1??__mbrtoc32_utf8@__crt_mbstring@@YAIPA_UPBDIPAU_Mbstatet@@AAV__crt_cached_ptd_host@@@Z@4U3@A 00fed8f4     libucrt:mbrtoc32.obj
 0003:00b1b8fc       ?internal_pst@?1??__c16rtomb_utf8@__crt_mbstring@@YAIPAD_SPAU_Mbstatet@@AAV__crt_cached_ptd_host@@@Z@4U3@A 00fed8fc     libucrt:c16rtomb.obj
 0004:00000060       $R000000                   00fee060     * linker generated manifest res *

 Exports

  ordinal    name

